test_bind_owned_formal_ttl_and_foreign_event_rejection (__main__.ControllerTests.test_bind_owned_formal_ttl_and_foreign_event_rejection) ... ok
test_browser_both_viewports_and_errors_required (__main__.ControllerTests.test_browser_both_viewports_and_errors_required) ... ok
test_descendants_nonconvergence_is_no_go_without_reap (__main__.ControllerTests.test_descendants_nonconvergence_is_no_go_without_reap) ... ok
test_diagnostic_rejects_incomplete_errors_budget_and_wrong_identity (__main__.ControllerTests.test_diagnostic_rejects_incomplete_errors_budget_and_wrong_identity) ... ok
test_full_flow_mock_success_and_runtime_failure_cleanup (__main__.ControllerTests.test_full_flow_mock_success_and_runtime_failure_cleanup) ... ok
test_import_no_launch_and_fixed_contract (__main__.ControllerTests.test_import_no_launch_and_fixed_contract) ... ok
test_integration_status_head_and_hash_rejected (__main__.ControllerTests.test_integration_status_head_and_hash_rejected) ... ok
test_live_readonly_identity_no_browser (__main__.ControllerTests.test_live_readonly_identity_no_browser) ... ok
test_manifest_pending_rejected_without_launch (__main__.ControllerTests.test_manifest_pending_rejected_without_launch) ... ok
test_missing_integration_receipt_rejected (__main__.ControllerTests.test_missing_integration_receipt_rejected) ... ok
test_product_environment_owned_tmp_and_symlink_rejection (__main__.ControllerTests.test_product_environment_owned_tmp_and_symlink_rejection) ... ok
test_product_nonzero_stops_second_task (__main__.ControllerTests.test_product_nonzero_stops_second_task) ... ok
test_readiness_25_seconds_finalizes_without_product (__main__.ControllerTests.test_readiness_25_seconds_finalizes_without_product) ... ok
test_recovered_complete_keeps_original_events_causes (__main__.ControllerTests.test_recovered_complete_keeps_original_events_causes) ... ok
test_regular_read_rejects_symlink_and_oversize (__main__.ControllerTests.test_regular_read_rejects_symlink_and_oversize) ... ok
test_residual_descendants_reaped_only_after_convergence (__main__.ControllerTests.test_residual_descendants_reaped_only_after_convergence) ... ok
test_runtime_failure_stops_active_product_preserves_exit (__main__.ControllerTests.test_runtime_failure_stops_active_product_preserves_exit) ... ok
test_sequential_tasks_and_browser_evidence_gate (__main__.ControllerTests.test_sequential_tasks_and_browser_evidence_gate) ... ok
test_simultaneous_runtime_failure_keeps_product_exit (__main__.ControllerTests.test_simultaneous_runtime_failure_keeps_product_exit) ... ok
test_supervisor_cleanup_still_waits_if_close_fails (__main__.ControllerTests.test_supervisor_cleanup_still_waits_if_close_fails) ... ok
test_timeout_terminates_and_escalates_only_owned_product (__main__.ControllerTests.test_timeout_terminates_and_escalates_only_owned_product) ... ok

----------------------------------------------------------------------
Ran 21 tests in 0.284s

OK

凍結交接（未 launch）：
{
  "status": "OFFLINE_FROZEN_PENDING_MAINLINE_REVIEW",
  "tests": "21/21 PASS",
  "newFilesWhitespaceCheck": "PASS",
  "state": "PREPARED_PENDING_MAINLINE_FINAL",
  "sha256": {
    "host-controller-r2.py": "0c2c6ad7fb102cf54fb2cad3dbfba8af71c9373c7349ce5c1fbb2f3735d47ee0",
    "host-controller-r2-test.py": "dfd249ecdfbd762416ca53cbd0471c437d6e9921f4eb2b2adf1a061e666288ed",
    "host-controller-r2-manifest.json": "de1b49422dacb19f94b68e92d3fc3cb09deceb00eebce0298c6a5edb0c1480f9"
  },
  "integratedHEAD": "28cad2d3beaaf32de2f62d0c08396aaba789ea01",
  "integrationReceiptSHA256": "985f27daf691d67e0793bc365bcce5404971e65adcb67b75c8a521d85172db9c",
  "limits": {
    "max_bytes": 67108864,
    "max_file_count": 10000,
    "ttl_seconds": 3600
  },
  "readinessSeconds": 25,
  "productTimeoutSeconds": [
    900,
    1800
  ],
  "hostLaunch": "NOT_RUN",
  "productAcceptance": "NOT_RUN",
  "aiCoreWrite": "NONE",
  "commit": "NONE",
  "outputDirectoryCreated": false,
  "python": "/Users/matt/ai-core/.venv/bin/python -B",
  "uvFallback": "uv offline 發生 macOS system-configuration NULL object panic；使用既有 .venv，未安裝或下載",
  "remainingRisk": "原生 process-group／browser 僅 mock，待主線 narrow review 與正式 host 驗收；群組不收斂保留 NO_GO/cleanupRaceRisk，不宣稱 cleanupVerified。scanner 自身可能先行收尾，controller 未改 supervisor/scanner。"
}
