✔ Core2 Node group／ungroup 只改 metadata，clone 與 atomic revision (7.753167ms)
✔ Core2 Node group move／resize 比例、單次提交與整批拒絕 (2.812292ms)
✔ Core2 Node lock 擋 patch／edit／transform／delete／部分 group，unlock 可續編 (4.428459ms)
✔ Core2 Node exact own-data payload 不呼叫 getter (1.04825ms)
✔ Core2 portable VM（synthetic） group／ungroup 只改 metadata，clone 與 atomic revision (37.804625ms)
✔ Core2 portable VM（synthetic） group move／resize 比例、單次提交與整批拒絕 (29.01475ms)
✔ Core2 portable VM（synthetic） lock 擋 patch／edit／transform／delete／部分 group，unlock 可續編 (41.121125ms)
✔ Core2 portable VM（synthetic） exact own-data payload 不呼叫 getter (21.660917ms)
✔ Core2 metadata sanitizer 持久化與非法引用不得靜默清除 (1.978333ms)
✔ Core2 schema／operationDescriptors 與 portable export 保留 authority (20.531667ms)
✔ Core2 mounted toolbar、原生group事件mapping、單次revision與clone (64.065083ms)
✔ Core2 portable group resize 最後 update 有效、release 越過 minimum 時整組不提交 (42.199375ms)
✔ Core2 portable refresh 已生效後拋錯仍恢復群組互動投影與原始錯誤 (41.576ms)
✔ Core2 portable rollback 投影再拋錯仍保留原始 operation error (39.857167ms)
✔ Core2 mounted click/marquee展開整組、Shift切換不拆散 (77.716375ms)
✔ Core2 mounted lock可選取解鎖，但沒有transform或image/text入口 (94.040083ms)
✔ Core2 mounted group nudge、IME guard、Escape/pointercancel均不誤提交 (67.555917ms)
✔ Core2 mounted stale／bounds／minimum拒絕，移除任一成員取消整组 (53.438125ms)
✔ Core2 mounted export/reopen清UI並保留group lock；duplicate不共用metadata引用 (157.04325ms)
✔ Core2 Node locked多目標／圖片mutation入口整批拒絕 (12.302959ms)
✔ Core2 portable locked多目標／圖片mutation入口整批拒絕 (31.871708ms)
✔ Core2 portable group projection同步throw與重入，canonical/DOM/revision全回退 (47.750625ms)
✔ Core2 portable未完成gesture或text dialog期間group metadata拒絕 (69.042667ms)
✔ 交易邊界：reorder pending text 的 status 不得重入 Undo (55.2755ms)
✔ 交易邊界：reorder after-effect callback 不得先成功再被 rollback 抹除 (35.236208ms)
✔ 交易邊界：double projection fault 回復 preview 前的 attribute (23.787958ms)
✔ 交易邊界：終態 enabled controls 仍持 finishing／owner，throw 必須 rollback (21.202459ms)
✔ 交易邊界：reorder 所有 public 入口先拒絕、再讀 payload (29.3795ms)
✔ 交易邊界：finish 所有 public 入口先拒絕、再讀 payload (30.25525ms)
✔ 交易邊界：checkpoint fallback 本身無法驗證時鎖住 mutation 與 gesture (21.226792ms)
✔ 交易邊界：Node payload getter 重入遭拒，private paste-style 保留 (2.434042ms)
✔ 交易邊界：portable private paste-style 與 undo／redo 相容 (28.124ms)
✔ 交易邊界：invalid component patch 保留已同步的 pending text (20.742292ms)
✔ 交易邊界：mode status after-effect throw 還原 controls 與 mode (26.456667ms)
✔ 交易邊界：async adapter 同步 optimizer 與完成通知都持 owner (33.202125ms)
✔ 交易邊界：finish 第一次 identity read 已持 owner (21.541584ms)
✔ 交易邊界：大 payload 的 scroll observation 不取全量 snapshot (115.339916ms)
✔ 交易邊界：大 payload 的 resize observation 不取全量 snapshot (107.209917ms)
✔ 交易邊界：大 payload 的 pointerdown observation 不取全量 snapshot (101.5035ms)
✔ Core3 Node 單筆 operation、no-op、redo 分岔及 false barrier (5.369958ms)
✔ Core3 Node 驗證失敗不動 history，20 筆 bounded (3.862458ms)
✔ Core3 純 history 超限 truthful degrade、失敗 replay 不移 cursor (0.1625ms)
✔ Core3 portable slide reorder 的 after-effect DOM throw 原子回退 (32.908125ms)
✔ Core3 Repair3 gesture restore after-effect throw 回退 geometry／history (25.711667ms)
✔ Core3 Repair3 gesture 收尾投影不得同步重入 Undo (23.787958ms)
✔ Core3 Repair3 pre-commit restore setter 不得重入 Undo (22.068417ms)
✔ Core3 Repair3 post-commit restore setter 不得重入 Undo (21.121041ms)
✔ Core3 Repair3 成功通知 setter 不得重入 Undo (23.002333ms)
✔ Core3 Repair3 reorder after-effect throw 不提交 pending 文字 (14.603709ms)
✔ Core3 Repair3 reorder 第二次回退呼叫失敗仍恢復 DOM 順序 (13.208375ms)
✔ Core3 portable duplicate／remove after-effect throw 不留下變更 (14.732667ms)
✔ Core3 portable direct component patch replaceWith after-effect throw 不留下變更 (8.895583ms)
✔ Core3 portable operation undo／redo 與 false writer barrier (31.176125ms)
✔ Core3 portable 成功 slide direct writer 清除歷史 (42.0445ms)
✔ Core3 browser harness flag 已接線且預留正式 host 驗收 (9.25425ms)
✔ Core3 mounted toolbar、鍵盤及 input／IME／Alt ownership (35.994375ms)
✔ Core3 portable group／lock／geometry replay 與 large-image pointer hot path (646.483833ms)
✔ Core3 16 MiB 圖片讓單筆歷史超限時 toolbar truthful degrade (910.630958ms)
✔ Core3 portable replay 投影 after-effect throw 保留 canonical／DOM／revision／cursor (14.125875ms)
✔ Core3 portable edit-text 提交投影 after-effect throw 保留 DOM 與 history (14.420625ms)
✔ Core3 Repair1 operation toolbar setter post-effect throw 不留下 entry (14.923167ms)
✔ Core3 Repair1 replay toolbar setter post-effect throw 不移 cursor (26.553625ms)
✔ Core3 Repair1 direct patch selection cleanup post-effect throw 回退 DOM 與選取 (32.926542ms)
✔ Core3 Repair1 stale component DOM patch fail closed (10.851917ms)
✔ Core3 Repair1 reorder／replay fault 恢復 selection 與 Moveable (46.905584ms)
✔ Core3 Repair1 gesture begin／end／cancel 即時更新 Undo disabled (26.312458ms)
✔ Core3 Repair2 gesture 結束控制列 after-effect throw 不提交，且可再次正常操作 (31.066375ms)
✔ Core3 Repair2 邊界 reorder no-op 保留選取與未同步文字 (19.772916ms)
✔ Core3 Repair2 gesture 成功通知 after-effect throw 不留下失敗提交 (23.006125ms)
✔ Core3 Repair2 vendor updateRect after-effect throw 不留下提交或過期投影 (21.219541ms)
✔ mode/select 不寫 spec；legacy 明示初始化只呼叫一次既有 operation (5.342917ms)
✔ scale 0.8 drag/SE resize preview ephemeral，release 至多一次 (2.484666ms)
✔ scale 1 drag/SE resize preview ephemeral，release 至多一次 (1.751083ms)
✔ no-op/cancel/mode/stale/target replacement 不提交；invalid 原子拒絕 (6.384666ms)
✔ SE resize 小於 minimum 原子拒絕；非 component / play 不啟動 (0.801791ms)
✔ stale target 刪除不提交；切選取取消 preview (1.523125ms)
✔ export 只移除 control 對應 style，canonical component 不作 chrome root (0.426375ms)
✔ mounted 1 MiB pointer update/preview 不讀 payload、不序列化 (91.092584ms)
✔ mounted 6 MiB pointer update/preview 不讀 payload、不序列化 (182.219458ms)
✔ mounted 12 MiB pointer update/preview 不讀 payload、不序列化 (318.967916ms)
✔ mounted readonly/noop/invalid/preview export 換 object 後 release 至多一次且可 reopen (188.564792ms)
✔ mounted semantic public text 使 gesture stale，不覆寫新 state (172.078958ms)
✔ mounted semantic legacy text 使 gesture stale，不覆寫新 state (371.325209ms)
✔ mounted semantic legacy component 使 gesture stale，不覆寫新 state (137.885875ms)
✔ mounted semantic geometry 使 gesture stale，不覆寫新 state (208.667375ms)
✔ mounted semantic sync text/export 使 gesture stale，不覆寫新 state (134.414667ms)
✔ mounted semantic asset replace 使 gesture stale，不覆寫新 state (89.472458ms)
✔ mounted semantic keyPoint 使 gesture stale，不覆寫新 state (64.841166ms)
✔ mounted semantic component text seam 使 gesture stale，不覆寫新 state (70.963209ms)
✔ mounted semantic change then revert 使 gesture stale，不覆寫新 state (171.65175ms)
✔ mounted semantic duplicate 使 gesture stale，不覆寫新 state (93.639375ms)
✔ mounted reorder/delete/unrelated slide mutation 取消 gesture (305.233209ms)
✔ mounted async asset 在 readonly export 換 object 後仍寫入 live canonical，同值不假 stale (155.911ms)
✔ mounted noop image/text、invalid component patch 不假 mutation (106.532584ms)
✔ mounted async asset 刪除 captured target 不回寫；換頁仍只改 captured identity (152.15875ms)
✔ mounted target replacement/deletion/mode/cancel/invalid/noop 不提交 (318.653625ms)
ℹ tests 96
ℹ suites 0
ℹ pass 96
ℹ fail 0
ℹ cancelled 0
ℹ skipped 0
ℹ todo 0
ℹ duration_ms 7791.088958
