✔ 交易邊界：reorder pending text 的 status 不得重入 Undo (56.841625ms)
✔ 交易邊界：reorder after-effect callback 不得先成功再被 rollback 抹除 (38.149292ms)
✔ 交易邊界：double projection fault 回復 preview 前的 attribute (28.372208ms)
✔ 交易邊界：終態 enabled controls 仍持 finishing／owner，throw 必須 rollback (25.949833ms)
✔ 交易邊界：reorder 所有 public 入口先拒絕、再讀 payload (29.448167ms)
✔ 交易邊界：finish 所有 public 入口先拒絕、再讀 payload (27.739958ms)
✔ 交易邊界：checkpoint fallback 本身無法驗證時鎖住 mutation 與 gesture (57.652458ms)
✔ 交易邊界：Node payload getter 重入遭拒，private paste-style 保留 (5.478417ms)
✔ 交易邊界：portable private paste-style 與 undo／redo 相容 (30.890625ms)
✔ 交易邊界：invalid component patch 保留已同步的 pending text (21.128167ms)
✔ Core3 Node 單筆 operation、no-op、redo 分岔及 false barrier (6.010417ms)
✔ Core3 Node 驗證失敗不動 history，20 筆 bounded (4.001209ms)
✔ Core3 純 history 超限 truthful degrade、失敗 replay 不移 cursor (0.165042ms)
✔ Core3 portable slide reorder 的 after-effect DOM throw 原子回退 (32.039291ms)
✔ Core3 Repair3 gesture restore after-effect throw 回退 geometry／history (25.633958ms)
✔ Core3 Repair3 gesture 收尾投影不得同步重入 Undo (23.638625ms)
✔ Core3 Repair3 pre-commit restore setter 不得重入 Undo (21.880417ms)
✔ Core3 Repair3 post-commit restore setter 不得重入 Undo (26.723792ms)
✔ Core3 Repair3 成功通知 setter 不得重入 Undo (24.5775ms)
✔ Core3 Repair3 reorder after-effect throw 不提交 pending 文字 (14.278041ms)
✔ Core3 Repair3 reorder 第二次回退呼叫失敗仍恢復 DOM 順序 (13.756333ms)
✔ Core3 portable duplicate／remove after-effect throw 不留下變更 (15.028291ms)
✔ Core3 portable direct component patch replaceWith after-effect throw 不留下變更 (11.508ms)
✔ Core3 portable operation undo／redo 與 false writer barrier (39.732542ms)
✔ Core3 portable 成功 slide direct writer 清除歷史 (48.787166ms)
✔ Core3 browser harness flag 已接線且預留正式 host 驗收 (14.371125ms)
✔ Core3 mounted toolbar、鍵盤及 input／IME／Alt ownership (44.38575ms)
✔ Core3 portable group／lock／geometry replay 與 large-image pointer hot path (794.515666ms)
✔ Core3 16 MiB 圖片讓單筆歷史超限時 toolbar truthful degrade (390.898042ms)
✔ Core3 portable replay 投影 after-effect throw 保留 canonical／DOM／revision／cursor (14.255167ms)
✔ Core3 portable edit-text 提交投影 after-effect throw 保留 DOM 與 history (8.72925ms)
✔ Core3 Repair1 operation toolbar setter post-effect throw 不留下 entry (15.168292ms)
✔ Core3 Repair1 replay toolbar setter post-effect throw 不移 cursor (21.503333ms)
✔ Core3 Repair1 direct patch selection cleanup post-effect throw 回退 DOM 與選取 (30.854708ms)
✔ Core3 Repair1 stale component DOM patch fail closed (9.284834ms)
✔ Core3 Repair1 reorder／replay fault 恢復 selection 與 Moveable (39.084375ms)
✔ Core3 Repair1 gesture begin／end／cancel 即時更新 Undo disabled (22.823709ms)
✔ Core3 Repair2 gesture 結束控制列 after-effect throw 不提交，且可再次正常操作 (24.6095ms)
✔ Core3 Repair2 邊界 reorder no-op 保留選取與未同步文字 (21.174458ms)
✔ Core3 Repair2 gesture 成功通知 after-effect throw 不留下失敗提交 (25.558042ms)
✔ Core3 Repair2 vendor updateRect after-effect throw 不留下提交或過期投影 (21.455583ms)
✔ mode/select 不寫 spec；legacy 明示初始化只呼叫一次既有 operation (6.073416ms)
✔ scale 0.8 drag/SE resize preview ephemeral，release 至多一次 (1.879917ms)
✔ scale 1 drag/SE resize preview ephemeral，release 至多一次 (2.42225ms)
✔ no-op/cancel/mode/stale/target replacement 不提交；invalid 原子拒絕 (5.454583ms)
✔ SE resize 小於 minimum 原子拒絕；非 component / play 不啟動 (0.649708ms)
✔ stale target 刪除不提交；切選取取消 preview (1.269625ms)
✔ export 只移除 control 對應 style，canonical component 不作 chrome root (0.444ms)
✔ mounted 1 MiB pointer update/preview 不讀 payload、不序列化 (76.561833ms)
✔ mounted 6 MiB pointer update/preview 不讀 payload、不序列化 (172.453417ms)
✔ mounted 12 MiB pointer update/preview 不讀 payload、不序列化 (320.454834ms)
✔ mounted readonly/noop/invalid/preview export 換 object 後 release 至多一次且可 reopen (207.701ms)
✔ mounted semantic public text 使 gesture stale，不覆寫新 state (134.278958ms)
✔ mounted semantic legacy text 使 gesture stale，不覆寫新 state (71.141916ms)
✔ mounted semantic legacy component 使 gesture stale，不覆寫新 state (66.041708ms)
✔ mounted semantic geometry 使 gesture stale，不覆寫新 state (59.148041ms)
✔ mounted semantic sync text/export 使 gesture stale，不覆寫新 state (66.88875ms)
✔ mounted semantic asset replace 使 gesture stale，不覆寫新 state (41.968333ms)
✔ mounted semantic keyPoint 使 gesture stale，不覆寫新 state (60.20525ms)
✔ mounted semantic component text seam 使 gesture stale，不覆寫新 state (92.135917ms)
✔ mounted semantic change then revert 使 gesture stale，不覆寫新 state (73.347167ms)
✔ mounted semantic duplicate 使 gesture stale，不覆寫新 state (79.17375ms)
✔ mounted reorder/delete/unrelated slide mutation 取消 gesture (308.535458ms)
✔ mounted async asset 在 readonly export 換 object 後仍寫入 live canonical，同值不假 stale (154.378375ms)
✔ mounted noop image/text、invalid component patch 不假 mutation (122.684125ms)
✔ mounted async asset 刪除 captured target 不回寫；換頁仍只改 captured identity (196.822083ms)
✔ mounted target replacement/deletion/mode/cancel/invalid/noop 不提交 (346.458875ms)
ℹ tests 67
ℹ suites 0
ℹ pass 67
ℹ fail 0
ℹ cancelled 0
ℹ skipped 0
ℹ todo 0
ℹ duration_ms 5284.459834
