✔ Core2 Node group／ungroup 只改 metadata，clone 與 atomic revision (6.420833ms)
✔ Core2 Node group move／resize 比例、單次提交與整批拒絕 (2.550375ms)
✔ Core2 Node lock 擋 patch／edit／transform／delete／部分 group，unlock 可續編 (3.56125ms)
✔ Core2 Node exact own-data payload 不呼叫 getter (1.081375ms)
✔ Core2 portable VM（synthetic） group／ungroup 只改 metadata，clone 與 atomic revision (34.41875ms)
✔ Core2 portable VM（synthetic） group move／resize 比例、單次提交與整批拒絕 (32.275084ms)
✔ Core2 portable VM（synthetic） lock 擋 patch／edit／transform／delete／部分 group，unlock 可續編 (52.78775ms)
✔ Core2 portable VM（synthetic） exact own-data payload 不呼叫 getter (30.112042ms)
✔ Core2 metadata sanitizer 持久化與非法引用不得靜默清除 (3.602125ms)
✔ Core2 schema／operationDescriptors 與 portable export 保留 authority (42.820375ms)
✔ Core2 mounted toolbar、原生group事件mapping、單次revision與clone (68.613833ms)
✔ Core2 portable group resize 最後 update 有效、release 越過 minimum 時整組不提交 (36.346292ms)
✔ Core2 portable refresh 已生效後拋錯仍恢復群組互動投影與原始錯誤 (37.336416ms)
✔ Core2 portable rollback 投影再拋錯仍保留原始 operation error (37.263459ms)
✔ Core2 mounted click/marquee展開整組、Shift切換不拆散 (62.923417ms)
✔ Core2 mounted lock可選取解鎖，但沒有transform或image/text入口 (85.445ms)
✔ Core2 mounted group nudge、IME guard、Escape/pointercancel均不誤提交 (68.494792ms)
✔ Core2 mounted stale／bounds／minimum拒絕，移除任一成員取消整组 (70.602375ms)
✔ Core2 mounted export/reopen清UI並保留group lock；duplicate不共用metadata引用 (120.7485ms)
✔ Core2 Node locked多目標／圖片mutation入口整批拒絕 (1.71575ms)
✔ Core2 portable locked多目標／圖片mutation入口整批拒絕 (18.300917ms)
✔ Core2 portable group projection同步throw與重入，canonical/DOM/revision全回退 (50.608166ms)
✔ Core2 portable未完成gesture或text dialog期間group metadata拒絕 (97.175917ms)
✔ 交易邊界：reorder pending text 的 status 不得重入 Undo (51.87575ms)
✔ 交易邊界：reorder after-effect callback 不得先成功再被 rollback 抹除 (32.159667ms)
✔ 交易邊界：double projection fault 回復 preview 前的 attribute (19.889958ms)
✔ 交易邊界：終態 enabled controls 仍持 finishing／owner，throw 必須 rollback (18.734417ms)
✔ 交易邊界：reorder 所有 public 入口先拒絕、再讀 payload (26.147958ms)
✔ 交易邊界：finish 所有 public 入口先拒絕、再讀 payload (25.69ms)
✔ 交易邊界：checkpoint fallback 本身無法驗證時鎖住 mutation 與 gesture (18.734333ms)
✔ 交易邊界：Node payload getter 重入遭拒，private paste-style 保留 (3.584042ms)
✔ 交易邊界：portable private paste-style 與 undo／redo 相容 (26.365167ms)
✔ 交易邊界：invalid component patch 保留已同步的 pending text (21.026042ms)
✔ Core3 Node 單筆 operation、no-op、redo 分岔及 false barrier (4.109834ms)
✔ Core3 Node 驗證失敗不動 history，20 筆 bounded (3.661708ms)
✔ Core3 純 history 超限 truthful degrade、失敗 replay 不移 cursor (0.151958ms)
✔ Core3 portable slide reorder 的 after-effect DOM throw 原子回退 (32.467375ms)
✔ Core3 Repair3 gesture restore after-effect throw 回退 geometry／history (28.508125ms)
✔ Core3 Repair3 gesture 收尾投影不得同步重入 Undo (22.39725ms)
✔ Core3 Repair3 pre-commit restore setter 不得重入 Undo (21.930791ms)
✔ Core3 Repair3 post-commit restore setter 不得重入 Undo (25.668792ms)
✔ Core3 Repair3 成功通知 setter 不得重入 Undo (22.479625ms)
✔ Core3 Repair3 reorder after-effect throw 不提交 pending 文字 (14.558333ms)
✔ Core3 Repair3 reorder 第二次回退呼叫失敗仍恢復 DOM 順序 (13.010333ms)
✔ Core3 portable duplicate／remove after-effect throw 不留下變更 (14.731208ms)
✔ Core3 portable direct component patch replaceWith after-effect throw 不留下變更 (9.426417ms)
✔ Core3 portable operation undo／redo 與 false writer barrier (30.241042ms)
✔ Core3 portable 成功 slide direct writer 清除歷史 (41.174792ms)
✔ Core3 browser harness flag 已接線且預留正式 host 驗收 (10.199792ms)
✔ Core3 mounted toolbar、鍵盤及 input／IME／Alt ownership (35.50175ms)
✔ Core3 portable group／lock／geometry replay 與 large-image pointer hot path (601.407083ms)
✔ Core3 16 MiB 圖片讓單筆歷史超限時 toolbar truthful degrade (355.685125ms)
✔ Core3 portable replay 投影 after-effect throw 保留 canonical／DOM／revision／cursor (14.229917ms)
✔ Core3 portable edit-text 提交投影 after-effect throw 保留 DOM 與 history (8.602875ms)
✔ Core3 Repair1 operation toolbar setter post-effect throw 不留下 entry (12.431625ms)
✔ Core3 Repair1 replay toolbar setter post-effect throw 不移 cursor (18.5135ms)
✔ Core3 Repair1 direct patch selection cleanup post-effect throw 回退 DOM 與選取 (25.969542ms)
✔ Core3 Repair1 stale component DOM patch fail closed (8.990875ms)
✔ Core3 Repair1 reorder／replay fault 恢復 selection 與 Moveable (43.172625ms)
✔ Core3 Repair1 gesture begin／end／cancel 即時更新 Undo disabled (29.306375ms)
✔ Core3 Repair2 gesture 結束控制列 after-effect throw 不提交，且可再次正常操作 (62.25025ms)
✔ Core3 Repair2 邊界 reorder no-op 保留選取與未同步文字 (27.910042ms)
✔ Core3 Repair2 gesture 成功通知 after-effect throw 不留下失敗提交 (45.689542ms)
✔ Core3 Repair2 vendor updateRect after-effect throw 不留下提交或過期投影 (24.979375ms)
ℹ tests 64
ℹ suites 0
ℹ pass 64
ℹ fail 0
ℹ cancelled 0
ℹ skipped 0
ℹ todo 0
ℹ duration_ms 3183.435292
