
DevTools listening on ws://127.0.0.1:62375/devtools/browser/d46bb2fc-72e4-4853-8f7c-c96d99918e62
Trying to load the allocator multiple times. This is *not* supported.
[1377:10549953:0917/173844.903911:ERROR:ui/display/mac/cv_display_link_mac.mm:195] CVDisplayLinkCreateWithCGDisplay failed. CVReturn: -6670
[1377:10550023:0917/173844.905508:ERROR:ui/display/mac/cv_display_link_mac.mm:195] CVDisplayLinkCreateWithCGDisplay failed. CVReturn: -6670
[1377:10549953:0917/173844.915223:ERROR:ui/display/mac/cv_display_link_mac.mm:195] CVDisplayLinkCreateWithCGDisplay failed. CVReturn: -6670
[1377:10550023:0917/173844.915303:ERROR:ui/display/mac/cv_display_link_mac.mm:195] CVDisplayLinkCreateWithCGDisplay failed. CVReturn: -6670
[1377:10549953:0917/173844.917280:ERROR:ui/display/mac/cv_display_link_mac.mm:195] CVDisplayLinkCreateWithCGDisplay failed. CVReturn: -6670
[1377:10550023:0917/173844.919423:ERROR:ui/display/mac/cv_display_link_mac.mm:195] CVDisplayLinkCreateWithCGDisplay failed. CVReturn: -6670
[1377:10549953:0917/173844.919720:ERROR:ui/display/mac/cv_display_link_mac.mm:195] CVDisplayLinkCreateWithCGDisplay failed. CVReturn: -6670
[1377:10550023:0917/173844.919769:ERROR:ui/display/mac/cv_display_link_mac.mm:195] CVDisplayLinkCreateWithCGDisplay failed. CVReturn: -6670
[1377:10549953:0917/173844.919875:ERROR:ui/display/mac/cv_display_link_mac.mm:195] CVDisplayLinkCreateWithCGDisplay failed. CVReturn: -6670
[1377:10550023:0917/173844.919921:ERROR:ui/display/mac/cv_display_link_mac.mm:195] CVDisplayLinkCreateWithCGDisplay failed. CVReturn: -6670
[1377:10549953:0917/173844.930244:ERROR:ui/display/mac/cv_display_link_mac.mm:195] CVDisplayLinkCreateWithCGDisplay failed. CVReturn: -6670
[1377:10550023:0917/173844.930314:ERROR:ui/display/mac/cv_display_link_mac.mm:195] CVDisplayLinkCreateWithCGDisplay failed. CVReturn: -6670
[1364:10549881:0917/173844.945295:ERROR:mojo/public/cpp/bindings/lib/interface_endpoint_client.cc:748] Message 2 rejected by interface blink.mojom.Widget
[1364:10549881:0917/173844.945330:ERROR:mojo/public/cpp/bindings/lib/interface_endpoint_client.cc:748] Message 2 rejected by interface blink.mojom.Widget
[1364:10549881:0917/173844.945400:ERROR:mojo/public/cpp/bindings/lib/interface_endpoint_client.cc:748] Message 2 rejected by interface blink.mojom.Widget
[1364:10549881:0917/173844.962831:ERROR:content/browser/gpu/gpu_process_host.cc:1054] GPU process exited unexpectedly: exit_code=15
[1390:10550115:0917/173845.041886:ERROR:base/apple/mach_port_rendezvous_mac.cc:256] bootstrap_look_up com.google.Chrome.MachPortRendezvousServer.1364: Unknown service name (1102)
[1390:10550115:0917/173845.042243:ERROR:base/memory/shared_memory_switch.cc:261] No rendezvous client, terminating process (parent died?)
[1393:10550119:0917/173845.045957:ERROR:base/apple/mach_port_rendezvous_mac.cc:256] bootstrap_look_up com.google.Chrome.MachPortRendezvousServer.1: Unknown service name (1102)
[1393:10550119:0917/173845.046221:ERROR:base/memory/shared_memory_switch.cc:261] No rendezvous client, terminating process (parent died?)
