✔ export cleanup 只移除 bounded editor chrome roots (1.121458ms)
✔ editor chrome contract 誤標 presentation truth 時 fail loud (0.423ms)
✔ editor chrome 可位於 presentation 容器內，但不得自己承載 presentation truth (0.097167ms)
✔ export clone root 自己被標成 editor chrome 時也不可漏出 (0.112375ms)
✔ 正式 browser exporter 共用同一 cleanup seam (10.434167ms)
✔ S10 Node 3-item horizontal/vertical centers 頭尾固定 (11.157208ms)
✔ S10 Node 4-item deterministic round 且只改主軸 (1.862584ms)
✔ S10 Node equal-center tie 依 stable element identity，不依賴 target 輸入順序 (2.8595ms)
✔ S10 Node invalid / missing geometry / safe-area 全部原子拒絕 (1.881916ms)
✔ S10 Node canonical no-op 與 descriptor contract (1.51625ms)
✔ S10 portable browser runtime 3-item horizontal/vertical centers 頭尾固定 (64.94675ms)
✔ S10 portable browser runtime 4-item deterministic round 且只改主軸 (7.485209ms)
✔ S10 portable browser runtime equal-center tie 依 stable element identity，不依賴 target 輸入順序 (11.750292ms)
✔ S10 portable browser runtime invalid / missing geometry / safe-area 全部原子拒絕 (32.948541ms)
✔ S10 portable browser runtime canonical no-op 與 descriptor contract (20.028791ms)
✔ S10 3+ selection 才顯示 distribute controls，均分後 selection 保留且 export 不洩漏 (55.619792ms)
✔ S10 distribute UI 缺 canonical geometry 時整筆不改且保留 3-selection (15.492833ms)
✔ S11 Node horizontal/vertical equal-gap 頭尾固定且只改主軸 (12.468292ms)
✔ S11 Node fractional gap 使用 deterministic Math.round (0.764417ms)
✔ S11 Node same-start 以 stable element identity tie-break (6.540833ms)
✔ S11 Node negative gap 與 invalid input 全部原子拒絕 (1.254042ms)
✔ S11 Node equal-gap canonical no-op (0.759583ms)
✔ S11 portable browser runtime horizontal/vertical equal-gap 頭尾固定且只改主軸 (53.879208ms)
✔ S11 portable browser runtime fractional gap 使用 deterministic Math.round (8.614375ms)
✔ S11 portable browser runtime same-start 以 stable element identity tie-break (30.478417ms)
✔ S11 portable browser runtime negative gap 與 invalid input 全部原子拒絕 (10.294667ms)
✔ S11 portable browser runtime equal-gap canonical no-op (4.759ms)
✔ S11 3+ selection 顯示 equal-gap controls，成功後保留 selection/export 清理 (66.075125ms)
✔ S11 negative gap UI 原子拒絕且保留 selection (29.3545ms)
✔ Node absolute move/resize 僅改 canonical override，content edit 保留 (15.445916ms)
✔ Node invalid 全部 fail loud 且 state 原子性 (6.452167ms)
✔ Node descriptors 深度 immutable 且 allowlist 無法擴權 (0.526125ms)
✔ browser API VM absolute move/resize 僅改 canonical override，content edit 保留 (34.865084ms)
✔ browser API VM invalid 全部 fail loud 且 state 原子性 (100.129542ms)
✔ browser API VM descriptors 深度 immutable 且 allowlist 無法擴權 (2.386667ms)
✔ legacy sanitizer/render/export/recipient 不引入 optional 欄位 (11.836083ms)
✔ canonical geometry renderer/recipient round-trip 與 viewport 無關 (20.884417ms)
✔ sanitizer 拒絕非法 geometry，cleanup orphan，duplicate/delete 不共享 (2.987042ms)
✔ Node 合法 constructor ID 與非 slot component 走 own-property override (25.358167ms)
✔ Node safe-area 精確邊界／integer 非 grid 值不 clamp (1.41525ms)
✔ browser API VM 合法 constructor ID 與非 slot component 走 own-property override (19.82125ms)
✔ browser API VM safe-area 精確邊界／integer 非 grid 值不 clamp (20.805292ms)
✔ legacy component patch 保留 geometry；sanitizer 移除失效 component override (1.654375ms)
✔ geometry QA managed attach 只建／關 owned target，navigation 失敗仍清理且不 spawn (421.151917ms)
✔ S3 focused browser script 缺 managed port 明確拒絕，不 fallback spawn (170.487959ms)
✔ 舊 geometry suppression 清除、preview 回復 canonical，保留無關 inline style／priority (3.598292ms)
✔ 非 geometry inline transform 與無 override 元件不被抹除 (1.463958ms)
✔ renderer 與 export/reopen spec 的 move/resize 不壓制 motion (15.178792ms)
✔ mounted public preview/cancel/commit/export clone 保留無關 style 與 motion seam (110.796ms)
✔ 三種 browser treatment fixture 使用當前 renderer、可攜 canonical 且未改 motion CSS (60.918209ms)
✔ mode/select 不寫 spec；legacy 明示初始化只呼叫一次既有 operation (6.60375ms)
✔ scale 0.8 drag/SE resize preview ephemeral，release 至多一次 (8.281125ms)
✔ scale 1 drag/SE resize preview ephemeral，release 至多一次 (1.724167ms)
✔ no-op/cancel/mode/stale/target replacement 不提交；invalid 原子拒絕 (5.704334ms)
✔ SE resize 小於 minimum 原子拒絕；非 component / play 不啟動 (0.731583ms)
✔ stale target 刪除不提交；切選取取消 preview (1.604625ms)
✔ export 只移除 control 對應 style，canonical component 不作 chrome root (0.506125ms)
✔ S4 managed attach  只建／關 owned target，navigation 失敗仍清理且不 spawn (337.431833ms)
✔ S4 managed attach --perf-regression 只建／關 owned target，navigation 失敗仍清理且不 spawn (342.00875ms)
✔ S4 managed attach --motion-regression 只建／關 owned target，navigation 失敗仍清理且不 spawn (291.306792ms)
✔ S4 managed attach --keyboard-regression 只建／關 owned target，navigation 失敗仍清理且不 spawn (215.222208ms)
✔ S4 managed attach --snap-regression 只建／關 owned target，navigation 失敗仍清理且不 spawn (288.12325ms)
✔ S4 managed attach --selection-regression 只建／關 owned target，navigation 失敗仍清理且不 spawn (172.525042ms)
✔ S4 managed attach --alignment-regression 只建／關 owned target，navigation 失敗仍清理且不 spawn (162.356791ms)
✔ S4 managed attach --distribution-regression 只建／關 owned target，navigation 失敗仍清理且不 spawn (146.467375ms)
✔ S4 managed attach --equal-gap-regression 只建／關 owned target，navigation 失敗仍清理且不 spawn (136.444416ms)
✔ S4 focused browser script 缺 managed port 明確拒絕，不 fallback spawn (107.863958ms)
✔ mounted 1 MiB pointer update/preview 不讀 payload、不序列化 (67.488208ms)
✔ mounted 6 MiB pointer update/preview 不讀 payload、不序列化 (140.978042ms)
✔ mounted 12 MiB pointer update/preview 不讀 payload、不序列化 (314.418792ms)
✔ mounted readonly/noop/invalid/preview export 換 object 後 release 至多一次且可 reopen (140.380292ms)
✔ mounted semantic public text 使 gesture stale，不覆寫新 state (118.015209ms)
✔ mounted semantic legacy text 使 gesture stale，不覆寫新 state (56.881791ms)
✔ mounted semantic legacy component 使 gesture stale，不覆寫新 state (49.97075ms)
✔ mounted semantic geometry 使 gesture stale，不覆寫新 state (54.778584ms)
✔ mounted semantic sync text/export 使 gesture stale，不覆寫新 state (29.223584ms)
✔ mounted semantic asset replace 使 gesture stale，不覆寫新 state (7.857083ms)
✔ mounted semantic keyPoint 使 gesture stale，不覆寫新 state (39.023291ms)
✔ mounted semantic sync component text 使 gesture stale，不覆寫新 state (30.477042ms)
✔ mounted semantic change then revert 使 gesture stale，不覆寫新 state (54.501167ms)
✔ mounted semantic duplicate 使 gesture stale，不覆寫新 state (63.343125ms)
✔ mounted reorder/delete/unrelated slide mutation 取消 gesture (161.845709ms)
✔ mounted async asset 在 readonly export 換 object 後仍寫入 live canonical，同值不假 stale (137.841167ms)
✔ mounted noop image/text、invalid component patch 不假 mutation (41.827167ms)
✔ mounted async asset 刪除 captured target 不回寫；換頁仍只改 captured identity (55.909167ms)
✔ mounted target replacement/deletion/mode/cancel/invalid/noop 不提交 (180.6395ms)
✔ 正式 Moveable bundle/hash/metafile/license 與禁用 input 邊界 (16.28225ms)
✔ portable 內嵌 vendor/license，無 CDN；generated editor script 可解析 (31.203125ms)
✔ S5 public 方向／Shift／repeat 每步最多一筆 move-element，僅改 x/y (7.929041ms)
✔ S5 public stale identity、刪除、gesture 互斥；拒絕不 clamp (2.88175ms)
✔ S5 mounted 真 runtime capture 處理方向／Shift／repeat、export/reopen 無 editor 洩漏 (41.437041ms)
✔ S5 mounted guardmatrix 未處理不得攔截或寫 spec；composition 狀態清理 (21.0755ms)
✔ S5 mounted no mode／selection／geometry／deleted 與原子 bounds (9.632917ms)
✔ S5 mounted drag 中按鍵不取消／不提交 gesture (10.163083ms)
✔ S5 mounted resize 中按鍵不取消／不提交 gesture (15.762625ms)
✔ S5 點選元件釋放既有 chrome focus，仍保留直接操作 chrome 時的避讓 (13.537ms)
✔ S5 guarded Escape 保留 drag 與 selection；普通 Escape 才取消 (11.95375ms)
✔ S5 guarded Escape 保留 resize 與 selection；普通 Escape 才取消 (21.06725ms)
✔ S7 drag Escape→trusted release-click 重播不重選；fresh pointerdown/click 立即恢復 (33.463959ms)
✔ S7 resize Escape→trusted release-click 重播不重選；fresh pointerdown/click 立即恢復 (7.319791ms)
✔ S7 cancel 共用取消尾隨 click 防護 (10.399834ms)
✔ S7 pointercancel 共用取消尾隨 click 防護 (12.648917ms)
✔ S7 blur 共用取消尾隨 click 防護 (10.438833ms)
✔ S7 scroll 共用取消尾隨 click 防護 (16.41325ms)
✔ S7 resize 共用取消尾隨 click 防護 (9.444416ms)
✔ S7 selection 共用取消尾隨 click 防護 (5.595291ms)
✔ S7 mode 共用取消尾隨 click 防護 (7.913625ms)
✔ S7 text 共用取消尾隨 click 防護 (12.570792ms)
✔ S7 toggle 共用取消尾隨 click 防護 (7.76925ms)
✔ S7 replacement 共用取消尾隨 click 防護 (10.811834ms)
✔ S7 stale-update 共用取消尾隨 click 防護 (10.6035ms)
✔ S7 stale-release 共用取消尾隨 click 防護 (8.911042ms)
✔ S7 invalid 共用取消尾隨 click 防護 (21.248083ms)
✔ S7 取消若沒有尾隨 click，下一次 primary pointerdown/click 仍正常選取 (32.492333ms)
✔ S7 未啟動 gesture 的普通選取與零位移 release 不受取消防護影響 (12.421375ms)
✔ S7 鍵盤 detail0 與 programmatic control 不受影響，亦不消耗尾隨 click 防護 (14.655417ms)
✔ S7 programmatic component click 可選取；後續尾隨 trusted click 不重建 vendor (7.408167ms)
✔ S7 非新有效 pointerdown {"isTrusted":false} 不解除本次取消防護 (10.6825ms)
✔ S7 非新有效 pointerdown {"isPrimary":false} 不解除本次取消防護 (28.96875ms)
✔ S7 非新有效 pointerdown {"button":2} 不解除本次取消防護 (33.141625ms)
✔ S7 destroy 移除 pointerdown listener，重複 teardown 安全 (5.037ms)
✔ S7 診斷區分 Escape 已取消後 click 重選，不改事件結果 (82.542208ms)
✔ S7 診斷區分 guarded Escape 未取消，不改事件結果 (9.405708ms)
✔ S7 snap-layout {"isTrusted":false,"detail":0} 在 pinned blocker 前取消，原 handler 可達 (28.207209ms)
✔ S7 edit {"isTrusted":false,"detail":0} 在 pinned blocker 前取消，原 handler 可達 (12.81ms)
✔ S7 selection {"isTrusted":false,"detail":0} 在 pinned blocker 前取消，原 handler 可達 (14.032917ms)
✔ S7 snap-layout {"isTrusted":true,"detail":0} 在 pinned blocker 前取消，原 handler 可達 (21.165167ms)
✔ S7 edit {"isTrusted":true,"detail":0} 在 pinned blocker 前取消，原 handler 可達 (9.828958ms)
✔ S7 selection {"isTrusted":true,"detail":0} 在 pinned blocker 前取消，原 handler 可達 (10.389042ms)
✔ S7 snap-layout {"isTrusted":true,"detail":1} 在 pinned blocker 前取消，原 handler 可達 (8.579917ms)
✔ S7 edit {"isTrusted":true,"detail":1} 在 pinned blocker 前取消，原 handler 可達 (11.355583ms)
✔ S7 selection {"isTrusted":true,"detail":1} 在 pinned blocker 前取消，原 handler 可達 (5.318625ms)
✔ S7 capture 不攔截非本卡路由 outside (5.875833ms)
✔ S7 capture 不攔截非本卡路由 unrelated-action (6.180209ms)
✔ S7 capture 不攔截非本卡路由 vendor-chrome (42.940041ms)
✔ S7 routing listener 與 vendor blocker 在重複 destroy 後均清除 (20.532958ms)
✔ S7 首次 snap SE handle：pinned mount/render 重播，尚未 drag 即提交645×485 (57.173541ms)
✔ motion-ready 保留全體節點及 pseudo-element 的停動畫契約 (2.412166ms)
✔ motion-ready transform reset 隔離 editor root／後代，並保留內容與 pseudo-element reset (0.326875ms)
✔ motion-static 保留全體節點及 pseudo-element 的停動畫契約 (0.098041ms)
✔ motion-static transform reset 隔離 editor root／後代，並保留內容與 pseudo-element reset (0.138917ms)
✔ logical-line：無末尾換行 (1.258958ms)
✔ logical-line：有末尾換行 (0.158333ms)
✔ logical-line：CRLF (0.068083ms)
✔ logical-line：空檔 (0.062667ms)
✔ logical-line：只有port (0.061084ms)
✔ logical-line：port超界 (0.067333ms)
✔ logical-line：port零 (0.05575ms)
✔ logical-line：endpoint空 (0.052334ms)
✔ logical-line：endpoint錯誤 (3.139291ms)
✔ logical-line：額外非空行 (0.396875ms)
✔ 慢讀取耗時計入deadline，sleep僅用剩餘budget (1.872708ms)
✔ 剩餘時間小於interval時縮短sleep (0.17775ms)
✔ deadline後才完成的有效檔案不能回ready (0.103375ms)
✔ 延遲補第二行且無final newline可以ready (0.127417ms)
✔ supervisor先退出不讀檔，exit27 (0.075917ms)
✔ supervisor在讀取中退出，即使檔案有效仍exit27 (0.096542ms)
✔ 持續read error維持bounded timeout (0.351958ms)
✔ 真文字檔可直接使用，tmp於finally回收 (28.159333ms)
✔ 永不完成的讀取在實際deadline被abort，沒有掛住controller (31.107959ms)
✔ S7 cancel 取消 preview，proxy 與 vendor 清理 (37.448875ms)
✔ S7 toggle 取消 preview，proxy 與 vendor 清理 (5.362417ms)
✔ S7 mode 取消 preview，proxy 與 vendor 清理 (7.023708ms)
✔ S7 text 取消 preview，proxy 與 vendor 清理 (6.21675ms)
✔ S7 escape 取消 preview，proxy 與 vendor 清理 (7.119167ms)
✔ S7 pointercancel 取消 preview，proxy 與 vendor 清理 (7.641917ms)
✔ S7 blur 取消 preview，proxy 與 vendor 清理 (6.913125ms)
✔ S7 scroll 取消 preview，proxy 與 vendor 清理 (8.999542ms)
✔ S7 resize 取消 preview，proxy 與 vendor 清理 (11.148917ms)
✔ S7 stale 取消 preview，proxy 與 vendor 清理 (5.358333ms)
✔ S7 deleted 取消 preview，proxy 與 vendor 清理 (31.744125ms)
✔ S7 replacement 取消 preview，proxy 與 vendor 清理 (5.393042ms)
✔ S7 destroy 取消 preview，proxy 與 vendor 清理 (13.629334ms)
✔ S7 drag bounds/minimum/finite 原子拒絕 (18.364917ms)
✔ S7 resize bounds/minimum/finite 原子拒絕 (23.863625ms)
✔ S7 keyboard 仍1/10px、guardedEscape／IME／input 不取消 snap gesture (6.409292ms)
✔ S7 public begin/update/finish：preview 0筆、release 1筆、return/cancel/stale 0筆 (2.932625ms)
✔ S7 mounted 1MiB snap preview 不序列化、不讀 payload (53.174375ms)
✔ S7 mounted 6MiB snap preview 不序列化、不讀 payload (106.026042ms)
✔ S7 mounted 12MiB snap preview 不序列化、不讀 payload (189.40525ms)
✔ S7 初始 off、明示開關、proxy 不攔 visible hit、vendor direction 與清引用 (4.975584ms)
✔ S7 舊 vendor 延遲 end 不得提交新 gesture；stale release 清 proxy (8.142333ms)
✔ S7 SE 固定左上 anchor；preview/cancel 不清 presentation transform (4.947125ms)
✔ S7 0.8 drag vendor canonical payload、preview/export、單次 release (14.232583ms)
✔ S7 0.8 drag 零與返回原點不得採用 vendor 起始修正 (14.574291ms)
✔ S7 0.8 resize vendor canonical payload、preview/export、單次 release (19.65525ms)
✔ S7 0.8 resize 零與返回原點不得採用 vendor 起始修正 (13.817625ms)
✔ S7 1 drag vendor canonical payload、preview/export、單次 release (14.970334ms)
✔ S7 1 drag 零與返回原點不得採用 vendor 起始修正 (15.749125ms)
✔ S7 1 resize vendor canonical payload、preview/export、單次 release (97.25425ms)
✔ S7 1 resize 零與返回原點不得採用 vendor 起始修正 (10.907834ms)
✔ S8 focusin 換頁清 selection，方向鍵不得修改上一頁 canonical (52.305625ms)
✔ S8 同頁 focusin 保留 selection，跨頁 focusin 清除多選 (22.471167ms)
✔ S8 plain/Shift click 與 marquee 共用單一 editor-local selection state (20.171792ms)
✔ S8 export clone-only 清除 Selecto/selection chrome，live selection 保持 (25.80525ms)
✔ S8 Escape/blur/mode teardown 清 selection，重複 destroy idempotent (7.664792ms)
✔ S8 selection replace/toggle 去重並依 DOM order 穩定 (3.284042ms)
✔ S8 editor-local state 0/1/>1 lifecycle 不產生 canonical mutation (0.326125ms)
✔ S8 disabled state 拒絕 selection mutation (0.088667ms)
✔ S8 Selecto pinned vendor/hash/license/integrity 全部吻合 (6.715125ms)
✔ S8 portable 內嵌 Selecto vendor/license 且無 CDN (28.92375ms)
✔ S9 Node 六種 align-selection 使用 selection bbox 且保持尺寸 (11.720833ms)
✔ S9 Node align-selection invalid / missing geometry 原子拒絕 (5.331292ms)
✔ S9 Node align-selection canonical no-op 不改 state (1.913208ms)
✔ S9 Node align-selection descriptor 深度 immutable (0.463458ms)
✔ S9 portable browser runtime 六種 align-selection 使用 selection bbox 且保持尺寸 (43.860666ms)
✔ S9 portable browser runtime align-selection invalid / missing geometry 原子拒絕 (7.747375ms)
✔ S9 portable browser runtime align-selection canonical no-op 不改 state (4.038541ms)
✔ S9 portable browser runtime align-selection descriptor 深度 immutable (2.748834ms)
✔ S9 multi-selection 才顯示 align controls；align 後 selection 保留且 export 不洩漏 (31.830625ms)
✔ S9 align UI 任一 target 缺 canonical geometry 時整筆不改且保留 selection (8.574292ms)
ℹ tests 211
ℹ suites 0
ℹ pass 211
ℹ fail 0
ℹ cancelled 0
ℹ skipped 0
ℹ todo 0
ℹ duration_ms 2713.800208
