
DevTools listening on ws://127.0.0.1:50304/devtools/browser/7c0d0724-6b74-4915-b392-d9054d153255
Trying to load the allocator multiple times. This is *not* supported.
[71235:21054296:0923/172506.148185:ERROR:ui/display/mac/cv_display_link_mac.mm:195] CVDisplayLinkCreateWithCGDisplay failed. CVReturn: -6670
[71235:21054296:0923/172506.149666:ERROR:ui/display/mac/cv_display_link_mac.mm:195] CVDisplayLinkCreateWithCGDisplay failed. CVReturn: -6670
[71235:21054296:0923/172506.149924:ERROR:ui/display/mac/cv_display_link_mac.mm:195] CVDisplayLinkCreateWithCGDisplay failed. CVReturn: -6670
[71235:21054296:0923/172506.151879:ERROR:ui/display/mac/cv_display_link_mac.mm:195] CVDisplayLinkCreateWithCGDisplay failed. CVReturn: -6670
[71235:21054296:0923/172506.152060:ERROR:ui/display/mac/cv_display_link_mac.mm:195] CVDisplayLinkCreateWithCGDisplay failed. CVReturn: -6670
[71235:21054296:0923/172506.152157:ERROR:ui/display/mac/cv_display_link_mac.mm:195] CVDisplayLinkCreateWithCGDisplay failed. CVReturn: -6670
[71222:21054218:0923/172508.276971:ERROR:google_apis/gcm/engine/registration_request.cc:291] Registration response error message: DEPRECATED_ENDPOINT
[71460:21055350:0923/172524.077927:VERBOSE1:chrome/updater/updater.cc:374] Version: 152.0.7933.0, opt, ARM_64, command line: /Users/matt/Library/Application Support/Google/GoogleUpdater/152.0.7933.0/GoogleUpdater.app/Contents/MacOS/GoogleUpdater --wake-all --enable-logging --vmodule=*/components/update_client/*=2,*/chrome/enterprise_companion/*=2,*/chrome/updater/*=2
[71460:21055350:0923/172524.078738:VERBOSE1:chrome/updater/updater.cc:377] OS version: 26.6.2, arch: arm64, System uptime (seconds): 680767, parent pid: 71222
[71460:21055350:0923/172524.080356:VERBOSE1:chrome/updater/updater.cc:382] Available disk space in install directory (/Users/matt/Library/Application Support/Google/GoogleUpdater): 67743322112B (63.091GiB) / 494384795648B (460.432GiB)
[71460:21055350:0923/172524.080370:VERBOSE1:chrome/updater/updater.cc:386] Available disk space in temporary directory (/var/folders/f8/fv8s94z92kb9dkshb8rr5d7m0000gn/T/): 67743322112B (63.091GiB) / 494384795648B (460.432GiB)
[71460:21055350:0923/172524.080429:VERBOSE2:chrome/updater/event_history.cc:265] Emitted a UPDATER_PROCESS START event to the history log
[71462:21055355:0923/172524.088696:VERBOSE1:chrome/updater/updater.cc:374] Version: 152.0.7933.0, opt, ARM_64, command line: /Users/matt/Library/Application Support/Google/GoogleUpdater/152.0.7933.0/GoogleUpdater.app/Contents/MacOS/GoogleUpdater --crash-handler --database=/Users/matt/Library/Application Support/Google/GoogleUpdater/152.0.7933.0/Crashpad --url=https://clients2.google.com/cr/report --annotation=prod=Update4 --annotation=ver=152.0.7933.0 --handshake-fd=6 --enable-logging --vmodule=*/components/update_client/*=2,*/chrome/enterprise_companion/*=2,*/chrome/updater/*=2
[71462:21055355:0923/172524.089186:VERBOSE1:chrome/updater/updater.cc:377] OS version: 26.6.2, arch: arm64, System uptime (seconds): 680767, parent pid: 1
[71462:21055355:0923/172524.090768:VERBOSE1:chrome/updater/updater.cc:382] Available disk space in install directory (/Users/matt/Library/Application Support/Google/GoogleUpdater): 67743318016B (63.091GiB) / 494384795648B (460.432GiB)
[71462:21055355:0923/172524.090782:VERBOSE1:chrome/updater/updater.cc:386] Available disk space in temporary directory (/var/folders/f8/fv8s94z92kb9dkshb8rr5d7m0000gn/T/): 67743318016B (63.091GiB) / 494384795648B (460.432GiB)
[71462:21055355:0923/172524.090844:VERBOSE2:chrome/updater/event_history.cc:265] Emitted a UPDATER_PROCESS START event to the history log
[71460:21055350:0923/172524.091214:VERBOSE1:chrome/updater/crash_reporter.cc:124] Crash handler launched and ready.
[71460:21055350:0923/172524.091808:VERBOSE1:chrome/updater/crash_client.cc:108] Found 0 completed crash reports
[71460:21055350:0923/172524.091885:VERBOSE1:chrome/updater/crash_client.cc:132] Found 0 pending crash reports
[71460:21055350:0923/172524.091961:ERROR:third_party/crashpad/crashpad/util/file/file_io_posix.cc:145] open /Users/matt/Library/Application Support/Google/RLZ/Crashpad/settings.dat: No such file or directory (2)
[71460:21055350:0923/172524.091992:ERROR:third_party/crashpad/crashpad/util/file/file_io_posix.cc:145] open /Users/matt/Library/Application Support/Google/consentOptions/Crashpad/settings.dat: No such file or directory (2)
[71460:21055350:0923/172524.092020:ERROR:third_party/crashpad/crashpad/util/file/file_io_posix.cc:145] open /Users/matt/Library/Application Support/Google/AndroidStudio2025.2.2/Crashpad/settings.dat: No such file or directory (2)
[71460:21055350:0923/172524.092051:ERROR:third_party/crashpad/crashpad/util/file/file_io_posix.cc:145] open /Users/matt/Library/Application Support/Google/ChromeForTesting/Crashpad/settings.dat: No such file or directory (2)
[71460:21055350:0923/172524.092060:ERROR:third_party/crashpad/crashpad/util/file/file_io_posix.cc:145] open /Users/matt/Library/Application Support/Google/Chrome-headless/Crashpad/settings.dat: No such file or directory (2)
[71460:21055350:0923/172524.092072:VERBOSE1:chrome/updater/updater.cc:105] Crash reporting initialized.
[71460:21055363:0923/172524.092304:VERBOSE1:chrome/updater/app/app_wakeall.cc:58] Launching `/Users/matt/Library/Application Support/Google/GoogleUpdater/149.0.7814.0/GoogleUpdater.app/Contents/MacOS/GoogleUpdater --wake`
[71460:21055363:0923/172524.092404:VERBOSE1:chrome/updater/app/app_wakeall.cc:64] `/Users/matt/Library/Application Support/Google/GoogleUpdater/149.0.7814.0/GoogleUpdater.app/Contents/MacOS/GoogleUpdater --wake` process invalid: Undefined error: 0 (0)
[71460:21055363:0923/172524.092415:VERBOSE1:chrome/updater/app/app_wakeall.cc:58] Launching `/Users/matt/Library/Application Support/Google/GoogleUpdater/148.0.7730.0/GoogleUpdater.app/Contents/MacOS/GoogleUpdater --wake`
[71460:21055363:0923/172524.092466:VERBOSE1:chrome/updater/app/app_wakeall.cc:64] `/Users/matt/Library/Application Support/Google/GoogleUpdater/148.0.7730.0/GoogleUpdater.app/Contents/MacOS/GoogleUpdater --wake` process invalid: Undefined error: 0 (0)
[71460:21055363:0923/172524.092475:VERBOSE1:chrome/updater/app/app_wakeall.cc:58] Launching `/Users/matt/Library/Application Support/Google/GoogleUpdater/152.0.7933.0/GoogleUpdater.app/Contents/MacOS/GoogleUpdater --wake`
[71465:21055369:0923/172524.100303:VERBOSE1:chrome/updater/updater.cc:374] Version: 152.0.7933.0, opt, ARM_64, command line: /Users/matt/Library/Application Support/Google/GoogleUpdater/152.0.7933.0/GoogleUpdater.app/Contents/MacOS/GoogleUpdater --wake --enable-logging --vmodule=*/components/update_client/*=2,*/chrome/enterprise_companion/*=2,*/chrome/updater/*=2
[71465:21055369:0923/172524.100786:VERBOSE1:chrome/updater/updater.cc:377] OS version: 26.6.2, arch: arm64, System uptime (seconds): 680767, parent pid: 71460
[71465:21055369:0923/172524.102331:VERBOSE1:chrome/updater/updater.cc:382] Available disk space in install directory (/Users/matt/Library/Application Support/Google/GoogleUpdater): 67743305728B (63.091GiB) / 494384795648B (460.432GiB)
[71465:21055369:0923/172524.102344:VERBOSE1:chrome/updater/updater.cc:386] Available disk space in temporary directory (/var/folders/f8/fv8s94z92kb9dkshb8rr5d7m0000gn/T/): 67743305728B (63.091GiB) / 494384795648B (460.432GiB)
[71465:21055369:0923/172524.102411:VERBOSE2:chrome/updater/event_history.cc:265] Emitted a UPDATER_PROCESS START event to the history log
[71467:21055373:0923/172524.111325:VERBOSE1:chrome/updater/updater.cc:374] Version: 152.0.7933.0, opt, ARM_64, command line: /Users/matt/Library/Application Support/Google/GoogleUpdater/152.0.7933.0/GoogleUpdater.app/Contents/MacOS/GoogleUpdater --crash-handler --database=/Users/matt/Library/Application Support/Google/GoogleUpdater/152.0.7933.0/Crashpad --url=https://clients2.google.com/cr/report --annotation=prod=Update4 --annotation=ver=152.0.7933.0 --handshake-fd=6 --enable-logging --vmodule=*/components/update_client/*=2,*/chrome/enterprise_companion/*=2,*/chrome/updater/*=2
[71467:21055373:0923/172524.111785:VERBOSE1:chrome/updater/updater.cc:377] OS version: 26.6.2, arch: arm64, System uptime (seconds): 680767, parent pid: 1
[71467:21055373:0923/172524.113344:VERBOSE1:chrome/updater/updater.cc:382] Available disk space in install directory (/Users/matt/Library/Application Support/Google/GoogleUpdater): 67743305728B (63.091GiB) / 494384795648B (460.432GiB)
[71467:21055373:0923/172524.113356:VERBOSE1:chrome/updater/updater.cc:386] Available disk space in temporary directory (/var/folders/f8/fv8s94z92kb9dkshb8rr5d7m0000gn/T/): 67743305728B (63.091GiB) / 494384795648B (460.432GiB)
[71467:21055373:0923/172524.113419:VERBOSE2:chrome/updater/event_history.cc:265] Emitted a UPDATER_PROCESS START event to the history log
[71465:21055369:0923/172524.113781:VERBOSE1:chrome/updater/crash_reporter.cc:124] Crash handler launched and ready.
[71465:21055369:0923/172524.114363:VERBOSE1:chrome/updater/crash_client.cc:108] Found 0 completed crash reports
[71465:21055369:0923/172524.114439:VERBOSE1:chrome/updater/crash_client.cc:132] Found 0 pending crash reports
[71465:21055369:0923/172524.114517:ERROR:third_party/crashpad/crashpad/util/file/file_io_posix.cc:145] open /Users/matt/Library/Application Support/Google/RLZ/Crashpad/settings.dat: No such file or directory (2)
[71465:21055369:0923/172524.114529:ERROR:third_party/crashpad/crashpad/util/file/file_io_posix.cc:145] open /Users/matt/Library/Application Support/Google/consentOptions/Crashpad/settings.dat: No such file or directory (2)
[71465:21055369:0923/172524.114557:ERROR:third_party/crashpad/crashpad/util/file/file_io_posix.cc:145] open /Users/matt/Library/Application Support/Google/AndroidStudio2025.2.2/Crashpad/settings.dat: No such file or directory (2)
[71465:21055369:0923/172524.114591:ERROR:third_party/crashpad/crashpad/util/file/file_io_posix.cc:145] open /Users/matt/Library/Application Support/Google/ChromeForTesting/Crashpad/settings.dat: No such file or directory (2)
[71465:21055369:0923/172524.114600:ERROR:third_party/crashpad/crashpad/util/file/file_io_posix.cc:145] open /Users/matt/Library/Application Support/Google/Chrome-headless/Crashpad/settings.dat: No such file or directory (2)
[71465:21055369:0923/172524.114612:VERBOSE1:chrome/updater/updater.cc:105] Crash reporting initialized.
[71465:21055369:0923/172524.114754:VERBOSE1:chrome/updater/ipc/update_service_internal_proxy_mojo.cc:61] Run
[71222:21054218:0923/172535.863998:ERROR:google_apis/gcm/engine/registration_request.cc:291] Registration response error message: DEPRECATED_ENDPOINT
[71465:21055369:0923/172538.795998:VERBOSE1:chrome/updater/app/app.cc:52] Shutdown: 0
[71465:21055369:0923/172538.796386:VERBOSE2:chrome/updater/event_history.cc:265] Emitted a UPDATER_PROCESS END event to the history log
[71465:21055369:0923/172538.796414:VERBOSE1:chrome/updater/updater.cc:419] UpdaterMain (--wake) returned 0.
[71460:21055363:0923/172539.045352:VERBOSE1:chrome/updater/app/app_wakeall.cc:68] `/Users/matt/Library/Application Support/Google/GoogleUpdater/152.0.7933.0/GoogleUpdater.app/Contents/MacOS/GoogleUpdater --wake` exited 0
[71460:21055350:0923/172539.046046:VERBOSE1:chrome/updater/app/app.cc:52] Shutdown: 0
[71460:21055350:0923/172539.047243:VERBOSE2:chrome/updater/event_history.cc:265] Emitted a UPDATER_PROCESS END event to the history log
[71460:21055350:0923/172539.047324:VERBOSE1:chrome/updater/updater.cc:419] UpdaterMain (--wake-all) returned 0.
[71467:21055373:0923/172548.804521:VERBOSE2:chrome/updater/event_history.cc:265] Emitted a UPDATER_PROCESS END event to the history log
[71467:21055373:0923/172548.804755:VERBOSE1:chrome/updater/updater.cc:419] UpdaterMain (--crash-handler) returned 0.
[71462:21055355:0923/172548.806119:VERBOSE2:chrome/updater/event_history.cc:265] Emitted a UPDATER_PROCESS END event to the history log
[71462:21055355:0923/172548.806165:VERBOSE1:chrome/updater/updater.cc:419] UpdaterMain (--crash-handler) returned 0.
[71222:21054218:0923/172624.548326:ERROR:google_apis/gcm/engine/registration_request.cc:291] Registration response error message: DEPRECATED_ENDPOINT
[71222:21054218:0923/172821.062327:ERROR:google_apis/gcm/engine/registration_request.cc:291] Registration response error message: DEPRECATED_ENDPOINT
[71222:21054218:0923/173105.372535:ERROR:google_apis/gcm/engine/registration_request.cc:291] Registration response error message: DEPRECATED_ENDPOINT
[71222:21054218:0923/173642.476382:ERROR:google_apis/gcm/engine/registration_request.cc:291] Registration response error message: DEPRECATED_ENDPOINT
