✔ Node absolute move/resize 僅改 canonical override，content edit 保留 (9.739208ms)
✔ Node invalid 全部 fail loud 且 state 原子性 (11.255542ms)
✔ Node descriptors 深度 immutable 且 allowlist 無法擴權 (1.134625ms)
✔ browser API VM absolute move/resize 僅改 canonical override，content edit 保留 (27.940792ms)
✔ browser API VM invalid 全部 fail loud 且 state 原子性 (39.7895ms)
✔ browser API VM descriptors 深度 immutable 且 allowlist 無法擴權 (2.40025ms)
✔ legacy sanitizer/render/export/recipient 不引入 optional 欄位 (12.894709ms)
✔ canonical geometry renderer/recipient round-trip 與 viewport 無關 (6.4085ms)
✔ sanitizer 拒絕非法 geometry，cleanup orphan，duplicate/delete 不共享 (6.598625ms)
✔ Node 合法 constructor ID 與非 slot component 走 own-property override (74.480042ms)
✔ Node safe-area 精確邊界／integer 非 grid 值不 clamp (4.690667ms)
✔ browser API VM 合法 constructor ID 與非 slot component 走 own-property override (16.356084ms)
✔ browser API VM safe-area 精確邊界／integer 非 grid 值不 clamp (12.693417ms)
✔ legacy component patch 保留 geometry；sanitizer 移除失效 component override (1.068625ms)
✔ 舊 geometry suppression 清除、preview 回復 canonical，保留無關 inline style／priority (6.92625ms)
✔ 非 geometry inline transform 與無 override 元件不被抹除 (6.124458ms)
✔ renderer 與 export/reopen spec 的 move/resize 不壓制 motion (25.968917ms)
✔ mounted public preview/cancel/commit/export clone 保留無關 style 與 motion seam (180.239584ms)
✔ 三種 browser treatment fixture 使用當前 renderer、可攜 canonical 且未改 motion CSS (91.323167ms)
✔ mode/select 不寫 spec；legacy 明示初始化只呼叫一次既有 operation (26.259666ms)
✔ scale 0.8 drag/SE resize preview ephemeral，release 至多一次 (6.368625ms)
✔ scale 1 drag/SE resize preview ephemeral，release 至多一次 (2.399625ms)
✔ no-op/cancel/mode/stale/target replacement 不提交；invalid 原子拒絕 (11.226875ms)
✔ SE resize 小於 minimum 原子拒絕；非 component / play 不啟動 (5.765041ms)
✔ stale target 刪除不提交；切選取取消 preview (4.349917ms)
✔ export 只移除 control 對應 style，canonical component 不作 chrome root (0.681708ms)
✔ S4 managed attach  只建／關 owned target，navigation 失敗仍清理且不 spawn (452.026792ms)
✔ S4 managed attach --perf-regression 只建／關 owned target，navigation 失敗仍清理且不 spawn (304.331ms)
✔ S4 managed attach --motion-regression 只建／關 owned target，navigation 失敗仍清理且不 spawn (163.890458ms)
✔ S4 focused browser script 缺 managed port 明確拒絕，不 fallback spawn (116.13025ms)
✔ mounted 1 MiB pointer update/preview 不讀 payload、不序列化 (62.741ms)
✔ mounted 6 MiB pointer update/preview 不讀 payload、不序列化 (188.039542ms)
✔ mounted 12 MiB pointer update/preview 不讀 payload、不序列化 (290.183292ms)
✔ mounted readonly/noop/invalid/preview export 換 object 後 release 至多一次且可 reopen (141.359917ms)
✔ mounted semantic public text 使 gesture stale，不覆寫新 state (48.166416ms)
✔ mounted semantic legacy text 使 gesture stale，不覆寫新 state (31.308125ms)
✔ mounted semantic legacy component 使 gesture stale，不覆寫新 state (32.378833ms)
✔ mounted semantic geometry 使 gesture stale，不覆寫新 state (30.705166ms)
✔ mounted semantic sync text/export 使 gesture stale，不覆寫新 state (25.127917ms)
✔ mounted semantic asset replace 使 gesture stale，不覆寫新 state (7.111792ms)
✔ mounted semantic keyPoint 使 gesture stale，不覆寫新 state (29.670625ms)
✔ mounted semantic sync component text 使 gesture stale，不覆寫新 state (24.417209ms)
✔ mounted semantic change then revert 使 gesture stale，不覆寫新 state (49.291666ms)
✔ mounted semantic duplicate 使 gesture stale，不覆寫新 state (39.122625ms)
✔ mounted reorder/delete/unrelated slide mutation 取消 gesture (133.68525ms)
✔ mounted async asset 在 readonly export 換 object 後仍寫入 live canonical，同值不假 stale (96.581375ms)
✔ mounted noop image/text、invalid component patch 不假 mutation (41.386334ms)
✔ mounted async asset 刪除 captured target 不回寫；換頁仍只改 captured identity (95.27075ms)
✔ mounted target replacement/deletion/mode/cancel/invalid/noop 不提交 (207.233209ms)
✔ 正式 Moveable bundle/hash/metafile/license 與禁用 input 邊界 (40.202166ms)
✔ portable 內嵌 vendor/license，無 CDN；generated editor script 可解析 (34.526791ms)
✔ motion personality 只解析成 bounded portable preset (3.334417ms)
✔ motion CSS 只用 transform/opacity 類進場並提供 reduced-motion fallback (0.349458ms)
✔ motion runtime 使用 IntersectionObserver，不依賴外部 animation library (0.155166ms)
✔ full deck 內建共用 motion root / runtime，而不是每頁手寫動畫 code (23.758167ms)
✔ style cover preview 也沿用 StyleSpec motion personality (10.368208ms)
✔ S3 由 Style grammar 與 semantic role 決定 effect，不是全站 fade-in (22.572333ms)
✔ 每個 Style 最多兩個 primary effect families，並涵蓋代表性角色 (43.647542ms)
✔ effect CSS 只改 transform / opacity / clip-path，reduced motion 立即回到 resting state (8.287625ms)
✔ S3 effect routing 不改動兩套 deck 的內容雜湊 (1.262416ms)
ℹ tests 60
ℹ suites 0
ℹ pass 60
ℹ fail 0
ℹ cancelled 0
ℹ skipped 0
ℹ todo 0
ℹ duration_ms 1871.752167
