✔ export cleanup 只移除 bounded editor chrome roots (2.334959ms)
✔ editor chrome contract 誤標 presentation truth 時 fail loud (0.524417ms)
✔ editor chrome 可位於 presentation 容器內，但不得自己承載 presentation truth (0.089292ms)
✔ export clone root 自己被標成 editor chrome 時也不可漏出 (0.136542ms)
✔ 正式 browser exporter 共用同一 cleanup seam (1.0725ms)
✔ S10 public mounted layout 插圖：無 image、固定 geometry／fit／檔名、一次 revision (35.841125ms)
✔ S10 empty selection 均可用；play/edit/teardown 關閉入口 (14.406334ms)
✔ S10 text selection 均可用；play/edit/teardown 關閉入口 (22.587292ms)
✔ S10 image selection 均可用；play/edit/teardown 關閉入口 (12.300792ms)
✔ S10 multi selection 均可用；play/edit/teardown 關閉入口 (21.674542ms)
✔ S10 gesture 取消不 commit，capture→blur→change，snap=false (17.854458ms)
✔ S10 gesture 取消不 commit，capture→blur→change，snap=true (16.501084ms)
✔ S10 slide 取消未 change snapshot (18.58275ms)
✔ S10 focusin 取消未 change snapshot (14.214959ms)
✔ S10 mode 取消未 change snapshot (15.901792ms)
✔ S10 selection 取消未 change snapshot (15.313459ms)
✔ S10 same-selection 取消未 change snapshot (15.783375ms)
✔ S10 marquee 取消未 change snapshot (13.773042ms)
✔ S10 empty-marquee 取消未 change snapshot (19.373958ms)
✔ S10 clear 取消未 change snapshot (9.132584ms)
✔ S10 destroy 取消未 change snapshot (10.791459ms)
✔ S10 delete 取消未 change snapshot (14.804708ms)
✔ S10 pointer 取消未 change snapshot (8.576042ms)
✔ S10 cancel 不占用 ID，reset 可重選 (12.105167ms)
✔ S10 empty 不占用 ID，reset 可重選 (14.345209ms)
✔ S10 throw 不占用 ID，reset 可重選 (13.209333ms)
✔ S10 無 pending／wrong input／互斥／busy 重入不跨送 (19.636ms)
✔ S10 slide-local 首個空缺 ID、空 alt、成功只 clear selection 一次 (15.928542ms)
✔ S10 async File 捕捉，export／切頁／mode／其他修改保留；finally 不覆寫新 S6 picker (29.2195ms)
✔ S10 async removed 原子拒絕，不 rename/retry，busy 釋放 (11.144917ms)
✔ S10 async collision 原子拒絕，不 rename/retry，busy 釋放 (14.197084ms)
✔ S10 async invalid 原子拒絕，不 rename/retry，busy 釋放 (13.281917ms)
✔ S10 async reject 原子拒絕，不 rename/retry，busy 釋放 (14.348875ms)
✔ S10 非唯一 DOM 不開 chooser；export cleanup／remount 不重複 input (20.5555ms)
✔ S10 change 前 ID 碰撞由 S8 preflight 拒絕，optimizer0／不 rename (12.9705ms)
✔ S10 export 的 canonical 重新 mounted 後可再插入，不占舊 ID (24.716708ms)
✔ S11 public drop：nested image 新 slot、同檔遞增、defaults、old roots、revision／selection (57.782042ms)
✔ S11 cross-slide 無圖頁採事件 target，首個空缺 ID (18.671958ms)
✔ S11 play file dragover/drop 預設攔截與 mode gate (8.116417ms)
✔ S11 edit file dragover/drop 預設攔截與 mode gate (5.968125ms)
✔ S11 layout file dragover/drop 預設攔截與 mode gate (12.198166ms)
✔ S11 destroy file dragover/drop 預設攔截與 mode gate (7.631959ms)
✔ S11 text/plain 不攔截、不讀內容／URL fallback (9.091916ms)
✔ S11 text/html 不攔截、不讀內容／URL fallback (8.305083ms)
✔ S11 text/uri-list 不攔截、不讀內容／URL fallback (8.13ms)
✔ S11 items.kind=file 可辨識；slide 外／無 transfer 不攔截 (13.060083ms)
✔ S11 duplicate-dom target 不提交 (11.127792ms)
✔ S11 missing-id target 不提交 (9.423417ms)
✔ S11 duplicate-spec target 不提交 (9.477167ms)
✔ S11 missing-spec target 不提交 (10.73125ms)
✔ S11 detached target 不提交 (10.777291ms)
✔ S11 0 files 拒絕且 status 提示 (16.492541ms)
✔ S11 2 files 拒絕且 status 提示 (8.917209ms)
✔ S11 insert chooser 保留 pending/input 且 drop 不提交 (18.516667ms)
✔ S11 replace chooser 保留 pending/input 且 drop 不提交 (10.418416ms)
✔ S11 active gesture 取消不 commit，snap=false (12.556334ms)
✔ S11 active gesture 取消不 commit，snap=true (14.499292ms)
✔ S11 deferred：busy 互斥；mode/export/other edit 保留；finally 不清其後 S6 chooser (32.874292ms)
✔ S11 async removed 原子拒絕、零 partial／retry (13.16525ms)
✔ S11 async collision 原子拒絕、零 partial／retry (13.311208ms)
✔ S11 async reject 原子拒絕、零 partial／retry (17.339209ms)
✔ S11 async invalid 原子拒絕、零 partial／retry (17.521833ms)
✔ S11 export canonical／remount 恢復 listener，無 transient 或重複插入 (22.305333ms)
✔ S11 外部 slide 即使沿用 canonical ID 也不攔截 (9.915958ms)
✔ S11 多檔 dragover 僅看 metadata、dropEffect none、payload/serialize0 (9.43775ms)
✔ S6 單選圖片顯示 action，其他 selection／mode 隱藏；UI 不修改 canonical (80.189208ms)
✔ S6 capture → natural blur → change 保留第二圖，snap=false (21.728958ms)
✔ S6 capture → natural blur → change 保留第二圖，snap=true (25.256167ms)
✔ S6 picker 後 slide 取消目標；無 pending 不呼叫 optimizer (18.812625ms)
✔ S6 picker 後 mode 取消目標；無 pending 不呼叫 optimizer (18.36475ms)
✔ S6 picker 後 selection 取消目標；無 pending 不呼叫 optimizer (21.954875ms)
✔ S6 picker 後 same-selection 取消目標；無 pending 不呼叫 optimizer (22.584708ms)
✔ S6 picker 後 marquee 取消目標；無 pending 不呼叫 optimizer (14.841125ms)
✔ S6 picker 後 empty-marquee 取消目標；無 pending 不呼叫 optimizer (24.451041ms)
✔ S6 picker 後 clear 取消目標；無 pending 不呼叫 optimizer (17.150167ms)
✔ S6 picker 後 destroy 取消目標；無 pending 不呼叫 optimizer (26.889125ms)
✔ S6 picker 後 delete 取消目標；無 pending 不呼叫 optimizer (21.173292ms)
✔ S6 picker 後 pointer 取消目標；無 pending 不呼叫 optimizer (13.207958ms)
✔ S6 cancel 重設 value，同檔可再次選取 (16.176917ms)
✔ S6 empty 重設 value，同檔可再次選取 (18.44025ms)
✔ S6 success 重設 value，同檔可再次選取 (20.823791ms)
✔ S6 failure 重設 value，同檔可再次選取 (23.72575ms)
✔ S6 無 pending／target 刪除先拒絕；後一次 picker 不覆蓋未消耗的 chooser (22.841959ms)
✔ S6 change 先消耗 snapshot；async 中新 picker／export／切頁不改前次 target (23.770584ms)
✔ S6 picker pointerdown 取消 gesture 且 click 前尺寸狀態不變 snap=false (16.612125ms)
✔ S6 picker pointerdown 取消 gesture 且 click 前尺寸狀態不變 snap=true (14.988667ms)
✔ S6 export 移除新增 chrome，pending 不序列化；重新 mount 可選圖 (23.099375ms)
✔ S6 picker 等待檔案時唯讀 export 不取消 pending target (16.251583ms)
✔ S6 async target 移除後失敗，零 asset mutation 且 input 可重選 (13.064167ms)
✔ S6 play teardown 不殘留 transient overlay marker，toolbar另由export清理 (14.251209ms)
✔ S7 native group 與裁邊說明由 bootstrap markup 提供 (3.714167ms)
✔ S7 第二圖 default contain no-op、往返、pressed、revision 與完整 preservation (49.870792ms)
✔ S7 無 target／未知 fit 拒絕且不 fallback；使用 click 當下 live dataUri (13.249333ms)
✔ S7 nonimage 隱藏／disable 並拒絕 stale target (17.534042ms)
✔ S7 multi 隱藏／disable 並拒絕 stale target (17.925584ms)
✔ S7 clear 隱藏／disable 並拒絕 stale target (16.837667ms)
✔ S7 slide 隱藏／disable 並拒絕 stale target (13.423375ms)
✔ S7 edit 隱藏／disable 並拒絕 stale target (13.658041ms)
✔ S7 play 隱藏／disable 並拒絕 stale target (16.228166ms)
✔ S7 delete 隱藏／disable 並拒絕 stale target (13.319708ms)
✔ S7 destroy 隱藏／disable 並拒絕 stale target (16.669459ms)
✔ S7 same-image click 與 refresh 只讀 bounded metadata；不讀 payload／serialize (248.865666ms)
✔ S7 picker pending fit disabled；cancel 恢復且 pending 不被 fit 取消 (20.873459ms)
✔ S7 picker pending fit disabled；empty 恢復且 pending 不被 fit 取消 (17.9445ms)
✔ S7 picker pending fit disabled；change 恢復且 pending 不被 fit 取消 (23.122ms)
✔ S7 picker pending fit disabled；blur-change 恢復且 pending 不被 fit 取消 (26.04575ms)
✔ S7 drag/pointer/snap=false 取消 preview 後只提交 fit (12.924667ms)
✔ S7 drag/keyboard/snap=false 取消 preview 後只提交 fit (13.516292ms)
✔ S7 resize/pointer/snap=false 取消 preview 後只提交 fit (12.357417ms)
✔ S7 resize/keyboard/snap=false 取消 preview 後只提交 fit (11.66575ms)
✔ S7 drag/pointer/snap=true 取消 preview 後只提交 fit (12.283209ms)
✔ S7 drag/keyboard/snap=true 取消 preview 後只提交 fit (12.182917ms)
✔ S7 resize/pointer/snap=true 取消 preview 後只提交 fit (11.488958ms)
✔ S7 resize/keyboard/snap=true 取消 preview 後只提交 fit (11.549416ms)
✔ S7 toolbar focus 擁有 arrows；modifier／IME 沿原 keyboard guard (8.671333ms)
✔ S7 default no-op 亦取消 preview 並保留 selection snap=false (11.205917ms)
✔ S7 default no-op 亦取消 preview 並保留 selection snap=true (10.678416ms)
✔ S7 target DOM 移除與 observer refresh 後隱藏，不套到其他圖 (10.040542ms)
✔ S7 export 只保留 fit；從匯出 DeckSpec remount 可切換 (20.883833ms)
✔ S9 public insertImageFile 新增圖片並保留 optimizer result identity (47.1135ms)
✔ S9 default 全 spec preservation／唯一 DOM (10.16975ms)
✔ S9 contain 全 spec preservation／唯一 DOM (6.775542ms)
✔ S9 cover 全 spec preservation／唯一 DOM (6.441125ms)
✔ S9 cross-slide 全 spec preservation／唯一 DOM (5.486958ms)
✔ S9 null-proto 全 spec preservation／唯一 DOM (6.681167ms)
✔ S9 frozen 全 spec preservation／唯一 DOM (8.90375ms)
✔ S9 non-enumerable 全 spec preservation／唯一 DOM (6.871125ms)
✔ S9 invalid own-data／geometry／target：getter0 optimizer0，既有 gesture 不取消 (57.346583ms)
✔ S9 falsy file 不讀 options／不呼叫 optimizer；missing optimizer 明確失敗 (7.312292ms)
✔ S9 snapshot＋await 切頁／mode／export clone，保留等待中 content／geometry (17.375875ms)
✔ S9 pending reject 零提交 (23.4945ms)
✔ S9 pending null 零提交 (11.276ms)
✔ S9 pending missing-warnings 零提交 (12.961208ms)
✔ S9 pending warnings-string 零提交 (9.679917ms)
✔ S9 pending warnings-item 零提交 (10.993084ms)
✔ S9 pending missing-optimized 零提交 (8.829042ms)
✔ S9 pending optimized-string 零提交 (9.580542ms)
✔ S9 pending no-data 零提交 (13.537791ms)
✔ S9 pending unsafe 零提交 (10.553708ms)
✔ S9 pending svg 零提交 (9.996291ms)
✔ S9 pending missing-target 零提交 (14.326166ms)
✔ S9 pending identity-collision 零提交 (17.226125ms)
✔ S9 pending missing-dom 零提交 (9.068542ms)
✔ S9 pending duplicate-dom 零提交 (14.326ms)
✔ S9 pending prepare-throw 零提交 (16.585458ms)
✔ S9 pending append-before 零提交 (11.325083ms)
✔ S9 pending append-after 零提交 (15.359875ms)
✔ S9 preflight identity collision 在 optimizer 前拒絕 (8.1235ms)
✔ S9 pending 競爭 same-id：完成次序決定，不覆蓋 (9.825ms)
✔ S9 pending 競爭 different-id：完成次序決定，不覆蓋 (12.440042ms)
✔ S9 pending 競爭 cross-slide：完成次序決定，不覆蓋 (7.762458ms)
✔ S9 drag pending 保留／成功才 cancel clear revision 一次 (13.881916ms)
✔ S9 resize pending 保留／成功才 cancel clear revision 一次 (15.25675ms)
✔ S9 export／reparse／remount 恰一 root，新圖可選取與 fit (20.468375ms)
ℹ tests 154
ℹ suites 0
ℹ pass 154
ℹ fail 0
ℹ cancelled 0
ℹ skipped 0
ℹ todo 0
ℹ duration_ms 874.975625
