
DevTools listening on ws://127.0.0.1:65094/devtools/browser/6c2b750f-13f6-43a1-b643-7c7f3399a086
Trying to load the allocator multiple times. This is *not* supported.
[89376:5802699:1003/235916.681542:ERROR:ui/display/mac/cv_display_link_mac.mm:188] CVDisplayLinkCreateWithCGDisplay failed. CVReturn: -6670
[89376:5802699:1003/235916.682829:ERROR:ui/display/mac/cv_display_link_mac.mm:188] CVDisplayLinkCreateWithCGDisplay failed. CVReturn: -6670
[89376:5802699:1003/235916.682962:ERROR:ui/display/mac/cv_display_link_mac.mm:188] CVDisplayLinkCreateWithCGDisplay failed. CVReturn: -6670
[89376:5802699:1003/235916.683178:ERROR:ui/display/mac/cv_display_link_mac.mm:188] CVDisplayLinkCreateWithCGDisplay failed. CVReturn: -6670
[89376:5802699:1003/235916.683330:ERROR:ui/display/mac/cv_display_link_mac.mm:188] CVDisplayLinkCreateWithCGDisplay failed. CVReturn: -6670
[89376:5802699:1003/235916.683553:ERROR:ui/display/mac/cv_display_link_mac.mm:188] CVDisplayLinkCreateWithCGDisplay failed. CVReturn: -6670
[89343:5802665:1003/235919.024411:ERROR:google_apis/gcm/engine/registration_request.cc:291] Registration response error message: DEPRECATED_ENDPOINT
[89343:5802665:1003/235945.323787:ERROR:google_apis/gcm/engine/registration_request.cc:291] Registration response error message: DEPRECATED_ENDPOINT
[89343:5802665:1004/000027.631793:ERROR:google_apis/gcm/engine/registration_request.cc:291] Registration response error message: DEPRECATED_ENDPOINT
[89343:5802665:1004/000215.220781:ERROR:google_apis/gcm/engine/registration_request.cc:291] Registration response error message: DEPRECATED_ENDPOINT
Trying to load the allocator multiple times. This is *not* supported.
WARNING: All log messages before absl::InitializeLog() is called are written to STDERR
I0000 00:00:1791043336.110864 5814701 environment.cc:526] Selected adapter: Apple M1, arch=metal-3, vendor=apple, backend=Metal, adapterType=Integrated GPU
I0000 00:00:1791043336.122055 5814710 environment.cc:526] Selected adapter: Apple M1, arch=metal-3, vendor=apple, backend=Metal, adapterType=Integrated GPU
[89376:5802699:1004/000432.506621:ERROR:gpu/command_buffer/service/shared_image/shared_image_manager.cc:401] SharedImageManager::ProduceMemory: Trying to Produce a Memory representation from a non-existent mailbox.
[89376:5802699:1004/000432.506861:ERROR:gpu/command_buffer/service/shared_image/shared_image_manager.cc:401] SharedImageManager::ProduceMemory: Trying to Produce a Memory representation from a non-existent mailbox.
[89376:5802699:1004/000432.506877:ERROR:gpu/command_buffer/service/shared_image/shared_image_manager.cc:401] SharedImageManager::ProduceMemory: Trying to Produce a Memory representation from a non-existent mailbox.
[89376:5802699:1004/000432.506885:ERROR:gpu/command_buffer/service/shared_image/shared_image_manager.cc:401] SharedImageManager::ProduceMemory: Trying to Produce a Memory representation from a non-existent mailbox.
[89376:5802699:1004/000432.506891:ERROR:gpu/command_buffer/service/shared_image/shared_image_manager.cc:401] SharedImageManager::ProduceMemory: Trying to Produce a Memory representation from a non-existent mailbox.
[89376:5802699:1004/000432.506897:ERROR:gpu/command_buffer/service/shared_image/shared_image_manager.cc:401] SharedImageManager::ProduceMemory: Trying to Produce a Memory representation from a non-existent mailbox.
[89376:5802699:1004/000432.506905:ERROR:gpu/command_buffer/service/shared_image/shared_image_manager.cc:401] SharedImageManager::ProduceMemory: Trying to Produce a Memory representation from a non-existent mailbox.
[89376:5802699:1004/000432.506912:ERROR:gpu/command_buffer/service/shared_image/shared_image_manager.cc:401] SharedImageManager::ProduceMemory: Trying to Produce a Memory representation from a non-existent mailbox.
[89376:5802699:1004/000432.506917:ERROR:gpu/command_buffer/service/shared_image/shared_image_manager.cc:401] SharedImageManager::ProduceMemory: Trying to Produce a Memory representation from a non-existent mailbox.
[89376:5802699:1004/000432.507499:ERROR:gpu/command_buffer/service/shared_image/shared_image_manager.cc:401] SharedImageManager::ProduceMemory: Trying to Produce a Memory representation from a non-existent mailbox.
[89376:5802699:1004/000432.507530:ERROR:gpu/command_buffer/service/shared_image/shared_image_manager.cc:401] SharedImageManager::ProduceMemory: Trying to Produce a Memory representation from a non-existent mailbox.
[89343:5802665:1004/000614.045024:ERROR:google_apis/gcm/engine/registration_request.cc:291] Registration response error message: DEPRECATED_ENDPOINT
