✔ export cleanup 只移除 bounded editor chrome roots (3.158708ms)
✔ editor chrome contract 誤標 presentation truth 時 fail loud (0.9775ms)
✔ editor chrome 可位於 presentation 容器內，但不得自己承載 presentation truth (0.22725ms)
✔ export clone root 自己被標成 editor chrome 時也不可漏出 (0.353667ms)
✔ 正式 browser exporter 共用同一 cleanup seam (1.961917ms)
✔ Node absolute move/resize 僅改 canonical override，content edit 保留 (17.532875ms)
✔ Node invalid 全部 fail loud 且 state 原子性 (4.5755ms)
✔ Node descriptors 深度 immutable 且 allowlist 無法擴權 (1.309958ms)
✔ browser API VM absolute move/resize 僅改 canonical override，content edit 保留 (22.322709ms)
✔ browser API VM invalid 全部 fail loud 且 state 原子性 (41.929ms)
✔ browser API VM descriptors 深度 immutable 且 allowlist 無法擴權 (7.640042ms)
✔ legacy sanitizer/render/export/recipient 不引入 optional 欄位 (27.744791ms)
✔ canonical geometry renderer/recipient round-trip 與 viewport 無關 (18.452917ms)
✔ sanitizer 拒絕非法 geometry，cleanup orphan，duplicate/delete 不共享 (5.180291ms)
✔ Node 合法 constructor ID 與非 slot component 走 own-property override (22.437375ms)
✔ Node safe-area 精確邊界／integer 非 grid 值不 clamp (2.226583ms)
✔ browser API VM 合法 constructor ID 與非 slot component 走 own-property override (27.878292ms)
✔ browser API VM safe-area 精確邊界／integer 非 grid 值不 clamp (3.769167ms)
✔ legacy component patch 保留 geometry；sanitizer 移除失效 component override (1.041ms)
✔ geometry QA managed attach 只建／關 owned target，navigation 失敗仍清理且不 spawn (337.278292ms)
✔ S3 focused browser script 缺 managed port 明確拒絕，不 fallback spawn (179.061709ms)
✔ 舊 geometry suppression 清除、preview 回復 canonical，保留無關 inline style／priority (3.374875ms)
✔ 非 geometry inline transform 與無 override 元件不被抹除 (3.0215ms)
✔ renderer 與 export/reopen spec 的 move/resize 不壓制 motion (42.580875ms)
✔ mounted public preview/cancel/commit/export clone 保留無關 style 與 motion seam (157.607542ms)
✔ 三種 browser treatment fixture 使用當前 renderer、可攜 canonical 且未改 motion CSS (56.1845ms)
✔ mode/select 不寫 spec；legacy 明示初始化只呼叫一次既有 operation (7.559791ms)
✔ scale 0.8 drag/SE resize preview ephemeral，release 至多一次 (6.12675ms)
✔ scale 1 drag/SE resize preview ephemeral，release 至多一次 (1.600542ms)
✔ no-op/cancel/mode/stale/target replacement 不提交；invalid 原子拒絕 (12.180584ms)
✔ SE resize 小於 minimum 原子拒絕；非 component / play 不啟動 (0.661292ms)
✔ stale target 刪除不提交；切選取取消 preview (1.282375ms)
✔ export 只移除 control 對應 style，canonical component 不作 chrome root (0.440291ms)
✔ S4 managed attach  只建／關 owned target，navigation 失敗仍清理且不 spawn (316.609ms)
✔ S4 managed attach --perf-regression 只建／關 owned target，navigation 失敗仍清理且不 spawn (288.008666ms)
✔ S4 managed attach --motion-regression 只建／關 owned target，navigation 失敗仍清理且不 spawn (314.864291ms)
✔ S4 managed attach --keyboard-regression 只建／關 owned target，navigation 失敗仍清理且不 spawn (237.523583ms)
✔ S4 managed attach --snap-regression 只建／關 owned target，navigation 失敗仍清理且不 spawn (218.899959ms)
✔ S4 managed attach --selection-regression 只建／關 owned target，navigation 失敗仍清理且不 spawn (221.993709ms)
✔ S4 managed attach --alignment-regression 只建／關 owned target，navigation 失敗仍清理且不 spawn (179.725375ms)
✔ S4 focused browser script 缺 managed port 明確拒絕，不 fallback spawn (98.671ms)
✔ mounted 1 MiB pointer update/preview 不讀 payload、不序列化 (66.301542ms)
✔ mounted 6 MiB pointer update/preview 不讀 payload、不序列化 (141.13375ms)
✔ mounted 12 MiB pointer update/preview 不讀 payload、不序列化 (262.487792ms)
✔ mounted readonly/noop/invalid/preview export 換 object 後 release 至多一次且可 reopen (150.856ms)
✔ mounted semantic public text 使 gesture stale，不覆寫新 state (53.409458ms)
✔ mounted semantic legacy text 使 gesture stale，不覆寫新 state (46.749ms)
✔ mounted semantic legacy component 使 gesture stale，不覆寫新 state (49.829083ms)
✔ mounted semantic geometry 使 gesture stale，不覆寫新 state (54.573334ms)
✔ mounted semantic sync text/export 使 gesture stale，不覆寫新 state (83.741458ms)
✔ mounted semantic asset replace 使 gesture stale，不覆寫新 state (18.239417ms)
✔ mounted semantic keyPoint 使 gesture stale，不覆寫新 state (74.324ms)
✔ mounted semantic sync component text 使 gesture stale，不覆寫新 state (69.294333ms)
✔ mounted semantic change then revert 使 gesture stale，不覆寫新 state (57.719875ms)
✔ mounted semantic duplicate 使 gesture stale，不覆寫新 state (44.926625ms)
✔ mounted reorder/delete/unrelated slide mutation 取消 gesture (154.378125ms)
✔ mounted async asset 在 readonly export 換 object 後仍寫入 live canonical，同值不假 stale (60.662208ms)
✔ mounted noop image/text、invalid component patch 不假 mutation (59.875959ms)
✔ mounted async asset 刪除 captured target 不回寫；換頁仍只改 captured identity (74.038292ms)
✔ mounted target replacement/deletion/mode/cancel/invalid/noop 不提交 (176.935584ms)
✔ 正式 Moveable bundle/hash/metafile/license 與禁用 input 邊界 (16.199167ms)
✔ portable 內嵌 vendor/license，無 CDN；generated editor script 可解析 (20.0625ms)
✔ S5 public 方向／Shift／repeat 每步最多一筆 move-element，僅改 x/y (12.196125ms)
✔ S5 public stale identity、刪除、gesture 互斥；拒絕不 clamp (3.205834ms)
✔ S5 mounted 真 runtime capture 處理方向／Shift／repeat、export/reopen 無 editor 洩漏 (33.966417ms)
✔ S5 mounted guardmatrix 未處理不得攔截或寫 spec；composition 狀態清理 (14.556208ms)
✔ S5 mounted no mode／selection／geometry／deleted 與原子 bounds (11.143875ms)
✔ S5 mounted drag 中按鍵不取消／不提交 gesture (4.587958ms)
✔ S5 mounted resize 中按鍵不取消／不提交 gesture (9.809291ms)
✔ S5 點選元件釋放既有 chrome focus，仍保留直接操作 chrome 時的避讓 (4.737584ms)
✔ S5 guarded Escape 保留 drag 與 selection；普通 Escape 才取消 (13.322666ms)
✔ S5 guarded Escape 保留 resize 與 selection；普通 Escape 才取消 (11.878333ms)
✔ S7 drag Escape→trusted release-click 重播不重選；fresh pointerdown/click 立即恢復 (31.362541ms)
✔ S7 resize Escape→trusted release-click 重播不重選；fresh pointerdown/click 立即恢復 (12.256667ms)
✔ S7 cancel 共用取消尾隨 click 防護 (14.043708ms)
✔ S7 pointercancel 共用取消尾隨 click 防護 (8.986125ms)
✔ S7 blur 共用取消尾隨 click 防護 (14.646667ms)
✔ S7 scroll 共用取消尾隨 click 防護 (13.793541ms)
✔ S7 resize 共用取消尾隨 click 防護 (7.042834ms)
✔ S7 selection 共用取消尾隨 click 防護 (6.4805ms)
✔ S7 mode 共用取消尾隨 click 防護 (7.614ms)
✔ S7 text 共用取消尾隨 click 防護 (12.143083ms)
✔ S7 toggle 共用取消尾隨 click 防護 (6.093292ms)
✔ S7 replacement 共用取消尾隨 click 防護 (8.179709ms)
✔ S7 stale-update 共用取消尾隨 click 防護 (6.936375ms)
✔ S7 stale-release 共用取消尾隨 click 防護 (12.278459ms)
✔ S7 invalid 共用取消尾隨 click 防護 (7.898833ms)
✔ S7 取消若沒有尾隨 click，下一次 primary pointerdown/click 仍正常選取 (7.563292ms)
✔ S7 未啟動 gesture 的普通選取與零位移 release 不受取消防護影響 (5.399125ms)
✔ S7 鍵盤 detail0 與 programmatic control 不受影響，亦不消耗尾隨 click 防護 (6.593083ms)
✔ S7 programmatic component click 可選取；後續尾隨 trusted click 不重建 vendor (6.261125ms)
✔ S7 非新有效 pointerdown {"isTrusted":false} 不解除本次取消防護 (17.038833ms)
✔ S7 非新有效 pointerdown {"isPrimary":false} 不解除本次取消防護 (16.1075ms)
✔ S7 非新有效 pointerdown {"button":2} 不解除本次取消防護 (11.283417ms)
✔ S7 destroy 移除 pointerdown listener，重複 teardown 安全 (19.613125ms)
✔ S7 診斷區分 Escape 已取消後 click 重選，不改事件結果 (41.330041ms)
✔ S7 診斷區分 guarded Escape 未取消，不改事件結果 (18.532083ms)
✔ S7 snap-layout {"isTrusted":false,"detail":0} 在 pinned blocker 前取消，原 handler 可達 (37.259125ms)
✔ S7 edit {"isTrusted":false,"detail":0} 在 pinned blocker 前取消，原 handler 可達 (19.93325ms)
✔ S7 selection {"isTrusted":false,"detail":0} 在 pinned blocker 前取消，原 handler 可達 (13.872542ms)
✔ S7 snap-layout {"isTrusted":true,"detail":0} 在 pinned blocker 前取消，原 handler 可達 (9.129125ms)
✔ S7 edit {"isTrusted":true,"detail":0} 在 pinned blocker 前取消，原 handler 可達 (12.689167ms)
✔ S7 selection {"isTrusted":true,"detail":0} 在 pinned blocker 前取消，原 handler 可達 (5.8785ms)
✔ S7 snap-layout {"isTrusted":true,"detail":1} 在 pinned blocker 前取消，原 handler 可達 (9.111917ms)
✔ S7 edit {"isTrusted":true,"detail":1} 在 pinned blocker 前取消，原 handler 可達 (6.36125ms)
✔ S7 selection {"isTrusted":true,"detail":1} 在 pinned blocker 前取消，原 handler 可達 (8.104709ms)
✔ S7 capture 不攔截非本卡路由 outside (15.21675ms)
✔ S7 capture 不攔截非本卡路由 unrelated-action (16.692334ms)
✔ S7 capture 不攔截非本卡路由 vendor-chrome (9.441833ms)
✔ S7 routing listener 與 vendor blocker 在重複 destroy 後均清除 (4.785209ms)
✔ S7 首次 snap SE handle：pinned mount/render 重播，尚未 drag 即提交645×485 (36.01725ms)
✔ motion-ready 保留全體節點及 pseudo-element 的停動畫契約 (1.00275ms)
✔ motion-ready transform reset 隔離 editor root／後代，並保留內容與 pseudo-element reset (0.113792ms)
✔ motion-static 保留全體節點及 pseudo-element 的停動畫契約 (0.074333ms)
✔ motion-static transform reset 隔離 editor root／後代，並保留內容與 pseudo-element reset (0.057583ms)
✔ logical-line：無末尾換行 (1.046667ms)
✔ logical-line：有末尾換行 (0.111917ms)
✔ logical-line：CRLF (0.053125ms)
✔ logical-line：空檔 (0.051958ms)
✔ logical-line：只有port (0.050791ms)
✔ logical-line：port超界 (0.056042ms)
✔ logical-line：port零 (0.041917ms)
✔ logical-line：endpoint空 (0.127167ms)
✔ logical-line：endpoint錯誤 (0.069834ms)
✔ logical-line：額外非空行 (0.1075ms)
✔ 慢讀取耗時計入deadline，sleep僅用剩餘budget (1.425167ms)
✔ 剩餘時間小於interval時縮短sleep (0.134ms)
✔ deadline後才完成的有效檔案不能回ready (0.087667ms)
✔ 延遲補第二行且無final newline可以ready (1.252833ms)
✔ supervisor先退出不讀檔，exit27 (0.101916ms)
✔ supervisor在讀取中退出，即使檔案有效仍exit27 (0.098041ms)
✔ 持續read error維持bounded timeout (0.302834ms)
✔ 真文字檔可直接使用，tmp於finally回收 (21.624083ms)
✔ 永不完成的讀取在實際deadline被abort，沒有掛住controller (33.1285ms)
✔ S7 cancel 取消 preview，proxy 與 vendor 清理 (36.86625ms)
✔ S7 toggle 取消 preview，proxy 與 vendor 清理 (11.370709ms)
✔ S7 mode 取消 preview，proxy 與 vendor 清理 (5.631125ms)
✔ S7 text 取消 preview，proxy 與 vendor 清理 (5.8765ms)
✔ S7 escape 取消 preview，proxy 與 vendor 清理 (5.015125ms)
✔ S7 pointercancel 取消 preview，proxy 與 vendor 清理 (5.330459ms)
✔ S7 blur 取消 preview，proxy 與 vendor 清理 (5.701708ms)
✔ S7 scroll 取消 preview，proxy 與 vendor 清理 (5.699375ms)
✔ S7 resize 取消 preview，proxy 與 vendor 清理 (50.97425ms)
✔ S7 stale 取消 preview，proxy 與 vendor 清理 (34.350791ms)
✔ S7 deleted 取消 preview，proxy 與 vendor 清理 (14.563083ms)
✔ S7 replacement 取消 preview，proxy 與 vendor 清理 (9.9425ms)
✔ S7 destroy 取消 preview，proxy 與 vendor 清理 (12.644625ms)
✔ S7 drag bounds/minimum/finite 原子拒絕 (25.714542ms)
✔ S7 resize bounds/minimum/finite 原子拒絕 (22.816375ms)
✔ S7 keyboard 仍1/10px、guardedEscape／IME／input 不取消 snap gesture (15.62775ms)
✔ S7 public begin/update/finish：preview 0筆、release 1筆、return/cancel/stale 0筆 (5.771625ms)
✔ S7 mounted 1MiB snap preview 不序列化、不讀 payload (44.5395ms)
✔ S7 mounted 6MiB snap preview 不序列化、不讀 payload (108.190459ms)
✔ S7 mounted 12MiB snap preview 不序列化、不讀 payload (194.099541ms)
✔ S7 初始 off、明示開關、proxy 不攔 visible hit、vendor direction 與清引用 (7.094417ms)
✔ S7 舊 vendor 延遲 end 不得提交新 gesture；stale release 清 proxy (5.809125ms)
✔ S7 SE 固定左上 anchor；preview/cancel 不清 presentation transform (11.340333ms)
✔ S7 0.8 drag vendor canonical payload、preview/export、單次 release (14.818083ms)
✔ S7 0.8 drag 零與返回原點不得採用 vendor 起始修正 (13.456333ms)
✔ S7 0.8 resize vendor canonical payload、preview/export、單次 release (11.176292ms)
✔ S7 0.8 resize 零與返回原點不得採用 vendor 起始修正 (12.487042ms)
✔ S7 1 drag vendor canonical payload、preview/export、單次 release (10.62725ms)
✔ S7 1 drag 零與返回原點不得採用 vendor 起始修正 (10.109458ms)
✔ S7 1 resize vendor canonical payload、preview/export、單次 release (14.220875ms)
✔ S7 1 resize 零與返回原點不得採用 vendor 起始修正 (14.512084ms)
✔ S8 focusin 換頁清 selection，方向鍵不得修改上一頁 canonical (42.911959ms)
✔ S8 同頁 focusin 保留 selection，跨頁 focusin 清除多選 (8.15775ms)
✔ S8 plain/Shift click 與 marquee 共用單一 editor-local selection state (31.308ms)
✔ S8 export clone-only 清除 Selecto/selection chrome，live selection 保持 (16.982ms)
✔ S8 Escape/blur/mode teardown 清 selection，重複 destroy idempotent (14.351709ms)
✔ S8 selection replace/toggle 去重並依 DOM order 穩定 (9.283583ms)
✔ S8 editor-local state 0/1/>1 lifecycle 不產生 canonical mutation (0.4955ms)
✔ S8 disabled state 拒絕 selection mutation (0.125458ms)
✔ S8 Selecto pinned vendor/hash/license/integrity 全部吻合 (3.689833ms)
✔ S8 portable 內嵌 Selecto vendor/license 且無 CDN (75.280125ms)
✔ S9 Node 六種 align-selection 使用 selection bbox 且保持尺寸 (8.778917ms)
✔ S9 Node align-selection invalid / missing geometry 原子拒絕 (3.768375ms)
✔ S9 Node align-selection canonical no-op 不改 state (1.445416ms)
✔ S9 Node align-selection descriptor 深度 immutable (1.112917ms)
✔ S9 portable browser runtime 六種 align-selection 使用 selection bbox 且保持尺寸 (37.166542ms)
✔ S9 portable browser runtime align-selection invalid / missing geometry 原子拒絕 (9.993709ms)
✔ S9 portable browser runtime align-selection canonical no-op 不改 state (2.473167ms)
✔ S9 portable browser runtime align-selection descriptor 深度 immutable (2.162083ms)
✔ S9 multi-selection 才顯示 align controls；align 後 selection 保留且 export 不洩漏 (40.403542ms)
✔ S9 align UI 任一 target 缺 canonical geometry 時整筆不改且保留 selection (8.841417ms)
ℹ tests 185
ℹ suites 0
ℹ pass 185
ℹ fail 0
ℹ cancelled 0
ℹ skipped 0
ℹ todo 0
ℹ duration_ms 2052.539167
