
DevTools listening on ws://127.0.0.1:57918/devtools/browser/ae64643e-aee5-4529-ad30-e717ab8259be
Trying to load the allocator multiple times. This is *not* supported.
[15310:1192927:1001/000356.637527:ERROR:ui/display/mac/cv_display_link_mac.mm:188] CVDisplayLinkCreateWithCGDisplay failed. CVReturn: -6670
[15310:1192927:1001/000356.639144:ERROR:ui/display/mac/cv_display_link_mac.mm:188] CVDisplayLinkCreateWithCGDisplay failed. CVReturn: -6670
[15310:1192927:1001/000356.639284:ERROR:ui/display/mac/cv_display_link_mac.mm:188] CVDisplayLinkCreateWithCGDisplay failed. CVReturn: -6670
[15310:1192927:1001/000356.639380:ERROR:ui/display/mac/cv_display_link_mac.mm:188] CVDisplayLinkCreateWithCGDisplay failed. CVReturn: -6670
[15310:1192927:1001/000356.639457:ERROR:ui/display/mac/cv_display_link_mac.mm:188] CVDisplayLinkCreateWithCGDisplay failed. CVReturn: -6670
[15310:1192927:1001/000356.639565:ERROR:ui/display/mac/cv_display_link_mac.mm:188] CVDisplayLinkCreateWithCGDisplay failed. CVReturn: -6670
[15310:1192927:1001/000357.933898:ERROR:gpu/command_buffer/service/shared_image/shared_image_manager.cc:401] SharedImageManager::ProduceMemory: Trying to Produce a Memory representation from a non-existent mailbox.
[15310:1192927:1001/000357.933950:ERROR:gpu/command_buffer/service/shared_image/shared_image_manager.cc:401] SharedImageManager::ProduceMemory: Trying to Produce a Memory representation from a non-existent mailbox.
[15310:1192927:1001/000357.933966:ERROR:gpu/command_buffer/service/shared_image/shared_image_manager.cc:401] SharedImageManager::ProduceMemory: Trying to Produce a Memory representation from a non-existent mailbox.
[15310:1192927:1001/000357.933976:ERROR:gpu/command_buffer/service/shared_image/shared_image_manager.cc:401] SharedImageManager::ProduceMemory: Trying to Produce a Memory representation from a non-existent mailbox.
[15310:1192927:1001/000357.933982:ERROR:gpu/command_buffer/service/shared_image/shared_image_manager.cc:401] SharedImageManager::ProduceMemory: Trying to Produce a Memory representation from a non-existent mailbox.
[15299:1192887:1001/000358.548795:ERROR:google_apis/gcm/engine/registration_request.cc:291] Registration response error message: DEPRECATED_ENDPOINT
[15352:1193521:1001/000414.715162:VERBOSE1:chrome/updater/updater.cc:364] Version: 156.0.8067.0, opt, ARM_64, command line: /Users/matt/Library/Application Support/Google/GoogleUpdater/156.0.8067.0/GoogleUpdater.app/Contents/MacOS/GoogleUpdater --wake-all --enable-logging --vmodule=*/components/update_client/*=2,*/chrome/enterprise_companion/*=2,*/chrome/updater/*=2
[15352:1193521:1001/000414.715839:VERBOSE1:chrome/updater/updater.cc:367] OS version: 26.6.2, arch: arm64, System uptime (seconds): 35307, parent pid: 15299
[15352:1193521:1001/000414.718271:VERBOSE1:chrome/updater/updater.cc:372] Available disk space in install directory (/Users/matt/Library/Application Support/Google/GoogleUpdater): 71850844160B (66.916GiB) / 494384795648B (460.432GiB)
[15352:1193521:1001/000414.718313:VERBOSE1:chrome/updater/updater.cc:376] Available disk space in temporary directory (/var/folders/f8/fv8s94z92kb9dkshb8rr5d7m0000gn/T/): 71850844160B (66.916GiB) / 494384795648B (460.432GiB)
[15352:1193521:1001/000414.718383:VERBOSE2:chrome/updater/event_history.cc:266] Emitted a UPDATER_PROCESS START event to the history log
[15354:1193525:1001/000414.728498:VERBOSE1:chrome/updater/updater.cc:364] Version: 156.0.8067.0, opt, ARM_64, command line: /Users/matt/Library/Application Support/Google/GoogleUpdater/156.0.8067.0/GoogleUpdater.app/Contents/MacOS/GoogleUpdater --crash-handler --database=/Users/matt/Library/Application Support/Google/GoogleUpdater/156.0.8067.0/Crashpad --url=https://clients2.google.com/cr/report --annotation=prod=Update4 --annotation=ver=156.0.8067.0 --handshake-fd=6 --enable-logging --vmodule=*/components/update_client/*=2,*/chrome/enterprise_companion/*=2,*/chrome/updater/*=2
[15354:1193525:1001/000414.728940:VERBOSE1:chrome/updater/updater.cc:367] OS version: 26.6.2, arch: arm64, System uptime (seconds): 35307, parent pid: 1
[15354:1193525:1001/000414.730630:VERBOSE1:chrome/updater/updater.cc:372] Available disk space in install directory (/Users/matt/Library/Application Support/Google/GoogleUpdater): 71850840064B (66.916GiB) / 494384795648B (460.432GiB)
[15354:1193525:1001/000414.730674:VERBOSE1:chrome/updater/updater.cc:376] Available disk space in temporary directory (/var/folders/f8/fv8s94z92kb9dkshb8rr5d7m0000gn/T/): 71850840064B (66.916GiB) / 494384795648B (460.432GiB)
[15354:1193525:1001/000414.730728:VERBOSE2:chrome/updater/event_history.cc:266] Emitted a UPDATER_PROCESS START event to the history log
[15352:1193521:1001/000414.731094:VERBOSE1:chrome/updater/crash_reporter.cc:123] Crash handler launched and ready.
[15352:1193521:1001/000414.731678:VERBOSE1:chrome/updater/crash_client.cc:108] Found 0 completed crash reports
[15352:1193521:1001/000414.731749:VERBOSE1:chrome/updater/crash_client.cc:132] Found 0 pending crash reports
[15352:1193521:1001/000414.731822:ERROR:third_party/crashpad/crashpad/util/file/file_io_posix.cc:145] open /Users/matt/Library/Application Support/Google/RLZ/Crashpad/settings.dat: No such file or directory (2)
[15352:1193521:1001/000414.731835:ERROR:third_party/crashpad/crashpad/util/file/file_io_posix.cc:145] open /Users/matt/Library/Application Support/Google/consentOptions/Crashpad/settings.dat: No such file or directory (2)
[15352:1193521:1001/000414.731863:ERROR:third_party/crashpad/crashpad/util/file/file_io_posix.cc:145] open /Users/matt/Library/Application Support/Google/AndroidStudio2025.2.2/Crashpad/settings.dat: No such file or directory (2)
[15352:1193521:1001/000414.731892:ERROR:third_party/crashpad/crashpad/util/file/file_io_posix.cc:145] open /Users/matt/Library/Application Support/Google/ChromeForTesting/Crashpad/settings.dat: No such file or directory (2)
[15352:1193521:1001/000414.731901:ERROR:third_party/crashpad/crashpad/util/file/file_io_posix.cc:145] open /Users/matt/Library/Application Support/Google/Chrome-headless/Crashpad/settings.dat: No such file or directory (2)
[15352:1193521:1001/000414.731911:VERBOSE1:chrome/updater/updater.cc:105] Crash reporting initialized.
[15352:1193533:1001/000414.732196:VERBOSE1:chrome/updater/app/app_wakeall.cc:58] Launching `/Users/matt/Library/Application Support/Google/GoogleUpdater/156.0.8067.0/GoogleUpdater.app/Contents/MacOS/GoogleUpdater --wake`
[15355:1193537:1001/000414.742946:VERBOSE1:chrome/updater/updater.cc:364] Version: 156.0.8067.0, opt, ARM_64, command line: /Users/matt/Library/Application Support/Google/GoogleUpdater/156.0.8067.0/GoogleUpdater.app/Contents/MacOS/GoogleUpdater --wake --enable-logging --vmodule=*/components/update_client/*=2,*/chrome/enterprise_companion/*=2,*/chrome/updater/*=2
[15355:1193537:1001/000414.743646:VERBOSE1:chrome/updater/updater.cc:367] OS version: 26.6.2, arch: arm64, System uptime (seconds): 35307, parent pid: 15352
[15355:1193537:1001/000414.745679:VERBOSE1:chrome/updater/updater.cc:372] Available disk space in install directory (/Users/matt/Library/Application Support/Google/GoogleUpdater): 71850827776B (66.916GiB) / 494384795648B (460.432GiB)
[15355:1193537:1001/000414.745705:VERBOSE1:chrome/updater/updater.cc:376] Available disk space in temporary directory (/var/folders/f8/fv8s94z92kb9dkshb8rr5d7m0000gn/T/): 71850827776B (66.916GiB) / 494384795648B (460.432GiB)
[15355:1193537:1001/000414.745759:VERBOSE2:chrome/updater/event_history.cc:266] Emitted a UPDATER_PROCESS START event to the history log
[15357:1193541:1001/000414.755284:VERBOSE1:chrome/updater/updater.cc:364] Version: 156.0.8067.0, opt, ARM_64, command line: /Users/matt/Library/Application Support/Google/GoogleUpdater/156.0.8067.0/GoogleUpdater.app/Contents/MacOS/GoogleUpdater --crash-handler --database=/Users/matt/Library/Application Support/Google/GoogleUpdater/156.0.8067.0/Crashpad --url=https://clients2.google.com/cr/report --annotation=prod=Update4 --annotation=ver=156.0.8067.0 --handshake-fd=6 --enable-logging --vmodule=*/components/update_client/*=2,*/chrome/enterprise_companion/*=2,*/chrome/updater/*=2
[15357:1193541:1001/000414.756556:VERBOSE1:chrome/updater/updater.cc:367] OS version: 26.6.2, arch: arm64, System uptime (seconds): 35307, parent pid: 1
[15357:1193541:1001/000414.758854:VERBOSE1:chrome/updater/updater.cc:372] Available disk space in install directory (/Users/matt/Library/Application Support/Google/GoogleUpdater): 71850827776B (66.916GiB) / 494384795648B (460.432GiB)
[15357:1193541:1001/000414.758883:VERBOSE1:chrome/updater/updater.cc:376] Available disk space in temporary directory (/var/folders/f8/fv8s94z92kb9dkshb8rr5d7m0000gn/T/): 71850827776B (66.916GiB) / 494384795648B (460.432GiB)
[15357:1193541:1001/000414.758943:VERBOSE2:chrome/updater/event_history.cc:266] Emitted a UPDATER_PROCESS START event to the history log
[15355:1193537:1001/000414.759332:VERBOSE1:chrome/updater/crash_reporter.cc:123] Crash handler launched and ready.
[15355:1193537:1001/000414.759918:VERBOSE1:chrome/updater/crash_client.cc:108] Found 0 completed crash reports
[15355:1193537:1001/000414.759991:VERBOSE1:chrome/updater/crash_client.cc:132] Found 0 pending crash reports
[15355:1193537:1001/000414.760072:ERROR:third_party/crashpad/crashpad/util/file/file_io_posix.cc:145] open /Users/matt/Library/Application Support/Google/RLZ/Crashpad/settings.dat: No such file or directory (2)
[15355:1193537:1001/000414.760084:ERROR:third_party/crashpad/crashpad/util/file/file_io_posix.cc:145] open /Users/matt/Library/Application Support/Google/consentOptions/Crashpad/settings.dat: No such file or directory (2)
[15355:1193537:1001/000414.760112:ERROR:third_party/crashpad/crashpad/util/file/file_io_posix.cc:145] open /Users/matt/Library/Application Support/Google/AndroidStudio2025.2.2/Crashpad/settings.dat: No such file or directory (2)
[15355:1193537:1001/000414.760146:ERROR:third_party/crashpad/crashpad/util/file/file_io_posix.cc:145] open /Users/matt/Library/Application Support/Google/ChromeForTesting/Crashpad/settings.dat: No such file or directory (2)
[15355:1193537:1001/000414.760154:ERROR:third_party/crashpad/crashpad/util/file/file_io_posix.cc:145] open /Users/matt/Library/Application Support/Google/Chrome-headless/Crashpad/settings.dat: No such file or directory (2)
[15355:1193537:1001/000414.760163:VERBOSE1:chrome/updater/updater.cc:105] Crash reporting initialized.
[15355:1193537:1001/000414.760302:VERBOSE1:chrome/updater/ipc/update_service_internal_proxy_mojo.cc:61] Run
[15299:1192887:1001/000425.195006:ERROR:google_apis/gcm/engine/registration_request.cc:291] Registration response error message: DEPRECATED_ENDPOINT
[15355:1193537:1001/000431.757807:VERBOSE1:chrome/updater/app/app.cc:52] Shutdown: 0
[15355:1193537:1001/000431.760316:VERBOSE2:chrome/updater/event_history.cc:266] Emitted a UPDATER_PROCESS END event to the history log
[15355:1193537:1001/000431.760353:VERBOSE1:chrome/updater/updater.cc:409] UpdaterMain (--wake) returned 0.
[15352:1193533:1001/000431.807049:VERBOSE1:chrome/updater/app/app_wakeall.cc:68] `/Users/matt/Library/Application Support/Google/GoogleUpdater/156.0.8067.0/GoogleUpdater.app/Contents/MacOS/GoogleUpdater --wake` exited 0
[15352:1193533:1001/000431.807158:VERBOSE1:chrome/updater/app/app_wakeall.cc:58] Launching `/Users/matt/Library/Application Support/Google/GoogleUpdater/149.0.7814.0/GoogleUpdater.app/Contents/MacOS/GoogleUpdater --wake`
[15352:1193533:1001/000431.807612:VERBOSE1:chrome/updater/app/app_wakeall.cc:64] `/Users/matt/Library/Application Support/Google/GoogleUpdater/149.0.7814.0/GoogleUpdater.app/Contents/MacOS/GoogleUpdater --wake` process invalid: Operation timed out (60)
[15352:1193533:1001/000431.807647:VERBOSE1:chrome/updater/app/app_wakeall.cc:58] Launching `/Users/matt/Library/Application Support/Google/GoogleUpdater/148.0.7730.0/GoogleUpdater.app/Contents/MacOS/GoogleUpdater --wake`
[15352:1193533:1001/000431.808050:VERBOSE1:chrome/updater/app/app_wakeall.cc:64] `/Users/matt/Library/Application Support/Google/GoogleUpdater/148.0.7730.0/GoogleUpdater.app/Contents/MacOS/GoogleUpdater --wake` process invalid: Operation timed out (60)
[15352:1193521:1001/000431.808122:VERBOSE1:chrome/updater/app/app.cc:52] Shutdown: 0
[15352:1193521:1001/000431.808472:VERBOSE2:chrome/updater/event_history.cc:266] Emitted a UPDATER_PROCESS END event to the history log
[15352:1193521:1001/000431.808490:VERBOSE1:chrome/updater/updater.cc:409] UpdaterMain (--wake-all) returned 0.
[15357:1193541:1001/000441.764488:VERBOSE2:chrome/updater/event_history.cc:266] Emitted a UPDATER_PROCESS END event to the history log
[15357:1193541:1001/000441.764528:VERBOSE1:chrome/updater/updater.cc:409] UpdaterMain (--crash-handler) returned 0.
[15354:1193525:1001/000441.765492:VERBOSE2:chrome/updater/event_history.cc:266] Emitted a UPDATER_PROCESS END event to the history log
[15354:1193525:1001/000441.765520:VERBOSE1:chrome/updater/updater.cc:409] UpdaterMain (--crash-handler) returned 0.
[15299:1192887:1001/000524.357131:ERROR:google_apis/gcm/engine/registration_request.cc:291] Registration response error message: DEPRECATED_ENDPOINT
[15299:1192887:1001/000648.729448:ERROR:google_apis/gcm/engine/registration_request.cc:291] Registration response error message: DEPRECATED_ENDPOINT
Trying to load the allocator multiple times. This is *not* supported.
WARNING: All log messages before absl::InitializeLog() is called are written to STDERR
I0000 00:00:1790784415.766740 1197487 environment.cc:526] Selected adapter: Apple M1, arch=metal-3, vendor=apple, backend=Metal, adapterType=Integrated GPU
I0000 00:00:1790784415.771565 1197495 environment.cc:526] Selected adapter: Apple M1, arch=metal-3, vendor=apple, backend=Metal, adapterType=Integrated GPU
[15299:1192887:1001/001032.671196:ERROR:google_apis/gcm/engine/registration_request.cc:291] Registration response error message: DEPRECATED_ENDPOINT
