✔ S17 單擊只選取；雙擊預填同一 dialog，canonical／DOM／geometry 不變 (47.435917ms)
✔ S17 兩次 click 沿既有 selection 改選後，雙擊編輯新目標 (30.25775ms)
✔ S17 選取舊文字時拒絕非目標：另一文字 (12.358709ms)
✔ S17 選取舊文字時拒絕非目標：另一頁 (9.989917ms)
✔ S17 選取舊文字時拒絕非目標：image (13.171ms)
✔ S17 選取舊文字時拒絕非目標：quote (12.413208ms)
✔ S17 選取舊文字時拒絕非目標：空白 (13.239542ms)
✔ S17 選取舊文字時拒絕非目標：chrome (9.714292ms)
✔ S17 選取舊文字時拒絕非目標：detached clone (11.944625ms)
✔ S17 選取舊文字時拒絕非目標：偽造節點 (9.498875ms)
✔ S17 拒絕修飾／非主要按鍵／已處理事件 {"shiftKey":true} (14.477625ms)
✔ S17 拒絕修飾／非主要按鍵／已處理事件 {"ctrlKey":true} (11.884459ms)
✔ S17 拒絕修飾／非主要按鍵／已處理事件 {"altKey":true} (11.931083ms)
✔ S17 拒絕修飾／非主要按鍵／已處理事件 {"metaKey":true} (9.620666ms)
✔ S17 拒絕修飾／非主要按鍵／已處理事件 {"isComposing":true} (12.187834ms)
✔ S17 拒絕修飾／非主要按鍵／已處理事件 {"defaultPrevented":true} (11.860417ms)
✔ S17 拒絕修飾／非主要按鍵／已處理事件 {"button":1} (9.9565ms)
✔ S17 拒絕修飾／非主要按鍵／已處理事件 {"button":2} (12.104333ms)
✔ S17 play 不開 component dialog (3.776458ms)
✔ S17 edit 不開 component dialog (13.422125ms)
✔ S17 空選 不開 component dialog (12.351584ms)
✔ S17 多選 不開 component dialog (16.083041ms)
✔ S17 拒絕不再唯一或不合 canonical 的 target：duplicate-node (15.266541ms)
✔ S17 拒絕不再唯一或不合 canonical 的 target：duplicate-root (16.876709ms)
✔ S17 拒絕不再唯一或不合 canonical 的 target：detached (15.516917ms)
✔ S17 拒絕不再唯一或不合 canonical 的 target：identity (9.302ms)
✔ S17 拒絕不再唯一或不合 canonical 的 target：kind (11.234ms)
✔ S17 拒絕不再唯一或不合 canonical 的 target：text (12.516459ms)
✔ S17 拒絕不再唯一或不合 canonical 的 target：child (9.547125ms)
✔ S17 拒絕不再唯一或不合 canonical 的 target：chrome-owner (10.976833ms)
✔ S17 拒絕不再唯一或不合 canonical 的 target：canonical-type (11.166458ms)
✔ S17 拒絕不再唯一或不合 canonical 的 target：canonical-duplicate (9.128291ms)
✔ S17 保留 S1 role-title 雙擊 direct editing (14.895042ms)
✔ S17 保留 S1 role-subtitle 雙擊 direct editing (14.435125ms)
✔ S17 重複 dblclick 不另開 dialog、不覆蓋 draft；insert pending 互斥 (15.041416ms)
✔ S17 synthetic IME 阻擋 save／Escape／重入，compositionend 才能存 (15.453375ms)
✔ S17 image picker 與 component dialog 雙向互斥 (19.29025ms)
✔ S17 async image busy 期間拒絕，settle 後可雙擊 (26.441583ms)
✔ S17 showModal throw 回收 draft，下一次雙擊可重試 (13.545708ms)
✔ S17 snap=false gesture=false 雙擊取消 preview，save 僅一次 edit-text (16.833458ms)
✔ S17 snap=false gesture=true 雙擊取消 preview，save 僅一次 edit-text (16.455333ms)
✔ S17 snap=true gesture=false 雙擊取消 preview，save 僅一次 edit-text (24.775084ms)
✔ S17 snap=true gesture=true 雙擊取消 preview，save 僅一次 edit-text (22.625958ms)
✔ S17 save reentry 不重開 dialog 或二次提交 (18.531875ms)
✔ S17 same-value no-op 保留 selection／revision／DOM (16.0385ms)
✔ S17 invalid draft 保留並可修正：空字串 (19.020125ms)
✔ S17 invalid draft 保留並可修正：501 codepoints (20.117459ms)
✔ S17 cancel button 不提交，清 draft 並沿用 S16 focus (12.905125ms)
✔ S17 cancel Escape 不提交，清 draft 並沿用 S16 focus (13.436583ms)
✔ S17 cancel native 不提交，清 draft 並沿用 S16 focus (13.512375ms)
✔ S17 外部 text 更新使舊 draft 失效 (15.636458ms)
✔ S17 export draft 不提交；offline spec remount 可雙擊再編輯 (56.774125ms)
✔ S17 同 document 重複 bootstrap 不建立第二個 listener／editor，仍可雙擊 (16.06525ms)
ℹ tests 53
ℹ suites 0
ℹ pass 53
ℹ fail 0
ℹ cancelled 0
ℹ skipped 0
ℹ todo 0
ℹ duration_ms 980.090417
