✔ export cleanup 只移除 bounded editor chrome roots (0.999375ms)
✔ editor chrome contract 誤標 presentation truth 時 fail loud (0.376917ms)
✔ editor chrome 可位於 presentation 容器內，但不得自己承載 presentation truth (0.343542ms)
✔ export clone root 自己被標成 editor chrome 時也不可漏出 (0.296458ms)
✔ 正式 browser exporter 共用同一 cleanup seam (1.585791ms)
✔ legacy keyPoints deterministic backfill，合法 explicit IDs 原樣保留 (6.21025ms)
✔ caller-supplied invalid identity 在 sanitizer 前 fail loud (0.671333ms)
✔ renderer 對 directly operable roots 輸出 slide-local unique element identity (4.867542ms)
✔ edit-text descriptor 完整宣告 bounded metadata (0.191125ms)
✔ executeOperation 只依 stable target pair 編輯文字並 fail loud (1.170125ms)
✔ legacy non-pattern 與 201+ 字元 slideId 仍可走 Node/browser operation path (1.773959ms)
✔ 對抗性 long component／keyPoint IDs 仍解析為 bounded unique identity 並可 round-trip (3.744125ms)
✔ descriptor metadata 深層 immutable，mutation 不可擴張 enforcement allowlist (2.647708ms)
✔ legacy component ID 與 role／point canonical IDs 可同名但 element identity 不碰撞 (1.203167ms)
✔ legacy adapters、duplicate 與 export/reopen 共用 canonical identity (5.024791ms)
✔ Node absolute move/resize 僅改 canonical override，content edit 保留 (5.283917ms)
✔ Node invalid 全部 fail loud 且 state 原子性 (5.67775ms)
✔ Node descriptors 深度 immutable 且 allowlist 無法擴權 (0.908541ms)
✔ browser API VM absolute move/resize 僅改 canonical override，content edit 保留 (7.098417ms)
✔ browser API VM invalid 全部 fail loud 且 state 原子性 (16.217917ms)
✔ browser API VM descriptors 深度 immutable 且 allowlist 無法擴權 (1.509042ms)
✔ legacy sanitizer/render/export/recipient 不引入 optional 欄位 (3.373083ms)
✔ canonical geometry renderer/recipient round-trip 與 viewport 無關 (1.760417ms)
✔ sanitizer 拒絕非法 geometry，cleanup orphan，duplicate/delete 不共享 (1.8655ms)
✔ Node 合法 constructor ID 與非 slot component 走 own-property override (3.027333ms)
✔ Node safe-area 精確邊界／integer 非 grid 值不 clamp (0.850583ms)
✔ browser API VM 合法 constructor ID 與非 slot component 走 own-property override (4.430291ms)
✔ browser API VM safe-area 精確邊界／integer 非 grid 值不 clamp (3.21325ms)
✔ legacy component patch 保留 geometry；sanitizer 移除失效 component override (0.984167ms)
✔ geometry QA managed attach 只建／關 owned target，navigation 失敗仍清理且不 spawn (146.764792ms)
✔ S3 focused browser script 缺 managed port 明確拒絕，不 fallback spawn (88.168375ms)
✔ legacy title/body fixture 可遷移為 versioned DeckSpec (2.827083ms)
✔ export sanitizer 只保留 allowlist 並拒絕私有 citation (0.586375ms)
✔ 換排版只變更 CompositionSpec，content hash 保持一致 (0.555625ms)
✔ 另一個 runtime 可只從單一 HTML 取回 sanitized DeckSpec (0.55675ms)
✔ 超過 15 頁、重複 ID 或 keyPoints 不足均 fail-loud (0.404709ms)
✔ reviewed primitive registry 提供多種內容形狀，而非單一固定版型 (1.108958ms)
✔ 完整 renderer 以同一 StyleSpec 輸出多版型單檔 HTML (7.315084ms)
✔ renderer 暴露精確 edit targets，並跳脫任意 HTML (1.551708ms)
✔ 未知 primitive 與不存在的 component reference 會 fail-loud (0.734458ms)
✔ alternate composition 只換 CompositionSpec，不改內容 hash (1.123167ms)
✔ motion 僅由 StyleSpec 注入，並尊重 reduced-motion (0.929416ms)
ℹ tests 42
ℹ suites 0
ℹ pass 42
ℹ fail 0
ℹ cancelled 0
ℹ skipped 0
ℹ todo 0
ℹ duration_ms 370.049834
