✔ export cleanup 只移除 bounded editor chrome roots (1.001667ms)
✔ editor chrome contract 誤標 presentation truth 時 fail loud (0.38375ms)
✔ editor chrome 可位於 presentation 容器內，但不得自己承載 presentation truth (0.081625ms)
✔ export clone root 自己被標成 editor chrome 時也不可漏出 (0.091666ms)
✔ 正式 browser exporter 共用同一 cleanup seam (0.663625ms)
✔ legacy keyPoints deterministic backfill，合法 explicit IDs 原樣保留 (6.459417ms)
✔ caller-supplied invalid identity 在 sanitizer 前 fail loud (1.551709ms)
✔ renderer 對 directly operable roots 輸出 slide-local unique element identity (6.789959ms)
✔ edit-text descriptor 完整宣告 bounded metadata (0.188041ms)
✔ executeOperation 只依 stable target pair 編輯文字並 fail loud (1.125833ms)
✔ legacy non-pattern 與 201+ 字元 slideId 仍可走 Node/browser operation path (4.278042ms)
✔ 對抗性 long component／keyPoint IDs 仍解析為 bounded unique identity 並可 round-trip (12.668041ms)
✔ descriptor metadata 深層 immutable，mutation 不可擴張 enforcement allowlist (10.460709ms)
✔ legacy component ID 與 role／point canonical IDs 可同名但 element identity 不碰撞 (16.654208ms)
✔ legacy adapters、duplicate 與 export/reopen 共用 canonical identity (11.943791ms)
✔ Node absolute move/resize 僅改 canonical override，content edit 保留 (5.004334ms)
✔ Node invalid 全部 fail loud 且 state 原子性 (11.422875ms)
✔ Node descriptors 深度 immutable 且 allowlist 無法擴權 (0.961333ms)
✔ browser API VM absolute move/resize 僅改 canonical override，content edit 保留 (8.638833ms)
✔ browser API VM invalid 全部 fail loud 且 state 原子性 (32.460667ms)
✔ browser API VM descriptors 深度 immutable 且 allowlist 無法擴權 (3.980375ms)
✔ legacy sanitizer/render/export/recipient 不引入 optional 欄位 (6.131959ms)
✔ canonical geometry renderer/recipient round-trip 與 viewport 無關 (7.761041ms)
✔ sanitizer 拒絕非法 geometry，cleanup orphan，duplicate/delete 不共享 (6.324375ms)
✔ Node 合法 constructor ID 與非 slot component 走 own-property override (9.629375ms)
✔ Node safe-area 精確邊界／integer 非 grid 值不 clamp (2.123667ms)
✔ browser API VM 合法 constructor ID 與非 slot component 走 own-property override (19.745084ms)
✔ browser API VM safe-area 精確邊界／integer 非 grid 值不 clamp (4.669917ms)
✔ legacy component patch 保留 geometry；sanitizer 移除失效 component override (1.477709ms)
✔ geometry QA managed attach 只建／關 owned target，navigation 失敗仍清理且不 spawn (196.075041ms)
✔ S3 focused browser script 缺 managed port 明確拒絕，不 fallback spawn (87.147084ms)
✔ mode/select 不寫 spec；legacy 明示初始化只呼叫一次既有 operation (4.632834ms)
✔ scale 0.8 drag/SE resize preview ephemeral，release 至多一次 (3.593959ms)
✔ scale 1 drag/SE resize preview ephemeral，release 至多一次 (1.778583ms)
✔ no-op/cancel/mode/stale/target replacement 不提交；invalid 原子拒絕 (4.860708ms)
✔ SE resize 小於 minimum 原子拒絕；非 component / play 不啟動 (0.645292ms)
✔ stale target 刪除不提交；切選取取消 preview (1.317459ms)
✔ export 只移除 control 對應 style，canonical component 不作 chrome root (0.340792ms)
✔ S4 managed attach 只建／關 owned target，navigation 失敗仍清理且不 spawn (180.7035ms)
✔ S4 focused browser script 缺 managed port 明確拒絕，不 fallback spawn (88.894125ms)
✔ 正式 Moveable bundle/hash/metafile/license 與禁用 input 邊界 (35.274625ms)
✔ portable 內嵌 vendor/license，無 CDN；generated editor script 可解析 (10.738708ms)
✔ legacy title/body fixture 可遷移為 versioned DeckSpec (3.87825ms)
✔ export sanitizer 只保留 allowlist 並拒絕私有 citation (0.605458ms)
✔ 換排版只變更 CompositionSpec，content hash 保持一致 (0.552125ms)
✔ 另一個 runtime 可只從單一 HTML 取回 sanitized DeckSpec (0.5545ms)
✔ 超過 15 頁、重複 ID 或 keyPoints 不足均 fail-loud (0.541666ms)
✔ reviewed primitive registry 提供多種內容形狀，而非單一固定版型 (1.103375ms)
✔ 完整 renderer 以同一 StyleSpec 輸出多版型單檔 HTML (9.106667ms)
✔ renderer 暴露精確 edit targets，並跳脫任意 HTML (3.488583ms)
✔ 未知 primitive 與不存在的 component reference 會 fail-loud (0.824625ms)
✔ alternate composition 只換 CompositionSpec，不改內容 hash (4.298542ms)
✔ motion 僅由 StyleSpec 注入，並尊重 reduced-motion (2.999292ms)
ℹ tests 53
ℹ suites 0
ℹ pass 53
ℹ fail 0
ℹ cancelled 0
ℹ skipped 0
ℹ todo 0
ℹ duration_ms 443.661125
