Progress: resolved 1, reused 0, downloaded 0, added 0

   ╭─────────────────────────────────────────╮
   │                                         │
   │   Update available! 10.28.2 → 12.5.1.   │
   │   Changelog: https://pnpm.io/v/12.5.1   │
   │    To update, run: pnpm self-update     │
   │                                         │
   ╰─────────────────────────────────────────╯

Progress: resolved 35, reused 10, downloaded 0, added 0
Progress: resolved 50, reused 25, downloaded 0, added 0
Progress: resolved 54, reused 29, downloaded 0, added 0
Packages: +30
++++++++++++++++++++++++++++++
Progress: resolved 55, reused 30, downloaded 0, added 30, done

dependencies:
+ moveable 0.53.0
+ number-flow 0.6.2
+ three 0.134.0
+ vanta 0.5.24

devDependencies:
+ esbuild 0.28.2 already in devDependencies, was not moved to dependencies.

Done in 3.9s using pnpm v10.28.2
