package.json: OK
pnpm-lock.yaml: OK
runtime/component-interaction.js: OK
runtime/moveable-vendor.js: OK
runtime/deck-editor.js: OK
runtime/full-deck-renderer.js: OK
runtime/vendor/moveable-0.53.0.iife.js: OK
runtime/vendor/moveable-LICENSE.md: OK
runtime/vendor/moveable-metafile.json: OK
runtime/vendor/moveable-vendor.json: OK
runtime/vendor/moveable-licenses/css-styled-LICENSE: OK
tools/build-moveable-vendor.mjs: OK
tools/edx-wp1-s4-browser-acceptance.mjs: OK
tests/edx-wp1-s4-interaction.test.mjs: OK
tests/edx-wp1-s4-vendor.test.mjs: OK
tests/edx-wp1-s4-managed-browser-attach.test.mjs: OK
runtime/component-geometry.js: OK
runtime/deck-spec.js: OK
tools/browser-geometry-qa.mjs: OK
tools/build-distribution.mjs: OK
tools/distribution-host-probe.mjs: OK
