✔ legacy keyPoints deterministic backfill，合法 explicit IDs 原樣保留 (15.152625ms)
✔ caller-supplied invalid identity 在 sanitizer 前 fail loud (1.48825ms)
✔ renderer 對 directly operable roots 輸出 slide-local unique element identity (19.105208ms)
✔ edit-text descriptor 完整宣告 bounded metadata (0.233166ms)
✔ executeOperation 只依 stable target pair 編輯文字並 fail loud (1.852458ms)
✔ legacy non-pattern 與 201+ 字元 slideId 仍可走 Node/browser operation path (8.963791ms)
✔ 對抗性 long component／keyPoint IDs 仍解析為 bounded unique identity 並可 round-trip (11.388ms)
✔ descriptor metadata 深層 immutable，mutation 不可擴張 enforcement allowlist (8.347916ms)
✔ legacy component ID 與 role／point canonical IDs 可同名但 element identity 不碰撞 (8.648208ms)
✔ legacy adapters、duplicate 與 export/reopen 共用 canonical identity (12.497125ms)
✔ WP2-S1 text mode 只開放 title/subtitle/keyPoint，component 不取得 direct-edit authority (52.044416ms)
✔ WP2-S1 blur / 完成編輯以 edit-text commit，preserve 其他 canonical scopes (10.160625ms)
✔ WP2-S1 IME composition 期間 export fail loud，compositionend 才提交完整文字 (16.136375ms)
✔ WP2-S1 IME 未完成時切到 layout 只取消 partial DOM，不提交 canonical (9.952042ms)
✔ WP2-S1 Escape 還原未提交 DOM，雙擊合法文字直接進 edit mode (5.213291ms)
✔ WP2-S1 export/reopen 使用 canonical committed text 且不輸出 contenteditable (5.879583ms)
✔ S13 Node 精確 text、跨頁同 ID、Unicode code points 1–500 與完整 preservation (24.818792ms)
✔ S13 Node exact fields／getter0／hidden／symbol／prototype／混搭／長度／geometry 拒絕無副作用 (13.36675ms)
✔ S13 Node null prototype／frozen 輸入不修改，duplicate 不覆蓋 (0.890125ms)
✔ S13 Node long-ID identity collision 拒絕且舊 identity 不變 (0.692375ms)
✔ S13 Node escape／geometry／export reopen／再插入，既有內容完整保留 (50.805791ms)
✔ S13 mounted 精確 text、跨頁同 ID、Unicode code points 1–500 與完整 preservation (13.115292ms)
✔ S13 mounted exact fields／getter0／hidden／symbol／prototype／混搭／長度／geometry 拒絕無副作用 (47.92275ms)
✔ S13 mounted null prototype／frozen 輸入不修改，duplicate 不覆蓋 (8.89925ms)
✔ S13 mounted long-ID identity collision 拒絕且舊 identity 不變 (3.419125ms)
✔ S13 mounted escape／geometry／export reopen／再插入，既有內容完整保留 (45.014333ms)
✔ S13 mounted play 插入明設不可 editable，切模式不取得 direct-text authority (13.382917ms)
✔ S13 mounted edit 插入明設不可 editable，切模式不取得 direct-text authority (10.303958ms)
✔ S13 mounted layout 插入明設不可 editable，切模式不取得 direct-text authority (14.388042ms)
✔ S13 mounted missing atomic canonical／DOM／revision／selection rollback (11.519417ms)
✔ S13 mounted duplicate-root atomic canonical／DOM／revision／selection rollback (10.746834ms)
✔ S13 mounted append-before atomic canonical／DOM／revision／selection rollback (7.629125ms)
✔ S13 mounted append-after atomic canonical／DOM／revision／selection rollback (7.210083ms)
✔ S13 mounted detached-project atomic canonical／DOM／revision／selection rollback (6.800042ms)
✔ S13 mounted snap=false 跨頁插入取消 drag preview／clear selection／舊 nodes preserved (9.291125ms)
✔ S13 mounted snap=false 跨頁插入取消 resize preview／clear selection／舊 nodes preserved (8.799458ms)
✔ S13 mounted snap=true 跨頁插入取消 drag preview／clear selection／舊 nodes preserved (8.756958ms)
✔ S13 mounted snap=true 跨頁插入取消 resize preview／clear selection／舊 nodes preserved (9.06875ms)
✔ S14 Node existing／new／cross-slide text 精確保留與 shared codepoint policy (41.958625ms)
✔ S14 Node exact data descriptors／getter0／hidden／symbol／prototype 拒絕 (1.156042ms)
✔ S14 Node null-proto／crossrealm 接受且 role subtitle 空字串沿舊政策 (1.581958ms)
✔ S14 Node 無 geometry／非文字 type guard／reorder long IDs (2.240708ms)
✔ S14 Node descriptor 僅 text component authority (3.990083ms)
✔ S14 mounted existing／new／cross-slide text 精確保留與 shared codepoint policy (43.894459ms)
✔ S14 mounted exact data descriptors／getter0／hidden／symbol／prototype 拒絕 (5.281542ms)
✔ S14 mounted null-proto／crossrealm 接受且 role subtitle 空字串沿舊政策 (5.942917ms)
✔ S14 mounted 無 geometry／非文字 type guard／reorder long IDs (4.670459ms)
✔ S14 mounted descriptor 僅 text component authority (5.667291ms)
✔ S14 mounted snap=false drag invalid/noop 保留 preview；成功取消一次 revision (14.600542ms)
✔ S14 mounted snap=false resize invalid/noop 保留 preview；成功取消一次 revision (9.397167ms)
✔ S14 mounted snap=true drag invalid/noop 保留 preview；成功取消一次 revision (10.163875ms)
✔ S14 mounted snap=true resize invalid/noop 保留 preview；成功取消一次 revision (14.265334ms)
✔ S14 mounted missing failure canonical／DOM／root／revision／gesture rollback (12.286333ms)
✔ S14 mounted duplicate-root failure canonical／DOM／root／revision／gesture rollback (8.162541ms)
✔ S14 mounted duplicate-slide failure canonical／DOM／root／revision／gesture rollback (7.300042ms)
✔ S14 mounted duplicate-target failure canonical／DOM／root／revision／gesture rollback (12.491875ms)
✔ S14 mounted detached failure canonical／DOM／root／revision／gesture rollback (7.210125ms)
✔ S14 mounted mismatch-text failure canonical／DOM／root／revision／gesture rollback (7.783916ms)
✔ S14 mounted mismatch-target failure canonical／DOM／root／revision／gesture rollback (12.400084ms)
✔ S14 mounted nested-element failure canonical／DOM／root／revision／gesture rollback (11.712042ms)
✔ S14 mounted setter-before failure canonical／DOM／root／revision／gesture rollback (18.364917ms)
✔ S14 mounted setter-after failure canonical／DOM／root／revision／gesture rollback (13.450708ms)
✔ S14 mounted clean failure canonical／DOM／root／revision／gesture rollback (9.862917ms)
✔ S14 mounted IME guard／未提交 role DOM 保留／component 不 directeditable／export reopen (8.72625ms)
✔ S8 Node 尾端插入、預設及明示 fit、跨頁同 ID、完整 preservation (20.799042ms)
✔ S8 Node exact schema／政策／geometry 拒絕且 getter calls=0 (37.342458ms)
✔ S8 Node null prototype own records 可用且輸入不受修改 (0.722ms)
✔ S8 Node long-ID collision 不改名；可穩定追加另一 collision (1.156209ms)
✔ S8 Node 新 identity 可 fit／replace／move／resize，renderer export/reopen 唯一 root (61.567375ms)
✔ S8 mounted 尾端插入、預設及明示 fit、跨頁同 ID、完整 preservation (11.886791ms)
✔ S8 mounted exact schema／政策／geometry 拒絕且 getter calls=0 (40.192042ms)
✔ S8 mounted null prototype own records 可用且輸入不受修改 (5.621ms)
✔ S8 mounted long-ID collision 不改名；可穩定追加另一 collision (11.976833ms)
✔ S8 mounted 新 identity 可 fit／replace／move／resize，renderer export/reopen 唯一 root (27.625834ms)
✔ S8 mounted missing 零 canonical／DOM／revision／selection 副作用 (9.371375ms)
✔ S8 mounted duplicate-root 零 canonical／DOM／revision／selection 副作用 (7.85925ms)
✔ S8 mounted append-before 零 canonical／DOM／revision／selection 副作用 (11.34975ms)
✔ S8 mounted append-after 零 canonical／DOM／revision／selection 副作用 (14.04625ms)
✔ S8 mounted detached-project 零 canonical／DOM／revision／selection 副作用 (7.976333ms)
✔ S8 mounted snap=false 成功取消 drag preview／clear selection，保持舊 nodes／mode／currentId (13.201625ms)
✔ S8 mounted snap=false 成功取消 resize preview／clear selection，保持舊 nodes／mode／currentId (9.849167ms)
✔ S8 mounted snap=true 成功取消 drag preview／clear selection，保持舊 nodes／mode／currentId (13.529625ms)
✔ S8 mounted snap=true 成功取消 resize preview／clear selection，保持舊 nodes／mode／currentId (12.554834ms)
✔ S8 descriptor 精確 image＋text oneOf slide target、無 history 宣稱 (2.617542ms)
✔ S9 public insertImageFile 新增圖片並保留 optimizer result identity (44.68225ms)
✔ S9 default 全 spec preservation／唯一 DOM (8.732584ms)
✔ S9 contain 全 spec preservation／唯一 DOM (5.911083ms)
✔ S9 cover 全 spec preservation／唯一 DOM (7.359125ms)
✔ S9 cross-slide 全 spec preservation／唯一 DOM (4.805584ms)
✔ S9 null-proto 全 spec preservation／唯一 DOM (7.515167ms)
✔ S9 frozen 全 spec preservation／唯一 DOM (7.593125ms)
✔ S9 non-enumerable 全 spec preservation／唯一 DOM (6.49375ms)
✔ S9 invalid own-data／geometry／target：getter0 optimizer0，既有 gesture 不取消 (35.516167ms)
✔ S9 falsy file 不讀 options／不呼叫 optimizer；missing optimizer 明確失敗 (5.443167ms)
✔ S9 snapshot＋await 切頁／mode／export clone，保留等待中 content／geometry (13.796792ms)
✔ S9 pending reject 零提交 (11.539375ms)
✔ S9 pending null 零提交 (8.413334ms)
✔ S9 pending missing-warnings 零提交 (9.3735ms)
✔ S9 pending warnings-string 零提交 (9.218ms)
✔ S9 pending warnings-item 零提交 (8.243625ms)
✔ S9 pending missing-optimized 零提交 (15.304833ms)
✔ S9 pending optimized-string 零提交 (10.165542ms)
✔ S9 pending no-data 零提交 (8.156833ms)
✔ S9 pending unsafe 零提交 (13.866166ms)
✔ S9 pending svg 零提交 (9.12325ms)
✔ S9 pending missing-target 零提交 (8.453666ms)
✔ S9 pending identity-collision 零提交 (12.296167ms)
✔ S9 pending missing-dom 零提交 (8.369834ms)
✔ S9 pending duplicate-dom 零提交 (8.130125ms)
✔ S9 pending prepare-throw 零提交 (7.831666ms)
✔ S9 pending append-before 零提交 (7.921417ms)
✔ S9 pending append-after 零提交 (7.923208ms)
✔ S9 preflight identity collision 在 optimizer 前拒絕 (3.014708ms)
✔ S9 pending 競爭 same-id：完成次序決定，不覆蓋 (4.379541ms)
✔ S9 pending 競爭 different-id：完成次序決定，不覆蓋 (6.25625ms)
✔ S9 pending 競爭 cross-slide：完成次序決定，不覆蓋 (5.387958ms)
✔ S9 drag pending 保留／成功才 cancel clear revision 一次 (9.076083ms)
✔ S9 resize pending 保留／成功才 cancel clear revision 一次 (8.639375ms)
✔ S9 export／reparse／remount 恰一 root，新圖可選取與 fit (13.042917ms)
ℹ tests 119
ℹ suites 0
ℹ pass 119
ℹ fail 0
ℹ cancelled 0
ℹ skipped 0
ℹ todo 0
ℹ duration_ms 645.192667
