✔ legacy keyPoints deterministic backfill，合法 explicit IDs 原樣保留 (3.985167ms)
✔ caller-supplied invalid identity 在 sanitizer 前 fail loud (1.5615ms)
✔ renderer 對 directly operable roots 輸出 slide-local unique element identity (31.326209ms)
✔ edit-text descriptor 完整宣告 bounded metadata (0.29025ms)
✔ executeOperation 只依 stable target pair 編輯文字並 fail loud (5.907958ms)
✔ legacy non-pattern 與 201+ 字元 slideId 仍可走 Node/browser operation path (12.185083ms)
✔ 對抗性 long component／keyPoint IDs 仍解析為 bounded unique identity 並可 round-trip (8.523834ms)
✔ descriptor metadata 深層 immutable，mutation 不可擴張 enforcement allowlist (6.053833ms)
✔ legacy component ID 與 role／point canonical IDs 可同名但 element identity 不碰撞 (8.715375ms)
✔ legacy adapters、duplicate 與 export/reopen 共用 canonical identity (7.222375ms)
✔ WP2-S1 text mode 只開放 title/subtitle/keyPoint，component 不取得 direct-edit authority (26.8555ms)
✔ WP2-S1 blur / 完成編輯以 edit-text commit，preserve 其他 canonical scopes (15.413041ms)
✔ WP2-S1 IME composition 期間 export fail loud，compositionend 才提交完整文字 (16.44425ms)
✔ WP2-S1 IME 未完成時切到 layout 只取消 partial DOM，不提交 canonical (10.087125ms)
✔ WP2-S1 Escape 還原未提交 DOM，雙擊合法文字直接進 edit mode (5.837292ms)
✔ WP2-S1 export/reopen 使用 canonical committed text 且不輸出 contenteditable (9.146042ms)
✔ S13 Node 精確 text、跨頁同 ID、Unicode code points 1–500 與完整 preservation (13.808375ms)
✔ S13 Node exact fields／getter0／hidden／symbol／prototype／混搭／長度／geometry 拒絕無副作用 (18.229125ms)
✔ S13 Node null prototype／frozen 輸入不修改，duplicate 不覆蓋 (2.197541ms)
✔ S13 Node long-ID identity collision 拒絕且舊 identity 不變 (4.691292ms)
✔ S13 Node escape／geometry／export reopen／再插入，既有內容完整保留 (80.5395ms)
✔ S13 mounted 精確 text、跨頁同 ID、Unicode code points 1–500 與完整 preservation (14.514625ms)
✔ S13 mounted exact fields／getter0／hidden／symbol／prototype／混搭／長度／geometry 拒絕無副作用 (47.216292ms)
✔ S13 mounted null prototype／frozen 輸入不修改，duplicate 不覆蓋 (8.703708ms)
✔ S13 mounted long-ID identity collision 拒絕且舊 identity 不變 (5.836208ms)
✔ S13 mounted escape／geometry／export reopen／再插入，既有內容完整保留 (43.943375ms)
✔ S13 mounted play 插入明設不可 editable，切模式不取得 direct-text authority (8.49225ms)
✔ S13 mounted edit 插入明設不可 editable，切模式不取得 direct-text authority (10.165209ms)
✔ S13 mounted layout 插入明設不可 editable，切模式不取得 direct-text authority (8.963166ms)
✔ S13 mounted missing atomic canonical／DOM／revision／selection rollback (16.608541ms)
✔ S13 mounted duplicate-root atomic canonical／DOM／revision／selection rollback (15.184334ms)
✔ S13 mounted append-before atomic canonical／DOM／revision／selection rollback (11.659458ms)
✔ S13 mounted append-after atomic canonical／DOM／revision／selection rollback (14.258208ms)
✔ S13 mounted detached-project atomic canonical／DOM／revision／selection rollback (14.730541ms)
✔ S13 mounted snap=false 跨頁插入取消 drag preview／clear selection／舊 nodes preserved (15.289292ms)
✔ S13 mounted snap=false 跨頁插入取消 resize preview／clear selection／舊 nodes preserved (11.041458ms)
✔ S13 mounted snap=true 跨頁插入取消 drag preview／clear selection／舊 nodes preserved (19.711041ms)
✔ S13 mounted snap=true 跨頁插入取消 resize preview／clear selection／舊 nodes preserved (10.9495ms)
✔ S14 Node existing／new／cross-slide text 精確保留與 shared codepoint policy (13.1045ms)
✔ S14 Node exact data descriptors／getter0／hidden／symbol／prototype 拒絕 (1.749167ms)
✔ S14 Node null-proto／crossrealm 接受且 role subtitle 空字串沿舊政策 (2.523417ms)
✔ S14 Node 無 geometry／非文字 type guard／reorder long IDs (1.41175ms)
✔ S14 Node descriptor 僅 text component authority (0.658208ms)
✔ S14 mounted existing／new／cross-slide text 精確保留與 shared codepoint policy (38.673834ms)
✔ S14 mounted exact data descriptors／getter0／hidden／symbol／prototype 拒絕 (11.946792ms)
✔ S14 mounted null-proto／crossrealm 接受且 role subtitle 空字串沿舊政策 (6.575666ms)
✔ S14 mounted 無 geometry／非文字 type guard／reorder long IDs (6.135416ms)
✔ S14 mounted descriptor 僅 text component authority (6.652417ms)
✔ S14 mounted snap=false drag invalid/noop 保留 preview；成功取消一次 revision (24.036208ms)
✔ S14 mounted snap=false resize invalid/noop 保留 preview；成功取消一次 revision (12.245792ms)
✔ S14 mounted snap=true drag invalid/noop 保留 preview；成功取消一次 revision (20.765042ms)
✔ S14 mounted snap=true resize invalid/noop 保留 preview；成功取消一次 revision (15.022917ms)
✔ S14 mounted missing failure canonical／DOM／root／revision／gesture rollback (10.536ms)
✔ S14 mounted duplicate-root failure canonical／DOM／root／revision／gesture rollback (16.640417ms)
✔ S14 mounted duplicate-slide failure canonical／DOM／root／revision／gesture rollback (8.215208ms)
✔ S14 mounted duplicate-target failure canonical／DOM／root／revision／gesture rollback (10.65225ms)
✔ S14 mounted detached failure canonical／DOM／root／revision／gesture rollback (13.802417ms)
✔ S14 mounted mismatch-text failure canonical／DOM／root／revision／gesture rollback (10.628084ms)
✔ S14 mounted mismatch-target failure canonical／DOM／root／revision／gesture rollback (8.610458ms)
✔ S14 mounted nested-element failure canonical／DOM／root／revision／gesture rollback (8.8615ms)
✔ S14 mounted setter-before failure canonical／DOM／root／revision／gesture rollback (10.250625ms)
✔ S14 mounted setter-after failure canonical／DOM／root／revision／gesture rollback (10.642833ms)
✔ S14 mounted clean failure canonical／DOM／root／revision／gesture rollback (11.891667ms)
✔ S14 mounted IME guard／未提交 role DOM 保留／component 不 directeditable／export reopen (8.410458ms)
✔ S14 Node hash collision／同 ID 跨頁／reorder／export 後 stable pair (1.893916ms)
✔ S14 mounted hash collision／同 ID 跨頁／reorder／export 後 stable pair (10.618875ms)
✔ S14 mounted 同值不呼叫 DOM setter；成功僅修改目標純文字 (4.836875ms)
✔ S8 Node 尾端插入、預設及明示 fit、跨頁同 ID、完整 preservation (14.111666ms)
✔ S8 Node exact schema／政策／geometry 拒絕且 getter calls=0 (12.653166ms)
✔ S8 Node null prototype own records 可用且輸入不受修改 (2.91975ms)
✔ S8 Node long-ID collision 不改名；可穩定追加另一 collision (2.518416ms)
✔ S8 Node 新 identity 可 fit／replace／move／resize，renderer export/reopen 唯一 root (71.9965ms)
✔ S8 mounted 尾端插入、預設及明示 fit、跨頁同 ID、完整 preservation (24.577042ms)
✔ S8 mounted exact schema／政策／geometry 拒絕且 getter calls=0 (52.199708ms)
✔ S8 mounted null prototype own records 可用且輸入不受修改 (4.88225ms)
✔ S8 mounted long-ID collision 不改名；可穩定追加另一 collision (15.229334ms)
✔ S8 mounted 新 identity 可 fit／replace／move／resize，renderer export/reopen 唯一 root (33.603583ms)
✔ S8 mounted missing 零 canonical／DOM／revision／selection 副作用 (12.934917ms)
✔ S8 mounted duplicate-root 零 canonical／DOM／revision／selection 副作用 (9.570125ms)
✔ S8 mounted append-before 零 canonical／DOM／revision／selection 副作用 (9.779834ms)
✔ S8 mounted append-after 零 canonical／DOM／revision／selection 副作用 (17.164333ms)
✔ S8 mounted detached-project 零 canonical／DOM／revision／selection 副作用 (8.830375ms)
✔ S8 mounted snap=false 成功取消 drag preview／clear selection，保持舊 nodes／mode／currentId (13.6395ms)
✔ S8 mounted snap=false 成功取消 resize preview／clear selection，保持舊 nodes／mode／currentId (15.863667ms)
✔ S8 mounted snap=true 成功取消 drag preview／clear selection，保持舊 nodes／mode／currentId (17.085542ms)
✔ S8 mounted snap=true 成功取消 resize preview／clear selection，保持舊 nodes／mode／currentId (18.407917ms)
✔ S8 descriptor 精確 image＋text oneOf slide target、無 history 宣稱 (5.224083ms)
✔ S9 public insertImageFile 新增圖片並保留 optimizer result identity (22.77125ms)
✔ S9 default 全 spec preservation／唯一 DOM (23.740792ms)
✔ S9 contain 全 spec preservation／唯一 DOM (15.946ms)
✔ S9 cover 全 spec preservation／唯一 DOM (18.90725ms)
✔ S9 cross-slide 全 spec preservation／唯一 DOM (11.958125ms)
✔ S9 null-proto 全 spec preservation／唯一 DOM (6.833375ms)
✔ S9 frozen 全 spec preservation／唯一 DOM (9.392166ms)
✔ S9 non-enumerable 全 spec preservation／唯一 DOM (11.645459ms)
✔ S9 invalid own-data／geometry／target：getter0 optimizer0，既有 gesture 不取消 (42.891625ms)
✔ S9 falsy file 不讀 options／不呼叫 optimizer；missing optimizer 明確失敗 (7.558416ms)
✔ S9 snapshot＋await 切頁／mode／export clone，保留等待中 content／geometry (35.624333ms)
✔ S9 pending reject 零提交 (11.586792ms)
✔ S9 pending null 零提交 (10.509875ms)
✔ S9 pending missing-warnings 零提交 (9.885417ms)
✔ S9 pending warnings-string 零提交 (13.104666ms)
✔ S9 pending warnings-item 零提交 (8.434709ms)
✔ S9 pending missing-optimized 零提交 (13.927166ms)
✔ S9 pending optimized-string 零提交 (11.027417ms)
✔ S9 pending no-data 零提交 (8.58375ms)
✔ S9 pending unsafe 零提交 (11.487875ms)
✔ S9 pending svg 零提交 (16.195125ms)
✔ S9 pending missing-target 零提交 (15.11475ms)
✔ S9 pending identity-collision 零提交 (16.10625ms)
✔ S9 pending missing-dom 零提交 (13.061208ms)
✔ S9 pending duplicate-dom 零提交 (14.703834ms)
✔ S9 pending prepare-throw 零提交 (16.525375ms)
✔ S9 pending append-before 零提交 (10.120125ms)
✔ S9 pending append-after 零提交 (9.017959ms)
✔ S9 preflight identity collision 在 optimizer 前拒絕 (4.821666ms)
✔ S9 pending 競爭 same-id：完成次序決定，不覆蓋 (5.241583ms)
✔ S9 pending 競爭 different-id：完成次序決定，不覆蓋 (7.366334ms)
✔ S9 pending 競爭 cross-slide：完成次序決定，不覆蓋 (6.07ms)
✔ S9 drag pending 保留／成功才 cancel clear revision 一次 (12.8345ms)
✔ S9 resize pending 保留／成功才 cancel clear revision 一次 (11.3705ms)
✔ S9 export／reparse／remount 恰一 root，新圖可選取與 fit (22.071042ms)
ℹ tests 122
ℹ suites 0
ℹ pass 122
ℹ fail 0
ℹ cancelled 0
ℹ skipped 0
ℹ todo 0
ℹ duration_ms 695.251958
