TAP version 13
# Subtest: WP2-S2 Node：boundary/reset/preservation/invalid atomic
ok 1 - WP2-S2 Node：boundary/reset/preservation/invalid atomic
  ---
  duration_ms: 7.485417
  type: 'test'
  ...
# Subtest: WP2-S2 portable：boundary/reset/preservation/invalid atomic
ok 2 - WP2-S2 portable：boundary/reset/preservation/invalid atomic
  ---
  duration_ms: 18.1005
  type: 'test'
  ...
# Subtest: WP2-S2 sanitizer/renderer/export round-trip，空 map 消失且無 subtitle 不創建
ok 3 - WP2-S2 sanitizer/renderer/export round-trip，空 map 消失且無 subtitle 不創建
  ---
  duration_ms: 8.3675
  type: 'test'
  ...
# Subtest: WP2-S2 mounted：focus toolbar sync、IME guard、reset 保留 default/motion、export
ok 4 - WP2-S2 mounted：focus toolbar sync、IME guard、reset 保留 default/motion、export
  ---
  duration_ms: 8.548875
  type: 'test'
  ...
1..4
# tests 4
# suites 0
# pass 4
# fail 0
# cancelled 0
# skipped 0
# todo 0
# duration_ms 158.318291
