✔ Node absolute move/resize 僅改 canonical override，content edit 保留 (5.096084ms)
✔ Node invalid 全部 fail loud 且 state 原子性 (12.817208ms)
✔ Node descriptors 深度 immutable 且 allowlist 無法擴權 (0.413791ms)
✔ browser API VM absolute move/resize 僅改 canonical override，content edit 保留 (8.489042ms)
✔ browser API VM invalid 全部 fail loud 且 state 原子性 (28.832791ms)
✔ browser API VM descriptors 深度 immutable 且 allowlist 無法擴權 (4.678875ms)
✔ legacy sanitizer/render/export/recipient 不引入 optional 欄位 (17.375708ms)
✔ canonical geometry renderer/recipient round-trip 與 viewport 無關 (12.654125ms)
✔ sanitizer 拒絕非法 geometry，cleanup orphan，duplicate/delete 不共享 (4.895792ms)
✔ Node 合法 constructor ID 與非 slot component 走 own-property override (9.068042ms)
✔ Node safe-area 精確邊界／integer 非 grid 值不 clamp (3.245833ms)
✔ browser API VM 合法 constructor ID 與非 slot component 走 own-property override (13.616542ms)
✔ browser API VM safe-area 精確邊界／integer 非 grid 值不 clamp (4.672834ms)
✔ legacy component patch 保留 geometry；sanitizer 移除失效 component override (0.993917ms)
✔ geometry QA managed attach 只建／關 owned target，navigation 失敗仍清理且不 spawn (224.59725ms)
✔ S3 focused browser script 缺 managed port 明確拒絕，不 fallback spawn (105.438792ms)
✔ 舊 geometry suppression 清除、preview 回復 canonical，保留無關 inline style／priority (2.968709ms)
✔ 非 geometry inline transform 與無 override 元件不被抹除 (1.49025ms)
✔ renderer 與 export/reopen spec 的 move/resize 不壓制 motion (12.003208ms)
✔ mounted public preview/cancel/commit/export clone 保留無關 style 與 motion seam (109.336333ms)
✔ 三種 browser treatment fixture 使用當前 renderer、可攜 canonical 且未改 motion CSS (34.096625ms)
✔ mode/select 不寫 spec；legacy 明示初始化只呼叫一次既有 operation (11.033709ms)
✔ scale 0.8 drag/SE resize preview ephemeral，release 至多一次 (4.733334ms)
✔ scale 1 drag/SE resize preview ephemeral，release 至多一次 (2.581041ms)
✔ no-op/cancel/mode/stale/target replacement 不提交；invalid 原子拒絕 (9.068417ms)
✔ SE resize 小於 minimum 原子拒絕；非 component / play 不啟動 (1.442458ms)
✔ stale target 刪除不提交；切選取取消 preview (1.571125ms)
✔ export 只移除 control 對應 style，canonical component 不作 chrome root (0.355958ms)
✔ S4 managed attach  只建／關 owned target，navigation 失敗仍清理且不 spawn (224.383ms)
✔ S4 managed attach --perf-regression 只建／關 owned target，navigation 失敗仍清理且不 spawn (157.977042ms)
✔ S4 managed attach --motion-regression 只建／關 owned target，navigation 失敗仍清理且不 spawn (132.693417ms)
✔ S4 managed attach --keyboard-regression 只建／關 owned target，navigation 失敗仍清理且不 spawn (137.671584ms)
✔ S4 focused browser script 缺 managed port 明確拒絕，不 fallback spawn (90.377042ms)
✔ mounted 1 MiB pointer update/preview 不讀 payload、不序列化 (44.386ms)
✔ mounted 6 MiB pointer update/preview 不讀 payload、不序列化 (132.235375ms)
✔ mounted 12 MiB pointer update/preview 不讀 payload、不序列化 (156.426209ms)
✔ mounted readonly/noop/invalid/preview export 換 object 後 release 至多一次且可 reopen (70.205041ms)
✔ mounted semantic public text 使 gesture stale，不覆寫新 state (24.327209ms)
✔ mounted semantic legacy text 使 gesture stale，不覆寫新 state (26.863125ms)
✔ mounted semantic legacy component 使 gesture stale，不覆寫新 state (26.466916ms)
✔ mounted semantic geometry 使 gesture stale，不覆寫新 state (26.818625ms)
✔ mounted semantic sync text/export 使 gesture stale，不覆寫新 state (23.808667ms)
✔ mounted semantic asset replace 使 gesture stale，不覆寫新 state (6.051166ms)
✔ mounted semantic keyPoint 使 gesture stale，不覆寫新 state (26.126916ms)
✔ mounted semantic sync component text 使 gesture stale，不覆寫新 state (22.409875ms)
✔ mounted semantic change then revert 使 gesture stale，不覆寫新 state (37.282834ms)
✔ mounted semantic duplicate 使 gesture stale，不覆寫新 state (33.73175ms)
✔ mounted reorder/delete/unrelated slide mutation 取消 gesture (105.373334ms)
✔ mounted async asset 在 readonly export 換 object 後仍寫入 live canonical，同值不假 stale (38.301167ms)
✔ mounted noop image/text、invalid component patch 不假 mutation (33.310083ms)
✔ mounted async asset 刪除 captured target 不回寫；換頁仍只改 captured identity (43.236541ms)
✔ mounted target replacement/deletion/mode/cancel/invalid/noop 不提交 (135.942083ms)
✔ 正式 Moveable bundle/hash/metafile/license 與禁用 input 邊界 (16.66125ms)
✔ portable 內嵌 vendor/license，無 CDN；generated editor script 可解析 (21.305291ms)
✔ S5 public 方向／Shift／repeat 每步最多一筆 move-element，僅改 x/y (5.67425ms)
✔ S5 public stale identity、刪除、gesture 互斥；拒絕不 clamp (2.812584ms)
✔ S5 mounted 真 runtime capture 處理方向／Shift／repeat、export/reopen 無 editor 洩漏 (22.420625ms)
✔ S5 mounted guardmatrix 未處理不得攔截或寫 spec；composition 狀態清理 (13.010375ms)
✔ S5 mounted no mode／selection／geometry／deleted 與原子 bounds (8.880625ms)
✔ S5 mounted drag 中按鍵不取消／不提交 gesture (3.985167ms)
✔ S5 mounted resize 中按鍵不取消／不提交 gesture (5.278583ms)
✔ S5 點選元件釋放既有 chrome focus，仍保留直接操作 chrome 時的避讓 (3.359792ms)
✔ motion personality 只解析成 bounded portable preset (1.005541ms)
✔ motion CSS 只用 transform/opacity 類進場並提供 reduced-motion fallback (0.302083ms)
✔ motion runtime 使用 IntersectionObserver，不依賴外部 animation library (0.158666ms)
✔ full deck 內建共用 motion root / runtime，而不是每頁手寫動畫 code (8.19025ms)
✔ style cover preview 也沿用 StyleSpec motion personality (6.137459ms)
✔ S3 由 Style grammar 與 semantic role 決定 effect，不是全站 fade-in (12.368459ms)
✔ 每個 Style 最多兩個 primary effect families，並涵蓋代表性角色 (7.808209ms)
✔ effect CSS 只改 transform / opacity / clip-path，reduced motion 立即回到 resting state (4.150917ms)
✔ S3 effect routing 不改動兩套 deck 的內容雜湊 (1.149042ms)
ℹ tests 71
ℹ suites 0
ℹ pass 71
ℹ fail 0
ℹ cancelled 0
ℹ skipped 0
ℹ todo 0
ℹ duration_ms 1188.029708
