✔ Node absolute move/resize 僅改 canonical override，content edit 保留 (9.348375ms)
✔ Node invalid 全部 fail loud 且 state 原子性 (7.712375ms)
✔ Node descriptors 深度 immutable 且 allowlist 無法擴權 (0.415792ms)
✔ browser API VM absolute move/resize 僅改 canonical override，content edit 保留 (18.86775ms)
✔ browser API VM invalid 全部 fail loud 且 state 原子性 (39.404125ms)
✔ browser API VM descriptors 深度 immutable 且 allowlist 無法擴權 (3.238875ms)
✔ legacy sanitizer/render/export/recipient 不引入 optional 欄位 (12.990417ms)
✔ canonical geometry renderer/recipient round-trip 與 viewport 無關 (6.666959ms)
✔ sanitizer 拒絕非法 geometry，cleanup orphan，duplicate/delete 不共享 (2.708625ms)
✔ Node 合法 constructor ID 與非 slot component 走 own-property override (9.307292ms)
✔ Node safe-area 精確邊界／integer 非 grid 值不 clamp (3.819667ms)
✔ browser API VM 合法 constructor ID 與非 slot component 走 own-property override (24.095792ms)
✔ browser API VM safe-area 精確邊界／integer 非 grid 值不 clamp (7.524166ms)
✔ legacy component patch 保留 geometry；sanitizer 移除失效 component override (2.934584ms)
✔ geometry QA managed attach 只建／關 owned target，navigation 失敗仍清理且不 spawn (287.974708ms)
✔ S3 focused browser script 缺 managed port 明確拒絕，不 fallback spawn (144.769167ms)
✔ 舊 geometry suppression 清除、preview 回復 canonical，保留無關 inline style／priority (5.144167ms)
✔ 非 geometry inline transform 與無 override 元件不被抹除 (1.448041ms)
✔ renderer 與 export/reopen spec 的 move/resize 不壓制 motion (22.786208ms)
✔ mounted public preview/cancel/commit/export clone 保留無關 style 與 motion seam (117.617959ms)
✔ 三種 browser treatment fixture 使用當前 renderer、可攜 canonical 且未改 motion CSS (37.221041ms)
✔ mode/select 不寫 spec；legacy 明示初始化只呼叫一次既有 operation (10.644625ms)
✔ scale 0.8 drag/SE resize preview ephemeral，release 至多一次 (3.206333ms)
✔ scale 1 drag/SE resize preview ephemeral，release 至多一次 (1.289875ms)
✔ no-op/cancel/mode/stale/target replacement 不提交；invalid 原子拒絕 (11.772083ms)
✔ SE resize 小於 minimum 原子拒絕；非 component / play 不啟動 (1.565417ms)
✔ stale target 刪除不提交；切選取取消 preview (1.760208ms)
✔ export 只移除 control 對應 style，canonical component 不作 chrome root (0.374709ms)
✔ S4 managed attach  只建／關 owned target，navigation 失敗仍清理且不 spawn (295.45025ms)
✔ S4 managed attach --perf-regression 只建／關 owned target，navigation 失敗仍清理且不 spawn (206.344959ms)
✔ S4 managed attach --motion-regression 只建／關 owned target，navigation 失敗仍清理且不 spawn (163.15075ms)
✔ S4 managed attach --keyboard-regression 只建／關 owned target，navigation 失敗仍清理且不 spawn (169.970958ms)
✔ S4 focused browser script 缺 managed port 明確拒絕，不 fallback spawn (109.074458ms)
✔ mounted 1 MiB pointer update/preview 不讀 payload、不序列化 (37.586541ms)
✔ mounted 6 MiB pointer update/preview 不讀 payload、不序列化 (117.593625ms)
✔ mounted 12 MiB pointer update/preview 不讀 payload、不序列化 (174.8075ms)
✔ mounted readonly/noop/invalid/preview export 換 object 後 release 至多一次且可 reopen (88.171458ms)
✔ mounted semantic public text 使 gesture stale，不覆寫新 state (26.477916ms)
✔ mounted semantic legacy text 使 gesture stale，不覆寫新 state (28.296208ms)
✔ mounted semantic legacy component 使 gesture stale，不覆寫新 state (36.258875ms)
✔ mounted semantic geometry 使 gesture stale，不覆寫新 state (30.303416ms)
✔ mounted semantic sync text/export 使 gesture stale，不覆寫新 state (24.085041ms)
✔ mounted semantic asset replace 使 gesture stale，不覆寫新 state (6.323541ms)
✔ mounted semantic keyPoint 使 gesture stale，不覆寫新 state (31.162459ms)
✔ mounted semantic sync component text 使 gesture stale，不覆寫新 state (23.182208ms)
✔ mounted semantic change then revert 使 gesture stale，不覆寫新 state (45.432542ms)
✔ mounted semantic duplicate 使 gesture stale，不覆寫新 state (42.959792ms)
✔ mounted reorder/delete/unrelated slide mutation 取消 gesture (128.882125ms)
✔ mounted async asset 在 readonly export 換 object 後仍寫入 live canonical，同值不假 stale (46.181541ms)
✔ mounted noop image/text、invalid component patch 不假 mutation (36.257042ms)
✔ mounted async asset 刪除 captured target 不回寫；換頁仍只改 captured identity (47.103542ms)
✔ mounted target replacement/deletion/mode/cancel/invalid/noop 不提交 (152.388ms)
✔ 正式 Moveable bundle/hash/metafile/license 與禁用 input 邊界 (32.192292ms)
✔ portable 內嵌 vendor/license，無 CDN；generated editor script 可解析 (20.671833ms)
✔ S5 public 方向／Shift／repeat 每步最多一筆 move-element，僅改 x/y (8.501375ms)
✔ S5 public stale identity、刪除、gesture 互斥；拒絕不 clamp (3.723125ms)
✔ S5 mounted 真 runtime capture 處理方向／Shift／repeat、export/reopen 無 editor 洩漏 (25.458459ms)
✔ S5 mounted guardmatrix 未處理不得攔截或寫 spec；composition 狀態清理 (14.3985ms)
✔ S5 mounted no mode／selection／geometry／deleted 與原子 bounds (9.450708ms)
✔ S5 mounted drag 中按鍵不取消／不提交 gesture (5.271459ms)
✔ S5 mounted resize 中按鍵不取消／不提交 gesture (11.688208ms)
✔ motion personality 只解析成 bounded portable preset (1.151083ms)
✔ motion CSS 只用 transform/opacity 類進場並提供 reduced-motion fallback (0.334334ms)
✔ motion runtime 使用 IntersectionObserver，不依賴外部 animation library (0.166833ms)
✔ full deck 內建共用 motion root / runtime，而不是每頁手寫動畫 code (13.993625ms)
✔ style cover preview 也沿用 StyleSpec motion personality (4.461167ms)
✔ S3 由 Style grammar 與 semantic role 決定 effect，不是全站 fade-in (16.820417ms)
✔ 每個 Style 最多兩個 primary effect families，並涵蓋代表性角色 (10.645209ms)
✔ effect CSS 只改 transform / opacity / clip-path，reduced motion 立即回到 resting state (6.39575ms)
✔ S3 effect routing 不改動兩套 deck 的內容雜湊 (1.27975ms)
ℹ tests 70
ℹ suites 0
ℹ pass 70
ℹ fail 0
ℹ cancelled 0
ℹ skipped 0
ℹ todo 0
ℹ duration_ms 1399.919375
