✔ export cleanup 只移除 bounded editor chrome roots (2.112417ms)
✔ editor chrome contract 誤標 presentation truth 時 fail loud (0.460459ms)
✔ editor chrome 可位於 presentation 容器內，但不得自己承載 presentation truth (0.089209ms)
✔ export clone root 自己被標成 editor chrome 時也不可漏出 (0.113625ms)
✔ 正式 browser exporter 共用同一 cleanup seam (1.091334ms)
✔ Node absolute move/resize 僅改 canonical override，content edit 保留 (9.846833ms)
✔ Node invalid 全部 fail loud 且 state 原子性 (7.13875ms)
✔ Node descriptors 深度 immutable 且 allowlist 無法擴權 (2.154792ms)
✔ browser API VM absolute move/resize 僅改 canonical override，content edit 保留 (21.972833ms)
✔ browser API VM invalid 全部 fail loud 且 state 原子性 (31.317209ms)
✔ browser API VM descriptors 深度 immutable 且 allowlist 無法擴權 (22.188792ms)
✔ legacy sanitizer/render/export/recipient 不引入 optional 欄位 (26.198917ms)
✔ canonical geometry renderer/recipient round-trip 與 viewport 無關 (10.549958ms)
✔ sanitizer 拒絕非法 geometry，cleanup orphan，duplicate/delete 不共享 (1.955125ms)
✔ Node 合法 constructor ID 與非 slot component 走 own-property override (12.776458ms)
✔ Node safe-area 精確邊界／integer 非 grid 值不 clamp (0.975625ms)
✔ browser API VM 合法 constructor ID 與非 slot component 走 own-property override (16.566458ms)
✔ browser API VM safe-area 精確邊界／integer 非 grid 值不 clamp (13.966708ms)
✔ legacy component patch 保留 geometry；sanitizer 移除失效 component override (2.961416ms)
✔ geometry QA managed attach 只建／關 owned target，navigation 失敗仍清理且不 spawn (337.101916ms)
✔ S3 focused browser script 缺 managed port 明確拒絕，不 fallback spawn (172.860958ms)
✔ 舊 geometry suppression 清除、preview 回復 canonical，保留無關 inline style／priority (6.978083ms)
✔ 非 geometry inline transform 與無 override 元件不被抹除 (1.983125ms)
✔ renderer 與 export/reopen spec 的 move/resize 不壓制 motion (25.588583ms)
✔ mounted public preview/cancel/commit/export clone 保留無關 style 與 motion seam (144.988625ms)
✔ 三種 browser treatment fixture 使用當前 renderer、可攜 canonical 且未改 motion CSS (81.533083ms)
✔ mode/select 不寫 spec；legacy 明示初始化只呼叫一次既有 operation (24.6565ms)
✔ scale 0.8 drag/SE resize preview ephemeral，release 至多一次 (5.682333ms)
✔ scale 1 drag/SE resize preview ephemeral，release 至多一次 (2.89ms)
✔ no-op/cancel/mode/stale/target replacement 不提交；invalid 原子拒絕 (23.636625ms)
✔ SE resize 小於 minimum 原子拒絕；非 component / play 不啟動 (1.880125ms)
✔ stale target 刪除不提交；切選取取消 preview (2.942583ms)
✔ export 只移除 control 對應 style，canonical component 不作 chrome root (1.062833ms)
✔ S4 managed attach  只建／關 owned target，navigation 失敗仍清理且不 spawn (340.13325ms)
✔ S4 managed attach --perf-regression 只建／關 owned target，navigation 失敗仍清理且不 spawn (294.12025ms)
✔ S4 managed attach --motion-regression 只建／關 owned target，navigation 失敗仍清理且不 spawn (359.482375ms)
✔ S4 managed attach --keyboard-regression 只建／關 owned target，navigation 失敗仍清理且不 spawn (195.454792ms)
✔ S4 managed attach --snap-regression 只建／關 owned target，navigation 失敗仍清理且不 spawn (193.6725ms)
✔ S4 managed attach --selection-regression 只建／關 owned target，navigation 失敗仍清理且不 spawn (162.327042ms)
✔ S4 managed attach --alignment-regression 只建／關 owned target，navigation 失敗仍清理且不 spawn (155.523208ms)
✔ S4 focused browser script 缺 managed port 明確拒絕，不 fallback spawn (113.450125ms)
✔ mounted 1 MiB pointer update/preview 不讀 payload、不序列化 (78.814416ms)
✔ mounted 6 MiB pointer update/preview 不讀 payload、不序列化 (130.279875ms)
✔ mounted 12 MiB pointer update/preview 不讀 payload、不序列化 (218.716708ms)
✔ mounted readonly/noop/invalid/preview export 換 object 後 release 至多一次且可 reopen (216.971167ms)
✔ mounted semantic public text 使 gesture stale，不覆寫新 state (44.145292ms)
✔ mounted semantic legacy text 使 gesture stale，不覆寫新 state (45.856291ms)
✔ mounted semantic legacy component 使 gesture stale，不覆寫新 state (51.819875ms)
✔ mounted semantic geometry 使 gesture stale，不覆寫新 state (44.958125ms)
✔ mounted semantic sync text/export 使 gesture stale，不覆寫新 state (58.551167ms)
✔ mounted semantic asset replace 使 gesture stale，不覆寫新 state (13.328292ms)
✔ mounted semantic keyPoint 使 gesture stale，不覆寫新 state (65.958208ms)
✔ mounted semantic sync component text 使 gesture stale，不覆寫新 state (41.87725ms)
✔ mounted semantic change then revert 使 gesture stale，不覆寫新 state (54.276625ms)
✔ mounted semantic duplicate 使 gesture stale，不覆寫新 state (44.256209ms)
✔ mounted reorder/delete/unrelated slide mutation 取消 gesture (129.539791ms)
✔ mounted async asset 在 readonly export 換 object 後仍寫入 live canonical，同值不假 stale (63.971083ms)
✔ mounted noop image/text、invalid component patch 不假 mutation (45.244667ms)
✔ mounted async asset 刪除 captured target 不回寫；換頁仍只改 captured identity (57.499458ms)
✔ mounted target replacement/deletion/mode/cancel/invalid/noop 不提交 (163.808875ms)
✔ 正式 Moveable bundle/hash/metafile/license 與禁用 input 邊界 (31.184917ms)
✔ portable 內嵌 vendor/license，無 CDN；generated editor script 可解析 (33.679042ms)
✔ S5 public 方向／Shift／repeat 每步最多一筆 move-element，僅改 x/y (9.501792ms)
✔ S5 public stale identity、刪除、gesture 互斥；拒絕不 clamp (7.921166ms)
✔ S5 mounted 真 runtime capture 處理方向／Shift／repeat、export/reopen 無 editor 洩漏 (41.944333ms)
✔ S5 mounted guardmatrix 未處理不得攔截或寫 spec；composition 狀態清理 (12.219084ms)
✔ S5 mounted no mode／selection／geometry／deleted 與原子 bounds (11.997625ms)
✔ S5 mounted drag 中按鍵不取消／不提交 gesture (4.470417ms)
✔ S5 mounted resize 中按鍵不取消／不提交 gesture (4.398541ms)
✔ S5 點選元件釋放既有 chrome focus，仍保留直接操作 chrome 時的避讓 (6.326834ms)
✔ S5 guarded Escape 保留 drag 與 selection；普通 Escape 才取消 (12.224833ms)
✔ S5 guarded Escape 保留 resize 與 selection；普通 Escape 才取消 (9.151875ms)
✔ S7 drag Escape→trusted release-click 重播不重選；fresh pointerdown/click 立即恢復 (41.582084ms)
✔ S7 resize Escape→trusted release-click 重播不重選；fresh pointerdown/click 立即恢復 (9.612084ms)
✔ S7 cancel 共用取消尾隨 click 防護 (11.911541ms)
✔ S7 pointercancel 共用取消尾隨 click 防護 (6.80375ms)
✔ S7 blur 共用取消尾隨 click 防護 (10.375625ms)
✔ S7 scroll 共用取消尾隨 click 防護 (6.014125ms)
✔ S7 resize 共用取消尾隨 click 防護 (4.833ms)
✔ S7 selection 共用取消尾隨 click 防護 (7.694459ms)
✔ S7 mode 共用取消尾隨 click 防護 (18.195416ms)
✔ S7 text 共用取消尾隨 click 防護 (6.02475ms)
✔ S7 toggle 共用取消尾隨 click 防護 (7.447167ms)
✔ S7 replacement 共用取消尾隨 click 防護 (6.413ms)
✔ S7 stale-update 共用取消尾隨 click 防護 (22.283958ms)
✔ S7 stale-release 共用取消尾隨 click 防護 (9.566625ms)
✔ S7 invalid 共用取消尾隨 click 防護 (14.900625ms)
✔ S7 取消若沒有尾隨 click，下一次 primary pointerdown/click 仍正常選取 (16.574292ms)
✔ S7 未啟動 gesture 的普通選取與零位移 release 不受取消防護影響 (16.886375ms)
✔ S7 鍵盤 detail0 與 programmatic control 不受影響，亦不消耗尾隨 click 防護 (24.571791ms)
✔ S7 programmatic component click 可選取；後續尾隨 trusted click 不重建 vendor (7.780084ms)
✔ S7 非新有效 pointerdown {"isTrusted":false} 不解除本次取消防護 (5.039375ms)
✔ S7 非新有效 pointerdown {"isPrimary":false} 不解除本次取消防護 (5.793916ms)
✔ S7 非新有效 pointerdown {"button":2} 不解除本次取消防護 (10.178875ms)
✔ S7 destroy 移除 pointerdown listener，重複 teardown 安全 (5.656875ms)
✔ S7 診斷區分 Escape 已取消後 click 重選，不改事件結果 (26.734417ms)
✔ S7 診斷區分 guarded Escape 未取消，不改事件結果 (7.90475ms)
✔ S7 snap-layout {"isTrusted":false,"detail":0} 在 pinned blocker 前取消，原 handler 可達 (32.970458ms)
✔ S7 edit {"isTrusted":false,"detail":0} 在 pinned blocker 前取消，原 handler 可達 (7.108334ms)
✔ S7 selection {"isTrusted":false,"detail":0} 在 pinned blocker 前取消，原 handler 可達 (7.414375ms)
✔ S7 snap-layout {"isTrusted":true,"detail":0} 在 pinned blocker 前取消，原 handler 可達 (5.591708ms)
✔ S7 edit {"isTrusted":true,"detail":0} 在 pinned blocker 前取消，原 handler 可達 (8.42625ms)
✔ S7 selection {"isTrusted":true,"detail":0} 在 pinned blocker 前取消，原 handler 可達 (7.589209ms)
✔ S7 snap-layout {"isTrusted":true,"detail":1} 在 pinned blocker 前取消，原 handler 可達 (18.482791ms)
✔ S7 edit {"isTrusted":true,"detail":1} 在 pinned blocker 前取消，原 handler 可達 (12.966166ms)
✔ S7 selection {"isTrusted":true,"detail":1} 在 pinned blocker 前取消，原 handler 可達 (15.73925ms)
✔ S7 capture 不攔截非本卡路由 outside (11.790958ms)
✔ S7 capture 不攔截非本卡路由 unrelated-action (15.467667ms)
✔ S7 capture 不攔截非本卡路由 vendor-chrome (6.02325ms)
✔ S7 routing listener 與 vendor blocker 在重複 destroy 後均清除 (6.779792ms)
✔ S7 首次 snap SE handle：pinned mount/render 重播，尚未 drag 即提交645×485 (57.161625ms)
✔ motion-ready 保留全體節點及 pseudo-element 的停動畫契約 (0.891375ms)
✔ motion-ready transform reset 隔離 editor root／後代，並保留內容與 pseudo-element reset (0.105125ms)
✔ motion-static 保留全體節點及 pseudo-element 的停動畫契約 (0.056125ms)
✔ motion-static transform reset 隔離 editor root／後代，並保留內容與 pseudo-element reset (0.054958ms)
✔ logical-line：無末尾換行 (2.696167ms)
✔ logical-line：有末尾換行 (0.323ms)
✔ logical-line：CRLF (0.129792ms)
✔ logical-line：空檔 (0.128375ms)
✔ logical-line：只有port (0.144708ms)
✔ logical-line：port超界 (0.465542ms)
✔ logical-line：port零 (0.349291ms)
✔ logical-line：endpoint空 (1.611416ms)
✔ logical-line：endpoint錯誤 (0.080834ms)
✔ logical-line：額外非空行 (0.105875ms)
✔ 慢讀取耗時計入deadline，sleep僅用剩餘budget (6.80275ms)
✔ 剩餘時間小於interval時縮短sleep (0.224375ms)
✔ deadline後才完成的有效檔案不能回ready (0.330916ms)
✔ 延遲補第二行且無final newline可以ready (0.334208ms)
✔ supervisor先退出不讀檔，exit27 (0.175292ms)
✔ supervisor在讀取中退出，即使檔案有效仍exit27 (0.478833ms)
✔ 持續read error維持bounded timeout (0.72575ms)
✔ 真文字檔可直接使用，tmp於finally回收 (21.246667ms)
✔ 永不完成的讀取在實際deadline被abort，沒有掛住controller (31.939458ms)
✔ S7 cancel 取消 preview，proxy 與 vendor 清理 (24.516ms)
✔ S7 toggle 取消 preview，proxy 與 vendor 清理 (12.748583ms)
✔ S7 mode 取消 preview，proxy 與 vendor 清理 (5.625ms)
✔ S7 text 取消 preview，proxy 與 vendor 清理 (10.519792ms)
✔ S7 escape 取消 preview，proxy 與 vendor 清理 (8.025375ms)
✔ S7 pointercancel 取消 preview，proxy 與 vendor 清理 (8.094708ms)
✔ S7 blur 取消 preview，proxy 與 vendor 清理 (7.220958ms)
✔ S7 scroll 取消 preview，proxy 與 vendor 清理 (10.243375ms)
✔ S7 resize 取消 preview，proxy 與 vendor 清理 (12.2035ms)
✔ S7 stale 取消 preview，proxy 與 vendor 清理 (11.317208ms)
✔ S7 deleted 取消 preview，proxy 與 vendor 清理 (7.843208ms)
✔ S7 replacement 取消 preview，proxy 與 vendor 清理 (12.588166ms)
✔ S7 destroy 取消 preview，proxy 與 vendor 清理 (12.708167ms)
✔ S7 drag bounds/minimum/finite 原子拒絕 (29.434208ms)
✔ S7 resize bounds/minimum/finite 原子拒絕 (13.202542ms)
✔ S7 keyboard 仍1/10px、guardedEscape／IME／input 不取消 snap gesture (10.983584ms)
✔ S7 public begin/update/finish：preview 0筆、release 1筆、return/cancel/stale 0筆 (6.614833ms)
✔ S7 mounted 1MiB snap preview 不序列化、不讀 payload (45.459167ms)
✔ S7 mounted 6MiB snap preview 不序列化、不讀 payload (91.200208ms)
✔ S7 mounted 12MiB snap preview 不序列化、不讀 payload (157.509917ms)
✔ S7 初始 off、明示開關、proxy 不攔 visible hit、vendor direction 與清引用 (4.692917ms)
✔ S7 舊 vendor 延遲 end 不得提交新 gesture；stale release 清 proxy (8.262209ms)
✔ S7 SE 固定左上 anchor；preview/cancel 不清 presentation transform (5.223834ms)
✔ S7 0.8 drag vendor canonical payload、preview/export、單次 release (14.235459ms)
✔ S7 0.8 drag 零與返回原點不得採用 vendor 起始修正 (11.404709ms)
✔ S7 0.8 resize vendor canonical payload、preview/export、單次 release (13.891875ms)
✔ S7 0.8 resize 零與返回原點不得採用 vendor 起始修正 (9.153333ms)
✔ S7 1 drag vendor canonical payload、preview/export、單次 release (11.823958ms)
✔ S7 1 drag 零與返回原點不得採用 vendor 起始修正 (8.961208ms)
✔ S7 1 resize vendor canonical payload、preview/export、單次 release (13.564291ms)
✔ S7 1 resize 零與返回原點不得採用 vendor 起始修正 (11.576709ms)
✔ S8 focusin 換頁清 selection，方向鍵不得修改上一頁 canonical (30.087709ms)
✔ S8 同頁 focusin 保留 selection，跨頁 focusin 清除多選 (20.333583ms)
✔ S8 plain/Shift click 與 marquee 共用單一 editor-local selection state (12.049625ms)
✔ S8 export clone-only 清除 Selecto/selection chrome，live selection 保持 (12.347459ms)
✔ S8 Escape/blur/mode teardown 清 selection，重複 destroy idempotent (33.753167ms)
✔ S8 selection replace/toggle 去重並依 DOM order 穩定 (1.756125ms)
✔ S8 editor-local state 0/1/>1 lifecycle 不產生 canonical mutation (0.317834ms)
✔ S8 disabled state 拒絕 selection mutation (0.118625ms)
✔ S8 Selecto pinned vendor/hash/license/integrity 全部吻合 (4.449708ms)
✔ S8 portable 內嵌 Selecto vendor/license 且無 CDN (24.618083ms)
✔ S9 Node 六種 align-selection 使用 selection bbox 且保持尺寸 (12.430542ms)
✔ S9 Node align-selection invalid / missing geometry 原子拒絕 (1.2755ms)
✔ S9 Node align-selection canonical no-op 不改 state (0.435292ms)
✔ S9 Node align-selection descriptor 深度 immutable (0.272542ms)
✔ S9 portable browser runtime 六種 align-selection 使用 selection bbox 且保持尺寸 (27.870917ms)
✔ S9 portable browser runtime align-selection invalid / missing geometry 原子拒絕 (10.690917ms)
✔ S9 portable browser runtime align-selection canonical no-op 不改 state (6.143833ms)
✔ S9 portable browser runtime align-selection descriptor 深度 immutable (2.769208ms)
✔ S9 multi-selection 才顯示 align controls；align 後 selection 保留且 export 不洩漏 (34.428333ms)
✔ S9 align UI 任一 target 缺 canonical geometry 時整筆不改且保留 selection (7.116417ms)
ℹ tests 185
ℹ suites 0
ℹ pass 185
ℹ fail 0
ℹ cancelled 0
ℹ skipped 0
ℹ todo 0
ℹ duration_ms 2014.022875
