✔ 既有 HTML 未完成壓力測試與人工核准時不得輸出新 HTML (5.748291ms)
✔ 既有 HTML 的安全 restyle 保留 slide ID、頁序與全部內容 hash (28.437792ms)
✔ 未核准時拒絕既有 HTML 的內容改寫與頁序變更 (2.607417ms)
✔ 人工核准的 bounded change set 只允許完全相符的內容與頁序修改 (15.357708ms)
✔ 新簡報仍需人工核准 outline 與 Style 才能 render (15.128209ms)
✔ ZIP install 註冊三個真實 pptskill Skill，update 更新且 uninstall 可逆移除 (1301.344917ms)
✔ ZIP install 遇到同名非 PPTSKILL skill 時拒絕覆寫且不啟用 runtime (618.667542ms)
✔ ZIP 可在無 Git 流程 fresh install，三個 adapter 共用單一 core (3546.166916ms)
✔ 相同 source tree 在不同 process timezone 產生相同 ZIP SHA (322.917791ms)
✔ package smoke 會拒絕 adapter manifest 指向但不存在的 portable profile entry (274.948584ms)
✔ built ZIP 可直接 show/save canonical profile，不依賴 pnpm 或 repo tools (533.777666ms)
✔ update 保留外部 profile，失敗時 rollback 舊 runtime (602.177125ms)
✔ update commit point 後的 backup cleanup failure 回傳 committed warning (286.341875ms)
✔ activation failure 後 rollback 本身失敗時 fail-loud 並保留 recovery backup (294.240292ms)
✔ stage cleanup 失敗也必須先完成 pre-activation rollback (310.956333ms)
✔ tampered install marker 使 update 與 uninstall 拒絕 destructive action (258.463083ms)
✔ uninstall 預設保留 profile，只有明確 purge-profile 才刪除 (309.337625ms)
✔ production uninstall CLI 拒絕任意 profile path，purge 只刪 canonical profile (620.939166ms)
✔ adapter 缺少或版本無法辨識時回報人話，不吐 stack trace (1304.722667ms)
✔ 低於 adapter minimumVersion 時提供明確 unsupported 訊息 (654.227417ms)
✔ ZIP control docs 不攜帶 repo execution frontier 或視覺退回狀態 (231.448209ms)
✔ 同一 context 的核心數字不一致時回報 unresolved conflict (3.95275ms)
✔ 不同 period 的數字不會被合併成衝突 (0.224209ms)
✔ 非貨幣數字缺少 currency 時 canonicalize 為 null 並保留 conflict gate (0.547125ms)
✔ 只有明確 supersedes 全部衝突 claims 才會自動解決 (0.8045ms)
✔ fact / derived / inference 分類與三種數值重算由 code 決定 (0.373458ms)
✔ percent change 的 baseline 為零時 fail loud (0.246792ms)
✔ 只有 correlation 或 unknown evidence 的 causal inference 會被標記 (0.124084ms)
✔ 只有影響 content / evidence / decision 的 high-impact unknown 會追加問題 (0.150583ms)
✔ known answers 已有答案時不重問 preflight question (0.076459ms)
✔ shareable refs 僅保留 compact allowlist，不洩漏原文與本機路徑 (0.196875ms)
✔ 圖片與圖表生成預設關閉，只有個別明確授權才開啟 (0.090666ms)
✔ Main 與 Appendix 共用同一個 15 頁上限 (0.206042ms)
✔ Drop 不計入 slide count，也不代表刪除 source material (0.072333ms)
✔ preflight question 先於普通 Grill 且維持一次一題與 pressure-test gate (0.275083ms)
✔ installed Skill 的唯一 preflight seam 執行 conflict、causal 與 derived correctness checks (979.217792ms)
✔ legacy outline 沒有 section 仍可通過驗證 (0.487208ms)
✔ 核准後內容 mutation 仍須符合既有精確 human change-set gate (30.625291ms)
✔ planner capability view 直接反映 composition registry 與真實 chart 邊界 (8.352166ms)
✔ renderer 只接受目前能保真呈現的 bar chart，不把其他圖型或負值畫成正值 bar-row (17.99025ms)
✔ Node 與 browser editor 共用 chart capability，不能另存 unsupported 語意 (1.696791ms)
✔ installed Skill 的 plan-new seam 輸出 capability view 並阻止 unavailable candidate 冒充可用 (968.11825ms)
✔ semantic classes 產生 bounded ranked candidates，不是一對一固定 mapping (6.211958ms)
✔ asset-led 與 slide role 使用既有 component-focus／cover／section-break (0.576375ms)
✔ capability gate 保留 unavailable verdict，不能替 asset-led 偷換 primitive (0.346292ms)
✔ 自報 user-provided origin 不得讓不存在的 component 繞過 generation opt-in (1.304667ms)
✔ CompositionSpec proposal 不改 approved content，before/after hash 一致 (0.668291ms)
✔ semantic signal coverage 與 allowlist 缺漏時 fail loud (0.393083ms)
✔ installed plan-new 輸出 semantic proposal，舊 request 未帶 signals 仍可用 (1327.787292ms)
✔ 同一 semantic candidate 依 StyleSpec 路由到不同 Golden logic，但不改 primitive rank (20.813958ms)
✔ Golden routing 提供 bounded structured reasons，且只引用 accepted evidence keys (14.31325ms)
✔ 無 semantic image 時排除 image-treatment-only Golden logic (1.07425ms)
✔ 沒有同時通過 semantic、anchor 與 Style match 時回 none，不硬配 (0.732041ms)
✔ Golden routing 不改 Slice 2 candidates、primitive、content 或 hash (1.415792ms)
✔ Golden router 拒絕 unavailable candidate 與 StyleSpec identity mismatch (1.155ms)
✔ installed plan-new 輸出 Golden logic routing，舊 request 未帶 StyleSpec 仍可用 (1300.545167ms)
✔ 跨頁重複只在 bounded semantic candidates 內調整，並輸出 structured rhythm plan (27.245334ms)
✔ continuityGroup 保留有意重複，不為 diversity 換掉 top candidate (0.944917ms)
✔ 不為節奏犧牲 semantic fit；無 bounded alternate 時保留 top 並明示 warning (0.717792ms)
✔ 只解掉部分 repetition dimensions 時，其餘 dimensions 逐項保留 unresolved warning (1.615666ms)
✔ 高密度、高 emphasis 與 high motion run 產生 bounded warnings，content 全 deck 不變 (4.295458ms)
✔ rhythmSignals 必須完整、allowlisted 且不得自報 derived identity (9.519542ms)
✔ installed plan-new 穿透 Deck Rhythm Plan；未帶 rhythmSignals 的舊 request 回 null (1305.692708ms)
✔ plan-new 暴露 pinned motion capability 並產生 bounded NumberFlow odometer proposal (28.669917ms)
✔ motion planner 對格式、primitive、rhythm 與自報欄位 fail loud (5.483708ms)
✔ CompositionSpec motion 可攜 round-trip，未知欄位在 Node sanitizer/editor 被移除 (17.673292ms)
✔ renderer 只將核准 target 轉為 bundled NumberFlow，保留靜態 metric 與色彩字型 token (7.684459ms)
✔ unsupported persisted motion 不得被 sanitizer 靜默吞掉 (0.35425ms)
✔ browser editor 注入正式 motion semantic validator，拒絕失配 target content (8.771375ms)
✔ installed plan-new 與 render-new 穿透 motion；legacy request 維持 null (1295.24025ms)
✔ planner 暴露 underline-sweep capability，target role 只由 ref 派生且不改 content hash (8.469292ms)
✔ underline-sweep signal 僅接受 optional title 接 required subtitle，且 gate 空文字與 none intensity (3.938ms)
✔ CompositionSpec/editor/embed/export/reparse 只保留 allowlisted refs 與 canonical edited text (15.514583ms)
✔ renderer 只標記核准文字，使用 transform/opacity 與 1px scaleX underline，runtime 可 replay/static (12.757916ms)
✔ browser contract 與 installed plan-new 使用同一 sanitizer/capability truth；legacy 維持 null (1231.369333ms)
✔ capability matrix truthful：11 offered、CLOUDS2/p5 routes unavailable，vendor pin/checksum PASS (3.51975ms)
✔ planner 使用 rhythm/capability truth；unsupported 不偷換，unknown config fail loud (5.853292ms)
✔ DeckSpec/editor/browser contract allowlist background metadata，移除 executable 欄位 (2.559917ms)
✔ renderer 單檔內嵌 vendor/runtime，style mapping bounded，export truth 不含 canvas (20.831291ms)
✔ background adapter 保留 DeckSpec 接受的合法 CSS 色彩語意 (0.644042ms)
✔ fresh ZIP installed plan-new/render-new 使用同一 truth，且低於 20 MiB (1019.247ms)
✔ 兩張代表頁從正式 planner truth 選出 Typical 與第三頁 Stress (28.072916ms)
✔ 一張代表頁同時承擔 Typical 與 Stress，且重跑 byte-stable (7.173959ms)
✔ skip sample 不建立人工等待，但不解除 full-deck QA (0.748042ms)
✔ sample selection 不改 composition、rhythm、motion、background 或 generation units (7.218125ms)
✔ legacy 無 planner signals 仍 deterministic；單頁 deck 收斂為一筆 both (0.251375ms)
✔ installed plan-new 使用相同 Representative Sample contract (864.573042ms)
✔ 完整 hard evidence 才 PASS，且 sample PASS 不解除 full-deck QA (2.051333ms)
✔ NOT_RUN/UNKNOWN blocked 且不消耗 repair budget (0.227083ms)
✔ 同一 issue 只允許兩次 bounded repair，第三次前 blocked (0.318125ms)
✔ coverage、allowlist 與 history spoof fail loud (0.429417ms)
✔ 拒絕繞過 Slice 1 的 single both 與 typical plus stress sample shape (0.4925ms)
✔ installed qa-sample CLI 與 direct pure gate parity (1182.043917ms)
ℹ tests 93
ℹ suites 0
ℹ pass 93
ℹ fail 0
ℹ cancelled 0
ℹ skipped 0
ℹ todo 0
ℹ duration_ms 9737.792458
