✔ WP2-S1 text mode 只開放 title/subtitle/keyPoint，component 不取得 direct-edit authority (18.24325ms)
✔ WP2-S1 blur / 完成編輯以 edit-text commit，preserve 其他 canonical scopes (6.535084ms)
✔ WP2-S1 IME composition 期間 export fail loud，compositionend 才提交完整文字 (7.219041ms)
✔ WP2-S1 IME 未完成時切到 layout 只取消 partial DOM，不提交 canonical (7.697625ms)
✔ WP2-S1 Escape 還原未提交 DOM，雙擊合法文字直接進 edit mode (4.485125ms)
✔ WP2-S1 export/reopen 使用 canonical committed text 且不輸出 contenteditable (4.9ms)
✔ S13 Node 精確 text、跨頁同 ID、Unicode code points 1–500 與完整 preservation (7.800584ms)
✔ S13 Node exact fields／getter0／hidden／symbol／prototype／混搭／長度／geometry 拒絕無副作用 (7.070459ms)
✔ S13 Node null prototype／frozen 輸入不修改，duplicate 不覆蓋 (1.139ms)
✔ S13 Node long-ID identity collision 拒絕且舊 identity 不變 (0.803167ms)
✔ S13 Node escape／geometry／export reopen／再插入，既有內容完整保留 (47.37375ms)
✔ S13 mounted 精確 text、跨頁同 ID、Unicode code points 1–500 與完整 preservation (13.572125ms)
✔ S13 mounted exact fields／getter0／hidden／symbol／prototype／混搭／長度／geometry 拒絕無副作用 (41.66975ms)
✔ S13 mounted null prototype／frozen 輸入不修改，duplicate 不覆蓋 (7.518833ms)
✔ S13 mounted long-ID identity collision 拒絕且舊 identity 不變 (6.487833ms)
✔ S13 mounted escape／geometry／export reopen／再插入，既有內容完整保留 (26.50425ms)
✔ S13 mounted play 插入明設不可 editable，切模式不取得 direct-text authority (7.491667ms)
✔ S13 mounted edit 插入明設不可 editable，切模式不取得 direct-text authority (7.456125ms)
✔ S13 mounted layout 插入明設不可 editable，切模式不取得 direct-text authority (9.927417ms)
✔ S13 mounted missing atomic canonical／DOM／revision／selection rollback (10.415833ms)
✔ S13 mounted duplicate-root atomic canonical／DOM／revision／selection rollback (8.177833ms)
✔ S13 mounted append-before atomic canonical／DOM／revision／selection rollback (7.66925ms)
✔ S13 mounted append-after atomic canonical／DOM／revision／selection rollback (8.432208ms)
✔ S13 mounted detached-project atomic canonical／DOM／revision／selection rollback (7.937542ms)
✔ S13 mounted snap=false 跨頁插入取消 drag preview／clear selection／舊 nodes preserved (10.20475ms)
✔ S13 mounted snap=false 跨頁插入取消 resize preview／clear selection／舊 nodes preserved (9.392875ms)
✔ S13 mounted snap=true 跨頁插入取消 drag preview／clear selection／舊 nodes preserved (10.654708ms)
✔ S13 mounted snap=true 跨頁插入取消 resize preview／clear selection／舊 nodes preserved (10.846375ms)
✔ S8 Node 尾端插入、預設及明示 fit、跨頁同 ID、完整 preservation (7.350041ms)
✔ S8 Node exact schema／政策／geometry 拒絕且 getter calls=0 (8.130416ms)
✔ S8 Node null prototype own records 可用且輸入不受修改 (0.730458ms)
✔ S8 Node long-ID collision 不改名；可穩定追加另一 collision (1.25175ms)
✔ S8 Node 新 identity 可 fit／replace／move／resize，renderer export/reopen 唯一 root (43.064833ms)
✔ S8 mounted 尾端插入、預設及明示 fit、跨頁同 ID、完整 preservation (11.321458ms)
✔ S8 mounted exact schema／政策／geometry 拒絕且 getter calls=0 (38.53525ms)
✔ S8 mounted null prototype own records 可用且輸入不受修改 (4.834083ms)
✔ S8 mounted long-ID collision 不改名；可穩定追加另一 collision (16.681125ms)
✔ S8 mounted 新 identity 可 fit／replace／move／resize，renderer export/reopen 唯一 root (26.385ms)
✔ S8 mounted missing 零 canonical／DOM／revision／selection 副作用 (8.623958ms)
✔ S8 mounted duplicate-root 零 canonical／DOM／revision／selection 副作用 (8.326375ms)
✔ S8 mounted append-before 零 canonical／DOM／revision／selection 副作用 (8.2685ms)
✔ S8 mounted append-after 零 canonical／DOM／revision／selection 副作用 (8.500083ms)
✔ S8 mounted detached-project 零 canonical／DOM／revision／selection 副作用 (9.176459ms)
✔ S8 mounted snap=false 成功取消 drag preview／clear selection，保持舊 nodes／mode／currentId (10.927208ms)
✔ S8 mounted snap=false 成功取消 resize preview／clear selection，保持舊 nodes／mode／currentId (9.832292ms)
✔ S8 mounted snap=true 成功取消 drag preview／clear selection，保持舊 nodes／mode／currentId (9.557083ms)
✔ S8 mounted snap=true 成功取消 resize preview／clear selection，保持舊 nodes／mode／currentId (10.347917ms)
✔ S8 descriptor 精確 image＋text oneOf slide target、無 history 宣稱 (2.614792ms)
✔ S9 public insertImageFile 新增圖片並保留 optimizer result identity (18.112833ms)
✔ S9 default 全 spec preservation／唯一 DOM (7.997792ms)
✔ S9 contain 全 spec preservation／唯一 DOM (9.88975ms)
✔ S9 cover 全 spec preservation／唯一 DOM (6.78825ms)
✔ S9 cross-slide 全 spec preservation／唯一 DOM (8.941583ms)
✔ S9 null-proto 全 spec preservation／唯一 DOM (4.918083ms)
✔ S9 frozen 全 spec preservation／唯一 DOM (4.593791ms)
✔ S9 non-enumerable 全 spec preservation／唯一 DOM (5.89675ms)
✔ S9 invalid own-data／geometry／target：getter0 optimizer0，既有 gesture 不取消 (34.038583ms)
✔ S9 falsy file 不讀 options／不呼叫 optimizer；missing optimizer 明確失敗 (5.060833ms)
✔ S9 snapshot＋await 切頁／mode／export clone，保留等待中 content／geometry (16.286208ms)
✔ S9 pending reject 零提交 (9.39725ms)
✔ S9 pending null 零提交 (9.317541ms)
✔ S9 pending missing-warnings 零提交 (9.118083ms)
✔ S9 pending warnings-string 零提交 (8.017292ms)
✔ S9 pending warnings-item 零提交 (9.044542ms)
✔ S9 pending missing-optimized 零提交 (7.480209ms)
✔ S9 pending optimized-string 零提交 (8.887666ms)
✔ S9 pending no-data 零提交 (7.912333ms)
✔ S9 pending unsafe 零提交 (9.17825ms)
✔ S9 pending svg 零提交 (7.775417ms)
✔ S9 pending missing-target 零提交 (8.306125ms)
✔ S9 pending identity-collision 零提交 (8.1125ms)
✔ S9 pending missing-dom 零提交 (8.778125ms)
✔ S9 pending duplicate-dom 零提交 (7.863084ms)
✔ S9 pending prepare-throw 零提交 (8.835208ms)
✔ S9 pending append-before 零提交 (7.906417ms)
✔ S9 pending append-after 零提交 (8.512958ms)
✔ S9 preflight identity collision 在 optimizer 前拒絕 (3.509791ms)
✔ S9 pending 競爭 same-id：完成次序決定，不覆蓋 (5.595042ms)
✔ S9 pending 競爭 different-id：完成次序決定，不覆蓋 (6.765541ms)
✔ S9 pending 競爭 cross-slide：完成次序決定，不覆蓋 (5.862666ms)
✔ S9 drag pending 保留／成功才 cancel clear revision 一次 (9.760125ms)
✔ S9 resize pending 保留／成功才 cancel clear revision 一次 (8.992333ms)
✔ S9 export／reparse／remount 恰一 root，新圖可選取與 fit (13.818041ms)
ℹ tests 83
ℹ suites 0
ℹ pass 83
ℹ fail 0
ℹ cancelled 0
ℹ skipped 0
ℹ todo 0
ℹ duration_ms 478.428292
