
DevTools listening on ws://127.0.0.1:62457/devtools/browser/da89a31d-7784-46db-83f0-bd5042c31278
Trying to load the allocator multiple times. This is *not* supported.
[42826:21253385:0923/183517.890809:ERROR:ui/display/mac/cv_display_link_mac.mm:195] CVDisplayLinkCreateWithCGDisplay failed. CVReturn: -6670
[42826:21253385:0923/183517.891893:ERROR:ui/display/mac/cv_display_link_mac.mm:195] CVDisplayLinkCreateWithCGDisplay failed. CVReturn: -6670
[42826:21253385:0923/183517.894134:ERROR:ui/display/mac/cv_display_link_mac.mm:195] CVDisplayLinkCreateWithCGDisplay failed. CVReturn: -6670
[42826:21253385:0923/183517.894246:ERROR:ui/display/mac/cv_display_link_mac.mm:195] CVDisplayLinkCreateWithCGDisplay failed. CVReturn: -6670
[42826:21253385:0923/183517.894337:ERROR:ui/display/mac/cv_display_link_mac.mm:195] CVDisplayLinkCreateWithCGDisplay failed. CVReturn: -6670
[42826:21253385:0923/183517.894439:ERROR:ui/display/mac/cv_display_link_mac.mm:195] CVDisplayLinkCreateWithCGDisplay failed. CVReturn: -6670
[42820:21253356:0923/183520.268251:ERROR:google_apis/gcm/engine/registration_request.cc:291] Registration response error message: DEPRECATED_ENDPOINT
[43054:21254218:0923/183536.301600:VERBOSE1:chrome/updater/updater.cc:374] Version: 152.0.7933.0, opt, ARM_64, command line: /Users/matt/Library/Application Support/Google/GoogleUpdater/152.0.7933.0/GoogleUpdater.app/Contents/MacOS/GoogleUpdater --wake-all --enable-logging --vmodule=*/components/update_client/*=2,*/chrome/enterprise_companion/*=2,*/chrome/updater/*=2
[43054:21254218:0923/183536.302317:VERBOSE1:chrome/updater/updater.cc:377] OS version: 26.6.2, arch: arm64, System uptime (seconds): 684979, parent pid: 42820
[43054:21254218:0923/183536.304015:VERBOSE1:chrome/updater/updater.cc:382] Available disk space in install directory (/Users/matt/Library/Application Support/Google/GoogleUpdater): 67143045120B (62.532GiB) / 494384795648B (460.432GiB)
[43054:21254218:0923/183536.304032:VERBOSE1:chrome/updater/updater.cc:386] Available disk space in temporary directory (/var/folders/f8/fv8s94z92kb9dkshb8rr5d7m0000gn/T/): 67143045120B (62.532GiB) / 494384795648B (460.432GiB)
[43054:21254218:0923/183536.304102:VERBOSE2:chrome/updater/event_history.cc:265] Emitted a UPDATER_PROCESS START event to the history log
[43059:21254228:0923/183536.313192:VERBOSE1:chrome/updater/updater.cc:374] Version: 152.0.7933.0, opt, ARM_64, command line: /Users/matt/Library/Application Support/Google/GoogleUpdater/152.0.7933.0/GoogleUpdater.app/Contents/MacOS/GoogleUpdater --crash-handler --database=/Users/matt/Library/Application Support/Google/GoogleUpdater/152.0.7933.0/Crashpad --url=https://clients2.google.com/cr/report --annotation=prod=Update4 --annotation=ver=152.0.7933.0 --handshake-fd=6 --enable-logging --vmodule=*/components/update_client/*=2,*/chrome/enterprise_companion/*=2,*/chrome/updater/*=2
[43059:21254228:0923/183536.313697:VERBOSE1:chrome/updater/updater.cc:377] OS version: 26.6.2, arch: arm64, System uptime (seconds): 684979, parent pid: 1
[43059:21254228:0923/183536.316044:VERBOSE1:chrome/updater/updater.cc:382] Available disk space in install directory (/Users/matt/Library/Application Support/Google/GoogleUpdater): 67143041024B (62.532GiB) / 494384795648B (460.432GiB)
[43059:21254228:0923/183536.316075:VERBOSE1:chrome/updater/updater.cc:386] Available disk space in temporary directory (/var/folders/f8/fv8s94z92kb9dkshb8rr5d7m0000gn/T/): 67143041024B (62.532GiB) / 494384795648B (460.432GiB)
[43059:21254228:0923/183536.316162:VERBOSE2:chrome/updater/event_history.cc:265] Emitted a UPDATER_PROCESS START event to the history log
[43054:21254218:0923/183536.316791:VERBOSE1:chrome/updater/crash_reporter.cc:124] Crash handler launched and ready.
[43054:21254218:0923/183536.317601:VERBOSE1:chrome/updater/crash_client.cc:108] Found 0 completed crash reports
[43054:21254218:0923/183536.317701:VERBOSE1:chrome/updater/crash_client.cc:132] Found 0 pending crash reports
[43054:21254218:0923/183536.317786:ERROR:third_party/crashpad/crashpad/util/file/file_io_posix.cc:145] open /Users/matt/Library/Application Support/Google/RLZ/Crashpad/settings.dat: No such file or directory (2)
[43054:21254218:0923/183536.317811:ERROR:third_party/crashpad/crashpad/util/file/file_io_posix.cc:145] open /Users/matt/Library/Application Support/Google/consentOptions/Crashpad/settings.dat: No such file or directory (2)
[43054:21254218:0923/183536.317839:ERROR:third_party/crashpad/crashpad/util/file/file_io_posix.cc:145] open /Users/matt/Library/Application Support/Google/AndroidStudio2025.2.2/Crashpad/settings.dat: No such file or directory (2)
[43054:21254218:0923/183536.317873:ERROR:third_party/crashpad/crashpad/util/file/file_io_posix.cc:145] open /Users/matt/Library/Application Support/Google/ChromeForTesting/Crashpad/settings.dat: No such file or directory (2)
[43054:21254218:0923/183536.317881:ERROR:third_party/crashpad/crashpad/util/file/file_io_posix.cc:145] open /Users/matt/Library/Application Support/Google/Chrome-headless/Crashpad/settings.dat: No such file or directory (2)
[43054:21254218:0923/183536.317895:VERBOSE1:chrome/updater/updater.cc:105] Crash reporting initialized.
[43054:21254236:0923/183536.318221:VERBOSE1:chrome/updater/app/app_wakeall.cc:58] Launching `/Users/matt/Library/Application Support/Google/GoogleUpdater/149.0.7814.0/GoogleUpdater.app/Contents/MacOS/GoogleUpdater --wake`
[43054:21254236:0923/183536.318337:VERBOSE1:chrome/updater/app/app_wakeall.cc:64] `/Users/matt/Library/Application Support/Google/GoogleUpdater/149.0.7814.0/GoogleUpdater.app/Contents/MacOS/GoogleUpdater --wake` process invalid: Undefined error: 0 (0)
[43054:21254236:0923/183536.318353:VERBOSE1:chrome/updater/app/app_wakeall.cc:58] Launching `/Users/matt/Library/Application Support/Google/GoogleUpdater/148.0.7730.0/GoogleUpdater.app/Contents/MacOS/GoogleUpdater --wake`
[43054:21254236:0923/183536.318419:VERBOSE1:chrome/updater/app/app_wakeall.cc:64] `/Users/matt/Library/Application Support/Google/GoogleUpdater/148.0.7730.0/GoogleUpdater.app/Contents/MacOS/GoogleUpdater --wake` process invalid: Undefined error: 0 (0)
[43054:21254236:0923/183536.318440:VERBOSE1:chrome/updater/app/app_wakeall.cc:58] Launching `/Users/matt/Library/Application Support/Google/GoogleUpdater/152.0.7933.0/GoogleUpdater.app/Contents/MacOS/GoogleUpdater --wake`
[43062:21254242:0923/183536.326402:VERBOSE1:chrome/updater/updater.cc:374] Version: 152.0.7933.0, opt, ARM_64, command line: /Users/matt/Library/Application Support/Google/GoogleUpdater/152.0.7933.0/GoogleUpdater.app/Contents/MacOS/GoogleUpdater --wake --enable-logging --vmodule=*/components/update_client/*=2,*/chrome/enterprise_companion/*=2,*/chrome/updater/*=2
[43062:21254242:0923/183536.326842:VERBOSE1:chrome/updater/updater.cc:377] OS version: 26.6.2, arch: arm64, System uptime (seconds): 684979, parent pid: 43054
[43062:21254242:0923/183536.328343:VERBOSE1:chrome/updater/updater.cc:382] Available disk space in install directory (/Users/matt/Library/Application Support/Google/GoogleUpdater): 67142967296B (62.532GiB) / 494384795648B (460.432GiB)
[43062:21254242:0923/183536.328355:VERBOSE1:chrome/updater/updater.cc:386] Available disk space in temporary directory (/var/folders/f8/fv8s94z92kb9dkshb8rr5d7m0000gn/T/): 67142967296B (62.532GiB) / 494384795648B (460.432GiB)
[43062:21254242:0923/183536.328408:VERBOSE2:chrome/updater/event_history.cc:265] Emitted a UPDATER_PROCESS START event to the history log
[43064:21254246:0923/183536.337297:VERBOSE1:chrome/updater/updater.cc:374] Version: 152.0.7933.0, opt, ARM_64, command line: /Users/matt/Library/Application Support/Google/GoogleUpdater/152.0.7933.0/GoogleUpdater.app/Contents/MacOS/GoogleUpdater --crash-handler --database=/Users/matt/Library/Application Support/Google/GoogleUpdater/152.0.7933.0/Crashpad --url=https://clients2.google.com/cr/report --annotation=prod=Update4 --annotation=ver=152.0.7933.0 --handshake-fd=6 --enable-logging --vmodule=*/components/update_client/*=2,*/chrome/enterprise_companion/*=2,*/chrome/updater/*=2
[43064:21254246:0923/183536.337776:VERBOSE1:chrome/updater/updater.cc:377] OS version: 26.6.2, arch: arm64, System uptime (seconds): 684979, parent pid: 1
[43064:21254246:0923/183536.339354:VERBOSE1:chrome/updater/updater.cc:382] Available disk space in install directory (/Users/matt/Library/Application Support/Google/GoogleUpdater): 67142967296B (62.532GiB) / 494384795648B (460.432GiB)
[43064:21254246:0923/183536.339365:VERBOSE1:chrome/updater/updater.cc:386] Available disk space in temporary directory (/var/folders/f8/fv8s94z92kb9dkshb8rr5d7m0000gn/T/): 67142967296B (62.532GiB) / 494384795648B (460.432GiB)
[43064:21254246:0923/183536.339423:VERBOSE2:chrome/updater/event_history.cc:265] Emitted a UPDATER_PROCESS START event to the history log
[43062:21254242:0923/183536.339799:VERBOSE1:chrome/updater/crash_reporter.cc:124] Crash handler launched and ready.
[43062:21254242:0923/183536.340429:VERBOSE1:chrome/updater/crash_client.cc:108] Found 0 completed crash reports
[43062:21254242:0923/183536.340498:VERBOSE1:chrome/updater/crash_client.cc:132] Found 0 pending crash reports
[43062:21254242:0923/183536.340569:ERROR:third_party/crashpad/crashpad/util/file/file_io_posix.cc:145] open /Users/matt/Library/Application Support/Google/RLZ/Crashpad/settings.dat: No such file or directory (2)
[43062:21254242:0923/183536.340580:ERROR:third_party/crashpad/crashpad/util/file/file_io_posix.cc:145] open /Users/matt/Library/Application Support/Google/consentOptions/Crashpad/settings.dat: No such file or directory (2)
[43062:21254242:0923/183536.340605:ERROR:third_party/crashpad/crashpad/util/file/file_io_posix.cc:145] open /Users/matt/Library/Application Support/Google/AndroidStudio2025.2.2/Crashpad/settings.dat: No such file or directory (2)
[43062:21254242:0923/183536.340636:ERROR:third_party/crashpad/crashpad/util/file/file_io_posix.cc:145] open /Users/matt/Library/Application Support/Google/ChromeForTesting/Crashpad/settings.dat: No such file or directory (2)
[43062:21254242:0923/183536.340644:ERROR:third_party/crashpad/crashpad/util/file/file_io_posix.cc:145] open /Users/matt/Library/Application Support/Google/Chrome-headless/Crashpad/settings.dat: No such file or directory (2)
[43062:21254242:0923/183536.340655:VERBOSE1:chrome/updater/updater.cc:105] Crash reporting initialized.
[43062:21254242:0923/183536.340780:VERBOSE1:chrome/updater/ipc/update_service_internal_proxy_mojo.cc:61] Run
[42820:21253356:0923/183546.972067:ERROR:google_apis/gcm/engine/registration_request.cc:291] Registration response error message: DEPRECATED_ENDPOINT
[43062:21254242:0923/183553.938881:VERBOSE1:chrome/updater/app/app.cc:52] Shutdown: 0
[43062:21254242:0923/183553.940132:VERBOSE2:chrome/updater/event_history.cc:265] Emitted a UPDATER_PROCESS END event to the history log
[43062:21254242:0923/183553.940153:VERBOSE1:chrome/updater/updater.cc:419] UpdaterMain (--wake) returned 0.
[43054:21254236:0923/183554.184300:VERBOSE1:chrome/updater/app/app_wakeall.cc:68] `/Users/matt/Library/Application Support/Google/GoogleUpdater/152.0.7933.0/GoogleUpdater.app/Contents/MacOS/GoogleUpdater --wake` exited 0
[43054:21254218:0923/183554.184466:VERBOSE1:chrome/updater/app/app.cc:52] Shutdown: 0
[43054:21254218:0923/183554.184794:VERBOSE2:chrome/updater/event_history.cc:265] Emitted a UPDATER_PROCESS END event to the history log
[43054:21254218:0923/183554.184815:VERBOSE1:chrome/updater/updater.cc:419] UpdaterMain (--wake-all) returned 0.
[43064:21254246:0923/183603.947875:VERBOSE2:chrome/updater/event_history.cc:265] Emitted a UPDATER_PROCESS END event to the history log
[43064:21254246:0923/183603.948123:VERBOSE1:chrome/updater/updater.cc:419] UpdaterMain (--crash-handler) returned 0.
[43059:21254228:0923/183603.949559:VERBOSE2:chrome/updater/event_history.cc:265] Emitted a UPDATER_PROCESS END event to the history log
[43059:21254228:0923/183603.949608:VERBOSE1:chrome/updater/updater.cc:419] UpdaterMain (--crash-handler) returned 0.
[42820:21253356:0923/183636.412459:ERROR:google_apis/gcm/engine/registration_request.cc:291] Registration response error message: DEPRECATED_ENDPOINT
[42820:21253356:0923/183810.416448:ERROR:google_apis/gcm/engine/registration_request.cc:291] Registration response error message: DEPRECATED_ENDPOINT
[42820:21253356:0923/184141.509607:ERROR:google_apis/gcm/engine/registration_request.cc:291] Registration response error message: DEPRECATED_ENDPOINT
