✔ export cleanup 只移除 bounded editor chrome roots (0.997667ms)
✔ editor chrome contract 誤標 presentation truth 時 fail loud (0.364667ms)
✔ editor chrome 可位於 presentation 容器內，但不得自己承載 presentation truth (0.086084ms)
✔ export clone root 自己被標成 editor chrome 時也不可漏出 (0.10475ms)
✔ 正式 browser exporter 共用同一 cleanup seam (1.011667ms)
✔ S5 public 方向／Shift／repeat 每步最多一筆 move-element，僅改 x/y (12.850834ms)
✔ S5 public stale identity、刪除、gesture 互斥；拒絕不 clamp (1.638834ms)
✔ S5 mounted 真 runtime capture 處理方向／Shift／repeat、export/reopen 無 editor 洩漏 (81.59975ms)
✔ S5 mounted guardmatrix 未處理不得攔截或寫 spec；composition 狀態清理 (30.795542ms)
✔ S5 mounted no mode／selection／geometry／deleted 與原子 bounds (31.331042ms)
✔ S5 mounted drag 中按鍵不取消／不提交 gesture (12.58125ms)
✔ S5 mounted resize 中按鍵不取消／不提交 gesture (12.77225ms)
✔ S5 點選元件釋放既有 chrome focus，仍保留直接操作 chrome 時的避讓 (10.216875ms)
✔ S5 guarded Escape 保留 drag 與 selection；普通 Escape 才取消 (19.173625ms)
✔ S5 guarded Escape 保留 resize 與 selection；普通 Escape 才取消 (12.344042ms)
✔ S8 focusin 換頁清 selection，方向鍵不得修改上一頁 canonical (60.373125ms)
✔ S8 同頁 focusin 保留 selection，跨頁 focusin 清除多選 (29.951958ms)
✔ S8 plain/Shift click 與 marquee 共用單一 editor-local selection state (17.934917ms)
✔ S8 export clone-only 清除 Selecto/selection chrome，live selection 保持 (22.118167ms)
✔ S8 Escape/blur/mode teardown 清 selection，重複 destroy idempotent (29.047333ms)
✔ S8 selection replace/toggle 去重並依 DOM order 穩定 (1.84725ms)
✔ S8 editor-local state 0/1/>1 lifecycle 不產生 canonical mutation (0.300916ms)
✔ S8 disabled state 拒絕 selection mutation (0.084167ms)
✔ S10 public mounted layout 插圖：無 image、固定 geometry／fit／檔名、一次 revision (76.198208ms)
✔ S10 empty selection 均可用；play/edit/teardown 關閉入口 (27.631375ms)
✔ S10 text selection 均可用；play/edit/teardown 關閉入口 (26.015917ms)
✔ S10 image selection 均可用；play/edit/teardown 關閉入口 (20.766541ms)
✔ S10 multi selection 均可用；play/edit/teardown 關閉入口 (24.344417ms)
✔ S10 gesture 取消不 commit，capture→blur→change，snap=false (22.196708ms)
✔ S10 gesture 取消不 commit，capture→blur→change，snap=true (19.857708ms)
✔ S10 slide 取消未 change snapshot (22.314708ms)
✔ S10 focusin 取消未 change snapshot (29.07875ms)
✔ S10 mode 取消未 change snapshot (24.653625ms)
✔ S10 selection 取消未 change snapshot (11.771083ms)
✔ S10 same-selection 取消未 change snapshot (14.048583ms)
✔ S10 marquee 取消未 change snapshot (10.989417ms)
✔ S10 empty-marquee 取消未 change snapshot (17.614416ms)
✔ S10 clear 取消未 change snapshot (20.553833ms)
✔ S10 destroy 取消未 change snapshot (16.153667ms)
✔ S10 delete 取消未 change snapshot (13.69575ms)
✔ S10 pointer 取消未 change snapshot (15.245666ms)
✔ S10 cancel 不占用 ID，reset 可重選 (15.760709ms)
✔ S10 empty 不占用 ID，reset 可重選 (13.233459ms)
✔ S10 throw 不占用 ID，reset 可重選 (20.456375ms)
✔ S10 無 pending／wrong input／互斥／busy 重入不跨送 (22.798583ms)
✔ S10 slide-local 首個空缺 ID、空 alt、成功只 clear selection 一次 (14.45325ms)
✔ S10 async File 捕捉，export／切頁／mode／其他修改保留；finally 不覆寫新 S6 picker (38.249166ms)
✔ S10 async removed 原子拒絕，不 rename/retry，busy 釋放 (10.68925ms)
✔ S10 async collision 原子拒絕，不 rename/retry，busy 釋放 (9.391ms)
✔ S10 async invalid 原子拒絕，不 rename/retry，busy 釋放 (15.3875ms)
✔ S10 async reject 原子拒絕，不 rename/retry，busy 釋放 (16.589792ms)
✔ S10 非唯一 DOM 不開 chooser；export cleanup／remount 不重複 input (19.828375ms)
✔ WP2-S5 明示第二張 File target 不得取第一張 (40.911166ms)
✔ WP2-S5 omitted、局部投影、完整欄位保留與 export roundtrip (20.527958ms)
✔ WP2-S5 undefined、局部投影、完整欄位保留與 export roundtrip (18.171584ms)
✔ WP2-S5 second、局部投影、完整欄位保留與 export roundtrip (20.86225ms)
✔ WP2-S5 cross-slide、局部投影、完整欄位保留與 export roundtrip (12.823375ms)
✔ WP2-S5 null-proto、局部投影、完整欄位保留與 export roundtrip (15.750791ms)
✔ WP2-S5 non-enumerable、局部投影、完整欄位保留與 export roundtrip (17.999084ms)
✔ WP2-S5 嚴格 admission：invalid getter0／optimizer0／零 mutation (32.091958ms)
✔ WP2-S5 caller target 變動／export 換物件／切頁仍投遞 captured stable image (17.572292ms)
✔ WP2-S5 pending reject 原子拒絕 (9.964625ms)
✔ WP2-S5 pending unsafe 原子拒絕 (10.923209ms)
✔ WP2-S5 pending null-result 原子拒絕 (5.618208ms)
✔ WP2-S5 pending missing-warnings 原子拒絕 (3.574ms)
✔ WP2-S5 pending missing-slide 原子拒絕 (12.961042ms)
✔ WP2-S5 pending missing-image 原子拒絕 (16.97825ms)
✔ WP2-S5 pending type-change 原子拒絕 (5.280542ms)
✔ WP2-S5 pending missing-dom 原子拒絕 (10.092334ms)
✔ WP2-S5 explicit File same-value no-op gesture (32.921584ms)
✔ WP2-S5 explicit File 真修改 stale gesture (24.984958ms)
✔ WP2-S5 長 component ID 使用 resolved stable identity (9.711334ms)
✔ S6 單選圖片顯示 action，其他 selection／mode 隱藏；UI 不修改 canonical (78.186541ms)
✔ S6 capture → natural blur → change 保留第二圖，snap=false (39.945791ms)
✔ S6 capture → natural blur → change 保留第二圖，snap=true (40.302042ms)
✔ S6 picker 後 slide 取消目標；無 pending 不呼叫 optimizer (31.240083ms)
✔ S6 picker 後 mode 取消目標；無 pending 不呼叫 optimizer (18.639084ms)
✔ S6 picker 後 selection 取消目標；無 pending 不呼叫 optimizer (55.660667ms)
✔ S6 picker 後 same-selection 取消目標；無 pending 不呼叫 optimizer (20.26825ms)
✔ S6 picker 後 marquee 取消目標；無 pending 不呼叫 optimizer (29.933208ms)
✔ S6 picker 後 empty-marquee 取消目標；無 pending 不呼叫 optimizer (21.936125ms)
✔ S6 picker 後 clear 取消目標；無 pending 不呼叫 optimizer (14.241583ms)
✔ S6 picker 後 destroy 取消目標；無 pending 不呼叫 optimizer (17.173667ms)
✔ S6 picker 後 delete 取消目標；無 pending 不呼叫 optimizer (12.956708ms)
✔ S6 picker 後 pointer 取消目標；無 pending 不呼叫 optimizer (18.991875ms)
✔ S6 cancel 重設 value，同檔可再次選取 (14.897459ms)
✔ S6 empty 重設 value，同檔可再次選取 (15.310875ms)
✔ S6 success 重設 value，同檔可再次選取 (18.948125ms)
✔ S6 failure 重設 value，同檔可再次選取 (20.731542ms)
✔ S6 無 pending／target 刪除先拒絕；後一次 picker 不覆蓋未消耗的 chooser (28.105125ms)
✔ S6 change 先消耗 snapshot；async 中新 picker／export／切頁不改前次 target (30.385875ms)
✔ S6 picker pointerdown 取消 gesture 且 click 前尺寸狀態不變 snap=false (15.672333ms)
✔ S6 picker pointerdown 取消 gesture 且 click 前尺寸狀態不變 snap=true (18.859833ms)
✔ S6 export 移除新增 chrome，pending 不序列化；重新 mount 可選圖 (36.110709ms)
✔ S6 picker 等待檔案時唯讀 export 不取消 pending target (20.939458ms)
✔ S6 async target 移除後失敗，零 asset mutation 且 input 可重選 (11.714084ms)
✔ S6 play teardown 不殘留 transient overlay marker，toolbar另由export清理 (13.119583ms)
✔ S7 native group 與裁邊說明由 bootstrap markup 提供 (1.258125ms)
✔ S7 第二圖 default contain no-op、往返、pressed、revision 與完整 preservation (75.043541ms)
✔ S7 無 target／未知 fit 拒絕且不 fallback；使用 click 當下 live dataUri (26.677125ms)
✔ S7 nonimage 隱藏／disable 並拒絕 stale target (26.960708ms)
✔ S7 multi 隱藏／disable 並拒絕 stale target (26.481792ms)
✔ S7 clear 隱藏／disable 並拒絕 stale target (13.64475ms)
✔ S7 slide 隱藏／disable 並拒絕 stale target (16.274917ms)
✔ S7 edit 隱藏／disable 並拒絕 stale target (13.433959ms)
✔ S7 play 隱藏／disable 並拒絕 stale target (11.644792ms)
✔ S7 delete 隱藏／disable 並拒絕 stale target (10.78925ms)
✔ S7 destroy 隱藏／disable 並拒絕 stale target (20.38375ms)
✔ S7 same-image click 與 refresh 只讀 bounded metadata；不讀 payload／serialize (251.970708ms)
✔ S7 picker pending fit disabled；cancel 恢復且 pending 不被 fit 取消 (11.089708ms)
✔ S7 picker pending fit disabled；empty 恢復且 pending 不被 fit 取消 (11.653542ms)
✔ S7 picker pending fit disabled；change 恢復且 pending 不被 fit 取消 (11.771708ms)
✔ S7 picker pending fit disabled；blur-change 恢復且 pending 不被 fit 取消 (15.815833ms)
✔ S7 drag/pointer/snap=false 取消 preview 後只提交 fit (10.625333ms)
✔ S7 drag/keyboard/snap=false 取消 preview 後只提交 fit (10.11675ms)
✔ S7 resize/pointer/snap=false 取消 preview 後只提交 fit (11.043125ms)
✔ S7 resize/keyboard/snap=false 取消 preview 後只提交 fit (10.135375ms)
✔ S7 drag/pointer/snap=true 取消 preview 後只提交 fit (12.254ms)
✔ S7 drag/keyboard/snap=true 取消 preview 後只提交 fit (13.293042ms)
✔ S7 resize/pointer/snap=true 取消 preview 後只提交 fit (12.793375ms)
✔ S7 resize/keyboard/snap=true 取消 preview 後只提交 fit (11.166083ms)
✔ S7 toolbar focus 擁有 arrows；modifier／IME 沿原 keyboard guard (8.004916ms)
✔ S7 default no-op 亦取消 preview 並保留 selection snap=false (10.005166ms)
✔ S7 default no-op 亦取消 preview 並保留 selection snap=true (10.386334ms)
✔ S7 target DOM 移除與 observer refresh 後隱藏，不套到其他圖 (10.190875ms)
✔ S7 export 只保留 fit；從匯出 DeckSpec remount 可切換 (20.48125ms)
✔ S8 Node 尾端插入、預設及明示 fit、跨頁同 ID、完整 preservation (14.184917ms)
✔ S8 Node exact schema／政策／geometry 拒絕且 getter calls=0 (12.772125ms)
✔ S8 Node null prototype own records 可用且輸入不受修改 (2.439958ms)
✔ S8 Node long-ID collision 不改名；可穩定追加另一 collision (4.695667ms)
✔ S8 Node 新 identity 可 fit／replace／move／resize，renderer export/reopen 唯一 root (53.458ms)
✔ S8 mounted 尾端插入、預設及明示 fit、跨頁同 ID、完整 preservation (21.792625ms)
✔ S8 mounted exact schema／政策／geometry 拒絕且 getter calls=0 (66.964917ms)
✔ S8 mounted null prototype own records 可用且輸入不受修改 (5.917375ms)
✔ S8 mounted long-ID collision 不改名；可穩定追加另一 collision (15.27625ms)
✔ S8 mounted 新 identity 可 fit／replace／move／resize，renderer export/reopen 唯一 root (42.244ms)
✔ S8 mounted missing 零 canonical／DOM／revision／selection 副作用 (10.736416ms)
✔ S8 mounted duplicate-root 零 canonical／DOM／revision／selection 副作用 (11.254041ms)
✔ S8 mounted append-before 零 canonical／DOM／revision／selection 副作用 (9.282875ms)
✔ S8 mounted append-after 零 canonical／DOM／revision／selection 副作用 (10.497416ms)
✔ S8 mounted detached-project 零 canonical／DOM／revision／selection 副作用 (10.82125ms)
✔ S8 mounted snap=false 成功取消 drag preview／clear selection，保持舊 nodes／mode／currentId (13.20825ms)
✔ S8 mounted snap=false 成功取消 resize preview／clear selection，保持舊 nodes／mode／currentId (11.432416ms)
✔ S8 mounted snap=true 成功取消 drag preview／clear selection，保持舊 nodes／mode／currentId (11.97575ms)
✔ S8 mounted snap=true 成功取消 resize preview／clear selection，保持舊 nodes／mode／currentId (13.656084ms)
✔ S8 descriptor 精確 image-only slide target、無 history 宣稱 (5.81475ms)
✔ S9 public insertImageFile 新增圖片並保留 optimizer result identity (25.847208ms)
✔ S9 default 全 spec preservation／唯一 DOM (14.133083ms)
✔ S9 contain 全 spec preservation／唯一 DOM (7.6865ms)
✔ S9 cover 全 spec preservation／唯一 DOM (7.929041ms)
✔ S9 cross-slide 全 spec preservation／唯一 DOM (6.048625ms)
✔ S9 null-proto 全 spec preservation／唯一 DOM (6.373125ms)
✔ S9 frozen 全 spec preservation／唯一 DOM (9.956625ms)
✔ S9 non-enumerable 全 spec preservation／唯一 DOM (5.961917ms)
✔ S9 invalid own-data／geometry／target：getter0 optimizer0，既有 gesture 不取消 (39.693167ms)
✔ S9 falsy file 不讀 options／不呼叫 optimizer；missing optimizer 明確失敗 (13.073ms)
✔ S9 snapshot＋await 切頁／mode／export clone，保留等待中 content／geometry (14.419708ms)
✔ S9 pending reject 零提交 (16.586ms)
✔ S9 pending null 零提交 (15.764208ms)
✔ S9 pending missing-warnings 零提交 (16.409334ms)
✔ S9 pending warnings-string 零提交 (17.845916ms)
✔ S9 pending warnings-item 零提交 (11.005125ms)
✔ S9 pending missing-optimized 零提交 (25.266375ms)
✔ S9 pending optimized-string 零提交 (18.114833ms)
✔ S9 pending no-data 零提交 (11.640292ms)
✔ S9 pending unsafe 零提交 (13.885791ms)
✔ S9 pending svg 零提交 (9.286834ms)
✔ S9 pending missing-target 零提交 (8.392917ms)
✔ S9 pending identity-collision 零提交 (9.059834ms)
✔ S9 pending missing-dom 零提交 (8.55875ms)
✔ S9 pending duplicate-dom 零提交 (9.969708ms)
✔ S9 pending prepare-throw 零提交 (8.409584ms)
✔ S9 pending append-before 零提交 (8.566291ms)
✔ S9 pending append-after 零提交 (8.396209ms)
✔ S9 preflight identity collision 在 optimizer 前拒絕 (4.084042ms)
✔ S9 pending 競爭 same-id：完成次序決定，不覆蓋 (5.420583ms)
✔ S9 pending 競爭 different-id：完成次序決定，不覆蓋 (5.931042ms)
✔ S9 pending 競爭 cross-slide：完成次序決定，不覆蓋 (6.635042ms)
✔ S9 drag pending 保留／成功才 cancel clear revision 一次 (9.85325ms)
✔ S9 resize pending 保留／成功才 cancel clear revision 一次 (10.911667ms)
✔ S9 export／reparse／remount 恰一 root，新圖可選取與 fit (18.097625ms)
ℹ tests 181
ℹ suites 0
ℹ pass 181
ℹ fail 0
ℹ cancelled 0
ℹ skipped 0
ℹ todo 0
ℹ duration_ms 1105.445333
