✔ S10 public mounted layout 插圖：無 image、固定 geometry／fit／檔名、一次 revision (25.862083ms)
✔ S10 empty selection 均可用；play/edit/teardown 關閉入口 (8.979ms)
✔ S10 text selection 均可用；play/edit/teardown 關閉入口 (12.930542ms)
✔ S10 image selection 均可用；play/edit/teardown 關閉入口 (9.866958ms)
✔ S10 multi selection 均可用；play/edit/teardown 關閉入口 (12.166333ms)
✔ S10 gesture 取消不 commit，capture→blur→change，snap=false (11.4595ms)
✔ S10 gesture 取消不 commit，capture→blur→change，snap=true (12.339209ms)
✔ S10 slide 取消未 change snapshot (9.014375ms)
✔ S10 focusin 取消未 change snapshot (9.475833ms)
✔ S10 mode 取消未 change snapshot (11.054875ms)
✔ S10 selection 取消未 change snapshot (11.452375ms)
✔ S10 same-selection 取消未 change snapshot (10.536ms)
✔ S10 marquee 取消未 change snapshot (9.184209ms)
✔ S10 empty-marquee 取消未 change snapshot (8.998875ms)
✔ S10 clear 取消未 change snapshot (7.944958ms)
✔ S10 destroy 取消未 change snapshot (11.817875ms)
✔ S10 delete 取消未 change snapshot (9.729542ms)
✔ S10 pointer 取消未 change snapshot (8.307375ms)
✔ S10 cancel 不占用 ID，reset 可重選 (11.276667ms)
✔ S10 empty 不占用 ID，reset 可重選 (9.752042ms)
✔ S10 throw 不占用 ID，reset 可重選 (10.341667ms)
✔ S10 無 pending／wrong input／互斥／busy 重入不跨送 (15.17625ms)
✔ S10 slide-local 首個空缺 ID、空 alt、成功只 clear selection 一次 (8.84175ms)
✔ S10 async File 捕捉，export／切頁／mode／其他修改保留；finally 不覆寫新 S6 picker (17.52625ms)
✔ S10 async removed 原子拒絕，不 rename/retry，busy 釋放 (7.850166ms)
✔ S10 async collision 原子拒絕，不 rename/retry，busy 釋放 (7.467667ms)
✔ S10 async invalid 原子拒絕，不 rename/retry，busy 釋放 (7.417459ms)
✔ S10 async reject 原子拒絕，不 rename/retry，busy 釋放 (7.239375ms)
✔ S10 非唯一 DOM 不開 chooser；export cleanup／remount 不重複 input (14.332459ms)
✔ S10 change 前 ID 碰撞由 S8 preflight 拒絕，optimizer0／不 rename (7.872ms)
✔ S10 export 的 canonical 重新 mounted 後可再插入，不占舊 ID (14.988ms)
ℹ tests 31
ℹ suites 0
ℹ pass 31
ℹ fail 0
ℹ cancelled 0
ℹ skipped 0
ℹ todo 0
ℹ duration_ms 462.469208
