✔ Core5 Reset Node 僅回復指定 slide 的 edit-start baseline，取消與 stale 不變 (8.121792ms)
✔ Core5 Reset portable 元件增刪與標題改動整頁回復，Undo／Redo 同步 DOM (82.954166ms)
✔ Core5 Reset UI 明列清除範圍；取消不變，確認後只重設本頁 (24.272541ms)
✔ Core5 Recompose UI 明列取代範圍；取消不變，確認後只清明示字級 (27.896875ms)
✔ Core5 Reset DOM replacement 後故障須回退 canonical／DOM／history／revision (20.831541ms)
✔ Core5 Reset 成功後草稿與 export/reopen 均是 baseline (29.471833ms)
✔ Core5 Node recompose 保留未列 overrides／content，並可 Undo／Redo (0.889583ms)
✔ Core5 Node 只取代明示 overrides；stale／錯 deck／scope／primitive／slots／unsupported variant fail closed (0.752458ms)
✔ Core5 portable recompose 投影 class／geometry／typography，Undo／Redo 與 export/reopen 一致 (59.259708ms)
✔ Core5 明示清除 geometry override 會同步移除 portable 投影 (34.904167ms)
✔ Core5 Repair1 title-points geometry-only component 清除時須拒絕，避免 DOM 留殘影 (15.844666ms)
✔ Core5 Repair1 component-focus 非 slot 元件同樣拒絕清除；slot 元件仍可清除 (0.964ms)
✔ Core5 title-points 既有 CSS variant 可由 Node canonical 與 renderer 重開 (3.665875ms)
✔ Core5 Repair2 title-points editorial-index→dense-ledger 的 live type visual 等於 fresh renderer (41.346042ms)
✔ Core5 Repair2 標題 edit-text 後 type visual 與 fresh renderer 一致，且仍可 recompose／Undo／Redo (60.774916ms)
✔ Core5 Repair2 標題 edit-text 的 type visual 投影故障會回退 canonical／DOM／history (12.780583ms)
✔ Core5 Repair2 evidence-axis chart token 與 fresh renderer 相同 (19.230125ms)
✔ Core5 Repair2 舊 type visual 更新後拋錯須完整回退 DOM／canonical／history (12.707333ms)
✔ Core5 Repair2 Undo 移除 type visual 後拋錯須保留已提交狀態與 cursor (30.886917ms)
✔ Core5 portable 驗證／投影故障不改 canonical、DOM、history、revision (20.283083ms)
✔ Core5 portable 草稿恢復 recompose variant，匯出離線重開一致 (48.616833ms)
✔ Core5 Repair2 僅改 editorial-index 標題的草稿恢復仍符合 fresh type visual (40.212292ms)
✔ legacy keyPoints deterministic backfill，合法 explicit IDs 原樣保留 (3.463291ms)
✔ caller-supplied invalid identity 在 sanitizer 前 fail loud (0.553333ms)
✔ renderer 對 directly operable roots 輸出 slide-local unique element identity (9.388459ms)
✔ edit-text descriptor 完整宣告 bounded metadata (0.210834ms)
✔ executeOperation 只依 stable target pair 編輯文字並 fail loud (3.753375ms)
✔ legacy non-pattern 與 201+ 字元 slideId 仍可走 Node/browser operation path (10.887791ms)
✔ 對抗性 long component／keyPoint IDs 仍解析為 bounded unique identity 並可 round-trip (9.435875ms)
✔ descriptor metadata 深層 immutable，mutation 不可擴張 enforcement allowlist (5.062416ms)
✔ legacy component ID 與 role／point canonical IDs 可同名但 element identity 不碰撞 (7.052583ms)
✔ legacy adapters、duplicate 與 export/reopen 共用 canonical identity (8.138125ms)
✔ Node absolute move/resize 僅改 canonical override，content edit 保留 (6.971208ms)
✔ Node invalid 全部 fail loud 且 state 原子性 (4.950042ms)
✔ Node descriptors 深度 immutable 且 allowlist 無法擴權 (0.385917ms)
✔ browser API VM absolute move/resize 僅改 canonical override，content edit 保留 (28.006459ms)
✔ browser API VM invalid 全部 fail loud 且 state 原子性 (25.334ms)
✔ browser API VM descriptors 深度 immutable 且 allowlist 無法擴權 (4.622167ms)
✔ legacy sanitizer/render/export/recipient 不引入 optional 欄位 (7.869875ms)
✔ canonical geometry renderer/recipient round-trip 與 viewport 無關 (6.570875ms)
✔ sanitizer 拒絕非法 geometry，cleanup orphan，duplicate/delete 不共享 (2.27275ms)
✔ Node 合法 constructor ID 與非 slot component 走 own-property override (10.515792ms)
✔ Node safe-area 精確邊界／integer 非 grid 值不 clamp (1.131375ms)
✔ browser API VM 合法 constructor ID 與非 slot component 走 own-property override (17.225166ms)
✔ browser API VM safe-area 精確邊界／integer 非 grid 值不 clamp (8.282792ms)
✔ legacy component patch 保留 geometry；sanitizer 移除失效 component override (1.183083ms)
✔ S1 fixture 以 Typography Hero 延伸 10 頁同一視覺世界 (3.485875ms)
✔ Typography Hero renderer 保留語意內容並輸出可辨識 visual-world hooks (15.341208ms)
✔ S1 涵蓋指定的七種判讀頁型 (0.141709ms)
✔ S1-R1 只替五張弱頁加入 bounded type-as-visual anchor (6.554166ms)
✔ S2 只切換 Style，保留相同頁序、CompositionSpec 與內容雜湊 (2.042917ms)
✔ Information Led 使用同一 renderer seam，輸出獨立 visual world 與真實語意 anchor (11.7825ms)
✔ Information Led 不以換色冒充 Style portability (13.507666ms)
ℹ tests 53
ℹ suites 0
ℹ pass 53
ℹ fail 0
ℹ cancelled 0
ℹ skipped 0
ℹ todo 0
ℹ duration_ms 744.294541
