✔ Core5 Reset Node 僅回復指定 slide 的 edit-start baseline，取消與 stale 不變 (24.287958ms)
✔ Core5 Reset portable 元件增刪與標題改動整頁回復，Undo／Redo 同步 DOM (335.676209ms)
✔ Core5 Reset UI 明列清除範圍；取消不變，確認後只重設本頁 (72.959083ms)
✔ Core5 Recompose UI 明列取代範圍；取消不變，確認後只清明示字級 (77.399541ms)
✔ Core5 Reset DOM replacement 後故障須回退 canonical／DOM／history／revision (63.250833ms)
✔ Core5 Reset 成功後草稿與 export/reopen 均是 baseline (85.884334ms)
✔ Core5 Node recompose 保留未列 overrides／content，並可 Undo／Redo (3.001333ms)
✔ Core5 Node 只取代明示 overrides；stale／錯 deck／scope／primitive／slots／unsupported variant fail closed (2.70975ms)
✔ Core5 portable recompose 投影 class／geometry／typography，Undo／Redo 與 export/reopen 一致 (149.68825ms)
✔ Core5 明示清除 geometry override 會同步移除 portable 投影 (73.108542ms)
✔ Core5 Repair1 title-points geometry-only component 清除時須拒絕，避免 DOM 留殘影 (31.817584ms)
✔ Core5 Repair1 component-focus 非 slot 元件同樣拒絕清除；slot 元件仍可清除 (2.175042ms)
✔ Core5 title-points 既有 CSS variant 可由 Node canonical 與 renderer 重開 (7.293ms)
✔ Core5 Repair2 title-points editorial-index→dense-ledger 的 live type visual 等於 fresh renderer (80.474ms)
✔ Core5 Repair2 標題 edit-text 後 type visual 與 fresh renderer 一致，且仍可 recompose／Undo／Redo (120.720625ms)
✔ Core5 Repair2 標題 edit-text 的 type visual 投影故障會回退 canonical／DOM／history (23.2295ms)
✔ Core5 Repair2 evidence-axis chart token 與 fresh renderer 相同 (38.740584ms)
✔ Core5 Repair2 舊 type visual 更新後拋錯須完整回退 DOM／canonical／history (24.008416ms)
✔ Core5 Repair2 Undo 移除 type visual 後拋錯須保留已提交狀態與 cursor (65.037416ms)
✔ Core5 portable 驗證／投影故障不改 canonical、DOM、history、revision (38.201583ms)
✔ Core5 portable 草稿恢復 recompose variant，匯出離線重開一致 (107.876ms)
✔ Core5 Repair2 僅改 editorial-index 標題的草稿恢復仍符合 fresh type visual (86.5505ms)
✔ legacy keyPoints deterministic backfill，合法 explicit IDs 原樣保留 (12.534417ms)
✔ caller-supplied invalid identity 在 sanitizer 前 fail loud (1.778417ms)
✔ renderer 對 directly operable roots 輸出 slide-local unique element identity (54.235917ms)
✔ edit-text descriptor 完整宣告 bounded metadata (1.739292ms)
✔ executeOperation 只依 stable target pair 編輯文字並 fail loud (10.893292ms)
✔ legacy non-pattern 與 201+ 字元 slideId 仍可走 Node/browser operation path (26.229833ms)
✔ 對抗性 long component／keyPoint IDs 仍解析為 bounded unique identity 並可 round-trip (21.647458ms)
✔ descriptor metadata 深層 immutable，mutation 不可擴張 enforcement allowlist (32.362125ms)
✔ legacy component ID 與 role／point canonical IDs 可同名但 element identity 不碰撞 (29.39375ms)
✔ legacy adapters、duplicate 與 export/reopen 共用 canonical identity (39.274125ms)
✔ Node absolute move/resize 僅改 canonical override，content edit 保留 (22.867416ms)
✔ Node invalid 全部 fail loud 且 state 原子性 (39.693791ms)
✔ Node descriptors 深度 immutable 且 allowlist 無法擴權 (1.749042ms)
✔ browser API VM absolute move/resize 僅改 canonical override，content edit 保留 (115.481084ms)
✔ browser API VM invalid 全部 fail loud 且 state 原子性 (118.597541ms)
✔ browser API VM descriptors 深度 immutable 且 allowlist 無法擴權 (13.971917ms)
✔ legacy sanitizer/render/export/recipient 不引入 optional 欄位 (22.45075ms)
✔ canonical geometry renderer/recipient round-trip 與 viewport 無關 (20.849083ms)
✔ sanitizer 拒絕非法 geometry，cleanup orphan，duplicate/delete 不共享 (7.254209ms)
✔ Node 合法 constructor ID 與非 slot component 走 own-property override (36.481375ms)
✔ Node safe-area 精確邊界／integer 非 grid 值不 clamp (3.043667ms)
✔ browser API VM 合法 constructor ID 與非 slot component 走 own-property override (52.363666ms)
✔ browser API VM safe-area 精確邊界／integer 非 grid 值不 clamp (23.780125ms)
✔ legacy component patch 保留 geometry；sanitizer 移除失效 component override (3.626958ms)
ℹ tests 46
ℹ suites 0
ℹ pass 46
ℹ fail 0
ℹ cancelled 0
ℹ skipped 0
ℹ todo 0
ℹ duration_ms 1863.820083
