
DevTools listening on ws://127.0.0.1:50762/devtools/browser/b55afe5b-2292-471d-b512-e5e5e93a17c1
Trying to load the allocator multiple times. This is *not* supported.
[51690:19841912:0922/172048.813085:ERROR:ui/display/mac/cv_display_link_mac.mm:195] CVDisplayLinkCreateWithCGDisplay failed. CVReturn: -6670
[51690:19841912:0922/172048.814496:ERROR:ui/display/mac/cv_display_link_mac.mm:195] CVDisplayLinkCreateWithCGDisplay failed. CVReturn: -6670
[51690:19841912:0922/172048.817125:ERROR:ui/display/mac/cv_display_link_mac.mm:195] CVDisplayLinkCreateWithCGDisplay failed. CVReturn: -6670
[51690:19841912:0922/172048.817255:ERROR:ui/display/mac/cv_display_link_mac.mm:195] CVDisplayLinkCreateWithCGDisplay failed. CVReturn: -6670
[51690:19841912:0922/172048.817347:ERROR:ui/display/mac/cv_display_link_mac.mm:195] CVDisplayLinkCreateWithCGDisplay failed. CVReturn: -6670
[51690:19841912:0922/172048.817433:ERROR:ui/display/mac/cv_display_link_mac.mm:195] CVDisplayLinkCreateWithCGDisplay failed. CVReturn: -6670
[51681:19841882:0922/172051.203378:ERROR:google_apis/gcm/engine/registration_request.cc:291] Registration response error message: DEPRECATED_ENDPOINT
[51804:19842637:0922/172107.150850:VERBOSE1:chrome/updater/updater.cc:374] Version: 152.0.7933.0, opt, ARM_64, command line: /Users/matt/Library/Application Support/Google/GoogleUpdater/152.0.7933.0/GoogleUpdater.app/Contents/MacOS/GoogleUpdater --wake-all --enable-logging --vmodule=*/components/update_client/*=2,*/chrome/enterprise_companion/*=2,*/chrome/updater/*=2
[51804:19842637:0922/172107.151581:VERBOSE1:chrome/updater/updater.cc:377] OS version: 26.6.2, arch: arm64, System uptime (seconds): 616084, parent pid: 51681
[51804:19842637:0922/172107.153416:VERBOSE1:chrome/updater/updater.cc:382] Available disk space in install directory (/Users/matt/Library/Application Support/Google/GoogleUpdater): 64671236096B (60.230GiB) / 494384795648B (460.432GiB)
[51804:19842637:0922/172107.153433:VERBOSE1:chrome/updater/updater.cc:386] Available disk space in temporary directory (/var/folders/f8/fv8s94z92kb9dkshb8rr5d7m0000gn/T/): 64671236096B (60.230GiB) / 494384795648B (460.432GiB)
[51804:19842637:0922/172107.153501:VERBOSE2:chrome/updater/event_history.cc:265] Emitted a UPDATER_PROCESS START event to the history log
[51806:19842641:0922/172107.162766:VERBOSE1:chrome/updater/updater.cc:374] Version: 152.0.7933.0, opt, ARM_64, command line: /Users/matt/Library/Application Support/Google/GoogleUpdater/152.0.7933.0/GoogleUpdater.app/Contents/MacOS/GoogleUpdater --crash-handler --database=/Users/matt/Library/Application Support/Google/GoogleUpdater/152.0.7933.0/Crashpad --url=https://clients2.google.com/cr/report --annotation=prod=Update4 --annotation=ver=152.0.7933.0 --handshake-fd=6 --enable-logging --vmodule=*/components/update_client/*=2,*/chrome/enterprise_companion/*=2,*/chrome/updater/*=2
[51806:19842641:0922/172107.163272:VERBOSE1:chrome/updater/updater.cc:377] OS version: 26.6.2, arch: arm64, System uptime (seconds): 616084, parent pid: 1
[51806:19842641:0922/172107.164897:VERBOSE1:chrome/updater/updater.cc:382] Available disk space in install directory (/Users/matt/Library/Application Support/Google/GoogleUpdater): 64671232000B (60.230GiB) / 494384795648B (460.432GiB)
[51806:19842641:0922/172107.164913:VERBOSE1:chrome/updater/updater.cc:386] Available disk space in temporary directory (/var/folders/f8/fv8s94z92kb9dkshb8rr5d7m0000gn/T/): 64671232000B (60.230GiB) / 494384795648B (460.432GiB)
[51806:19842641:0922/172107.164987:VERBOSE2:chrome/updater/event_history.cc:265] Emitted a UPDATER_PROCESS START event to the history log
[51804:19842637:0922/172107.165394:VERBOSE1:chrome/updater/crash_reporter.cc:124] Crash handler launched and ready.
[51804:19842637:0922/172107.166066:VERBOSE1:chrome/updater/crash_client.cc:108] Found 0 completed crash reports
[51804:19842637:0922/172107.166142:VERBOSE1:chrome/updater/crash_client.cc:132] Found 0 pending crash reports
[51804:19842637:0922/172107.166219:ERROR:third_party/crashpad/crashpad/util/file/file_io_posix.cc:145] open /Users/matt/Library/Application Support/Google/RLZ/Crashpad/settings.dat: No such file or directory (2)
[51804:19842637:0922/172107.166247:ERROR:third_party/crashpad/crashpad/util/file/file_io_posix.cc:145] open /Users/matt/Library/Application Support/Google/consentOptions/Crashpad/settings.dat: No such file or directory (2)
[51804:19842637:0922/172107.166276:ERROR:third_party/crashpad/crashpad/util/file/file_io_posix.cc:145] open /Users/matt/Library/Application Support/Google/AndroidStudio2025.2.2/Crashpad/settings.dat: No such file or directory (2)
[51804:19842637:0922/172107.166308:ERROR:third_party/crashpad/crashpad/util/file/file_io_posix.cc:145] open /Users/matt/Library/Application Support/Google/ChromeForTesting/Crashpad/settings.dat: No such file or directory (2)
[51804:19842637:0922/172107.166317:ERROR:third_party/crashpad/crashpad/util/file/file_io_posix.cc:145] open /Users/matt/Library/Application Support/Google/Chrome-headless/Crashpad/settings.dat: No such file or directory (2)
[51804:19842637:0922/172107.166330:VERBOSE1:chrome/updater/updater.cc:105] Crash reporting initialized.
[51804:19842649:0922/172107.166599:VERBOSE1:chrome/updater/app/app_wakeall.cc:58] Launching `/Users/matt/Library/Application Support/Google/GoogleUpdater/149.0.7814.0/GoogleUpdater.app/Contents/MacOS/GoogleUpdater --wake`
[51804:19842649:0922/172107.166703:VERBOSE1:chrome/updater/app/app_wakeall.cc:64] `/Users/matt/Library/Application Support/Google/GoogleUpdater/149.0.7814.0/GoogleUpdater.app/Contents/MacOS/GoogleUpdater --wake` process invalid: Undefined error: 0 (0)
[51804:19842649:0922/172107.166718:VERBOSE1:chrome/updater/app/app_wakeall.cc:58] Launching `/Users/matt/Library/Application Support/Google/GoogleUpdater/148.0.7730.0/GoogleUpdater.app/Contents/MacOS/GoogleUpdater --wake`
[51804:19842649:0922/172107.166772:VERBOSE1:chrome/updater/app/app_wakeall.cc:64] `/Users/matt/Library/Application Support/Google/GoogleUpdater/148.0.7730.0/GoogleUpdater.app/Contents/MacOS/GoogleUpdater --wake` process invalid: Undefined error: 0 (0)
[51804:19842649:0922/172107.166793:VERBOSE1:chrome/updater/app/app_wakeall.cc:58] Launching `/Users/matt/Library/Application Support/Google/GoogleUpdater/152.0.7933.0/GoogleUpdater.app/Contents/MacOS/GoogleUpdater --wake`
[51809:19842655:0922/172107.174959:VERBOSE1:chrome/updater/updater.cc:374] Version: 152.0.7933.0, opt, ARM_64, command line: /Users/matt/Library/Application Support/Google/GoogleUpdater/152.0.7933.0/GoogleUpdater.app/Contents/MacOS/GoogleUpdater --wake --enable-logging --vmodule=*/components/update_client/*=2,*/chrome/enterprise_companion/*=2,*/chrome/updater/*=2
[51809:19842655:0922/172107.175495:VERBOSE1:chrome/updater/updater.cc:377] OS version: 26.6.2, arch: arm64, System uptime (seconds): 616084, parent pid: 51804
[51809:19842655:0922/172107.177266:VERBOSE1:chrome/updater/updater.cc:382] Available disk space in install directory (/Users/matt/Library/Application Support/Google/GoogleUpdater): 64671227904B (60.230GiB) / 494384795648B (460.432GiB)
[51809:19842655:0922/172107.177282:VERBOSE1:chrome/updater/updater.cc:386] Available disk space in temporary directory (/var/folders/f8/fv8s94z92kb9dkshb8rr5d7m0000gn/T/): 64671227904B (60.230GiB) / 494384795648B (460.432GiB)
[51809:19842655:0922/172107.177396:VERBOSE2:chrome/updater/event_history.cc:265] Emitted a UPDATER_PROCESS START event to the history log
[51811:19842659:0922/172107.187850:VERBOSE1:chrome/updater/updater.cc:374] Version: 152.0.7933.0, opt, ARM_64, command line: /Users/matt/Library/Application Support/Google/GoogleUpdater/152.0.7933.0/GoogleUpdater.app/Contents/MacOS/GoogleUpdater --crash-handler --database=/Users/matt/Library/Application Support/Google/GoogleUpdater/152.0.7933.0/Crashpad --url=https://clients2.google.com/cr/report --annotation=prod=Update4 --annotation=ver=152.0.7933.0 --handshake-fd=6 --enable-logging --vmodule=*/components/update_client/*=2,*/chrome/enterprise_companion/*=2,*/chrome/updater/*=2
[51811:19842659:0922/172107.188344:VERBOSE1:chrome/updater/updater.cc:377] OS version: 26.6.2, arch: arm64, System uptime (seconds): 616084, parent pid: 1
[51811:19842659:0922/172107.190123:VERBOSE1:chrome/updater/updater.cc:382] Available disk space in install directory (/Users/matt/Library/Application Support/Google/GoogleUpdater): 64671227904B (60.230GiB) / 494384795648B (460.432GiB)
[51811:19842659:0922/172107.190137:VERBOSE1:chrome/updater/updater.cc:386] Available disk space in temporary directory (/var/folders/f8/fv8s94z92kb9dkshb8rr5d7m0000gn/T/): 64671227904B (60.230GiB) / 494384795648B (460.432GiB)
[51811:19842659:0922/172107.190204:VERBOSE2:chrome/updater/event_history.cc:265] Emitted a UPDATER_PROCESS START event to the history log
[51809:19842655:0922/172107.190601:VERBOSE1:chrome/updater/crash_reporter.cc:124] Crash handler launched and ready.
[51809:19842655:0922/172107.191195:VERBOSE1:chrome/updater/crash_client.cc:108] Found 0 completed crash reports
[51809:19842655:0922/172107.191258:VERBOSE1:chrome/updater/crash_client.cc:132] Found 0 pending crash reports
[51809:19842655:0922/172107.191328:ERROR:third_party/crashpad/crashpad/util/file/file_io_posix.cc:145] open /Users/matt/Library/Application Support/Google/RLZ/Crashpad/settings.dat: No such file or directory (2)
[51809:19842655:0922/172107.191340:ERROR:third_party/crashpad/crashpad/util/file/file_io_posix.cc:145] open /Users/matt/Library/Application Support/Google/consentOptions/Crashpad/settings.dat: No such file or directory (2)
[51809:19842655:0922/172107.191366:ERROR:third_party/crashpad/crashpad/util/file/file_io_posix.cc:145] open /Users/matt/Library/Application Support/Google/AndroidStudio2025.2.2/Crashpad/settings.dat: No such file or directory (2)
[51809:19842655:0922/172107.191400:ERROR:third_party/crashpad/crashpad/util/file/file_io_posix.cc:145] open /Users/matt/Library/Application Support/Google/ChromeForTesting/Crashpad/settings.dat: No such file or directory (2)
[51809:19842655:0922/172107.191408:ERROR:third_party/crashpad/crashpad/util/file/file_io_posix.cc:145] open /Users/matt/Library/Application Support/Google/Chrome-headless/Crashpad/settings.dat: No such file or directory (2)
[51809:19842655:0922/172107.191421:VERBOSE1:chrome/updater/updater.cc:105] Crash reporting initialized.
[51809:19842655:0922/172107.191549:VERBOSE1:chrome/updater/ipc/update_service_internal_proxy_mojo.cc:61] Run
[51681:19841882:0922/172115.836111:ERROR:google_apis/gcm/engine/registration_request.cc:291] Registration response error message: DEPRECATED_ENDPOINT
[51809:19842655:0922/172145.201540:VERBOSE1:chrome/updater/app/app.cc:52] Shutdown: 0
[51809:19842655:0922/172145.202134:VERBOSE2:chrome/updater/event_history.cc:265] Emitted a UPDATER_PROCESS END event to the history log
[51809:19842655:0922/172145.202158:VERBOSE1:chrome/updater/updater.cc:419] UpdaterMain (--wake) returned 0.
[51804:19842649:0922/172145.248698:VERBOSE1:chrome/updater/app/app_wakeall.cc:68] `/Users/matt/Library/Application Support/Google/GoogleUpdater/152.0.7933.0/GoogleUpdater.app/Contents/MacOS/GoogleUpdater --wake` exited 0
[51804:19842637:0922/172145.248956:VERBOSE1:chrome/updater/app/app.cc:52] Shutdown: 0
[51804:19842637:0922/172145.249331:VERBOSE2:chrome/updater/event_history.cc:265] Emitted a UPDATER_PROCESS END event to the history log
[51804:19842637:0922/172145.249353:VERBOSE1:chrome/updater/updater.cc:419] UpdaterMain (--wake-all) returned 0.
[51811:19842659:0922/172155.213824:VERBOSE2:chrome/updater/event_history.cc:265] Emitted a UPDATER_PROCESS END event to the history log
[51811:19842659:0922/172155.213857:VERBOSE1:chrome/updater/updater.cc:419] UpdaterMain (--crash-handler) returned 0.
[51806:19842641:0922/172155.214819:VERBOSE2:chrome/updater/event_history.cc:265] Emitted a UPDATER_PROCESS END event to the history log
[51806:19842641:0922/172155.214846:VERBOSE1:chrome/updater/updater.cc:419] UpdaterMain (--crash-handler) returned 0.
[51681:19841882:0922/172157.823989:ERROR:google_apis/gcm/engine/registration_request.cc:291] Registration response error message: DEPRECATED_ENDPOINT
[51690:19841912:0922/172323.609039:ERROR:gpu/command_buffer/service/shared_image/shared_image_manager.cc:395] SharedImageManager::ProduceMemory: Trying to Produce a Memory representation from a non-existent mailbox.
[51690:19841912:0922/172323.609634:ERROR:gpu/command_buffer/service/shared_image/shared_image_manager.cc:395] SharedImageManager::ProduceMemory: Trying to Produce a Memory representation from a non-existent mailbox.
[51690:19841912:0922/172323.609655:ERROR:gpu/command_buffer/service/shared_image/shared_image_manager.cc:395] SharedImageManager::ProduceMemory: Trying to Produce a Memory representation from a non-existent mailbox.
[51690:19841912:0922/172323.609663:ERROR:gpu/command_buffer/service/shared_image/shared_image_manager.cc:395] SharedImageManager::ProduceMemory: Trying to Produce a Memory representation from a non-existent mailbox.
[51690:19841912:0922/172323.609668:ERROR:gpu/command_buffer/service/shared_image/shared_image_manager.cc:395] SharedImageManager::ProduceMemory: Trying to Produce a Memory representation from a non-existent mailbox.
[51690:19841912:0922/172323.609675:ERROR:gpu/command_buffer/service/shared_image/shared_image_manager.cc:395] SharedImageManager::ProduceMemory: Trying to Produce a Memory representation from a non-existent mailbox.
[51690:19841912:0922/172323.609681:ERROR:gpu/command_buffer/service/shared_image/shared_image_manager.cc:395] SharedImageManager::ProduceMemory: Trying to Produce a Memory representation from a non-existent mailbox.
[51681:19841882:0922/172356.977174:ERROR:google_apis/gcm/engine/registration_request.cc:291] Registration response error message: DEPRECATED_ENDPOINT
[51681:19841882:0922/172729.770200:ERROR:google_apis/gcm/engine/registration_request.cc:291] Registration response error message: DEPRECATED_ENDPOINT
