
DevTools listening on ws://127.0.0.1:65368/devtools/browser/a757e36c-099b-40e3-b7da-79623246b19d
Trying to load the allocator multiple times. This is *not* supported.
[11946:18158284:0921/183727.853255:ERROR:ui/display/mac/cv_display_link_mac.mm:195] CVDisplayLinkCreateWithCGDisplay failed. CVReturn: -6670
[11946:18158284:0921/183727.853877:ERROR:ui/display/mac/cv_display_link_mac.mm:195] CVDisplayLinkCreateWithCGDisplay failed. CVReturn: -6670
[11946:18158284:0921/183727.854159:ERROR:ui/display/mac/cv_display_link_mac.mm:195] CVDisplayLinkCreateWithCGDisplay failed. CVReturn: -6670
[11946:18158284:0921/183727.854254:ERROR:ui/display/mac/cv_display_link_mac.mm:195] CVDisplayLinkCreateWithCGDisplay failed. CVReturn: -6670
[11946:18158284:0921/183727.854358:ERROR:ui/display/mac/cv_display_link_mac.mm:195] CVDisplayLinkCreateWithCGDisplay failed. CVReturn: -6670
[11946:18158284:0921/183727.858439:ERROR:ui/display/mac/cv_display_link_mac.mm:195] CVDisplayLinkCreateWithCGDisplay failed. CVReturn: -6670
[11939:18158226:0921/183730.082286:ERROR:google_apis/gcm/engine/registration_request.cc:291] Registration response error message: DEPRECATED_ENDPOINT
[12114:18159477:0921/183746.462728:VERBOSE1:chrome/updater/updater.cc:374] Version: 152.0.7933.0, opt, ARM_64, command line: /Users/matt/Library/Application Support/Google/GoogleUpdater/152.0.7933.0/GoogleUpdater.app/Contents/MacOS/GoogleUpdater --wake-all --enable-logging --vmodule=*/components/update_client/*=2,*/chrome/enterprise_companion/*=2,*/chrome/updater/*=2
[12114:18159477:0921/183746.463672:VERBOSE1:chrome/updater/updater.cc:377] OS version: 26.6.2, arch: arm64, System uptime (seconds): 560752, parent pid: 11939
[12114:18159477:0921/183746.466382:VERBOSE1:chrome/updater/updater.cc:382] Available disk space in install directory (/Users/matt/Library/Application Support/Google/GoogleUpdater): 65628028928B (61.121GiB) / 494384795648B (460.432GiB)
[12114:18159477:0921/183746.466403:VERBOSE1:chrome/updater/updater.cc:386] Available disk space in temporary directory (/var/folders/f8/fv8s94z92kb9dkshb8rr5d7m0000gn/T/): 65628028928B (61.121GiB) / 494384795648B (460.432GiB)
[12114:18159477:0921/183746.466484:VERBOSE2:chrome/updater/event_history.cc:265] Emitted a UPDATER_PROCESS START event to the history log
[12116:18159481:0921/183746.481445:VERBOSE1:chrome/updater/updater.cc:374] Version: 152.0.7933.0, opt, ARM_64, command line: /Users/matt/Library/Application Support/Google/GoogleUpdater/152.0.7933.0/GoogleUpdater.app/Contents/MacOS/GoogleUpdater --crash-handler --database=/Users/matt/Library/Application Support/Google/GoogleUpdater/152.0.7933.0/Crashpad --url=https://clients2.google.com/cr/report --annotation=prod=Update4 --annotation=ver=152.0.7933.0 --handshake-fd=6 --enable-logging --vmodule=*/components/update_client/*=2,*/chrome/enterprise_companion/*=2,*/chrome/updater/*=2
[12116:18159481:0921/183746.482166:VERBOSE1:chrome/updater/updater.cc:377] OS version: 26.6.2, arch: arm64, System uptime (seconds): 560752, parent pid: 1
[12116:18159481:0921/183746.484411:VERBOSE1:chrome/updater/updater.cc:382] Available disk space in install directory (/Users/matt/Library/Application Support/Google/GoogleUpdater): 65628024832B (61.121GiB) / 494384795648B (460.432GiB)
[12116:18159481:0921/183746.484429:VERBOSE1:chrome/updater/updater.cc:386] Available disk space in temporary directory (/var/folders/f8/fv8s94z92kb9dkshb8rr5d7m0000gn/T/): 65628024832B (61.121GiB) / 494384795648B (460.432GiB)
[12116:18159481:0921/183746.484515:VERBOSE2:chrome/updater/event_history.cc:265] Emitted a UPDATER_PROCESS START event to the history log
[12114:18159477:0921/183746.485120:VERBOSE1:chrome/updater/crash_reporter.cc:124] Crash handler launched and ready.
[12114:18159477:0921/183746.485964:VERBOSE1:chrome/updater/crash_client.cc:108] Found 0 completed crash reports
[12114:18159477:0921/183746.486144:VERBOSE1:chrome/updater/crash_client.cc:132] Found 0 pending crash reports
[12114:18159477:0921/183746.486258:ERROR:third_party/crashpad/crashpad/util/file/file_io_posix.cc:145] open /Users/matt/Library/Application Support/Google/RLZ/Crashpad/settings.dat: No such file or directory (2)
[12114:18159477:0921/183746.486293:ERROR:third_party/crashpad/crashpad/util/file/file_io_posix.cc:145] open /Users/matt/Library/Application Support/Google/consentOptions/Crashpad/settings.dat: No such file or directory (2)
[12114:18159477:0921/183746.486331:ERROR:third_party/crashpad/crashpad/util/file/file_io_posix.cc:145] open /Users/matt/Library/Application Support/Google/AndroidStudio2025.2.2/Crashpad/settings.dat: No such file or directory (2)
[12114:18159477:0921/183746.486372:ERROR:third_party/crashpad/crashpad/util/file/file_io_posix.cc:145] open /Users/matt/Library/Application Support/Google/ChromeForTesting/Crashpad/settings.dat: No such file or directory (2)
[12114:18159477:0921/183746.486383:ERROR:third_party/crashpad/crashpad/util/file/file_io_posix.cc:145] open /Users/matt/Library/Application Support/Google/Chrome-headless/Crashpad/settings.dat: No such file or directory (2)
[12114:18159477:0921/183746.486398:VERBOSE1:chrome/updater/updater.cc:105] Crash reporting initialized.
[12114:18159489:0921/183746.486779:VERBOSE1:chrome/updater/app/app_wakeall.cc:58] Launching `/Users/matt/Library/Application Support/Google/GoogleUpdater/149.0.7814.0/GoogleUpdater.app/Contents/MacOS/GoogleUpdater --wake`
[12114:18159489:0921/183746.486957:VERBOSE1:chrome/updater/app/app_wakeall.cc:64] `/Users/matt/Library/Application Support/Google/GoogleUpdater/149.0.7814.0/GoogleUpdater.app/Contents/MacOS/GoogleUpdater --wake` process invalid: Undefined error: 0 (0)
[12114:18159489:0921/183746.486998:VERBOSE1:chrome/updater/app/app_wakeall.cc:58] Launching `/Users/matt/Library/Application Support/Google/GoogleUpdater/148.0.7730.0/GoogleUpdater.app/Contents/MacOS/GoogleUpdater --wake`
[12114:18159489:0921/183746.487075:VERBOSE1:chrome/updater/app/app_wakeall.cc:64] `/Users/matt/Library/Application Support/Google/GoogleUpdater/148.0.7730.0/GoogleUpdater.app/Contents/MacOS/GoogleUpdater --wake` process invalid: Undefined error: 0 (0)
[12114:18159489:0921/183746.487089:VERBOSE1:chrome/updater/app/app_wakeall.cc:58] Launching `/Users/matt/Library/Application Support/Google/GoogleUpdater/152.0.7933.0/GoogleUpdater.app/Contents/MacOS/GoogleUpdater --wake`
[12119:18159495:0921/183746.496998:VERBOSE1:chrome/updater/updater.cc:374] Version: 152.0.7933.0, opt, ARM_64, command line: /Users/matt/Library/Application Support/Google/GoogleUpdater/152.0.7933.0/GoogleUpdater.app/Contents/MacOS/GoogleUpdater --wake --enable-logging --vmodule=*/components/update_client/*=2,*/chrome/enterprise_companion/*=2,*/chrome/updater/*=2
[12119:18159495:0921/183746.497574:VERBOSE1:chrome/updater/updater.cc:377] OS version: 26.6.2, arch: arm64, System uptime (seconds): 560752, parent pid: 12114
[12119:18159495:0921/183746.499702:VERBOSE1:chrome/updater/updater.cc:382] Available disk space in install directory (/Users/matt/Library/Application Support/Google/GoogleUpdater): 65627955200B (61.121GiB) / 494384795648B (460.432GiB)
[12119:18159495:0921/183746.499717:VERBOSE1:chrome/updater/updater.cc:386] Available disk space in temporary directory (/var/folders/f8/fv8s94z92kb9dkshb8rr5d7m0000gn/T/): 65627955200B (61.121GiB) / 494384795648B (460.432GiB)
[12119:18159495:0921/183746.499795:VERBOSE2:chrome/updater/event_history.cc:265] Emitted a UPDATER_PROCESS START event to the history log
[12121:18159499:0921/183746.512581:VERBOSE1:chrome/updater/updater.cc:374] Version: 152.0.7933.0, opt, ARM_64, command line: /Users/matt/Library/Application Support/Google/GoogleUpdater/152.0.7933.0/GoogleUpdater.app/Contents/MacOS/GoogleUpdater --crash-handler --database=/Users/matt/Library/Application Support/Google/GoogleUpdater/152.0.7933.0/Crashpad --url=https://clients2.google.com/cr/report --annotation=prod=Update4 --annotation=ver=152.0.7933.0 --handshake-fd=6 --enable-logging --vmodule=*/components/update_client/*=2,*/chrome/enterprise_companion/*=2,*/chrome/updater/*=2
[12121:18159499:0921/183746.513106:VERBOSE1:chrome/updater/updater.cc:377] OS version: 26.6.2, arch: arm64, System uptime (seconds): 560752, parent pid: 1
[12121:18159499:0921/183746.515187:VERBOSE1:chrome/updater/updater.cc:382] Available disk space in install directory (/Users/matt/Library/Application Support/Google/GoogleUpdater): 65627955200B (61.121GiB) / 494384795648B (460.432GiB)
[12121:18159499:0921/183746.515203:VERBOSE1:chrome/updater/updater.cc:386] Available disk space in temporary directory (/var/folders/f8/fv8s94z92kb9dkshb8rr5d7m0000gn/T/): 65627955200B (61.121GiB) / 494384795648B (460.432GiB)
[12121:18159499:0921/183746.515292:VERBOSE2:chrome/updater/event_history.cc:265] Emitted a UPDATER_PROCESS START event to the history log
[12119:18159495:0921/183746.515907:VERBOSE1:chrome/updater/crash_reporter.cc:124] Crash handler launched and ready.
[12119:18159495:0921/183746.516778:VERBOSE1:chrome/updater/crash_client.cc:108] Found 0 completed crash reports
[12119:18159495:0921/183746.516859:VERBOSE1:chrome/updater/crash_client.cc:132] Found 0 pending crash reports
[12119:18159495:0921/183746.516950:ERROR:third_party/crashpad/crashpad/util/file/file_io_posix.cc:145] open /Users/matt/Library/Application Support/Google/RLZ/Crashpad/settings.dat: No such file or directory (2)
[12119:18159495:0921/183746.516964:ERROR:third_party/crashpad/crashpad/util/file/file_io_posix.cc:145] open /Users/matt/Library/Application Support/Google/consentOptions/Crashpad/settings.dat: No such file or directory (2)
[12119:18159495:0921/183746.516998:ERROR:third_party/crashpad/crashpad/util/file/file_io_posix.cc:145] open /Users/matt/Library/Application Support/Google/AndroidStudio2025.2.2/Crashpad/settings.dat: No such file or directory (2)
[12119:18159495:0921/183746.517130:ERROR:third_party/crashpad/crashpad/util/file/file_io_posix.cc:145] open /Users/matt/Library/Application Support/Google/ChromeForTesting/Crashpad/settings.dat: No such file or directory (2)
[12119:18159495:0921/183746.517143:ERROR:third_party/crashpad/crashpad/util/file/file_io_posix.cc:145] open /Users/matt/Library/Application Support/Google/Chrome-headless/Crashpad/settings.dat: No such file or directory (2)
[12119:18159495:0921/183746.517158:VERBOSE1:chrome/updater/updater.cc:105] Crash reporting initialized.
[12119:18159495:0921/183746.517338:VERBOSE1:chrome/updater/ipc/update_service_internal_proxy_mojo.cc:61] Run
[11939:18158226:0921/183756.806416:ERROR:google_apis/gcm/engine/connection_factory_impl.cc:484] ConnectionHandler failed with net error: -2
[11939:18158144:0921/183756.831843:ERROR:content/browser/gpu/gpu_process_host.cc:1054] GPU process exited unexpectedly: exit_code=15
[11939:18158144:0921/183756.944020:ERROR:content/browser/network_service_instance_impl.cc:655] Network service crashed or was terminated, restarting service.
[12191:18159873:0921/183757.039654:ERROR:base/apple/mach_port_rendezvous_mac.cc:256] bootstrap_look_up com.google.Chrome.MachPortRendezvousServer.1: Unknown service name (1102)
[12191:18159873:0921/183757.040411:ERROR:base/memory/shared_memory_switch.cc:261] No rendezvous client, terminating process (parent died?)
