TAP version 13
# Subtest: S15 markup／bootstrap 有 label、focusable status、無 UTF16 maxlength
ok 1 - S15 markup／bootstrap 有 label、focusable status、無 UTF16 maxlength
  ---
  duration_ms: 1.97825
  type: 'test'
  ...
# Subtest: S15 mounted 精確文字／empty=false／固定 geometry／一次 revision／舊 root 保留
ok 2 - S15 mounted 精確文字／empty=false／固定 geometry／一次 revision／舊 root 保留
  ---
  duration_ms: 30.912958
  type: 'test'
  ...
# Subtest: S15 mounted 精確文字／empty=true／固定 geometry／一次 revision／舊 root 保留
ok 3 - S15 mounted 精確文字／empty=true／固定 geometry／一次 revision／舊 root 保留
  ---
  duration_ms: 12.436959
  type: 'test'
  ...
# Subtest: S15 cancel 為 no-op、清 draft、focus 與重開
ok 4 - S15 cancel 為 no-op、清 draft、focus 與重開
  ---
  duration_ms: 14.167167
  type: 'test'
  ...
# Subtest: S15 escape 為 no-op、清 draft、focus 與重開
ok 5 - S15 escape 為 no-op、清 draft、focus 與重開
  ---
  duration_ms: 13.381625
  type: 'test'
  ...
# Subtest: S15 close 為 no-op、清 draft、focus 與重開
ok 6 - S15 close 為 no-op、清 draft、focus 與重開
  ---
  duration_ms: 12.024125
  type: 'test'
  ...
# Subtest: S15 invalid 保留 draft/status/focus；500 emoji 與空白可修正再提交
ok 7 - S15 invalid 保留 draft/status/focus；500 emoji 與空白可修正再提交
  ---
  duration_ms: 12.525291
  type: 'test'
  ...
# Subtest: S15 synthetic composition 不搶 submit/Escape，Enter 不提交，focusout 不提交
ok 8 - S15 synthetic composition 不搶 submit/Escape，Enter 不提交，focusout 不提交
  ---
  duration_ms: 10.844458
  type: 'test'
  ...
# Subtest: S15 target invalidation page 不插入錯頁
ok 9 - S15 target invalidation page 不插入錯頁
  ---
  duration_ms: 11.322416
  type: 'test'
  ...
# Subtest: S15 target invalidation focusin 不插入錯頁
ok 10 - S15 target invalidation focusin 不插入錯頁
  ---
  duration_ms: 10.798417
  type: 'test'
  ...
# Subtest: S15 target invalidation mode 不插入錯頁
ok 11 - S15 target invalidation mode 不插入錯頁
  ---
  duration_ms: 9.896666
  type: 'test'
  ...
# Subtest: S15 target invalidation selection 不插入錯頁
ok 12 - S15 target invalidation selection 不插入錯頁
  ---
  duration_ms: 10.09775
  type: 'test'
  ...
# Subtest: S15 target invalidation clear 不插入錯頁
ok 13 - S15 target invalidation clear 不插入錯頁
  ---
  duration_ms: 8.979916
  type: 'test'
  ...
# Subtest: S15 target invalidation destroy 不插入錯頁
ok 14 - S15 target invalidation destroy 不插入錯頁
  ---
  duration_ms: 12.909083
  type: 'test'
  ...
# Subtest: S15 target invalidation removed 不插入錯頁
ok 15 - S15 target invalidation removed 不插入錯頁
  ---
  duration_ms: 9.090292
  type: 'test'
  ...
# Subtest: S15 target invalidation rebuilt 不插入錯頁
ok 16 - S15 target invalidation rebuilt 不插入錯頁
  ---
  duration_ms: 9.09925
  type: 'test'
  ...
# Subtest: S15 target invalidation duplicate-root 不插入錯頁
ok 17 - S15 target invalidation duplicate-root 不插入錯頁
  ---
  duration_ms: 9.217458
  type: 'test'
  ...
# Subtest: S15 target invalidation duplicate-slide 不插入錯頁
ok 18 - S15 target invalidation duplicate-slide 不插入錯頁
  ---
  duration_ms: 8.793917
  type: 'test'
  ...
# Subtest: S15 submit 時讀 canonical 第一個空缺，跨 type namespace，無 draft 整份序列化
ok 19 - S15 submit 時讀 canonical 第一個空缺，跨 type namespace，無 draft 整份序列化
  ---
  duration_ms: 13.381792
  type: 'test'
  ...
# Subtest: S15 showModal throw 回收、reentrant submit 只一次、gesture cancel 不 commit
ok 20 - S15 showModal throw 回收、reentrant submit 只一次、gesture cancel 不 commit
  ---
  duration_ms: 13.230625
  type: 'test'
  ...
# Subtest: S15 chooser 互斥、busy 與 dialog 期間 image controls 禁用
ok 21 - S15 chooser 互斥、busy 與 dialog 期間 image controls 禁用
  ---
  duration_ms: 14.519333
  type: 'test'
  ...
# Subtest: S15 export 不提交 draft、無 dialog/transient；offline mounted bootstrap 可再插／S14 edit
ok 22 - S15 export 不提交 draft、無 dialog/transient；offline mounted bootstrap 可再插／S14 edit
  ---
  duration_ms: 29.386375
  type: 'test'
  ...
1..22
# tests 22
# suites 0
# pass 22
# fail 0
# cancelled 0
# skipped 0
# todo 0
# duration_ms 397.156792
