TAP version 13
# Subtest: S8 focusin 換頁清 selection，方向鍵不得修改上一頁 canonical
ok 1 - S8 focusin 換頁清 selection，方向鍵不得修改上一頁 canonical
  ---
  duration_ms: 81.410625
  type: 'test'
  ...
# Subtest: S8 同頁 focusin 保留 selection，跨頁 focusin 清除多選
ok 2 - S8 同頁 focusin 保留 selection，跨頁 focusin 清除多選
  ---
  duration_ms: 23.514625
  type: 'test'
  ...
# Subtest: S8 plain/Shift click 與 marquee 共用單一 editor-local selection state
ok 3 - S8 plain/Shift click 與 marquee 共用單一 editor-local selection state
  ---
  duration_ms: 16.035667
  type: 'test'
  ...
# Subtest: S8 export clone-only 清除 Selecto/selection chrome，live selection 保持
ok 4 - S8 export clone-only 清除 Selecto/selection chrome，live selection 保持
  ---
  duration_ms: 15.540375
  type: 'test'
  ...
# Subtest: S8 Escape/blur/mode teardown 清 selection，重複 destroy idempotent
ok 5 - S8 Escape/blur/mode teardown 清 selection，重複 destroy idempotent
  ---
  duration_ms: 22.953833
  type: 'test'
  ...
# Subtest: S8 selection replace/toggle 去重並依 DOM order 穩定
ok 6 - S8 selection replace/toggle 去重並依 DOM order 穩定
  ---
  duration_ms: 1.882917
  type: 'test'
  ...
# Subtest: S8 editor-local state 0/1/>1 lifecycle 不產生 canonical mutation
ok 7 - S8 editor-local state 0/1/>1 lifecycle 不產生 canonical mutation
  ---
  duration_ms: 0.668583
  type: 'test'
  ...
# Subtest: S8 disabled state 拒絕 selection mutation
ok 8 - S8 disabled state 拒絕 selection mutation
  ---
  duration_ms: 0.090291
  type: 'test'
  ...
# Subtest: S8 Selecto pinned vendor/hash/license/integrity 全部吻合
ok 9 - S8 Selecto pinned vendor/hash/license/integrity 全部吻合
  ---
  duration_ms: 3.402833
  type: 'test'
  ...
# Subtest: S8 portable 內嵌 Selecto vendor/license 且無 CDN
ok 10 - S8 portable 內嵌 Selecto vendor/license 且無 CDN
  ---
  duration_ms: 24.077917
  type: 'test'
  ...
# Subtest: WP2-S1 text mode 只開放 title/subtitle/keyPoint，component 不取得 direct-edit authority
ok 11 - WP2-S1 text mode 只開放 title/subtitle/keyPoint，component 不取得 direct-edit authority
  ---
  duration_ms: 39.419667
  type: 'test'
  ...
# Subtest: WP2-S1 blur / 完成編輯以 edit-text commit，preserve 其他 canonical scopes
ok 12 - WP2-S1 blur / 完成編輯以 edit-text commit，preserve 其他 canonical scopes
  ---
  duration_ms: 11.049417
  type: 'test'
  ...
# Subtest: WP2-S1 IME composition 期間 export fail loud，compositionend 才提交完整文字
ok 13 - WP2-S1 IME composition 期間 export fail loud，compositionend 才提交完整文字
  ---
  duration_ms: 13.17525
  type: 'test'
  ...
# Subtest: WP2-S1 IME 未完成時切到 layout 只取消 partial DOM，不提交 canonical
ok 14 - WP2-S1 IME 未完成時切到 layout 只取消 partial DOM，不提交 canonical
  ---
  duration_ms: 10.470375
  type: 'test'
  ...
# Subtest: WP2-S1 Escape 還原未提交 DOM，雙擊合法文字直接進 edit mode
ok 15 - WP2-S1 Escape 還原未提交 DOM，雙擊合法文字直接進 edit mode
  ---
  duration_ms: 9.407625
  type: 'test'
  ...
# Subtest: WP2-S1 export/reopen 使用 canonical committed text 且不輸出 contenteditable
ok 16 - WP2-S1 export/reopen 使用 canonical committed text 且不輸出 contenteditable
  ---
  duration_ms: 10.035917
  type: 'test'
  ...
# Subtest: S10 public mounted layout 插圖：無 image、固定 geometry／fit／檔名、一次 revision
ok 17 - S10 public mounted layout 插圖：無 image、固定 geometry／fit／檔名、一次 revision
  ---
  duration_ms: 52.759209
  type: 'test'
  ...
# Subtest: S10 empty selection 均可用；play/edit/teardown 關閉入口
ok 18 - S10 empty selection 均可用；play/edit/teardown 關閉入口
  ---
  duration_ms: 26.2355
  type: 'test'
  ...
# Subtest: S10 text selection 均可用；play/edit/teardown 關閉入口
ok 19 - S10 text selection 均可用；play/edit/teardown 關閉入口
  ---
  duration_ms: 30.617667
  type: 'test'
  ...
# Subtest: S10 image selection 均可用；play/edit/teardown 關閉入口
ok 20 - S10 image selection 均可用；play/edit/teardown 關閉入口
  ---
  duration_ms: 13.315541
  type: 'test'
  ...
# Subtest: S10 multi selection 均可用；play/edit/teardown 關閉入口
ok 21 - S10 multi selection 均可用；play/edit/teardown 關閉入口
  ---
  duration_ms: 36.462333
  type: 'test'
  ...
# Subtest: S10 gesture 取消不 commit，capture→blur→change，snap=false
ok 22 - S10 gesture 取消不 commit，capture→blur→change，snap=false
  ---
  duration_ms: 21.124208
  type: 'test'
  ...
# Subtest: S10 gesture 取消不 commit，capture→blur→change，snap=true
ok 23 - S10 gesture 取消不 commit，capture→blur→change，snap=true
  ---
  duration_ms: 34.335917
  type: 'test'
  ...
# Subtest: S10 slide 取消未 change snapshot
ok 24 - S10 slide 取消未 change snapshot
  ---
  duration_ms: 22.8885
  type: 'test'
  ...
# Subtest: S10 focusin 取消未 change snapshot
ok 25 - S10 focusin 取消未 change snapshot
  ---
  duration_ms: 14.32775
  type: 'test'
  ...
# Subtest: S10 mode 取消未 change snapshot
ok 26 - S10 mode 取消未 change snapshot
  ---
  duration_ms: 16.638208
  type: 'test'
  ...
# Subtest: S10 selection 取消未 change snapshot
ok 27 - S10 selection 取消未 change snapshot
  ---
  duration_ms: 25.586417
  type: 'test'
  ...
# Subtest: S10 same-selection 取消未 change snapshot
ok 28 - S10 same-selection 取消未 change snapshot
  ---
  duration_ms: 28.233959
  type: 'test'
  ...
# Subtest: S10 marquee 取消未 change snapshot
ok 29 - S10 marquee 取消未 change snapshot
  ---
  duration_ms: 17.838833
  type: 'test'
  ...
# Subtest: S10 empty-marquee 取消未 change snapshot
ok 30 - S10 empty-marquee 取消未 change snapshot
  ---
  duration_ms: 23.691
  type: 'test'
  ...
# Subtest: S10 clear 取消未 change snapshot
ok 31 - S10 clear 取消未 change snapshot
  ---
  duration_ms: 17.699125
  type: 'test'
  ...
# Subtest: S10 destroy 取消未 change snapshot
ok 32 - S10 destroy 取消未 change snapshot
  ---
  duration_ms: 17.340875
  type: 'test'
  ...
# Subtest: S10 delete 取消未 change snapshot
ok 33 - S10 delete 取消未 change snapshot
  ---
  duration_ms: 21.623917
  type: 'test'
  ...
# Subtest: S10 pointer 取消未 change snapshot
ok 34 - S10 pointer 取消未 change snapshot
  ---
  duration_ms: 17.374625
  type: 'test'
  ...
# Subtest: S10 cancel 不占用 ID，reset 可重選
ok 35 - S10 cancel 不占用 ID，reset 可重選
  ---
  duration_ms: 13.085291
  type: 'test'
  ...
# Subtest: S10 empty 不占用 ID，reset 可重選
ok 36 - S10 empty 不占用 ID，reset 可重選
  ---
  duration_ms: 19.060584
  type: 'test'
  ...
# Subtest: S10 throw 不占用 ID，reset 可重選
ok 37 - S10 throw 不占用 ID，reset 可重選
  ---
  duration_ms: 16.799291
  type: 'test'
  ...
# Subtest: S10 無 pending／wrong input／互斥／busy 重入不跨送
ok 38 - S10 無 pending／wrong input／互斥／busy 重入不跨送
  ---
  duration_ms: 21.493167
  type: 'test'
  ...
# Subtest: S10 slide-local 首個空缺 ID、空 alt、成功只 clear selection 一次
ok 39 - S10 slide-local 首個空缺 ID、空 alt、成功只 clear selection 一次
  ---
  duration_ms: 12.141625
  type: 'test'
  ...
# Subtest: S10 async File 捕捉，export／切頁／mode／其他修改保留；finally 不覆寫新 S6 picker
ok 40 - S10 async File 捕捉，export／切頁／mode／其他修改保留；finally 不覆寫新 S6 picker
  ---
  duration_ms: 25.065833
  type: 'test'
  ...
# Subtest: S10 async removed 原子拒絕，不 rename/retry，busy 釋放
ok 41 - S10 async removed 原子拒絕，不 rename/retry，busy 釋放
  ---
  duration_ms: 9.241792
  type: 'test'
  ...
# Subtest: S10 async collision 原子拒絕，不 rename/retry，busy 釋放
ok 42 - S10 async collision 原子拒絕，不 rename/retry，busy 釋放
  ---
  duration_ms: 11.101583
  type: 'test'
  ...
# Subtest: S10 async invalid 原子拒絕，不 rename/retry，busy 釋放
ok 43 - S10 async invalid 原子拒絕，不 rename/retry，busy 釋放
  ---
  duration_ms: 9.377791
  type: 'test'
  ...
# Subtest: S10 async reject 原子拒絕，不 rename/retry，busy 釋放
ok 44 - S10 async reject 原子拒絕，不 rename/retry，busy 釋放
  ---
  duration_ms: 11.203667
  type: 'test'
  ...
# Subtest: S10 非唯一 DOM 不開 chooser；export cleanup／remount 不重複 input
ok 45 - S10 非唯一 DOM 不開 chooser；export cleanup／remount 不重複 input
  ---
  duration_ms: 18.115167
  type: 'test'
  ...
# Subtest: S10 change 前 ID 碰撞由 S8 preflight 拒絕，optimizer0／不 rename
ok 46 - S10 change 前 ID 碰撞由 S8 preflight 拒絕，optimizer0／不 rename
  ---
  duration_ms: 10.278833
  type: 'test'
  ...
# Subtest: S10 export 的 canonical 重新 mounted 後可再插入，不占舊 ID
ok 47 - S10 export 的 canonical 重新 mounted 後可再插入，不占舊 ID
  ---
  duration_ms: 17.793167
  type: 'test'
  ...
# Subtest: S13 Node 精確 text、跨頁同 ID、Unicode code points 1–500 與完整 preservation
ok 48 - S13 Node 精確 text、跨頁同 ID、Unicode code points 1–500 與完整 preservation
  ---
  duration_ms: 8.00125
  type: 'test'
  ...
# Subtest: S13 Node exact fields／getter0／hidden／symbol／prototype／混搭／長度／geometry 拒絕無副作用
ok 49 - S13 Node exact fields／getter0／hidden／symbol／prototype／混搭／長度／geometry 拒絕無副作用
  ---
  duration_ms: 16.623917
  type: 'test'
  ...
# Subtest: S13 Node null prototype／frozen 輸入不修改，duplicate 不覆蓋
ok 50 - S13 Node null prototype／frozen 輸入不修改，duplicate 不覆蓋
  ---
  duration_ms: 2.250209
  type: 'test'
  ...
# Subtest: S13 Node long-ID identity collision 拒絕且舊 identity 不變
ok 51 - S13 Node long-ID identity collision 拒絕且舊 identity 不變
  ---
  duration_ms: 1.104875
  type: 'test'
  ...
# Subtest: S13 Node escape／geometry／export reopen／再插入，既有內容完整保留
ok 52 - S13 Node escape／geometry／export reopen／再插入，既有內容完整保留
  ---
  duration_ms: 80.633875
  type: 'test'
  ...
# Subtest: S13 mounted 精確 text、跨頁同 ID、Unicode code points 1–500 與完整 preservation
ok 53 - S13 mounted 精確 text、跨頁同 ID、Unicode code points 1–500 與完整 preservation
  ---
  duration_ms: 23.32825
  type: 'test'
  ...
# Subtest: S13 mounted exact fields／getter0／hidden／symbol／prototype／混搭／長度／geometry 拒絕無副作用
ok 54 - S13 mounted exact fields／getter0／hidden／symbol／prototype／混搭／長度／geometry 拒絕無副作用
  ---
  duration_ms: 64.046875
  type: 'test'
  ...
# Subtest: S13 mounted null prototype／frozen 輸入不修改，duplicate 不覆蓋
ok 55 - S13 mounted null prototype／frozen 輸入不修改，duplicate 不覆蓋
  ---
  duration_ms: 14.439583
  type: 'test'
  ...
# Subtest: S13 mounted long-ID identity collision 拒絕且舊 identity 不變
ok 56 - S13 mounted long-ID identity collision 拒絕且舊 identity 不變
  ---
  duration_ms: 8.1335
  type: 'test'
  ...
# Subtest: S13 mounted escape／geometry／export reopen／再插入，既有內容完整保留
ok 57 - S13 mounted escape／geometry／export reopen／再插入，既有內容完整保留
  ---
  duration_ms: 46.9165
  type: 'test'
  ...
# Subtest: S13 mounted play 插入明設不可 editable，切模式不取得 direct-text authority
ok 58 - S13 mounted play 插入明設不可 editable，切模式不取得 direct-text authority
  ---
  duration_ms: 9.227708
  type: 'test'
  ...
# Subtest: S13 mounted edit 插入明設不可 editable，切模式不取得 direct-text authority
ok 59 - S13 mounted edit 插入明設不可 editable，切模式不取得 direct-text authority
  ---
  duration_ms: 9.334542
  type: 'test'
  ...
# Subtest: S13 mounted layout 插入明設不可 editable，切模式不取得 direct-text authority
ok 60 - S13 mounted layout 插入明設不可 editable，切模式不取得 direct-text authority
  ---
  duration_ms: 17.97325
  type: 'test'
  ...
# Subtest: S13 mounted missing atomic canonical／DOM／revision／selection rollback
ok 61 - S13 mounted missing atomic canonical／DOM／revision／selection rollback
  ---
  duration_ms: 19.116042
  type: 'test'
  ...
# Subtest: S13 mounted duplicate-root atomic canonical／DOM／revision／selection rollback
ok 62 - S13 mounted duplicate-root atomic canonical／DOM／revision／selection rollback
  ---
  duration_ms: 16.024708
  type: 'test'
  ...
# Subtest: S13 mounted append-before atomic canonical／DOM／revision／selection rollback
ok 63 - S13 mounted append-before atomic canonical／DOM／revision／selection rollback
  ---
  duration_ms: 17.373458
  type: 'test'
  ...
# Subtest: S13 mounted append-after atomic canonical／DOM／revision／selection rollback
ok 64 - S13 mounted append-after atomic canonical／DOM／revision／selection rollback
  ---
  duration_ms: 12.6035
  type: 'test'
  ...
# Subtest: S13 mounted detached-project atomic canonical／DOM／revision／selection rollback
ok 65 - S13 mounted detached-project atomic canonical／DOM／revision／selection rollback
  ---
  duration_ms: 19.599834
  type: 'test'
  ...
# Subtest: S13 mounted snap=false 跨頁插入取消 drag preview／clear selection／舊 nodes preserved
ok 66 - S13 mounted snap=false 跨頁插入取消 drag preview／clear selection／舊 nodes preserved
  ---
  duration_ms: 16.759
  type: 'test'
  ...
# Subtest: S13 mounted snap=false 跨頁插入取消 resize preview／clear selection／舊 nodes preserved
ok 67 - S13 mounted snap=false 跨頁插入取消 resize preview／clear selection／舊 nodes preserved
  ---
  duration_ms: 23.446083
  type: 'test'
  ...
# Subtest: S13 mounted snap=true 跨頁插入取消 drag preview／clear selection／舊 nodes preserved
ok 68 - S13 mounted snap=true 跨頁插入取消 drag preview／clear selection／舊 nodes preserved
  ---
  duration_ms: 20.772667
  type: 'test'
  ...
# Subtest: S13 mounted snap=true 跨頁插入取消 resize preview／clear selection／舊 nodes preserved
ok 69 - S13 mounted snap=true 跨頁插入取消 resize preview／clear selection／舊 nodes preserved
  ---
  duration_ms: 11.622417
  type: 'test'
  ...
# Subtest: S14 Node existing／new／cross-slide text 精確保留與 shared codepoint policy
ok 70 - S14 Node existing／new／cross-slide text 精確保留與 shared codepoint policy
  ---
  duration_ms: 18.78575
  type: 'test'
  ...
# Subtest: S14 Node exact data descriptors／getter0／hidden／symbol／prototype 拒絕
ok 71 - S14 Node exact data descriptors／getter0／hidden／symbol／prototype 拒絕
  ---
  duration_ms: 3.836458
  type: 'test'
  ...
# Subtest: S14 Node null-proto／crossrealm 接受且 role subtitle 空字串沿舊政策
ok 72 - S14 Node null-proto／crossrealm 接受且 role subtitle 空字串沿舊政策
  ---
  duration_ms: 1.601959
  type: 'test'
  ...
# Subtest: S14 Node 無 geometry／非文字 type guard／reorder long IDs
ok 73 - S14 Node 無 geometry／非文字 type guard／reorder long IDs
  ---
  duration_ms: 4.062417
  type: 'test'
  ...
# Subtest: S14 Node descriptor 僅 text component authority
ok 74 - S14 Node descriptor 僅 text component authority
  ---
  duration_ms: 3.286583
  type: 'test'
  ...
# Subtest: S14 mounted existing／new／cross-slide text 精確保留與 shared codepoint policy
ok 75 - S14 mounted existing／new／cross-slide text 精確保留與 shared codepoint policy
  ---
  duration_ms: 49.870958
  type: 'test'
  ...
# Subtest: S14 mounted exact data descriptors／getter0／hidden／symbol／prototype 拒絕
ok 76 - S14 mounted exact data descriptors／getter0／hidden／symbol／prototype 拒絕
  ---
  duration_ms: 5.579875
  type: 'test'
  ...
# Subtest: S14 mounted null-proto／crossrealm 接受且 role subtitle 空字串沿舊政策
ok 77 - S14 mounted null-proto／crossrealm 接受且 role subtitle 空字串沿舊政策
  ---
  duration_ms: 14.08725
  type: 'test'
  ...
# Subtest: S14 mounted 無 geometry／非文字 type guard／reorder long IDs
ok 78 - S14 mounted 無 geometry／非文字 type guard／reorder long IDs
  ---
  duration_ms: 10.346
  type: 'test'
  ...
# Subtest: S14 mounted descriptor 僅 text component authority
ok 79 - S14 mounted descriptor 僅 text component authority
  ---
  duration_ms: 10.741375
  type: 'test'
  ...
# Subtest: S14 mounted snap=false drag invalid/noop 保留 preview；成功取消一次 revision
ok 80 - S14 mounted snap=false drag invalid/noop 保留 preview；成功取消一次 revision
  ---
  duration_ms: 19.499208
  type: 'test'
  ...
# Subtest: S14 mounted snap=false resize invalid/noop 保留 preview；成功取消一次 revision
ok 81 - S14 mounted snap=false resize invalid/noop 保留 preview；成功取消一次 revision
  ---
  duration_ms: 18.344334
  type: 'test'
  ...
# Subtest: S14 mounted snap=true drag invalid/noop 保留 preview；成功取消一次 revision
ok 82 - S14 mounted snap=true drag invalid/noop 保留 preview；成功取消一次 revision
  ---
  duration_ms: 18.0365
  type: 'test'
  ...
# Subtest: S14 mounted snap=true resize invalid/noop 保留 preview；成功取消一次 revision
ok 83 - S14 mounted snap=true resize invalid/noop 保留 preview；成功取消一次 revision
  ---
  duration_ms: 22.816125
  type: 'test'
  ...
# Subtest: S14 mounted missing failure canonical／DOM／root／revision／gesture rollback
ok 84 - S14 mounted missing failure canonical／DOM／root／revision／gesture rollback
  ---
  duration_ms: 18.204875
  type: 'test'
  ...
# Subtest: S14 mounted duplicate-root failure canonical／DOM／root／revision／gesture rollback
ok 85 - S14 mounted duplicate-root failure canonical／DOM／root／revision／gesture rollback
  ---
  duration_ms: 21.301958
  type: 'test'
  ...
# Subtest: S14 mounted duplicate-slide failure canonical／DOM／root／revision／gesture rollback
ok 86 - S14 mounted duplicate-slide failure canonical／DOM／root／revision／gesture rollback
  ---
  duration_ms: 20.454709
  type: 'test'
  ...
# Subtest: S14 mounted duplicate-target failure canonical／DOM／root／revision／gesture rollback
ok 87 - S14 mounted duplicate-target failure canonical／DOM／root／revision／gesture rollback
  ---
  duration_ms: 12.829875
  type: 'test'
  ...
# Subtest: S14 mounted detached failure canonical／DOM／root／revision／gesture rollback
ok 88 - S14 mounted detached failure canonical／DOM／root／revision／gesture rollback
  ---
  duration_ms: 9.189583
  type: 'test'
  ...
# Subtest: S14 mounted mismatch-text failure canonical／DOM／root／revision／gesture rollback
ok 89 - S14 mounted mismatch-text failure canonical／DOM／root／revision／gesture rollback
  ---
  duration_ms: 8.955292
  type: 'test'
  ...
# Subtest: S14 mounted mismatch-target failure canonical／DOM／root／revision／gesture rollback
ok 90 - S14 mounted mismatch-target failure canonical／DOM／root／revision／gesture rollback
  ---
  duration_ms: 12.672416
  type: 'test'
  ...
# Subtest: S14 mounted nested-element failure canonical／DOM／root／revision／gesture rollback
ok 91 - S14 mounted nested-element failure canonical／DOM／root／revision／gesture rollback
  ---
  duration_ms: 9.986708
  type: 'test'
  ...
# Subtest: S14 mounted setter-before failure canonical／DOM／root／revision／gesture rollback
ok 92 - S14 mounted setter-before failure canonical／DOM／root／revision／gesture rollback
  ---
  duration_ms: 12.027792
  type: 'test'
  ...
# Subtest: S14 mounted setter-after failure canonical／DOM／root／revision／gesture rollback
ok 93 - S14 mounted setter-after failure canonical／DOM／root／revision／gesture rollback
  ---
  duration_ms: 21.095292
  type: 'test'
  ...
# Subtest: S14 mounted clean failure canonical／DOM／root／revision／gesture rollback
ok 94 - S14 mounted clean failure canonical／DOM／root／revision／gesture rollback
  ---
  duration_ms: 17.121167
  type: 'test'
  ...
# Subtest: S14 mounted IME guard／未提交 role DOM 保留／component 不 directeditable／export reopen
ok 95 - S14 mounted IME guard／未提交 role DOM 保留／component 不 directeditable／export reopen
  ---
  duration_ms: 10.881458
  type: 'test'
  ...
# Subtest: S14 Node hash collision／同 ID 跨頁／reorder／export 後 stable pair
ok 96 - S14 Node hash collision／同 ID 跨頁／reorder／export 後 stable pair
  ---
  duration_ms: 3.949583
  type: 'test'
  ...
# Subtest: S14 mounted hash collision／同 ID 跨頁／reorder／export 後 stable pair
ok 97 - S14 mounted hash collision／同 ID 跨頁／reorder／export 後 stable pair
  ---
  duration_ms: 10.666083
  type: 'test'
  ...
# Subtest: S14 mounted 同值不呼叫 DOM setter；成功僅修改目標純文字
ok 98 - S14 mounted 同值不呼叫 DOM setter；成功僅修改目標純文字
  ---
  duration_ms: 13.049833
  type: 'test'
  ...
# Subtest: S15 markup／bootstrap 有 label、focusable status、無 UTF16 maxlength
ok 99 - S15 markup／bootstrap 有 label、focusable status、無 UTF16 maxlength
  ---
  duration_ms: 2.017708
  type: 'test'
  ...
# Subtest: S15 mounted 精確文字／empty=false／固定 geometry／一次 revision／舊 root 保留
ok 100 - S15 mounted 精確文字／empty=false／固定 geometry／一次 revision／舊 root 保留
  ---
  duration_ms: 70.135709
  type: 'test'
  ...
# Subtest: S15 mounted 精確文字／empty=true／固定 geometry／一次 revision／舊 root 保留
ok 101 - S15 mounted 精確文字／empty=true／固定 geometry／一次 revision／舊 root 保留
  ---
  duration_ms: 23.612959
  type: 'test'
  ...
# Subtest: S15 cancel 為 no-op、清 draft、focus 與重開
ok 102 - S15 cancel 為 no-op、清 draft、focus 與重開
  ---
  duration_ms: 23.250084
  type: 'test'
  ...
# Subtest: S15 escape 為 no-op、清 draft、focus 與重開
ok 103 - S15 escape 為 no-op、清 draft、focus 與重開
  ---
  duration_ms: 21.315417
  type: 'test'
  ...
# Subtest: S15 close 為 no-op、清 draft、focus 與重開
ok 104 - S15 close 為 no-op、清 draft、focus 與重開
  ---
  duration_ms: 19.662959
  type: 'test'
  ...
# Subtest: S15 invalid 保留 draft/status/focus；500 emoji 與空白可修正再提交
ok 105 - S15 invalid 保留 draft/status/focus；500 emoji 與空白可修正再提交
  ---
  duration_ms: 30.19025
  type: 'test'
  ...
# Subtest: S15 synthetic composition 不搶 submit/Escape，Enter 不提交，focusout 不提交
ok 106 - S15 synthetic composition 不搶 submit/Escape，Enter 不提交，focusout 不提交
  ---
  duration_ms: 14.918
  type: 'test'
  ...
# Subtest: S15 target invalidation page 不插入錯頁
ok 107 - S15 target invalidation page 不插入錯頁
  ---
  duration_ms: 15.415834
  type: 'test'
  ...
# Subtest: S15 target invalidation focusin 不插入錯頁
ok 108 - S15 target invalidation focusin 不插入錯頁
  ---
  duration_ms: 16.877334
  type: 'test'
  ...
# Subtest: S15 target invalidation mode 不插入錯頁
ok 109 - S15 target invalidation mode 不插入錯頁
  ---
  duration_ms: 12.907291
  type: 'test'
  ...
# Subtest: S15 target invalidation selection 不插入錯頁
ok 110 - S15 target invalidation selection 不插入錯頁
  ---
  duration_ms: 17.168708
  type: 'test'
  ...
# Subtest: S15 target invalidation clear 不插入錯頁
ok 111 - S15 target invalidation clear 不插入錯頁
  ---
  duration_ms: 10.103666
  type: 'test'
  ...
# Subtest: S15 target invalidation destroy 不插入錯頁
ok 112 - S15 target invalidation destroy 不插入錯頁
  ---
  duration_ms: 16.169334
  type: 'test'
  ...
# Subtest: S15 target invalidation removed 不插入錯頁
ok 113 - S15 target invalidation removed 不插入錯頁
  ---
  duration_ms: 9.949375
  type: 'test'
  ...
# Subtest: S15 target invalidation rebuilt 不插入錯頁
ok 114 - S15 target invalidation rebuilt 不插入錯頁
  ---
  duration_ms: 10.043125
  type: 'test'
  ...
# Subtest: S15 target invalidation duplicate-root 不插入錯頁
ok 115 - S15 target invalidation duplicate-root 不插入錯頁
  ---
  duration_ms: 9.255
  type: 'test'
  ...
# Subtest: S15 target invalidation duplicate-slide 不插入錯頁
ok 116 - S15 target invalidation duplicate-slide 不插入錯頁
  ---
  duration_ms: 10.516708
  type: 'test'
  ...
# Subtest: S15 submit 時讀 canonical 第一個空缺，跨 type namespace，無 draft 整份序列化
ok 117 - S15 submit 時讀 canonical 第一個空缺，跨 type namespace，無 draft 整份序列化
  ---
  duration_ms: 15.011584
  type: 'test'
  ...
# Subtest: S15 showModal throw 回收、reentrant submit 只一次、gesture cancel 不 commit
ok 118 - S15 showModal throw 回收、reentrant submit 只一次、gesture cancel 不 commit
  ---
  duration_ms: 15.662459
  type: 'test'
  ...
# Subtest: S15 chooser 互斥、busy 與 dialog 期間 image controls 禁用
ok 119 - S15 chooser 互斥、busy 與 dialog 期間 image controls 禁用
  ---
  duration_ms: 17.759583
  type: 'test'
  ...
# Subtest: S15 export 不提交 draft、無 dialog/transient；offline mounted bootstrap 可再插／S14 edit
ok 120 - S15 export 不提交 draft、無 dialog/transient；offline mounted bootstrap 可再插／S14 edit
  ---
  duration_ms: 31.212042
  type: 'test'
  ...
# Subtest: S6 單選圖片顯示 action，其他 selection／mode 隱藏；UI 不修改 canonical
ok 121 - S6 單選圖片顯示 action，其他 selection／mode 隱藏；UI 不修改 canonical
  ---
  duration_ms: 122.6005
  type: 'test'
  ...
# Subtest: S6 capture → natural blur → change 保留第二圖，snap=false
ok 122 - S6 capture → natural blur → change 保留第二圖，snap=false
  ---
  duration_ms: 49.649125
  type: 'test'
  ...
# Subtest: S6 capture → natural blur → change 保留第二圖，snap=true
ok 123 - S6 capture → natural blur → change 保留第二圖，snap=true
  ---
  duration_ms: 41.483084
  type: 'test'
  ...
# Subtest: S6 picker 後 slide 取消目標；無 pending 不呼叫 optimizer
ok 124 - S6 picker 後 slide 取消目標；無 pending 不呼叫 optimizer
  ---
  duration_ms: 43.455667
  type: 'test'
  ...
# Subtest: S6 picker 後 mode 取消目標；無 pending 不呼叫 optimizer
ok 125 - S6 picker 後 mode 取消目標；無 pending 不呼叫 optimizer
  ---
  duration_ms: 20.677167
  type: 'test'
  ...
# Subtest: S6 picker 後 selection 取消目標；無 pending 不呼叫 optimizer
ok 126 - S6 picker 後 selection 取消目標；無 pending 不呼叫 optimizer
  ---
  duration_ms: 19.65575
  type: 'test'
  ...
# Subtest: S6 picker 後 same-selection 取消目標；無 pending 不呼叫 optimizer
ok 127 - S6 picker 後 same-selection 取消目標；無 pending 不呼叫 optimizer
  ---
  duration_ms: 18.55625
  type: 'test'
  ...
# Subtest: S6 picker 後 marquee 取消目標；無 pending 不呼叫 optimizer
ok 128 - S6 picker 後 marquee 取消目標；無 pending 不呼叫 optimizer
  ---
  duration_ms: 16.57275
  type: 'test'
  ...
# Subtest: S6 picker 後 empty-marquee 取消目標；無 pending 不呼叫 optimizer
ok 129 - S6 picker 後 empty-marquee 取消目標；無 pending 不呼叫 optimizer
  ---
  duration_ms: 14.396833
  type: 'test'
  ...
# Subtest: S6 picker 後 clear 取消目標；無 pending 不呼叫 optimizer
ok 130 - S6 picker 後 clear 取消目標；無 pending 不呼叫 optimizer
  ---
  duration_ms: 13.30525
  type: 'test'
  ...
# Subtest: S6 picker 後 destroy 取消目標；無 pending 不呼叫 optimizer
ok 131 - S6 picker 後 destroy 取消目標；無 pending 不呼叫 optimizer
  ---
  duration_ms: 13.257083
  type: 'test'
  ...
# Subtest: S6 picker 後 delete 取消目標；無 pending 不呼叫 optimizer
ok 132 - S6 picker 後 delete 取消目標；無 pending 不呼叫 optimizer
  ---
  duration_ms: 17.046792
  type: 'test'
  ...
# Subtest: S6 picker 後 pointer 取消目標；無 pending 不呼叫 optimizer
ok 133 - S6 picker 後 pointer 取消目標；無 pending 不呼叫 optimizer
  ---
  duration_ms: 13.074583
  type: 'test'
  ...
# Subtest: S6 cancel 重設 value，同檔可再次選取
ok 134 - S6 cancel 重設 value，同檔可再次選取
  ---
  duration_ms: 15.589209
  type: 'test'
  ...
# Subtest: S6 empty 重設 value，同檔可再次選取
ok 135 - S6 empty 重設 value，同檔可再次選取
  ---
  duration_ms: 14.084083
  type: 'test'
  ...
# Subtest: S6 success 重設 value，同檔可再次選取
ok 136 - S6 success 重設 value，同檔可再次選取
  ---
  duration_ms: 15.039709
  type: 'test'
  ...
# Subtest: S6 failure 重設 value，同檔可再次選取
ok 137 - S6 failure 重設 value，同檔可再次選取
  ---
  duration_ms: 14.127667
  type: 'test'
  ...
# Subtest: S6 無 pending／target 刪除先拒絕；後一次 picker 不覆蓋未消耗的 chooser
ok 138 - S6 無 pending／target 刪除先拒絕；後一次 picker 不覆蓋未消耗的 chooser
  ---
  duration_ms: 17.135375
  type: 'test'
  ...
# Subtest: S6 change 先消耗 snapshot；async 中新 picker／export／切頁不改前次 target
ok 139 - S6 change 先消耗 snapshot；async 中新 picker／export／切頁不改前次 target
  ---
  duration_ms: 19.157541
  type: 'test'
  ...
# Subtest: S6 picker pointerdown 取消 gesture 且 click 前尺寸狀態不變 snap=false
ok 140 - S6 picker pointerdown 取消 gesture 且 click 前尺寸狀態不變 snap=false
  ---
  duration_ms: 10.700083
  type: 'test'
  ...
# Subtest: S6 picker pointerdown 取消 gesture 且 click 前尺寸狀態不變 snap=true
ok 141 - S6 picker pointerdown 取消 gesture 且 click 前尺寸狀態不變 snap=true
  ---
  duration_ms: 10.747584
  type: 'test'
  ...
# Subtest: S6 export 移除新增 chrome，pending 不序列化；重新 mount 可選圖
ok 142 - S6 export 移除新增 chrome，pending 不序列化；重新 mount 可選圖
  ---
  duration_ms: 19.062791
  type: 'test'
  ...
# Subtest: S6 picker 等待檔案時唯讀 export 不取消 pending target
ok 143 - S6 picker 等待檔案時唯讀 export 不取消 pending target
  ---
  duration_ms: 13.368042
  type: 'test'
  ...
# Subtest: S6 async target 移除後失敗，零 asset mutation 且 input 可重選
ok 144 - S6 async target 移除後失敗，零 asset mutation 且 input 可重選
  ---
  duration_ms: 9.639834
  type: 'test'
  ...
# Subtest: S6 play teardown 不殘留 transient overlay marker，toolbar另由export清理
ok 145 - S6 play teardown 不殘留 transient overlay marker，toolbar另由export清理
  ---
  duration_ms: 11.824959
  type: 'test'
  ...
1..145
# tests 145
# suites 0
# pass 145
# fail 0
# cancelled 0
# skipped 0
# todo 0
# duration_ms 939.97825
