
DevTools listening on ws://127.0.0.1:52879/devtools/browser/f82f0075-649d-4a76-8a04-728e652f64fe
Trying to load the allocator multiple times. This is *not* supported.
[24737:20635702:0923/113912.613891:ERROR:ui/display/mac/cv_display_link_mac.mm:195] CVDisplayLinkCreateWithCGDisplay failed. CVReturn: -6670
[24737:20635702:0923/113912.621988:ERROR:ui/display/mac/cv_display_link_mac.mm:195] CVDisplayLinkCreateWithCGDisplay failed. CVReturn: -6670
[24737:20635702:0923/113912.622165:ERROR:ui/display/mac/cv_display_link_mac.mm:195] CVDisplayLinkCreateWithCGDisplay failed. CVReturn: -6670
[24737:20635702:0923/113912.622276:ERROR:ui/display/mac/cv_display_link_mac.mm:195] CVDisplayLinkCreateWithCGDisplay failed. CVReturn: -6670
[24737:20635702:0923/113912.622367:ERROR:ui/display/mac/cv_display_link_mac.mm:195] CVDisplayLinkCreateWithCGDisplay failed. CVReturn: -6670
[24737:20635702:0923/113912.622467:ERROR:ui/display/mac/cv_display_link_mac.mm:195] CVDisplayLinkCreateWithCGDisplay failed. CVReturn: -6670
[24704:20635660:0923/113914.939176:ERROR:google_apis/gcm/engine/registration_request.cc:291] Registration response error message: DEPRECATED_ENDPOINT
[24798:20636327:0923/113930.963621:VERBOSE1:chrome/updater/updater.cc:374] Version: 152.0.7933.0, opt, ARM_64, command line: /Users/matt/Library/Application Support/Google/GoogleUpdater/152.0.7933.0/GoogleUpdater.app/Contents/MacOS/GoogleUpdater --wake-all --enable-logging --vmodule=*/components/update_client/*=2,*/chrome/enterprise_companion/*=2,*/chrome/updater/*=2
[24798:20636327:0923/113930.964225:VERBOSE1:chrome/updater/updater.cc:377] OS version: 26.6.2, arch: arm64, System uptime (seconds): 660013, parent pid: 24704
[24798:20636327:0923/113930.966113:VERBOSE1:chrome/updater/updater.cc:382] Available disk space in install directory (/Users/matt/Library/Application Support/Google/GoogleUpdater): 69019914240B (64.280GiB) / 494384795648B (460.432GiB)
[24798:20636327:0923/113930.966130:VERBOSE1:chrome/updater/updater.cc:386] Available disk space in temporary directory (/var/folders/f8/fv8s94z92kb9dkshb8rr5d7m0000gn/T/): 69019914240B (64.280GiB) / 494384795648B (460.432GiB)
[24798:20636327:0923/113930.966233:VERBOSE2:chrome/updater/event_history.cc:265] Emitted a UPDATER_PROCESS START event to the history log
[24800:20636331:0923/113930.976205:VERBOSE1:chrome/updater/updater.cc:374] Version: 152.0.7933.0, opt, ARM_64, command line: /Users/matt/Library/Application Support/Google/GoogleUpdater/152.0.7933.0/GoogleUpdater.app/Contents/MacOS/GoogleUpdater --crash-handler --database=/Users/matt/Library/Application Support/Google/GoogleUpdater/152.0.7933.0/Crashpad --url=https://clients2.google.com/cr/report --annotation=prod=Update4 --annotation=ver=152.0.7933.0 --handshake-fd=6 --enable-logging --vmodule=*/components/update_client/*=2,*/chrome/enterprise_companion/*=2,*/chrome/updater/*=2
[24800:20636331:0923/113930.976814:VERBOSE1:chrome/updater/updater.cc:377] OS version: 26.6.2, arch: arm64, System uptime (seconds): 660013, parent pid: 1
[24800:20636331:0923/113930.978554:VERBOSE1:chrome/updater/updater.cc:382] Available disk space in install directory (/Users/matt/Library/Application Support/Google/GoogleUpdater): 69019910144B (64.280GiB) / 494384795648B (460.432GiB)
[24800:20636331:0923/113930.978571:VERBOSE1:chrome/updater/updater.cc:386] Available disk space in temporary directory (/var/folders/f8/fv8s94z92kb9dkshb8rr5d7m0000gn/T/): 69019910144B (64.280GiB) / 494384795648B (460.432GiB)
[24800:20636331:0923/113930.978645:VERBOSE2:chrome/updater/event_history.cc:265] Emitted a UPDATER_PROCESS START event to the history log
[24798:20636327:0923/113930.979052:VERBOSE1:chrome/updater/crash_reporter.cc:124] Crash handler launched and ready.
[24798:20636327:0923/113930.979684:VERBOSE1:chrome/updater/crash_client.cc:108] Found 0 completed crash reports
[24798:20636327:0923/113930.979763:VERBOSE1:chrome/updater/crash_client.cc:132] Found 0 pending crash reports
[24798:20636327:0923/113930.979846:ERROR:third_party/crashpad/crashpad/util/file/file_io_posix.cc:145] open /Users/matt/Library/Application Support/Google/RLZ/Crashpad/settings.dat: No such file or directory (2)
[24798:20636327:0923/113930.979879:ERROR:third_party/crashpad/crashpad/util/file/file_io_posix.cc:145] open /Users/matt/Library/Application Support/Google/consentOptions/Crashpad/settings.dat: No such file or directory (2)
[24798:20636327:0923/113930.979908:ERROR:third_party/crashpad/crashpad/util/file/file_io_posix.cc:145] open /Users/matt/Library/Application Support/Google/AndroidStudio2025.2.2/Crashpad/settings.dat: No such file or directory (2)
[24798:20636327:0923/113930.979941:ERROR:third_party/crashpad/crashpad/util/file/file_io_posix.cc:145] open /Users/matt/Library/Application Support/Google/ChromeForTesting/Crashpad/settings.dat: No such file or directory (2)
[24798:20636327:0923/113930.979950:ERROR:third_party/crashpad/crashpad/util/file/file_io_posix.cc:145] open /Users/matt/Library/Application Support/Google/Chrome-headless/Crashpad/settings.dat: No such file or directory (2)
[24798:20636327:0923/113930.979964:VERBOSE1:chrome/updater/updater.cc:105] Crash reporting initialized.
[24798:20636339:0923/113930.980215:VERBOSE1:chrome/updater/app/app_wakeall.cc:58] Launching `/Users/matt/Library/Application Support/Google/GoogleUpdater/149.0.7814.0/GoogleUpdater.app/Contents/MacOS/GoogleUpdater --wake`
[24798:20636339:0923/113930.980325:VERBOSE1:chrome/updater/app/app_wakeall.cc:64] `/Users/matt/Library/Application Support/Google/GoogleUpdater/149.0.7814.0/GoogleUpdater.app/Contents/MacOS/GoogleUpdater --wake` process invalid: Undefined error: 0 (0)
[24798:20636339:0923/113930.980339:VERBOSE1:chrome/updater/app/app_wakeall.cc:58] Launching `/Users/matt/Library/Application Support/Google/GoogleUpdater/148.0.7730.0/GoogleUpdater.app/Contents/MacOS/GoogleUpdater --wake`
[24798:20636339:0923/113930.980394:VERBOSE1:chrome/updater/app/app_wakeall.cc:64] `/Users/matt/Library/Application Support/Google/GoogleUpdater/148.0.7730.0/GoogleUpdater.app/Contents/MacOS/GoogleUpdater --wake` process invalid: Undefined error: 0 (0)
[24798:20636339:0923/113930.980405:VERBOSE1:chrome/updater/app/app_wakeall.cc:58] Launching `/Users/matt/Library/Application Support/Google/GoogleUpdater/152.0.7933.0/GoogleUpdater.app/Contents/MacOS/GoogleUpdater --wake`
[24803:20636345:0923/113930.989417:VERBOSE1:chrome/updater/updater.cc:374] Version: 152.0.7933.0, opt, ARM_64, command line: /Users/matt/Library/Application Support/Google/GoogleUpdater/152.0.7933.0/GoogleUpdater.app/Contents/MacOS/GoogleUpdater --wake --enable-logging --vmodule=*/components/update_client/*=2,*/chrome/enterprise_companion/*=2,*/chrome/updater/*=2
[24803:20636345:0923/113930.990101:VERBOSE1:chrome/updater/updater.cc:377] OS version: 26.6.2, arch: arm64, System uptime (seconds): 660013, parent pid: 24798
[24803:20636345:0923/113930.991922:VERBOSE1:chrome/updater/updater.cc:382] Available disk space in install directory (/Users/matt/Library/Application Support/Google/GoogleUpdater): 69019897856B (64.280GiB) / 494384795648B (460.432GiB)
[24803:20636345:0923/113930.991990:VERBOSE1:chrome/updater/updater.cc:386] Available disk space in temporary directory (/var/folders/f8/fv8s94z92kb9dkshb8rr5d7m0000gn/T/): 69019897856B (64.280GiB) / 494384795648B (460.432GiB)
[24803:20636345:0923/113930.992083:VERBOSE2:chrome/updater/event_history.cc:265] Emitted a UPDATER_PROCESS START event to the history log
[24805:20636349:0923/113931.002089:VERBOSE1:chrome/updater/updater.cc:374] Version: 152.0.7933.0, opt, ARM_64, command line: /Users/matt/Library/Application Support/Google/GoogleUpdater/152.0.7933.0/GoogleUpdater.app/Contents/MacOS/GoogleUpdater --crash-handler --database=/Users/matt/Library/Application Support/Google/GoogleUpdater/152.0.7933.0/Crashpad --url=https://clients2.google.com/cr/report --annotation=prod=Update4 --annotation=ver=152.0.7933.0 --handshake-fd=6 --enable-logging --vmodule=*/components/update_client/*=2,*/chrome/enterprise_companion/*=2,*/chrome/updater/*=2
[24805:20636349:0923/113931.002649:VERBOSE1:chrome/updater/updater.cc:377] OS version: 26.6.2, arch: arm64, System uptime (seconds): 660013, parent pid: 1
[24805:20636349:0923/113931.004568:VERBOSE1:chrome/updater/updater.cc:382] Available disk space in install directory (/Users/matt/Library/Application Support/Google/GoogleUpdater): 69019897856B (64.280GiB) / 494384795648B (460.432GiB)
[24805:20636349:0923/113931.004586:VERBOSE1:chrome/updater/updater.cc:386] Available disk space in temporary directory (/var/folders/f8/fv8s94z92kb9dkshb8rr5d7m0000gn/T/): 69019897856B (64.280GiB) / 494384795648B (460.432GiB)
[24805:20636349:0923/113931.004667:VERBOSE2:chrome/updater/event_history.cc:265] Emitted a UPDATER_PROCESS START event to the history log
[24803:20636345:0923/113931.005198:VERBOSE1:chrome/updater/crash_reporter.cc:124] Crash handler launched and ready.
[24803:20636345:0923/113931.006037:VERBOSE1:chrome/updater/crash_client.cc:108] Found 0 completed crash reports
[24803:20636345:0923/113931.006118:VERBOSE1:chrome/updater/crash_client.cc:132] Found 0 pending crash reports
[24803:20636345:0923/113931.006197:ERROR:third_party/crashpad/crashpad/util/file/file_io_posix.cc:145] open /Users/matt/Library/Application Support/Google/RLZ/Crashpad/settings.dat: No such file or directory (2)
[24803:20636345:0923/113931.006212:ERROR:third_party/crashpad/crashpad/util/file/file_io_posix.cc:145] open /Users/matt/Library/Application Support/Google/consentOptions/Crashpad/settings.dat: No such file or directory (2)
[24803:20636345:0923/113931.006245:ERROR:third_party/crashpad/crashpad/util/file/file_io_posix.cc:145] open /Users/matt/Library/Application Support/Google/AndroidStudio2025.2.2/Crashpad/settings.dat: No such file or directory (2)
[24803:20636345:0923/113931.006280:ERROR:third_party/crashpad/crashpad/util/file/file_io_posix.cc:145] open /Users/matt/Library/Application Support/Google/ChromeForTesting/Crashpad/settings.dat: No such file or directory (2)
[24803:20636345:0923/113931.006290:ERROR:third_party/crashpad/crashpad/util/file/file_io_posix.cc:145] open /Users/matt/Library/Application Support/Google/Chrome-headless/Crashpad/settings.dat: No such file or directory (2)
[24803:20636345:0923/113931.006304:VERBOSE1:chrome/updater/updater.cc:105] Crash reporting initialized.
[24803:20636345:0923/113931.006454:VERBOSE1:chrome/updater/ipc/update_service_internal_proxy_mojo.cc:61] Run
[24704:20635660:0923/113941.050493:ERROR:google_apis/gcm/engine/registration_request.cc:291] Registration response error message: DEPRECATED_ENDPOINT
[24803:20636345:0923/113947.437955:VERBOSE1:chrome/updater/app/app.cc:52] Shutdown: 0
[24803:20636345:0923/113947.438474:VERBOSE2:chrome/updater/event_history.cc:265] Emitted a UPDATER_PROCESS END event to the history log
[24803:20636345:0923/113947.438497:VERBOSE1:chrome/updater/updater.cc:419] UpdaterMain (--wake) returned 0.
[24798:20636339:0923/113947.532466:VERBOSE1:chrome/updater/app/app_wakeall.cc:68] `/Users/matt/Library/Application Support/Google/GoogleUpdater/152.0.7933.0/GoogleUpdater.app/Contents/MacOS/GoogleUpdater --wake` exited 0
[24798:20636327:0923/113947.532634:VERBOSE1:chrome/updater/app/app.cc:52] Shutdown: 0
[24798:20636327:0923/113947.532987:VERBOSE2:chrome/updater/event_history.cc:265] Emitted a UPDATER_PROCESS END event to the history log
[24798:20636327:0923/113947.533008:VERBOSE1:chrome/updater/updater.cc:419] UpdaterMain (--wake-all) returned 0.
[24805:20636349:0923/113957.451719:VERBOSE2:chrome/updater/event_history.cc:265] Emitted a UPDATER_PROCESS END event to the history log
[24805:20636349:0923/113957.452004:VERBOSE1:chrome/updater/updater.cc:419] UpdaterMain (--crash-handler) returned 0.
[24800:20636331:0923/113957.453370:VERBOSE2:chrome/updater/event_history.cc:265] Emitted a UPDATER_PROCESS END event to the history log
[24800:20636331:0923/113957.453414:VERBOSE1:chrome/updater/updater.cc:419] UpdaterMain (--crash-handler) returned 0.
[24704:20635660:0923/114040.949286:ERROR:google_apis/gcm/engine/registration_request.cc:291] Registration response error message: DEPRECATED_ENDPOINT
[24704:20635660:0923/114207.050180:ERROR:google_apis/gcm/engine/registration_request.cc:291] Registration response error message: QUOTA_EXCEEDED
[24737:20635702:0923/114415.460161:ERROR:gpu/command_buffer/service/shared_image/shared_image_manager.cc:395] SharedImageManager::ProduceMemory: Trying to Produce a Memory representation from a non-existent mailbox.
[24737:20635702:0923/114415.460849:ERROR:gpu/command_buffer/service/shared_image/shared_image_manager.cc:395] SharedImageManager::ProduceMemory: Trying to Produce a Memory representation from a non-existent mailbox.
[24737:20635702:0923/114415.460866:ERROR:gpu/command_buffer/service/shared_image/shared_image_manager.cc:395] SharedImageManager::ProduceMemory: Trying to Produce a Memory representation from a non-existent mailbox.
[24737:20635702:0923/114415.460878:ERROR:gpu/command_buffer/service/shared_image/shared_image_manager.cc:395] SharedImageManager::ProduceMemory: Trying to Produce a Memory representation from a non-existent mailbox.
[24737:20635702:0923/114415.460887:ERROR:gpu/command_buffer/service/shared_image/shared_image_manager.cc:395] SharedImageManager::ProduceMemory: Trying to Produce a Memory representation from a non-existent mailbox.
[24737:20635702:0923/114415.460895:ERROR:gpu/command_buffer/service/shared_image/shared_image_manager.cc:395] SharedImageManager::ProduceMemory: Trying to Produce a Memory representation from a non-existent mailbox.
[24737:20635702:0923/114415.460901:ERROR:gpu/command_buffer/service/shared_image/shared_image_manager.cc:395] SharedImageManager::ProduceMemory: Trying to Produce a Memory representation from a non-existent mailbox.
[24737:20635702:0923/114656.470124:ERROR:gpu/command_buffer/service/shared_image/shared_image_manager.cc:395] SharedImageManager::ProduceMemory: Trying to Produce a Memory representation from a non-existent mailbox.
[24737:20635702:0923/114656.471219:ERROR:gpu/command_buffer/service/shared_image/shared_image_manager.cc:395] SharedImageManager::ProduceMemory: Trying to Produce a Memory representation from a non-existent mailbox.
[24737:20635702:0923/114656.471249:ERROR:gpu/command_buffer/service/shared_image/shared_image_manager.cc:395] SharedImageManager::ProduceMemory: Trying to Produce a Memory representation from a non-existent mailbox.
[24737:20635702:0923/114656.471264:ERROR:gpu/command_buffer/service/shared_image/shared_image_manager.cc:395] SharedImageManager::ProduceMemory: Trying to Produce a Memory representation from a non-existent mailbox.
[24737:20635702:0923/114656.471273:ERROR:gpu/command_buffer/service/shared_image/shared_image_manager.cc:395] SharedImageManager::ProduceMemory: Trying to Produce a Memory representation from a non-existent mailbox.
[24737:20635702:0923/114656.471279:ERROR:gpu/command_buffer/service/shared_image/shared_image_manager.cc:395] SharedImageManager::ProduceMemory: Trying to Produce a Memory representation from a non-existent mailbox.
[24737:20635702:0923/114656.471285:ERROR:gpu/command_buffer/service/shared_image/shared_image_manager.cc:395] SharedImageManager::ProduceMemory: Trying to Produce a Memory representation from a non-existent mailbox.
[24737:20635702:0923/114911.963756:ERROR:gpu/command_buffer/service/shared_image/shared_image_manager.cc:395] SharedImageManager::ProduceMemory: Trying to Produce a Memory representation from a non-existent mailbox.
[24737:20635702:0923/114911.964381:ERROR:gpu/command_buffer/service/shared_image/shared_image_manager.cc:395] SharedImageManager::ProduceMemory: Trying to Produce a Memory representation from a non-existent mailbox.
[24737:20635702:0923/114911.964403:ERROR:gpu/command_buffer/service/shared_image/shared_image_manager.cc:395] SharedImageManager::ProduceMemory: Trying to Produce a Memory representation from a non-existent mailbox.
[24737:20635702:0923/114911.964412:ERROR:gpu/command_buffer/service/shared_image/shared_image_manager.cc:395] SharedImageManager::ProduceMemory: Trying to Produce a Memory representation from a non-existent mailbox.
[24737:20635702:0923/114911.964419:ERROR:gpu/command_buffer/service/shared_image/shared_image_manager.cc:395] SharedImageManager::ProduceMemory: Trying to Produce a Memory representation from a non-existent mailbox.
[24737:20635702:0923/114911.964440:ERROR:gpu/command_buffer/service/shared_image/shared_image_manager.cc:395] SharedImageManager::ProduceMemory: Trying to Produce a Memory representation from a non-existent mailbox.
[24737:20635702:0923/114911.964447:ERROR:gpu/command_buffer/service/shared_image/shared_image_manager.cc:395] SharedImageManager::ProduceMemory: Trying to Produce a Memory representation from a non-existent mailbox.
