✔ S18 Node 獨立 text/image 跨頁精確刪除、保留順序 identity 與所有其他資料 (7.692042ms)
✔ S18 Node exact enumerable data objects、confirmation、getter0 拒絕 (1.744084ms)
✔ S18 Node null-proto 與跨 realm plain records 接受 (1.560834ms)
✔ S18 Node role/keyPoint/table/chart/citation/缺 target/錯 slide 拒絕 (2.0655ms)
✔ S18 Node slots 引用 fail loud 且不拆 layout (0.566541ms)
✔ S18 Node order-ref 引用 fail loud 且不拆 layout (1.033625ms)
✔ S18 Node order-id 引用 fail loud 且不拆 layout (0.384709ms)
✔ S18 Node order-element 引用 fail loud 且不拆 layout (0.350959ms)
✔ S18 Node collision 刪除不得 remap surviving stable IDs (0.601417ms)
✔ S18 Node 空 geometry map 正規化、可刪無 geometry 的獨立元件 (0.719834ms)
✔ S18 Node export/extract/sanitize/render/offline 再插入、編輯、刪除 (37.251125ms)
✔ S18 mounted 獨立 text/image 跨頁精確刪除、保留順序 identity 與所有其他資料 (13.242167ms)
✔ S18 mounted exact enumerable data objects、confirmation、getter0 拒絕 (5.817667ms)
✔ S18 mounted null-proto 與跨 realm plain records 接受 (9.780833ms)
✔ S18 mounted role/keyPoint/table/chart/citation/缺 target/錯 slide 拒絕 (11.142709ms)
✔ S18 mounted slots 引用 fail loud 且不拆 layout (4.318917ms)
✔ S18 mounted order-ref 引用 fail loud 且不拆 layout (4.676625ms)
✔ S18 mounted order-id 引用 fail loud 且不拆 layout (5.320833ms)
✔ S18 mounted order-element 引用 fail loud 且不拆 layout (4.082667ms)
✔ S18 mounted collision 刪除不得 remap surviving stable IDs (5.115917ms)
✔ S18 mounted 空 geometry map 正規化、可刪無 geometry 的獨立元件 (7.599916ms)
✔ S18 mounted export/extract/sanitize/render/offline 再插入、編輯、刪除 (24.723459ms)
✔ S18 mounted missing 原子拒絕保住 canonical/DOM/selection/gesture (14.782ms)
✔ S18 mounted duplicate 原子拒絕保住 canonical/DOM/selection/gesture (13.043833ms)
✔ S18 mounted duplicate-slide 原子拒絕保住 canonical/DOM/selection/gesture (13.448084ms)
✔ S18 mounted wrong-deck 原子拒絕保住 canonical/DOM/selection/gesture (13.771417ms)
✔ S18 mounted wrong-target 原子拒絕保住 canonical/DOM/selection/gesture (14.020875ms)
✔ S18 mounted wrong-kind 原子拒絕保住 canonical/DOM/selection/gesture (12.488042ms)
✔ S18 mounted stale-text 原子拒絕保住 canonical/DOM/selection/gesture (12.500833ms)
✔ S18 mounted text-child 原子拒絕保住 canonical/DOM/selection/gesture (12.566667ms)
✔ S18 mounted stale-image 原子拒絕保住 canonical/DOM/selection/gesture (12.019209ms)
✔ S18 mounted image-alt 原子拒絕保住 canonical/DOM/selection/gesture (12.340583ms)
✔ S18 mounted image-fit 原子拒絕保住 canonical/DOM/selection/gesture (11.83125ms)
✔ S18 mounted remove-before 原子拒絕保住 canonical/DOM/selection/gesture (12.424583ms)
✔ S18 mounted remove-after 原子拒絕保住 canonical/DOM/selection/gesture (12.088542ms)
✔ S18 mounted snap=false drag 成功取消 preview/selection 不提交 geometry (15.525958ms)
✔ S18 mounted snap=false resize 成功取消 preview/selection 不提交 geometry (14.719291ms)
✔ S18 mounted snap=true drag 成功取消 preview/selection 不提交 geometry (16.572125ms)
✔ S18 mounted snap=true resize 成功取消 preview/selection 不提交 geometry (15.825333ms)
✔ S18 mounted remove 同步重入不得提交另一 operation (6.145667ms)
✔ S18 mounted S16 draft 拒絕保留，成功關閉且 late submit 不復活 (18.108375ms)
✔ S18 descriptor 明示 destructive/confirm=true/undoable=false，Node 與 portable 一致 (3.434375ms)
✔ S18 deferred insert/resolve optimizer pending 拒絕刪除、settle 後恢復 (20.156708ms)
✔ S18 deferred insert/reject optimizer pending 拒絕刪除、settle 後恢復 (16.449166ms)
✔ S18 deferred replace/resolve optimizer pending 拒絕刪除、settle 後恢復 (17.816917ms)
✔ S18 deferred replace/reject optimizer pending 拒絕刪除、settle 後恢復 (16.776708ms)
✔ S18 兩個 deferred optimizer 只完成一個仍拒絕；全部 settle 才可刪除 (11.559125ms)
✔ S18 insert picker/cancel ownership 拒絕 delete、釋放後恢復 (16.185334ms)
✔ S18 insert picker/resolve ownership 拒絕 delete、釋放後恢復 (19.545042ms)
✔ S18 insert picker/reject ownership 拒絕 delete、釋放後恢復 (16.73275ms)
✔ S18 replace picker/cancel ownership 拒絕 delete、釋放後恢復 (15.577958ms)
✔ S18 replace picker/resolve ownership 拒絕 delete、釋放後恢復 (17.219125ms)
✔ S18 replace picker/reject ownership 拒絕 delete、釋放後恢復 (16.583542ms)
✔ S18 text submit edit/throw=false 同步 projection 期間拒絕 delete，finally 恢復 (20.028042ms)
✔ S18 text submit edit/throw=true 同步 projection 期間拒絕 delete，finally 恢復 (18.378167ms)
✔ S18 text submit insert/throw=false 同步 projection 期間拒絕 delete，finally 恢復 (21.381791ms)
✔ S18 text submit insert/throw=true 同步 projection 期間拒絕 delete，finally 恢復 (19.364458ms)
✔ S18 Node API 返回值深層隔離，不洩漏 mutable canonical (0.849084ms)
✔ S18 mounted API 返回值深層隔離，不洩漏 mutable canonical (6.233583ms)
✔ S18 motion refs 在 shared pure preflight 拒絕；不依 sanitizer 靜默移除 (0.594208ms)
✔ S18 API-only VM 無 layout/完整 DOM 時 fail closed，其他 public operation 仍可使用 (9.770584ms)
✔ S18 reentry applyLocalPatch/before 拒絕 image patch，單次 revision 與 DOM/canonical 一致 (7.006375ms)
✔ S18 reentry applyLocalPatch/after 拒絕 image patch，單次 revision 與 DOM/canonical 一致 (6.481709ms)
✔ S18 reentry prepareExport/before 在 syncText 前拒絕，不匯出半完成 DOM (10.325916ms)
✔ S18 reentry prepareExport/after 在 syncText 前拒絕，不匯出半完成 DOM (11.943792ms)
✔ S18 reentry exportHtml/before 在 syncText 前拒絕，不匯出半完成 DOM (11.319542ms)
✔ S18 reentry exportHtml/after 在 syncText 前拒絕，不匯出半完成 DOM (8.0145ms)
✔ S18 reentry getSizeReport/before 在 syncText 前拒絕，不匯出半完成 DOM (10.254542ms)
✔ S18 reentry getSizeReport/after 在 syncText 前拒絕，不匯出半完成 DOM (9.235166ms)
✔ S18 reentry download/before 在 syncText 前拒絕，不匯出半完成 DOM (11.014375ms)
✔ S18 reentry download/after 在 syncText 前拒絕，不匯出半完成 DOM (8.446458ms)
ℹ tests 71
ℹ suites 0
ℹ pass 71
ℹ fail 0
ℹ cancelled 0
ℹ skipped 0
ℹ todo 0
ℹ duration_ms 934.508791
