✔ export cleanup 只移除 bounded editor chrome roots (1.332625ms)
✔ editor chrome contract 誤標 presentation truth 時 fail loud (0.408375ms)
✔ editor chrome 可位於 presentation 容器內，但不得自己承載 presentation truth (0.082709ms)
✔ export clone root 自己被標成 editor chrome 時也不可漏出 (0.099958ms)
✔ 正式 browser exporter 共用同一 cleanup seam (1.862833ms)
✔ S10 Node 3-item horizontal/vertical centers 頭尾固定 (5.553625ms)
✔ S10 Node 4-item deterministic round 且只改主軸 (2.788875ms)
✔ S10 Node equal-center tie 依 stable element identity，不依賴 target 輸入順序 (0.839ms)
✔ S10 Node invalid / missing geometry / safe-area 全部原子拒絕 (1.519167ms)
✔ S10 Node canonical no-op 與 descriptor contract (0.555542ms)
✔ S10 portable browser runtime 3-item horizontal/vertical centers 頭尾固定 (25.581209ms)
✔ S10 portable browser runtime 4-item deterministic round 且只改主軸 (9.344458ms)
✔ S10 portable browser runtime equal-center tie 依 stable element identity，不依賴 target 輸入順序 (11.032709ms)
✔ S10 portable browser runtime invalid / missing geometry / safe-area 全部原子拒絕 (39.828959ms)
✔ S10 portable browser runtime canonical no-op 與 descriptor contract (4.289458ms)
✔ S10 3+ selection 才顯示 distribute controls，均分後 selection 保留且 export 不洩漏 (79.539709ms)
✔ S10 distribute UI 缺 canonical geometry 時整筆不改且保留 3-selection (6.41925ms)
✔ S11 Node horizontal/vertical equal-gap 頭尾固定且只改主軸 (10.923625ms)
✔ S11 Node fractional gap 使用 deterministic Math.round (6.555708ms)
✔ S11 Node same-start 以 stable element identity tie-break (9.988459ms)
✔ S11 Node negative gap 與 invalid input 全部原子拒絕 (1.426375ms)
✔ S11 Node equal-gap canonical no-op (0.650583ms)
✔ S11 portable browser runtime horizontal/vertical equal-gap 頭尾固定且只改主軸 (17.461375ms)
✔ S11 portable browser runtime fractional gap 使用 deterministic Math.round (2.158333ms)
✔ S11 portable browser runtime same-start 以 stable element identity tie-break (8.765916ms)
✔ S11 portable browser runtime negative gap 與 invalid input 全部原子拒絕 (3.296209ms)
✔ S11 portable browser runtime equal-gap canonical no-op (4.481375ms)
✔ S11 3+ selection 顯示 equal-gap controls，成功後保留 selection/export 清理 (56.36ms)
✔ S11 negative gap UI 原子拒絕且保留 selection (22.936ms)
✔ legacy keyPoints deterministic backfill，合法 explicit IDs 原樣保留 (4.497416ms)
✔ caller-supplied invalid identity 在 sanitizer 前 fail loud (0.585333ms)
✔ renderer 對 directly operable roots 輸出 slide-local unique element identity (28.374541ms)
✔ edit-text descriptor 完整宣告 bounded metadata (1.196667ms)
✔ executeOperation 只依 stable target pair 編輯文字並 fail loud (1.444916ms)
✔ legacy non-pattern 與 201+ 字元 slideId 仍可走 Node/browser operation path (11.847041ms)
✔ 對抗性 long component／keyPoint IDs 仍解析為 bounded unique identity 並可 round-trip (17.54625ms)
✔ descriptor metadata 深層 immutable，mutation 不可擴張 enforcement allowlist (9.537792ms)
✔ legacy component ID 與 role／point canonical IDs 可同名但 element identity 不碰撞 (13.531875ms)
✔ legacy adapters、duplicate 與 export/reopen 共用 canonical identity (14.31475ms)
✔ Node absolute move/resize 僅改 canonical override，content edit 保留 (9.545667ms)
✔ Node invalid 全部 fail loud 且 state 原子性 (22.7755ms)
✔ Node descriptors 深度 immutable 且 allowlist 無法擴權 (1.068458ms)
✔ browser API VM absolute move/resize 僅改 canonical override，content edit 保留 (25.903208ms)
✔ browser API VM invalid 全部 fail loud 且 state 原子性 (54.963458ms)
✔ browser API VM descriptors 深度 immutable 且 allowlist 無法擴權 (4.045792ms)
✔ legacy sanitizer/render/export/recipient 不引入 optional 欄位 (9.434084ms)
✔ canonical geometry renderer/recipient round-trip 與 viewport 無關 (7.725459ms)
✔ sanitizer 拒絕非法 geometry，cleanup orphan，duplicate/delete 不共享 (3.553375ms)
✔ Node 合法 constructor ID 與非 slot component 走 own-property override (20.762666ms)
✔ Node safe-area 精確邊界／integer 非 grid 值不 clamp (3.581ms)
✔ browser API VM 合法 constructor ID 與非 slot component 走 own-property override (27.518459ms)
✔ browser API VM safe-area 精確邊界／integer 非 grid 值不 clamp (16.764792ms)
✔ legacy component patch 保留 geometry；sanitizer 移除失效 component override (2.682167ms)
✔ geometry QA managed attach 只建／關 owned target，navigation 失敗仍清理且不 spawn (288.189ms)
✔ S3 focused browser script 缺 managed port 明確拒絕，不 fallback spawn (158.135291ms)
✔ 舊 geometry suppression 清除、preview 回復 canonical，保留無關 inline style／priority (4.118958ms)
✔ 非 geometry inline transform 與無 override 元件不被抹除 (1.262291ms)
✔ renderer 與 export/reopen spec 的 move/resize 不壓制 motion (16.420834ms)
✔ mounted public preview/cancel/commit/export clone 保留無關 style 與 motion seam (106.310333ms)
✔ 三種 browser treatment fixture 使用當前 renderer、可攜 canonical 且未改 motion CSS (76.011959ms)
✔ mode/select 不寫 spec；legacy 明示初始化只呼叫一次既有 operation (14.548209ms)
✔ scale 0.8 drag/SE resize preview ephemeral，release 至多一次 (6.596042ms)
✔ scale 1 drag/SE resize preview ephemeral，release 至多一次 (1.446709ms)
✔ no-op/cancel/mode/stale/target replacement 不提交；invalid 原子拒絕 (9.729167ms)
✔ SE resize 小於 minimum 原子拒絕；非 component / play 不啟動 (3.60875ms)
✔ stale target 刪除不提交；切選取取消 preview (4.512333ms)
✔ export 只移除 control 對應 style，canonical component 不作 chrome root (1.10125ms)
✔ S4 managed attach  只建／關 owned target，navigation 失敗仍清理且不 spawn (312.157041ms)
✔ S4 managed attach --perf-regression 只建／關 owned target，navigation 失敗仍清理且不 spawn (340.955583ms)
✔ S4 managed attach --motion-regression 只建／關 owned target，navigation 失敗仍清理且不 spawn (359.831083ms)
✔ S4 managed attach --keyboard-regression 只建／關 owned target，navigation 失敗仍清理且不 spawn (219.763875ms)
✔ S4 managed attach --snap-regression 只建／關 owned target，navigation 失敗仍清理且不 spawn (229.710291ms)
✔ S4 managed attach --selection-regression 只建／關 owned target，navigation 失敗仍清理且不 spawn (213.520958ms)
✔ S4 managed attach --alignment-regression 只建／關 owned target，navigation 失敗仍清理且不 spawn (148.2775ms)
✔ S4 managed attach --distribution-regression 只建／關 owned target，navigation 失敗仍清理且不 spawn (134.098667ms)
✔ S4 managed attach --equal-gap-regression 只建／關 owned target，navigation 失敗仍清理且不 spawn (134.870541ms)
✔ S4 managed attach --direct-text-regression 只建／關 owned target，navigation 失敗仍清理且不 spawn (129.760625ms)
✔ S4 focused browser script 缺 managed port 明確拒絕，不 fallback spawn (88.5705ms)
✔ mounted 1 MiB pointer update/preview 不讀 payload、不序列化 (42.354959ms)
✔ mounted 6 MiB pointer update/preview 不讀 payload、不序列化 (130.295625ms)
✔ mounted 12 MiB pointer update/preview 不讀 payload、不序列化 (218.035041ms)
✔ mounted readonly/noop/invalid/preview export 換 object 後 release 至多一次且可 reopen (194.235417ms)
✔ mounted semantic public text 使 gesture stale，不覆寫新 state (68.332666ms)
✔ mounted semantic legacy text 使 gesture stale，不覆寫新 state (68.152416ms)
✔ mounted semantic legacy component 使 gesture stale，不覆寫新 state (107.532208ms)
✔ mounted semantic geometry 使 gesture stale，不覆寫新 state (40.486041ms)
✔ mounted semantic sync text/export 使 gesture stale，不覆寫新 state (57.029958ms)
✔ mounted semantic asset replace 使 gesture stale，不覆寫新 state (9.917167ms)
✔ mounted semantic keyPoint 使 gesture stale，不覆寫新 state (32.306583ms)
✔ mounted semantic component text seam 使 gesture stale，不覆寫新 state (37.374834ms)
✔ mounted semantic change then revert 使 gesture stale，不覆寫新 state (48.194458ms)
✔ mounted semantic duplicate 使 gesture stale，不覆寫新 state (55.441667ms)
✔ mounted reorder/delete/unrelated slide mutation 取消 gesture (152.604542ms)
✔ mounted async asset 在 readonly export 換 object 後仍寫入 live canonical，同值不假 stale (63.001125ms)
✔ mounted noop image/text、invalid component patch 不假 mutation (73.958458ms)
✔ mounted async asset 刪除 captured target 不回寫；換頁仍只改 captured identity (77.062667ms)
✔ mounted target replacement/deletion/mode/cancel/invalid/noop 不提交 (193.7725ms)
✔ 正式 Moveable bundle/hash/metafile/license 與禁用 input 邊界 (26.679083ms)
✔ portable 內嵌 vendor/license，無 CDN；generated editor script 可解析 (34.702792ms)
✔ S5 public 方向／Shift／repeat 每步最多一筆 move-element，僅改 x/y (8.009417ms)
✔ S5 public stale identity、刪除、gesture 互斥；拒絕不 clamp (4.518209ms)
✔ S5 mounted 真 runtime capture 處理方向／Shift／repeat、export/reopen 無 editor 洩漏 (35.69075ms)
✔ S5 mounted guardmatrix 未處理不得攔截或寫 spec；composition 狀態清理 (15.383417ms)
✔ S5 mounted no mode／selection／geometry／deleted 與原子 bounds (10.225041ms)
✔ S5 mounted drag 中按鍵不取消／不提交 gesture (5.015166ms)
✔ S5 mounted resize 中按鍵不取消／不提交 gesture (4.359584ms)
✔ S5 點選元件釋放既有 chrome focus，仍保留直接操作 chrome 時的避讓 (9.052833ms)
✔ S5 guarded Escape 保留 drag 與 selection；普通 Escape 才取消 (13.620459ms)
✔ S5 guarded Escape 保留 resize 與 selection；普通 Escape 才取消 (19.37325ms)
✔ S7 drag Escape→trusted release-click 重播不重選；fresh pointerdown/click 立即恢復 (38.93625ms)
✔ S7 resize Escape→trusted release-click 重播不重選；fresh pointerdown/click 立即恢復 (10.122958ms)
✔ S7 cancel 共用取消尾隨 click 防護 (17.898416ms)
✔ S7 pointercancel 共用取消尾隨 click 防護 (16.298375ms)
✔ S7 blur 共用取消尾隨 click 防護 (17.290625ms)
✔ S7 scroll 共用取消尾隨 click 防護 (13.583625ms)
✔ S7 resize 共用取消尾隨 click 防護 (8.830125ms)
✔ S7 selection 共用取消尾隨 click 防護 (7.874792ms)
✔ S7 mode 共用取消尾隨 click 防護 (13.869917ms)
✔ S7 text 共用取消尾隨 click 防護 (10.697667ms)
✔ S7 toggle 共用取消尾隨 click 防護 (5.777917ms)
✔ S7 replacement 共用取消尾隨 click 防護 (9.548ms)
✔ S7 stale-update 共用取消尾隨 click 防護 (11.406917ms)
✔ S7 stale-release 共用取消尾隨 click 防護 (10.221125ms)
✔ S7 invalid 共用取消尾隨 click 防護 (17.011292ms)
✔ S7 取消若沒有尾隨 click，下一次 primary pointerdown/click 仍正常選取 (15.775292ms)
✔ S7 未啟動 gesture 的普通選取與零位移 release 不受取消防護影響 (13.581958ms)
✔ S7 鍵盤 detail0 與 programmatic control 不受影響，亦不消耗尾隨 click 防護 (19.086333ms)
✔ S7 programmatic component click 可選取；後續尾隨 trusted click 不重建 vendor (9.98225ms)
✔ S7 非新有效 pointerdown {"isTrusted":false} 不解除本次取消防護 (14.999458ms)
✔ S7 非新有效 pointerdown {"isPrimary":false} 不解除本次取消防護 (9.388916ms)
✔ S7 非新有效 pointerdown {"button":2} 不解除本次取消防護 (20.237917ms)
✔ S7 destroy 移除 pointerdown listener，重複 teardown 安全 (11.771375ms)
✔ S7 診斷區分 Escape 已取消後 click 重選，不改事件結果 (50.449334ms)
✔ S7 診斷區分 guarded Escape 未取消，不改事件結果 (17.340375ms)
✔ S7 snap-layout {"isTrusted":false,"detail":0} 在 pinned blocker 前取消，原 handler 可達 (35.58ms)
✔ S7 edit {"isTrusted":false,"detail":0} 在 pinned blocker 前取消，原 handler 可達 (10.105708ms)
✔ S7 selection {"isTrusted":false,"detail":0} 在 pinned blocker 前取消，原 handler 可達 (10.730375ms)
✔ S7 snap-layout {"isTrusted":true,"detail":0} 在 pinned blocker 前取消，原 handler 可達 (8.0655ms)
✔ S7 edit {"isTrusted":true,"detail":0} 在 pinned blocker 前取消，原 handler 可達 (8.044084ms)
✔ S7 selection {"isTrusted":true,"detail":0} 在 pinned blocker 前取消，原 handler 可達 (11.460916ms)
✔ S7 snap-layout {"isTrusted":true,"detail":1} 在 pinned blocker 前取消，原 handler 可達 (12.921542ms)
✔ S7 edit {"isTrusted":true,"detail":1} 在 pinned blocker 前取消，原 handler 可達 (17.071791ms)
✔ S7 selection {"isTrusted":true,"detail":1} 在 pinned blocker 前取消，原 handler 可達 (16.108625ms)
✔ S7 capture 不攔截非本卡路由 outside (15.084041ms)
✔ S7 capture 不攔截非本卡路由 unrelated-action (31.6315ms)
✔ S7 capture 不攔截非本卡路由 vendor-chrome (9.209833ms)
✔ S7 routing listener 與 vendor blocker 在重複 destroy 後均清除 (15.336208ms)
✔ S7 首次 snap SE handle：pinned mount/render 重播，尚未 drag 即提交645×485 (29.4005ms)
✔ motion-ready 保留全體節點及 pseudo-element 的停動畫契約 (1.492875ms)
✔ motion-ready transform reset 隔離 editor root／後代，並保留內容與 pseudo-element reset (0.618666ms)
✔ motion-static 保留全體節點及 pseudo-element 的停動畫契約 (0.165542ms)
✔ motion-static transform reset 隔離 editor root／後代，並保留內容與 pseudo-element reset (0.373917ms)
✔ logical-line：無末尾換行 (2.599167ms)
✔ logical-line：有末尾換行 (0.171583ms)
✔ logical-line：CRLF (0.059625ms)
✔ logical-line：空檔 (0.065959ms)
✔ logical-line：只有port (0.054042ms)
✔ logical-line：port超界 (0.054667ms)
✔ logical-line：port零 (0.0455ms)
✔ logical-line：endpoint空 (0.041958ms)
✔ logical-line：endpoint錯誤 (0.683375ms)
✔ logical-line：額外非空行 (0.124542ms)
✔ 慢讀取耗時計入deadline，sleep僅用剩餘budget (1.491208ms)
✔ 剩餘時間小於interval時縮短sleep (0.132167ms)
✔ deadline後才完成的有效檔案不能回ready (0.112541ms)
✔ 延遲補第二行且無final newline可以ready (0.113375ms)
✔ supervisor先退出不讀檔，exit27 (0.1155ms)
✔ supervisor在讀取中退出，即使檔案有效仍exit27 (0.289959ms)
✔ 持續read error維持bounded timeout (0.309708ms)
✔ 真文字檔可直接使用，tmp於finally回收 (19.754666ms)
✔ 永不完成的讀取在實際deadline被abort，沒有掛住controller (31.951916ms)
✔ S7 cancel 取消 preview，proxy 與 vendor 清理 (37.199209ms)
✔ S7 toggle 取消 preview，proxy 與 vendor 清理 (9.585042ms)
✔ S7 mode 取消 preview，proxy 與 vendor 清理 (15.145084ms)
✔ S7 text 取消 preview，proxy 與 vendor 清理 (11.419125ms)
✔ S7 escape 取消 preview，proxy 與 vendor 清理 (8.43675ms)
✔ S7 pointercancel 取消 preview，proxy 與 vendor 清理 (11.184458ms)
✔ S7 blur 取消 preview，proxy 與 vendor 清理 (5.14375ms)
✔ S7 scroll 取消 preview，proxy 與 vendor 清理 (12.001708ms)
✔ S7 resize 取消 preview，proxy 與 vendor 清理 (9.592875ms)
✔ S7 stale 取消 preview，proxy 與 vendor 清理 (7.16725ms)
✔ S7 deleted 取消 preview，proxy 與 vendor 清理 (6.18675ms)
✔ S7 replacement 取消 preview，proxy 與 vendor 清理 (9.176125ms)
✔ S7 destroy 取消 preview，proxy 與 vendor 清理 (8.957584ms)
✔ S7 drag bounds/minimum/finite 原子拒絕 (13.819875ms)
✔ S7 resize bounds/minimum/finite 原子拒絕 (17.429333ms)
✔ S7 keyboard 仍1/10px、guardedEscape／IME／input 不取消 snap gesture (7.7235ms)
✔ S7 public begin/update/finish：preview 0筆、release 1筆、return/cancel/stale 0筆 (1.9925ms)
✔ S7 mounted 1MiB snap preview 不序列化、不讀 payload (42.33575ms)
✔ S7 mounted 6MiB snap preview 不序列化、不讀 payload (108.215208ms)
✔ S7 mounted 12MiB snap preview 不序列化、不讀 payload (198.711209ms)
✔ S7 初始 off、明示開關、proxy 不攔 visible hit、vendor direction 與清引用 (5.809792ms)
✔ S7 舊 vendor 延遲 end 不得提交新 gesture；stale release 清 proxy (12.736ms)
✔ S7 SE 固定左上 anchor；preview/cancel 不清 presentation transform (4.947875ms)
✔ S7 0.8 drag vendor canonical payload、preview/export、單次 release (13.887125ms)
✔ S7 0.8 drag 零與返回原點不得採用 vendor 起始修正 (12.149625ms)
✔ S7 0.8 resize vendor canonical payload、preview/export、單次 release (26.272334ms)
✔ S7 0.8 resize 零與返回原點不得採用 vendor 起始修正 (22.417292ms)
✔ S7 1 drag vendor canonical payload、preview/export、單次 release (25.041792ms)
✔ S7 1 drag 零與返回原點不得採用 vendor 起始修正 (22.105333ms)
✔ S7 1 resize vendor canonical payload、preview/export、單次 release (12.394958ms)
✔ S7 1 resize 零與返回原點不得採用 vendor 起始修正 (9.943625ms)
✔ S8 focusin 換頁清 selection，方向鍵不得修改上一頁 canonical (28.547667ms)
✔ S8 同頁 focusin 保留 selection，跨頁 focusin 清除多選 (16.459542ms)
✔ S8 plain/Shift click 與 marquee 共用單一 editor-local selection state (13.925208ms)
✔ S8 export clone-only 清除 Selecto/selection chrome，live selection 保持 (5.830834ms)
✔ S8 Escape/blur/mode teardown 清 selection，重複 destroy idempotent (8.256583ms)
✔ S8 selection replace/toggle 去重並依 DOM order 穩定 (5.332833ms)
✔ S8 editor-local state 0/1/>1 lifecycle 不產生 canonical mutation (0.425916ms)
✔ S8 disabled state 拒絕 selection mutation (0.084083ms)
✔ S8 Selecto pinned vendor/hash/license/integrity 全部吻合 (6.650375ms)
✔ S8 portable 內嵌 Selecto vendor/license 且無 CDN (24.337042ms)
✔ S9 Node 六種 align-selection 使用 selection bbox 且保持尺寸 (10.688041ms)
✔ S9 Node align-selection invalid / missing geometry 原子拒絕 (1.190125ms)
✔ S9 Node align-selection canonical no-op 不改 state (0.411917ms)
✔ S9 Node align-selection descriptor 深度 immutable (0.264958ms)
✔ S9 portable browser runtime 六種 align-selection 使用 selection bbox 且保持尺寸 (33.697042ms)
✔ S9 portable browser runtime align-selection invalid / missing geometry 原子拒絕 (11.160417ms)
✔ S9 portable browser runtime align-selection canonical no-op 不改 state (2.949833ms)
✔ S9 portable browser runtime align-selection descriptor 深度 immutable (2.132958ms)
✔ S9 multi-selection 才顯示 align controls；align 後 selection 保留且 export 不洩漏 (33.90175ms)
✔ S9 align UI 任一 target 缺 canonical geometry 時整筆不改且保留 selection (7.438709ms)
✔ WP2-S1 text mode 只開放 title/subtitle/keyPoint，component 不取得 direct-edit authority (15.600542ms)
✔ WP2-S1 blur / 完成編輯以 edit-text commit，preserve 其他 canonical scopes (10.471167ms)
✔ WP2-S1 IME composition 期間 export fail loud，compositionend 才提交完整文字 (5.262375ms)
✔ WP2-S1 IME 未完成時切到 layout 只取消 partial DOM，不提交 canonical (4.640125ms)
✔ WP2-S1 Escape 還原未提交 DOM，雙擊合法文字直接進 edit mode (5.3015ms)
✔ WP2-S1 export/reopen 使用 canonical committed text 且不輸出 contenteditable (3.23425ms)
ℹ tests 228
ℹ suites 0
ℹ pass 228
ℹ fail 0
ℹ cancelled 0
ℹ skipped 0
ℹ todo 0
ℹ duration_ms 2757.498333
