✔ legacy keyPoints deterministic backfill，合法 explicit IDs 原樣保留 (3.328167ms)
✔ caller-supplied invalid identity 在 sanitizer 前 fail loud (0.532167ms)
✔ renderer 對 directly operable roots 輸出 slide-local unique element identity (14.582459ms)
✔ edit-text descriptor 完整宣告 bounded metadata (0.246875ms)
✔ executeOperation 只依 stable target pair 編輯文字並 fail loud (1.488666ms)
✔ legacy non-pattern 與 201+ 字元 slideId 仍可走 Node/browser operation path (10.559916ms)
✔ 對抗性 long component／keyPoint IDs 仍解析為 bounded unique identity 並可 round-trip (6.838958ms)
✔ descriptor metadata 深層 immutable，mutation 不可擴張 enforcement allowlist (5.948541ms)
✔ legacy component ID 與 role／point canonical IDs 可同名但 element identity 不碰撞 (12.547959ms)
✔ legacy adapters、duplicate 與 export/reopen 共用 canonical identity (10.409792ms)
✔ Node absolute move/resize 僅改 canonical override，content edit 保留 (5.570208ms)
✔ Node invalid 全部 fail loud 且 state 原子性 (9.548375ms)
✔ Node descriptors 深度 immutable 且 allowlist 無法擴權 (1.1795ms)
✔ browser API VM absolute move/resize 僅改 canonical override，content edit 保留 (13.138375ms)
✔ browser API VM invalid 全部 fail loud 且 state 原子性 (23.53ms)
✔ browser API VM descriptors 深度 immutable 且 allowlist 無法擴權 (1.737291ms)
✔ legacy sanitizer/render/export/recipient 不引入 optional 欄位 (12.0825ms)
✔ canonical geometry renderer/recipient round-trip 與 viewport 無關 (6.924791ms)
✔ sanitizer 拒絕非法 geometry，cleanup orphan，duplicate/delete 不共享 (3.665583ms)
✔ Node 合法 constructor ID 與非 slot component 走 own-property override (10.008375ms)
✔ Node safe-area 精確邊界／integer 非 grid 值不 clamp (0.950167ms)
✔ browser API VM 合法 constructor ID 與非 slot component 走 own-property override (13.143875ms)
✔ browser API VM safe-area 精確邊界／integer 非 grid 值不 clamp (3.671792ms)
✔ legacy component patch 保留 geometry；sanitizer 移除失效 component override (1.025042ms)
✔ S4 managed attach  只建／關 owned target，navigation 失敗仍清理且不 spawn (191.713708ms)
✔ S4 managed attach --perf-regression 只建／關 owned target，navigation 失敗仍清理且不 spawn (124.670875ms)
✔ S4 managed attach --motion-regression 只建／關 owned target，navigation 失敗仍清理且不 spawn (125.760708ms)
✔ S4 managed attach --keyboard-regression 只建／關 owned target，navigation 失敗仍清理且不 spawn (124.99425ms)
✔ S4 managed attach --snap-regression 只建／關 owned target，navigation 失敗仍清理且不 spawn (133.359459ms)
✔ S4 managed attach --selection-regression 只建／關 owned target，navigation 失敗仍清理且不 spawn (129.543625ms)
✔ S4 managed attach --alignment-regression 只建／關 owned target，navigation 失敗仍清理且不 spawn (127.05275ms)
✔ S4 managed attach --distribution-regression 只建／關 owned target，navigation 失敗仍清理且不 spawn (129.864625ms)
✔ S4 managed attach --equal-gap-regression 只建／關 owned target，navigation 失敗仍清理且不 spawn (137.067208ms)
✔ S4 managed attach --direct-text-regression 只建／關 owned target，navigation 失敗仍清理且不 spawn (137.209916ms)
✔ S4 managed attach --typography-regression 只建／關 owned target，navigation 失敗仍清理且不 spawn (134.425834ms)
✔ S4 managed attach --style-copy-regression 只建／關 owned target，navigation 失敗仍清理且不 spawn (141.415042ms)
✔ S4 focused browser script 缺 managed port 明確拒絕，不 fallback spawn (87.989208ms)
✔ WP2-S1 text mode 只開放 title/subtitle/keyPoint，component 不取得 direct-edit authority (19.883833ms)
✔ WP2-S1 blur / 完成編輯以 edit-text commit，preserve 其他 canonical scopes (8.565209ms)
✔ WP2-S1 IME composition 期間 export fail loud，compositionend 才提交完整文字 (10.12825ms)
✔ WP2-S1 IME 未完成時切到 layout 只取消 partial DOM，不提交 canonical (8.121917ms)
✔ WP2-S1 Escape 還原未提交 DOM，雙擊合法文字直接進 edit mode (8.049417ms)
✔ WP2-S1 export/reopen 使用 canonical committed text 且不輸出 contenteditable (7.482375ms)
✔ WP2-S2 Node：boundary/reset/preservation/invalid atomic (14.38875ms)
✔ WP2-S2 portable：boundary/reset/preservation/invalid atomic (31.477459ms)
✔ WP2-S2 sanitizer/renderer/export round-trip，空 map 消失且無 subtitle 不創建 (7.364833ms)
✔ WP2-S2 mounted：focus toolbar sync、IME guard、reset 保留 default/motion、export (20.540833ms)
✔ WP2-S2 no-op/invalid 不增 revision，真正改字級會使既有 gesture stale (16.433917ms)
✔ WP2-S2 切頁/模式與非法 input 不留下可用 stale target (10.546292ms)
✔ WP2-S2 初次 render 同時保留 motion styles；reopen reset 回 CSS default (8.899084ms)
✔ WP2-S3 Node snapshot、跨頁、preservation、export/reopen (9.351166ms)
✔ WP2-S3 Node invalid atomic，getter 不執行且舊 snapshot 保留 (6.467959ms)
✔ WP2-S3 portable snapshot、跨頁、preservation、export/reopen (49.616125ms)
✔ WP2-S3 portable invalid atomic，getter 不執行且舊 snapshot 保留 (25.766791ms)
✔ WP2-S3 registry metadata 與 portable parity，僅字級 contract (2.012916ms)
✔ WP2-S3 toolbar 狀態、sync text、IME、mode/slide stale target (22.339ms)
✔ WP2-S3 semantic revision：copy/invalid/no-op 為零，paste 真變更一次 (6.324833ms)
✔ WP2-S3 Node source 刪除仍保留獨立 snapshot (0.679ms)
✔ WP2-S3 portable source 刪除仍保留獨立 snapshot (5.236209ms)
ℹ tests 59
ℹ suites 0
ℹ pass 59
ℹ fail 0
ℹ cancelled 0
ℹ skipped 0
ℹ todo 0
ℹ duration_ms 1863.620916
