✔ legacy keyPoints deterministic backfill，合法 explicit IDs 原樣保留 (3.102833ms)
✔ caller-supplied invalid identity 在 sanitizer 前 fail loud (0.542834ms)
✔ renderer 對 directly operable roots 輸出 slide-local unique element identity (13.604667ms)
✔ edit-text descriptor 完整宣告 bounded metadata (0.204333ms)
✔ executeOperation 只依 stable target pair 編輯文字並 fail loud (1.527041ms)
✔ legacy non-pattern 與 201+ 字元 slideId 仍可走 Node/browser operation path (12.203458ms)
✔ 對抗性 long component／keyPoint IDs 仍解析為 bounded unique identity 並可 round-trip (5.806458ms)
✔ descriptor metadata 深層 immutable，mutation 不可擴張 enforcement allowlist (5.66025ms)
✔ legacy component ID 與 role／point canonical IDs 可同名但 element identity 不碰撞 (8.943166ms)
✔ legacy adapters、duplicate 與 export/reopen 共用 canonical identity (7.411792ms)
✔ Node absolute move/resize 僅改 canonical override，content edit 保留 (5.039125ms)
✔ Node invalid 全部 fail loud 且 state 原子性 (5.890084ms)
✔ Node descriptors 深度 immutable 且 allowlist 無法擴權 (0.375125ms)
✔ browser API VM absolute move/resize 僅改 canonical override，content edit 保留 (13.864125ms)
✔ browser API VM invalid 全部 fail loud 且 state 原子性 (19.595167ms)
✔ browser API VM descriptors 深度 immutable 且 allowlist 無法擴權 (2.505125ms)
✔ legacy sanitizer/render/export/recipient 不引入 optional 欄位 (9.334209ms)
✔ canonical geometry renderer/recipient round-trip 與 viewport 無關 (6.5595ms)
✔ sanitizer 拒絕非法 geometry，cleanup orphan，duplicate/delete 不共享 (2.065ms)
✔ Node 合法 constructor ID 與非 slot component 走 own-property override (9.845042ms)
✔ Node safe-area 精確邊界／integer 非 grid 值不 clamp (0.955208ms)
✔ browser API VM 合法 constructor ID 與非 slot component 走 own-property override (13.12625ms)
✔ browser API VM safe-area 精確邊界／integer 非 grid 值不 clamp (3.41575ms)
✔ legacy component patch 保留 geometry；sanitizer 移除失效 component override (0.890584ms)
✔ WP2-S1 text mode 只開放 title/subtitle/keyPoint，component 不取得 direct-edit authority (25.265625ms)
✔ WP2-S1 blur / 完成編輯以 edit-text commit，preserve 其他 canonical scopes (8.193666ms)
✔ WP2-S1 IME composition 期間 export fail loud，compositionend 才提交完整文字 (7.354ms)
✔ WP2-S1 IME 未完成時切到 layout 只取消 partial DOM，不提交 canonical (6.343916ms)
✔ WP2-S1 Escape 還原未提交 DOM，雙擊合法文字直接進 edit mode (2.907292ms)
✔ WP2-S1 export/reopen 使用 canonical committed text 且不輸出 contenteditable (3.967292ms)
✔ WP2-S2 Node：boundary/reset/preservation/invalid atomic (10.572209ms)
✔ WP2-S2 portable：boundary/reset/preservation/invalid atomic (33.531583ms)
✔ WP2-S2 sanitizer/renderer/export round-trip，空 map 消失且無 subtitle 不創建 (6.349041ms)
✔ WP2-S2 mounted：focus toolbar sync、IME guard、reset 保留 default/motion、export (14.340792ms)
✔ WP2-S2 no-op/invalid 不增 revision，真正改字級會使既有 gesture stale (17.0015ms)
✔ WP2-S2 切頁/模式與非法 input 不留下可用 stale target (9.694084ms)
✔ WP2-S2 初次 render 同時保留 motion styles；reopen reset 回 CSS default (6.423375ms)
✔ WP2-S3 Node snapshot、跨頁、preservation、export/reopen (7.137292ms)
✔ WP2-S3 Node invalid atomic，getter 不執行且舊 snapshot 保留 (4.587125ms)
✔ WP2-S3 portable snapshot、跨頁、preservation、export/reopen (36.522709ms)
✔ WP2-S3 portable invalid atomic，getter 不執行且舊 snapshot 保留 (19.042417ms)
✔ WP2-S3 registry metadata 與 portable parity，僅字級 contract (1.771958ms)
✔ WP2-S3 toolbar 狀態、sync text、IME、mode/slide stale target (19.47625ms)
✔ WP2-S3 semantic revision：copy/invalid/no-op 為零，paste 真變更一次 (7.300291ms)
✔ WP2-S3 Node source 刪除仍保留獨立 snapshot (0.738458ms)
✔ WP2-S3 portable source 刪除仍保留獨立 snapshot (4.971667ms)
ℹ tests 46
ℹ suites 0
ℹ pass 46
ℹ fail 0
ℹ cancelled 0
ℹ skipped 0
ℹ todo 0
ℹ duration_ms 250.953125
