
DevTools listening on ws://127.0.0.1:55259/devtools/browser/545c3718-c316-4216-ad1e-53fc8daa7578
Trying to load the allocator multiple times. This is *not* supported.
[64110:18527165:0922/012315.182727:ERROR:ui/display/mac/cv_display_link_mac.mm:195] CVDisplayLinkCreateWithCGDisplay failed. CVReturn: -6670
[64110:18527165:0922/012315.183867:ERROR:ui/display/mac/cv_display_link_mac.mm:195] CVDisplayLinkCreateWithCGDisplay failed. CVReturn: -6670
[64110:18527165:0922/012315.183974:ERROR:ui/display/mac/cv_display_link_mac.mm:195] CVDisplayLinkCreateWithCGDisplay failed. CVReturn: -6670
[64110:18527165:0922/012315.184076:ERROR:ui/display/mac/cv_display_link_mac.mm:195] CVDisplayLinkCreateWithCGDisplay failed. CVReturn: -6670
[64110:18527165:0922/012315.184175:ERROR:ui/display/mac/cv_display_link_mac.mm:195] CVDisplayLinkCreateWithCGDisplay failed. CVReturn: -6670
[64110:18527165:0922/012315.184255:ERROR:ui/display/mac/cv_display_link_mac.mm:195] CVDisplayLinkCreateWithCGDisplay failed. CVReturn: -6670
[64050:18527112:0922/012317.448077:ERROR:google_apis/gcm/engine/registration_request.cc:291] Registration response error message: DEPRECATED_ENDPOINT
[64050:18527112:0922/012344.054587:ERROR:google_apis/gcm/engine/registration_request.cc:291] Registration response error message: DEPRECATED_ENDPOINT
[64050:18527112:0922/012430.619656:ERROR:google_apis/gcm/engine/registration_request.cc:291] Registration response error message: DEPRECATED_ENDPOINT
[64050:18527112:0922/012615.318234:ERROR:google_apis/gcm/engine/registration_request.cc:291] Registration response error message: DEPRECATED_ENDPOINT
[64110:18527165:0922/012808.943709:ERROR:gpu/command_buffer/service/shared_image/shared_image_manager.cc:395] SharedImageManager::ProduceMemory: Trying to Produce a Memory representation from a non-existent mailbox.
[64110:18527165:0922/012808.944315:ERROR:gpu/command_buffer/service/shared_image/shared_image_manager.cc:395] SharedImageManager::ProduceMemory: Trying to Produce a Memory representation from a non-existent mailbox.
[64110:18527165:0922/012808.944357:ERROR:gpu/command_buffer/service/shared_image/shared_image_manager.cc:395] SharedImageManager::ProduceMemory: Trying to Produce a Memory representation from a non-existent mailbox.
[64110:18527165:0922/012808.944384:ERROR:gpu/command_buffer/service/shared_image/shared_image_manager.cc:395] SharedImageManager::ProduceMemory: Trying to Produce a Memory representation from a non-existent mailbox.
[64110:18527165:0922/012808.944410:ERROR:gpu/command_buffer/service/shared_image/shared_image_manager.cc:395] SharedImageManager::ProduceMemory: Trying to Produce a Memory representation from a non-existent mailbox.
[64110:18527165:0922/012808.944437:ERROR:gpu/command_buffer/service/shared_image/shared_image_manager.cc:395] SharedImageManager::ProduceMemory: Trying to Produce a Memory representation from a non-existent mailbox.
[64110:18527165:0922/012808.944462:ERROR:gpu/command_buffer/service/shared_image/shared_image_manager.cc:395] SharedImageManager::ProduceMemory: Trying to Produce a Memory representation from a non-existent mailbox.
[64050:18527112:0922/013007.369208:ERROR:google_apis/gcm/engine/registration_request.cc:291] Registration response error message: DEPRECATED_ENDPOINT
[64110:18527165:0922/013102.925912:ERROR:gpu/command_buffer/service/shared_image/shared_image_manager.cc:395] SharedImageManager::ProduceMemory: Trying to Produce a Memory representation from a non-existent mailbox.
[64110:18527165:0922/013102.926374:ERROR:gpu/command_buffer/service/shared_image/shared_image_manager.cc:395] SharedImageManager::ProduceMemory: Trying to Produce a Memory representation from a non-existent mailbox.
[64110:18527165:0922/013102.926418:ERROR:gpu/command_buffer/service/shared_image/shared_image_manager.cc:395] SharedImageManager::ProduceMemory: Trying to Produce a Memory representation from a non-existent mailbox.
[64110:18527165:0922/013102.926448:ERROR:gpu/command_buffer/service/shared_image/shared_image_manager.cc:395] SharedImageManager::ProduceMemory: Trying to Produce a Memory representation from a non-existent mailbox.
[64110:18527165:0922/013102.926587:ERROR:gpu/command_buffer/service/shared_image/shared_image_manager.cc:395] SharedImageManager::ProduceMemory: Trying to Produce a Memory representation from a non-existent mailbox.
[64110:18527165:0922/013102.926639:ERROR:gpu/command_buffer/service/shared_image/shared_image_manager.cc:395] SharedImageManager::ProduceMemory: Trying to Produce a Memory representation from a non-existent mailbox.
[64110:18527165:0922/013102.926664:ERROR:gpu/command_buffer/service/shared_image/shared_image_manager.cc:395] SharedImageManager::ProduceMemory: Trying to Produce a Memory representation from a non-existent mailbox.
[64110:18527165:0922/013157.720937:ERROR:gpu/command_buffer/service/shared_image/shared_image_manager.cc:395] SharedImageManager::ProduceMemory: Trying to Produce a Memory representation from a non-existent mailbox.
[64110:18527165:0922/013157.721339:ERROR:gpu/command_buffer/service/shared_image/shared_image_manager.cc:395] SharedImageManager::ProduceMemory: Trying to Produce a Memory representation from a non-existent mailbox.
[64110:18527165:0922/013157.721394:ERROR:gpu/command_buffer/service/shared_image/shared_image_manager.cc:395] SharedImageManager::ProduceMemory: Trying to Produce a Memory representation from a non-existent mailbox.
[64110:18527165:0922/013157.721423:ERROR:gpu/command_buffer/service/shared_image/shared_image_manager.cc:395] SharedImageManager::ProduceMemory: Trying to Produce a Memory representation from a non-existent mailbox.
[64110:18527165:0922/013157.721451:ERROR:gpu/command_buffer/service/shared_image/shared_image_manager.cc:395] SharedImageManager::ProduceMemory: Trying to Produce a Memory representation from a non-existent mailbox.
[64110:18527165:0922/013157.721478:ERROR:gpu/command_buffer/service/shared_image/shared_image_manager.cc:395] SharedImageManager::ProduceMemory: Trying to Produce a Memory representation from a non-existent mailbox.
[64110:18527165:0922/013157.721505:ERROR:gpu/command_buffer/service/shared_image/shared_image_manager.cc:395] SharedImageManager::ProduceMemory: Trying to Produce a Memory representation from a non-existent mailbox.
