✔ legacy keyPoints deterministic backfill，合法 explicit IDs 原樣保留 (3.366792ms)
✔ caller-supplied invalid identity 在 sanitizer 前 fail loud (0.557166ms)
✔ renderer 對 directly operable roots 輸出 slide-local unique element identity (11.074042ms)
✔ edit-text descriptor 完整宣告 bounded metadata (0.195791ms)
✔ executeOperation 只依 stable target pair 編輯文字並 fail loud (1.760958ms)
✔ legacy non-pattern 與 201+ 字元 slideId 仍可走 Node/browser operation path (9.272125ms)
✔ 對抗性 long component／keyPoint IDs 仍解析為 bounded unique identity 並可 round-trip (7.057292ms)
✔ descriptor metadata 深層 immutable，mutation 不可擴張 enforcement allowlist (4.672167ms)
✔ legacy component ID 與 role／point canonical IDs 可同名但 element identity 不碰撞 (4.705917ms)
✔ legacy adapters、duplicate 與 export/reopen 共用 canonical identity (5.9865ms)
✔ mounted 1 MiB pointer update/preview 不讀 payload、不序列化 (39.711709ms)
✔ mounted 6 MiB pointer update/preview 不讀 payload、不序列化 (71.829542ms)
✔ mounted 12 MiB pointer update/preview 不讀 payload、不序列化 (120.812875ms)
✔ mounted readonly/noop/invalid/preview export 換 object 後 release 至多一次且可 reopen (74.536167ms)
✔ mounted semantic public text 使 gesture stale，不覆寫新 state (25.663416ms)
✔ mounted semantic legacy text 使 gesture stale，不覆寫新 state (22.893458ms)
✔ mounted semantic legacy component 使 gesture stale，不覆寫新 state (28.111583ms)
✔ mounted semantic geometry 使 gesture stale，不覆寫新 state (23.336667ms)
✔ mounted semantic sync text/export 使 gesture stale，不覆寫新 state (28.215167ms)
✔ mounted semantic asset replace 使 gesture stale，不覆寫新 state (9.136042ms)
✔ mounted semantic keyPoint 使 gesture stale，不覆寫新 state (22.667125ms)
✔ mounted semantic component text seam 使 gesture stale，不覆寫新 state (30.41325ms)
✔ mounted semantic change then revert 使 gesture stale，不覆寫新 state (71.890417ms)
✔ mounted semantic duplicate 使 gesture stale，不覆寫新 state (48.190959ms)
✔ mounted reorder/delete/unrelated slide mutation 取消 gesture (119.73525ms)
✔ mounted async asset 在 readonly export 換 object 後仍寫入 live canonical，同值不假 stale (137.171541ms)
✔ mounted noop image/text、invalid component patch 不假 mutation (58.721041ms)
✔ mounted async asset 刪除 captured target 不回寫；換頁仍只改 captured identity (69.137208ms)
✔ mounted target replacement/deletion/mode/cancel/invalid/noop 不提交 (158.507833ms)
✔ WP2-S2 Node：boundary/reset/preservation/invalid atomic (8.751791ms)
✔ WP2-S2 portable：boundary/reset/preservation/invalid atomic (34.513375ms)
✔ WP2-S2 sanitizer/renderer/export round-trip，空 map 消失且無 subtitle 不創建 (9.848666ms)
✔ WP2-S2 mounted：focus toolbar sync、IME guard、reset 保留 default/motion、export (16.654292ms)
✔ WP2-S2 no-op/invalid 不增 revision，真正改字級會使既有 gesture stale (16.741292ms)
✔ WP2-S2 切頁/模式與非法 input 不留下可用 stale target (9.304708ms)
✔ WP2-S2 初次 render 同時保留 motion styles；reopen reset 回 CSS default (8.890209ms)
✔ WP2-S3 Node snapshot、跨頁、preservation、export/reopen (9.199917ms)
✔ WP2-S3 Node invalid atomic，getter 不執行且舊 snapshot 保留 (3.601708ms)
✔ WP2-S3 portable snapshot、跨頁、preservation、export/reopen (41.291208ms)
✔ WP2-S3 portable invalid atomic，getter 不執行且舊 snapshot 保留 (20.328125ms)
✔ WP2-S3 registry metadata 與 portable parity，僅字級 contract (1.860667ms)
✔ WP2-S3 toolbar 狀態、sync text、IME、mode/slide stale target (19.601709ms)
✔ WP2-S3 semantic revision：copy/invalid/no-op 為零，paste 真變更一次 (6.137333ms)
✔ WP2-S3 Node source 刪除仍保留獨立 snapshot (0.719083ms)
✔ WP2-S3 portable source 刪除仍保留獨立 snapshot (7.481667ms)
✔ WP2-S3 title → layout focusin 不提前隱藏 toolbar，click 才清 target (8.091ms)
✔ WP2-S4 Node 第二張 stable target、缺省保留、明示覆寫及 export (31.015ms)
✔ WP2-S4 Node strict payload 原子拒絕且不執行 getter (4.089375ms)
✔ WP2-S4 portable 第二張 stable target、缺省保留、明示覆寫及 export (14.745375ms)
✔ WP2-S4 portable strict payload 原子拒絕且不執行 getter (15.110875ms)
✔ WP2-S4 Node compat wrapper 只取 canonical 欄位並保留缺省 (0.785166ms)
✔ WP2-S4 registry metadata 與 Node/portable 一致 (2.44825ms)
✔ WP2-S4 portable 局部 DOM、no-op revision、export/reparse (8.396791ms)
✔ WP2-S4 DOM 投影例外還原 canonical 與原 attributes (3.776ms)
✔ WP2-S4 portable async 鎖定原 stable image，readonly export／換頁／warnings 保留 (10.81725ms)
✔ WP2-S4 optimizer failure／unsafe result／removed target 原子拒絕 (13.897083ms)
✔ WP2-S4 operation／wrapper no-op 保留 gesture，真修改讓 gesture stale (37.952125ms)
✔ WP2-S4 長 component ID 用 resolved stable identity；無 fit 不添加 (3.567708ms)
✔ DeckSpec editor 支援文字、元件、圖片與 bounded local patch (6.041333ms)
✔ 排序、複製、刪除維持唯一 ID 與 15 頁上限 (3.484167ms)
✔ full-deck export 內建直接編輯器且只靠單一 HTML 可還原 DeckSpec (14.780917ms)
ℹ tests 61
ℹ suites 0
ℹ pass 61
ℹ fail 0
ℹ cancelled 0
ℹ skipped 0
ℹ todo 0
ℹ duration_ms 1309.0495
