✔ legacy keyPoints deterministic backfill，合法 explicit IDs 原樣保留 (4.759375ms)
✔ caller-supplied invalid identity 在 sanitizer 前 fail loud (0.556958ms)
✔ renderer 對 directly operable roots 輸出 slide-local unique element identity (14.798583ms)
✔ edit-text descriptor 完整宣告 bounded metadata (0.209875ms)
✔ executeOperation 只依 stable target pair 編輯文字並 fail loud (1.321625ms)
✔ legacy non-pattern 與 201+ 字元 slideId 仍可走 Node/browser operation path (7.782417ms)
✔ 對抗性 long component／keyPoint IDs 仍解析為 bounded unique identity 並可 round-trip (7.372791ms)
✔ descriptor metadata 深層 immutable，mutation 不可擴張 enforcement allowlist (6.856167ms)
✔ legacy component ID 與 role／point canonical IDs 可同名但 element identity 不碰撞 (5.797333ms)
✔ legacy adapters、duplicate 與 export/reopen 共用 canonical identity (7.933417ms)
✔ Node absolute move/resize 僅改 canonical override，content edit 保留 (9.764125ms)
✔ Node invalid 全部 fail loud 且 state 原子性 (7.85275ms)
✔ Node descriptors 深度 immutable 且 allowlist 無法擴權 (0.337042ms)
✔ browser API VM absolute move/resize 僅改 canonical override，content edit 保留 (12.943208ms)
✔ browser API VM invalid 全部 fail loud 且 state 原子性 (26.646083ms)
✔ browser API VM descriptors 深度 immutable 且 allowlist 無法擴權 (1.786292ms)
✔ legacy sanitizer/render/export/recipient 不引入 optional 欄位 (28.1985ms)
✔ canonical geometry renderer/recipient round-trip 與 viewport 無關 (15.358583ms)
✔ sanitizer 拒絕非法 geometry，cleanup orphan，duplicate/delete 不共享 (4.537541ms)
✔ Node 合法 constructor ID 與非 slot component 走 own-property override (14.218375ms)
✔ Node safe-area 精確邊界／integer 非 grid 值不 clamp (0.959625ms)
✔ browser API VM 合法 constructor ID 與非 slot component 走 own-property override (30.751084ms)
✔ browser API VM safe-area 精確邊界／integer 非 grid 值不 clamp (4.05425ms)
✔ legacy component patch 保留 geometry；sanitizer 移除失效 component override (19.989334ms)
✔ S4 managed attach  只建／關 owned target，navigation 失敗仍清理且不 spawn (348.94525ms)
✔ S4 managed attach --perf-regression 只建／關 owned target，navigation 失敗仍清理且不 spawn (158.716ms)
✔ S4 managed attach --motion-regression 只建／關 owned target，navigation 失敗仍清理且不 spawn (149.704209ms)
✔ S4 managed attach --keyboard-regression 只建／關 owned target，navigation 失敗仍清理且不 spawn (159.227083ms)
✔ S4 managed attach --snap-regression 只建／關 owned target，navigation 失敗仍清理且不 spawn (149.575167ms)
✔ S4 managed attach --selection-regression 只建／關 owned target，navigation 失敗仍清理且不 spawn (157.154042ms)
✔ S4 managed attach --alignment-regression 只建／關 owned target，navigation 失敗仍清理且不 spawn (141.557583ms)
✔ S4 managed attach --distribution-regression 只建／關 owned target，navigation 失敗仍清理且不 spawn (130.683875ms)
✔ S4 managed attach --equal-gap-regression 只建／關 owned target，navigation 失敗仍清理且不 spawn (130.260792ms)
✔ S4 managed attach --direct-text-regression 只建／關 owned target，navigation 失敗仍清理且不 spawn (131.55725ms)
✔ S4 managed attach --typography-regression 只建／關 owned target，navigation 失敗仍清理且不 spawn (128.69175ms)
✔ S4 managed attach --style-copy-regression 只建／關 owned target，navigation 失敗仍清理且不 spawn (125.651416ms)
✔ S4 managed attach --asset-replacement-regression 只建／關 owned target，navigation 失敗仍清理且不 spawn (128.517209ms)
✔ S4 focused browser script 缺 managed port 明確拒絕，不 fallback spawn (85.157458ms)
✔ mounted 1 MiB pointer update/preview 不讀 payload、不序列化 (49.336042ms)
✔ mounted 6 MiB pointer update/preview 不讀 payload、不序列化 (139.418042ms)
✔ mounted 12 MiB pointer update/preview 不讀 payload、不序列化 (185.589208ms)
✔ mounted readonly/noop/invalid/preview export 換 object 後 release 至多一次且可 reopen (93.337042ms)
✔ mounted semantic public text 使 gesture stale，不覆寫新 state (25.316625ms)
✔ mounted semantic legacy text 使 gesture stale，不覆寫新 state (27.963375ms)
✔ mounted semantic legacy component 使 gesture stale，不覆寫新 state (27.976584ms)
✔ mounted semantic geometry 使 gesture stale，不覆寫新 state (29.121458ms)
✔ mounted semantic sync text/export 使 gesture stale，不覆寫新 state (27.878084ms)
✔ mounted semantic asset replace 使 gesture stale，不覆寫新 state (11.520541ms)
✔ mounted semantic keyPoint 使 gesture stale，不覆寫新 state (29.240375ms)
✔ mounted semantic component text seam 使 gesture stale，不覆寫新 state (28.180084ms)
✔ mounted semantic change then revert 使 gesture stale，不覆寫新 state (40.715375ms)
✔ mounted semantic duplicate 使 gesture stale，不覆寫新 state (43.765666ms)
✔ mounted reorder/delete/unrelated slide mutation 取消 gesture (120.323042ms)
✔ mounted async asset 在 readonly export 換 object 後仍寫入 live canonical，同值不假 stale (54.07075ms)
✔ mounted noop image/text、invalid component patch 不假 mutation (44.395042ms)
✔ mounted async asset 刪除 captured target 不回寫；換頁仍只改 captured identity (59.10425ms)
✔ mounted target replacement/deletion/mode/cancel/invalid/noop 不提交 (159.700291ms)
✔ WP2-S1 text mode 只開放 title/subtitle/keyPoint，component 不取得 direct-edit authority (23.058709ms)
✔ WP2-S1 blur / 完成編輯以 edit-text commit，preserve 其他 canonical scopes (5.541542ms)
✔ WP2-S1 IME composition 期間 export fail loud，compositionend 才提交完整文字 (5.84575ms)
✔ WP2-S1 IME 未完成時切到 layout 只取消 partial DOM，不提交 canonical (10.527125ms)
✔ WP2-S1 Escape 還原未提交 DOM，雙擊合法文字直接進 edit mode (5.985375ms)
✔ WP2-S1 export/reopen 使用 canonical committed text 且不輸出 contenteditable (4.00725ms)
✔ WP2-S2 Node：boundary/reset/preservation/invalid atomic (7.947792ms)
✔ WP2-S2 portable：boundary/reset/preservation/invalid atomic (31.787792ms)
✔ WP2-S2 sanitizer/renderer/export round-trip，空 map 消失且無 subtitle 不創建 (23.100958ms)
✔ WP2-S2 mounted：focus toolbar sync、IME guard、reset 保留 default/motion、export (25.13875ms)
✔ WP2-S2 no-op/invalid 不增 revision，真正改字級會使既有 gesture stale (29.434334ms)
✔ WP2-S2 切頁/模式與非法 input 不留下可用 stale target (18.355625ms)
✔ WP2-S2 初次 render 同時保留 motion styles；reopen reset 回 CSS default (13.451584ms)
✔ WP2-S3 Node snapshot、跨頁、preservation、export/reopen (11.231125ms)
✔ WP2-S3 Node invalid atomic，getter 不執行且舊 snapshot 保留 (6.495375ms)
✔ WP2-S3 portable snapshot、跨頁、preservation、export/reopen (38.060667ms)
✔ WP2-S3 portable invalid atomic，getter 不執行且舊 snapshot 保留 (45.97375ms)
✔ WP2-S3 registry metadata 與 portable parity，僅字級 contract (4.87ms)
✔ WP2-S3 toolbar 狀態、sync text、IME、mode/slide stale target (53.70825ms)
✔ WP2-S3 semantic revision：copy/invalid/no-op 為零，paste 真變更一次 (8.03075ms)
✔ WP2-S3 Node source 刪除仍保留獨立 snapshot (0.974125ms)
✔ WP2-S3 portable source 刪除仍保留獨立 snapshot (13.772666ms)
✔ WP2-S3 title → layout focusin 不提前隱藏 toolbar，click 才清 target (15.062916ms)
✔ WP2-S4 Node 第二張 stable target、缺省保留、明示覆寫及 export (60.147875ms)
✔ WP2-S4 Node strict payload 原子拒絕且不執行 getter (10.731208ms)
✔ WP2-S4 portable 第二張 stable target、缺省保留、明示覆寫及 export (28.986542ms)
✔ WP2-S4 portable strict payload 原子拒絕且不執行 getter (12.937333ms)
✔ WP2-S4 Node compat wrapper 只取 canonical 欄位並保留缺省 (1.682583ms)
✔ WP2-S4 registry metadata 與 Node/portable 一致 (2.697167ms)
✔ WP2-S4 portable 局部 DOM、no-op revision、export/reparse (9.997667ms)
✔ WP2-S4 DOM 投影例外還原 canonical 與原 attributes (4.737417ms)
✔ WP2-S4 portable async 鎖定原 stable image，readonly export／換頁／warnings 保留 (13.242625ms)
✔ WP2-S4 optimizer failure／unsafe result／removed target 原子拒絕 (17.496792ms)
✔ WP2-S4 operation／wrapper no-op 保留 gesture，真修改讓 gesture stale (44.038041ms)
✔ WP2-S4 長 component ID 用 resolved stable identity；無 fit 不添加 (3.623583ms)
✔ WP2-S4 data properties 含 non-enumerable 欄位也不能靜默遺失 (3.384ms)
✔ WP2-S4 browser fixture PNG 結構、CRC、scanline 與 render 均有效 (6.552167ms)
✔ DeckSpec editor 支援文字、元件、圖片與 bounded local patch (5.390333ms)
✔ 排序、複製、刪除維持唯一 ID 與 15 頁上限 (10.726292ms)
✔ full-deck export 內建直接編輯器且只靠單一 HTML 可還原 DeckSpec (22.296542ms)
✔ 01 單一 policy 鎖定 R10 閾值 (0.935583ms)
✔ 02 data URI 以 decoded bytes 計算 (0.365125ms)
✔ 03 UTF-8 bytes 不等於 JS 字元數 (0.088875ms)
✔ 04 大型單圖產生 warning (8.34225ms)
✔ 05 oversized GIF 保留動畫並警告 (13.638375ms)
✔ 06 SVG 仍是 vector MIME (0.122125ms)
✔ 07 report 彙總 MIME bytes (0.310291ms)
✔ 08 report 指出最大 slide/component (0.114375ms)
✔ 09 deck warning 狀態成立 (0.083375ms)
✔ 10 hard limit 不回傳 release HTML (0.195208ms)
✔ 11 PASS 會保留原始 HTML (0.076292ms)
✔ 12 browser optimizer 明確 preserve SVG/GIF 與禁止 upscale (0.163291ms)
✔ 13 full export 只有既有 editor export seam 且內建 optimizer/guard (12.048375ms)
✔ 14 optimized portable HTML 仍可單檔回讀 DeckSpec 且 sanitizer 不洩漏 (7.59075ms)
ℹ tests 111
ℹ suites 0
ℹ pass 111
ℹ fail 0
ℹ cancelled 0
ℹ skipped 0
ℹ todo 0
ℹ duration_ms 2266.454667
