✔ Node absolute move/resize 僅改 canonical override，content edit 保留 (5.206584ms)
✔ Node invalid 全部 fail loud 且 state 原子性 (6.469292ms)
✔ Node descriptors 深度 immutable 且 allowlist 無法擴權 (0.393416ms)
✔ browser API VM absolute move/resize 僅改 canonical override，content edit 保留 (11.551292ms)
✔ browser API VM invalid 全部 fail loud 且 state 原子性 (15.792208ms)
✔ browser API VM descriptors 深度 immutable 且 allowlist 無法擴權 (1.756542ms)
✔ legacy sanitizer/render/export/recipient 不引入 optional 欄位 (7.597125ms)
✔ canonical geometry renderer/recipient round-trip 與 viewport 無關 (6.1075ms)
✔ sanitizer 拒絕非法 geometry，cleanup orphan，duplicate/delete 不共享 (1.684083ms)
✔ Node 合法 constructor ID 與非 slot component 走 own-property override (10.045666ms)
✔ Node safe-area 精確邊界／integer 非 grid 值不 clamp (0.896708ms)
✔ browser API VM 合法 constructor ID 與非 slot component 走 own-property override (12.065208ms)
✔ browser API VM safe-area 精確邊界／integer 非 grid 值不 clamp (4.370916ms)
✔ legacy component patch 保留 geometry；sanitizer 移除失效 component override (2.575584ms)
✔ S4 managed attach  只建／關 owned target，navigation 失敗仍清理且不 spawn (160.064334ms)
✔ S4 managed attach --perf-regression 只建／關 owned target，navigation 失敗仍清理且不 spawn (127.736833ms)
✔ S4 managed attach --motion-regression 只建／關 owned target，navigation 失敗仍清理且不 spawn (131.381125ms)
✔ S4 managed attach --keyboard-regression 只建／關 owned target，navigation 失敗仍清理且不 spawn (128.103667ms)
✔ S4 managed attach --snap-regression 只建／關 owned target，navigation 失敗仍清理且不 spawn (131.415625ms)
✔ S4 managed attach --selection-regression 只建／關 owned target，navigation 失敗仍清理且不 spawn (157.81ms)
✔ S4 managed attach --alignment-regression 只建／關 owned target，navigation 失敗仍清理且不 spawn (163.097709ms)
✔ S4 managed attach --distribution-regression 只建／關 owned target，navigation 失敗仍清理且不 spawn (132.493208ms)
✔ S4 managed attach --equal-gap-regression 只建／關 owned target，navigation 失敗仍清理且不 spawn (130.749458ms)
✔ S4 managed attach --direct-text-regression 只建／關 owned target，navigation 失敗仍清理且不 spawn (139.647792ms)
✔ S4 managed attach --typography-regression 只建／關 owned target，navigation 失敗仍清理且不 spawn (142.421125ms)
✔ S4 managed attach --style-copy-regression 只建／關 owned target，navigation 失敗仍清理且不 spawn (140.346583ms)
✔ S4 managed attach --asset-replacement-regression 只建／關 owned target，navigation 失敗仍清理且不 spawn (142.394667ms)
✔ S4 focused browser script 缺 managed port 明確拒絕，不 fallback spawn (94.815792ms)
✔ WP2-S4 Node 第二張 stable target、缺省保留、明示覆寫及 export (27.033416ms)
✔ WP2-S4 Node strict payload 原子拒絕且不執行 getter (3.911875ms)
✔ WP2-S4 portable 第二張 stable target、缺省保留、明示覆寫及 export (11.281875ms)
✔ WP2-S4 portable strict payload 原子拒絕且不執行 getter (14.223833ms)
✔ WP2-S4 Node compat wrapper 只取 canonical 欄位並保留缺省 (0.748834ms)
✔ WP2-S4 registry metadata 與 Node/portable 一致 (2.512333ms)
✔ WP2-S4 portable 局部 DOM、no-op revision、export/reparse (6.970875ms)
✔ WP2-S4 DOM 投影例外還原 canonical 與原 attributes (3.664375ms)
✔ WP2-S4 portable async 鎖定原 stable image，readonly export／換頁／warnings 保留 (9.210584ms)
✔ WP2-S4 optimizer failure／unsafe result／removed target 原子拒絕 (12.770708ms)
✔ WP2-S4 operation／wrapper no-op 保留 gesture，真修改讓 gesture stale (38.713916ms)
✔ WP2-S4 長 component ID 用 resolved stable identity；無 fit 不添加 (4.080125ms)
✔ 01 單一 policy 鎖定 R10 閾值 (0.887125ms)
✔ 02 data URI 以 decoded bytes 計算 (0.331041ms)
✔ 03 UTF-8 bytes 不等於 JS 字元數 (0.085459ms)
✔ 04 大型單圖產生 warning (5.707458ms)
✔ 05 oversized GIF 保留動畫並警告 (8.254458ms)
✔ 06 SVG 仍是 vector MIME (0.110542ms)
✔ 07 report 彙總 MIME bytes (0.275041ms)
✔ 08 report 指出最大 slide/component (0.124ms)
✔ 09 deck warning 狀態成立 (0.099667ms)
✔ 10 hard limit 不回傳 release HTML (0.155875ms)
✔ 11 PASS 會保留原始 HTML (0.077042ms)
✔ 12 browser optimizer 明確 preserve SVG/GIF 與禁止 upscale (1.103125ms)
✔ 13 full export 只有既有 editor export seam 且內建 optimizer/guard (9.312292ms)
✔ 14 optimized portable HTML 仍可單檔回讀 DeckSpec 且 sanitizer 不洩漏 (5.500542ms)
ℹ tests 54
ℹ suites 0
ℹ pass 54
ℹ fail 0
ℹ cancelled 0
ℹ skipped 0
ℹ todo 0
ℹ duration_ms 2021.465791
