
DevTools listening on ws://127.0.0.1:65272/devtools/browser/cc15778b-a5da-4416-802a-c3c6fe852e03
Trying to load the allocator multiple times. This is *not* supported.
[11067:18155049:0921/183556.498277:ERROR:ui/display/mac/cv_display_link_mac.mm:195] CVDisplayLinkCreateWithCGDisplay failed. CVReturn: -6670
[11067:18155049:0921/183556.499734:ERROR:ui/display/mac/cv_display_link_mac.mm:195] CVDisplayLinkCreateWithCGDisplay failed. CVReturn: -6670
[11067:18155049:0921/183556.503057:ERROR:ui/display/mac/cv_display_link_mac.mm:195] CVDisplayLinkCreateWithCGDisplay failed. CVReturn: -6670
[11067:18155049:0921/183556.503153:ERROR:ui/display/mac/cv_display_link_mac.mm:195] CVDisplayLinkCreateWithCGDisplay failed. CVReturn: -6670
[11067:18155049:0921/183556.503247:ERROR:ui/display/mac/cv_display_link_mac.mm:195] CVDisplayLinkCreateWithCGDisplay failed. CVReturn: -6670
[11067:18155049:0921/183556.503326:ERROR:ui/display/mac/cv_display_link_mac.mm:195] CVDisplayLinkCreateWithCGDisplay failed. CVReturn: -6670
[11047:18155010:0921/183558.824572:ERROR:google_apis/gcm/engine/registration_request.cc:291] Registration response error message: DEPRECATED_ENDPOINT
[11291:18156037:0921/183614.883428:VERBOSE1:chrome/updater/updater.cc:374] Version: 152.0.7933.0, opt, ARM_64, command line: /Users/matt/Library/Application Support/Google/GoogleUpdater/152.0.7933.0/GoogleUpdater.app/Contents/MacOS/GoogleUpdater --wake-all --enable-logging --vmodule=*/components/update_client/*=2,*/chrome/enterprise_companion/*=2,*/chrome/updater/*=2
[11291:18156037:0921/183614.884232:VERBOSE1:chrome/updater/updater.cc:377] OS version: 26.6.2, arch: arm64, System uptime (seconds): 560661, parent pid: 11047
[11291:18156037:0921/183614.886885:VERBOSE1:chrome/updater/updater.cc:382] Available disk space in install directory (/Users/matt/Library/Application Support/Google/GoogleUpdater): 65635950592B (61.128GiB) / 494384795648B (460.432GiB)
[11291:18156037:0921/183614.886934:VERBOSE1:chrome/updater/updater.cc:386] Available disk space in temporary directory (/var/folders/f8/fv8s94z92kb9dkshb8rr5d7m0000gn/T/): 65635950592B (61.128GiB) / 494384795648B (460.432GiB)
[11291:18156037:0921/183614.887091:VERBOSE2:chrome/updater/event_history.cc:265] Emitted a UPDATER_PROCESS START event to the history log
[11293:18156041:0921/183614.900951:VERBOSE1:chrome/updater/updater.cc:374] Version: 152.0.7933.0, opt, ARM_64, command line: /Users/matt/Library/Application Support/Google/GoogleUpdater/152.0.7933.0/GoogleUpdater.app/Contents/MacOS/GoogleUpdater --crash-handler --database=/Users/matt/Library/Application Support/Google/GoogleUpdater/152.0.7933.0/Crashpad --url=https://clients2.google.com/cr/report --annotation=prod=Update4 --annotation=ver=152.0.7933.0 --handshake-fd=6 --enable-logging --vmodule=*/components/update_client/*=2,*/chrome/enterprise_companion/*=2,*/chrome/updater/*=2
[11293:18156041:0921/183614.901580:VERBOSE1:chrome/updater/updater.cc:377] OS version: 26.6.2, arch: arm64, System uptime (seconds): 560661, parent pid: 1
[11293:18156041:0921/183614.904277:VERBOSE1:chrome/updater/updater.cc:382] Available disk space in install directory (/Users/matt/Library/Application Support/Google/GoogleUpdater): 65635946496B (61.128GiB) / 494384795648B (460.432GiB)
[11293:18156041:0921/183614.904301:VERBOSE1:chrome/updater/updater.cc:386] Available disk space in temporary directory (/var/folders/f8/fv8s94z92kb9dkshb8rr5d7m0000gn/T/): 65635946496B (61.128GiB) / 494384795648B (460.432GiB)
[11293:18156041:0921/183614.904424:VERBOSE2:chrome/updater/event_history.cc:265] Emitted a UPDATER_PROCESS START event to the history log
[11291:18156037:0921/183614.905073:VERBOSE1:chrome/updater/crash_reporter.cc:124] Crash handler launched and ready.
[11291:18156037:0921/183614.906230:VERBOSE1:chrome/updater/crash_client.cc:108] Found 0 completed crash reports
[11291:18156037:0921/183614.906337:VERBOSE1:chrome/updater/crash_client.cc:132] Found 0 pending crash reports
[11291:18156037:0921/183614.906438:ERROR:third_party/crashpad/crashpad/util/file/file_io_posix.cc:145] open /Users/matt/Library/Application Support/Google/RLZ/Crashpad/settings.dat: No such file or directory (2)
[11291:18156037:0921/183614.906484:ERROR:third_party/crashpad/crashpad/util/file/file_io_posix.cc:145] open /Users/matt/Library/Application Support/Google/consentOptions/Crashpad/settings.dat: No such file or directory (2)
[11291:18156037:0921/183614.906525:ERROR:third_party/crashpad/crashpad/util/file/file_io_posix.cc:145] open /Users/matt/Library/Application Support/Google/AndroidStudio2025.2.2/Crashpad/settings.dat: No such file or directory (2)
[11291:18156037:0921/183614.906561:ERROR:third_party/crashpad/crashpad/util/file/file_io_posix.cc:145] open /Users/matt/Library/Application Support/Google/ChromeForTesting/Crashpad/settings.dat: No such file or directory (2)
[11291:18156037:0921/183614.906571:ERROR:third_party/crashpad/crashpad/util/file/file_io_posix.cc:145] open /Users/matt/Library/Application Support/Google/Chrome-headless/Crashpad/settings.dat: No such file or directory (2)
[11291:18156037:0921/183614.906591:VERBOSE1:chrome/updater/updater.cc:105] Crash reporting initialized.
[11291:18156049:0921/183614.907106:VERBOSE1:chrome/updater/app/app_wakeall.cc:58] Launching `/Users/matt/Library/Application Support/Google/GoogleUpdater/149.0.7814.0/GoogleUpdater.app/Contents/MacOS/GoogleUpdater --wake`
[11291:18156049:0921/183614.907352:VERBOSE1:chrome/updater/app/app_wakeall.cc:64] `/Users/matt/Library/Application Support/Google/GoogleUpdater/149.0.7814.0/GoogleUpdater.app/Contents/MacOS/GoogleUpdater --wake` process invalid: Undefined error: 0 (0)
[11291:18156049:0921/183614.907390:VERBOSE1:chrome/updater/app/app_wakeall.cc:58] Launching `/Users/matt/Library/Application Support/Google/GoogleUpdater/148.0.7730.0/GoogleUpdater.app/Contents/MacOS/GoogleUpdater --wake`
[11291:18156049:0921/183614.907728:VERBOSE1:chrome/updater/app/app_wakeall.cc:64] `/Users/matt/Library/Application Support/Google/GoogleUpdater/148.0.7730.0/GoogleUpdater.app/Contents/MacOS/GoogleUpdater --wake` process invalid: Undefined error: 0 (0)
[11291:18156049:0921/183614.907803:VERBOSE1:chrome/updater/app/app_wakeall.cc:58] Launching `/Users/matt/Library/Application Support/Google/GoogleUpdater/152.0.7933.0/GoogleUpdater.app/Contents/MacOS/GoogleUpdater --wake`
[11296:18156055:0921/183614.919027:VERBOSE1:chrome/updater/updater.cc:374] Version: 152.0.7933.0, opt, ARM_64, command line: /Users/matt/Library/Application Support/Google/GoogleUpdater/152.0.7933.0/GoogleUpdater.app/Contents/MacOS/GoogleUpdater --wake --enable-logging --vmodule=*/components/update_client/*=2,*/chrome/enterprise_companion/*=2,*/chrome/updater/*=2
[11296:18156055:0921/183614.920337:VERBOSE1:chrome/updater/updater.cc:377] OS version: 26.6.2, arch: arm64, System uptime (seconds): 560661, parent pid: 11291
[11296:18156055:0921/183614.924465:VERBOSE1:chrome/updater/updater.cc:382] Available disk space in install directory (/Users/matt/Library/Application Support/Google/GoogleUpdater): 65635938304B (61.128GiB) / 494384795648B (460.432GiB)
[11296:18156055:0921/183614.924484:VERBOSE1:chrome/updater/updater.cc:386] Available disk space in temporary directory (/var/folders/f8/fv8s94z92kb9dkshb8rr5d7m0000gn/T/): 65635938304B (61.128GiB) / 494384795648B (460.432GiB)
[11296:18156055:0921/183614.924637:VERBOSE2:chrome/updater/event_history.cc:265] Emitted a UPDATER_PROCESS START event to the history log
[11331:18156093:0921/183614.941181:VERBOSE1:chrome/updater/updater.cc:374] Version: 152.0.7933.0, opt, ARM_64, command line: /Users/matt/Library/Application Support/Google/GoogleUpdater/152.0.7933.0/GoogleUpdater.app/Contents/MacOS/GoogleUpdater --crash-handler --database=/Users/matt/Library/Application Support/Google/GoogleUpdater/152.0.7933.0/Crashpad --url=https://clients2.google.com/cr/report --annotation=prod=Update4 --annotation=ver=152.0.7933.0 --handshake-fd=6 --enable-logging --vmodule=*/components/update_client/*=2,*/chrome/enterprise_companion/*=2,*/chrome/updater/*=2
[11331:18156093:0921/183614.942116:VERBOSE1:chrome/updater/updater.cc:377] OS version: 26.6.2, arch: arm64, System uptime (seconds): 560661, parent pid: 1
[11331:18156093:0921/183614.947393:VERBOSE1:chrome/updater/updater.cc:382] Available disk space in install directory (/Users/matt/Library/Application Support/Google/GoogleUpdater): 65635934208B (61.128GiB) / 494384795648B (460.432GiB)
[11331:18156093:0921/183614.947412:VERBOSE1:chrome/updater/updater.cc:386] Available disk space in temporary directory (/var/folders/f8/fv8s94z92kb9dkshb8rr5d7m0000gn/T/): 65635934208B (61.128GiB) / 494384795648B (460.432GiB)
[11331:18156093:0921/183614.947494:VERBOSE2:chrome/updater/event_history.cc:265] Emitted a UPDATER_PROCESS START event to the history log
[11296:18156055:0921/183614.948315:VERBOSE1:chrome/updater/crash_reporter.cc:124] Crash handler launched and ready.
[11296:18156055:0921/183614.950533:VERBOSE1:chrome/updater/crash_client.cc:108] Found 0 completed crash reports
[11296:18156055:0921/183614.950649:VERBOSE1:chrome/updater/crash_client.cc:132] Found 0 pending crash reports
[11296:18156055:0921/183614.950745:ERROR:third_party/crashpad/crashpad/util/file/file_io_posix.cc:145] open /Users/matt/Library/Application Support/Google/RLZ/Crashpad/settings.dat: No such file or directory (2)
[11296:18156055:0921/183614.950761:ERROR:third_party/crashpad/crashpad/util/file/file_io_posix.cc:145] open /Users/matt/Library/Application Support/Google/consentOptions/Crashpad/settings.dat: No such file or directory (2)
[11296:18156055:0921/183614.950792:ERROR:third_party/crashpad/crashpad/util/file/file_io_posix.cc:145] open /Users/matt/Library/Application Support/Google/AndroidStudio2025.2.2/Crashpad/settings.dat: No such file or directory (2)
[11296:18156055:0921/183614.950830:ERROR:third_party/crashpad/crashpad/util/file/file_io_posix.cc:145] open /Users/matt/Library/Application Support/Google/ChromeForTesting/Crashpad/settings.dat: No such file or directory (2)
[11296:18156055:0921/183614.950843:ERROR:third_party/crashpad/crashpad/util/file/file_io_posix.cc:145] open /Users/matt/Library/Application Support/Google/Chrome-headless/Crashpad/settings.dat: No such file or directory (2)
[11296:18156055:0921/183614.950860:VERBOSE1:chrome/updater/updater.cc:105] Crash reporting initialized.
[11296:18156055:0921/183614.951029:VERBOSE1:chrome/updater/ipc/update_service_internal_proxy_mojo.cc:61] Run
[11047:18155010:0921/183616.333991:ERROR:google_apis/gcm/engine/connection_factory_impl.cc:484] ConnectionHandler failed with net error: -2
[11047:18154836:0921/183616.534637:ERROR:content/browser/gpu/gpu_process_host.cc:1054] GPU process exited unexpectedly: exit_code=15
