TAP version 13
# Subtest: export cleanup 只移除 bounded editor chrome roots
ok 1 - export cleanup 只移除 bounded editor chrome roots
  ---
  duration_ms: 2.621666
  type: 'test'
  ...
# Subtest: editor chrome contract 誤標 presentation truth 時 fail loud
ok 2 - editor chrome contract 誤標 presentation truth 時 fail loud
  ---
  duration_ms: 1.015917
  type: 'test'
  ...
# Subtest: editor chrome 可位於 presentation 容器內，但不得自己承載 presentation truth
ok 3 - editor chrome 可位於 presentation 容器內，但不得自己承載 presentation truth
  ---
  duration_ms: 0.232333
  type: 'test'
  ...
# Subtest: export clone root 自己被標成 editor chrome 時也不可漏出
ok 4 - export clone root 自己被標成 editor chrome 時也不可漏出
  ---
  duration_ms: 0.254458
  type: 'test'
  ...
# Subtest: 正式 browser exporter 共用同一 cleanup seam
ok 5 - 正式 browser exporter 共用同一 cleanup seam
  ---
  duration_ms: 2.239625
  type: 'test'
  ...
# Subtest: S5 public 方向／Shift／repeat 每步最多一筆 move-element，僅改 x/y
ok 6 - S5 public 方向／Shift／repeat 每步最多一筆 move-element，僅改 x/y
  ---
  duration_ms: 11.291875
  type: 'test'
  ...
# Subtest: S5 public stale identity、刪除、gesture 互斥；拒絕不 clamp
ok 7 - S5 public stale identity、刪除、gesture 互斥；拒絕不 clamp
  ---
  duration_ms: 8.128583
  type: 'test'
  ...
# Subtest: S5 mounted 真 runtime capture 處理方向／Shift／repeat、export/reopen 無 editor 洩漏
ok 8 - S5 mounted 真 runtime capture 處理方向／Shift／repeat、export/reopen 無 editor 洩漏
  ---
  duration_ms: 54.998541
  type: 'test'
  ...
# Subtest: S5 mounted guardmatrix 未處理不得攔截或寫 spec；composition 狀態清理
ok 9 - S5 mounted guardmatrix 未處理不得攔截或寫 spec；composition 狀態清理
  ---
  duration_ms: 31.996167
  type: 'test'
  ...
# Subtest: S5 mounted no mode／selection／geometry／deleted 與原子 bounds
ok 10 - S5 mounted no mode／selection／geometry／deleted 與原子 bounds
  ---
  duration_ms: 14.359416
  type: 'test'
  ...
# Subtest: S5 mounted drag 中按鍵不取消／不提交 gesture
ok 11 - S5 mounted drag 中按鍵不取消／不提交 gesture
  ---
  duration_ms: 10.916875
  type: 'test'
  ...
# Subtest: S5 mounted resize 中按鍵不取消／不提交 gesture
ok 12 - S5 mounted resize 中按鍵不取消／不提交 gesture
  ---
  duration_ms: 10.599292
  type: 'test'
  ...
# Subtest: S5 點選元件釋放既有 chrome focus，仍保留直接操作 chrome 時的避讓
ok 13 - S5 點選元件釋放既有 chrome focus，仍保留直接操作 chrome 時的避讓
  ---
  duration_ms: 17.779375
  type: 'test'
  ...
# Subtest: S5 guarded Escape 保留 drag 與 selection；普通 Escape 才取消
ok 14 - S5 guarded Escape 保留 drag 與 selection；普通 Escape 才取消
  ---
  duration_ms: 22.528708
  type: 'test'
  ...
# Subtest: S5 guarded Escape 保留 resize 與 selection；普通 Escape 才取消
ok 15 - S5 guarded Escape 保留 resize 與 selection；普通 Escape 才取消
  ---
  duration_ms: 25.04925
  type: 'test'
  ...
# Subtest: WP2-S1 text mode 只開放 title/subtitle/keyPoint，component 不取得 direct-edit authority
ok 16 - WP2-S1 text mode 只開放 title/subtitle/keyPoint，component 不取得 direct-edit authority
  ---
  duration_ms: 33.117583
  type: 'test'
  ...
# Subtest: WP2-S1 blur / 完成編輯以 edit-text commit，preserve 其他 canonical scopes
ok 17 - WP2-S1 blur / 完成編輯以 edit-text commit，preserve 其他 canonical scopes
  ---
  duration_ms: 10.909916
  type: 'test'
  ...
# Subtest: WP2-S1 IME composition 期間 export fail loud，compositionend 才提交完整文字
ok 18 - WP2-S1 IME composition 期間 export fail loud，compositionend 才提交完整文字
  ---
  duration_ms: 9.454625
  type: 'test'
  ...
# Subtest: WP2-S1 IME 未完成時切到 layout 只取消 partial DOM，不提交 canonical
ok 19 - WP2-S1 IME 未完成時切到 layout 只取消 partial DOM，不提交 canonical
  ---
  duration_ms: 6.906375
  type: 'test'
  ...
# Subtest: WP2-S1 Escape 還原未提交 DOM，雙擊合法文字直接進 edit mode
ok 20 - WP2-S1 Escape 還原未提交 DOM，雙擊合法文字直接進 edit mode
  ---
  duration_ms: 6.471791
  type: 'test'
  ...
# Subtest: WP2-S1 export/reopen 使用 canonical committed text 且不輸出 contenteditable
ok 21 - WP2-S1 export/reopen 使用 canonical committed text 且不輸出 contenteditable
  ---
  duration_ms: 4.736958
  type: 'test'
  ...
# Subtest: S10 public mounted layout 插圖：無 image、固定 geometry／fit／檔名、一次 revision
ok 22 - S10 public mounted layout 插圖：無 image、固定 geometry／fit／檔名、一次 revision
  ---
  duration_ms: 33.306291
  type: 'test'
  ...
# Subtest: S10 empty selection 均可用；play/edit/teardown 關閉入口
ok 23 - S10 empty selection 均可用；play/edit/teardown 關閉入口
  ---
  duration_ms: 19.668291
  type: 'test'
  ...
# Subtest: S10 text selection 均可用；play/edit/teardown 關閉入口
ok 24 - S10 text selection 均可用；play/edit/teardown 關閉入口
  ---
  duration_ms: 30.661875
  type: 'test'
  ...
# Subtest: S10 image selection 均可用；play/edit/teardown 關閉入口
ok 25 - S10 image selection 均可用；play/edit/teardown 關閉入口
  ---
  duration_ms: 16.39325
  type: 'test'
  ...
# Subtest: S10 multi selection 均可用；play/edit/teardown 關閉入口
ok 26 - S10 multi selection 均可用；play/edit/teardown 關閉入口
  ---
  duration_ms: 22.2915
  type: 'test'
  ...
# Subtest: S10 gesture 取消不 commit，capture→blur→change，snap=false
ok 27 - S10 gesture 取消不 commit，capture→blur→change，snap=false
  ---
  duration_ms: 21.914875
  type: 'test'
  ...
# Subtest: S10 gesture 取消不 commit，capture→blur→change，snap=true
ok 28 - S10 gesture 取消不 commit，capture→blur→change，snap=true
  ---
  duration_ms: 33.499583
  type: 'test'
  ...
# Subtest: S10 slide 取消未 change snapshot
ok 29 - S10 slide 取消未 change snapshot
  ---
  duration_ms: 13.489375
  type: 'test'
  ...
# Subtest: S10 focusin 取消未 change snapshot
ok 30 - S10 focusin 取消未 change snapshot
  ---
  duration_ms: 19.941333
  type: 'test'
  ...
# Subtest: S10 mode 取消未 change snapshot
ok 31 - S10 mode 取消未 change snapshot
  ---
  duration_ms: 26.974583
  type: 'test'
  ...
# Subtest: S10 selection 取消未 change snapshot
ok 32 - S10 selection 取消未 change snapshot
  ---
  duration_ms: 13.358959
  type: 'test'
  ...
# Subtest: S10 same-selection 取消未 change snapshot
ok 33 - S10 same-selection 取消未 change snapshot
  ---
  duration_ms: 23.64425
  type: 'test'
  ...
# Subtest: S10 marquee 取消未 change snapshot
ok 34 - S10 marquee 取消未 change snapshot
  ---
  duration_ms: 20.975667
  type: 'test'
  ...
# Subtest: S10 empty-marquee 取消未 change snapshot
ok 35 - S10 empty-marquee 取消未 change snapshot
  ---
  duration_ms: 14.678875
  type: 'test'
  ...
# Subtest: S10 clear 取消未 change snapshot
ok 36 - S10 clear 取消未 change snapshot
  ---
  duration_ms: 13.317291
  type: 'test'
  ...
# Subtest: S10 destroy 取消未 change snapshot
ok 37 - S10 destroy 取消未 change snapshot
  ---
  duration_ms: 17.219209
  type: 'test'
  ...
# Subtest: S10 delete 取消未 change snapshot
ok 38 - S10 delete 取消未 change snapshot
  ---
  duration_ms: 11.649125
  type: 'test'
  ...
# Subtest: S10 pointer 取消未 change snapshot
ok 39 - S10 pointer 取消未 change snapshot
  ---
  duration_ms: 9.585959
  type: 'test'
  ...
# Subtest: S10 cancel 不占用 ID，reset 可重選
ok 40 - S10 cancel 不占用 ID，reset 可重選
  ---
  duration_ms: 12.564042
  type: 'test'
  ...
# Subtest: S10 empty 不占用 ID，reset 可重選
ok 41 - S10 empty 不占用 ID，reset 可重選
  ---
  duration_ms: 15.820375
  type: 'test'
  ...
# Subtest: S10 throw 不占用 ID，reset 可重選
ok 42 - S10 throw 不占用 ID，reset 可重選
  ---
  duration_ms: 13.141917
  type: 'test'
  ...
# Subtest: S10 無 pending／wrong input／互斥／busy 重入不跨送
ok 43 - S10 無 pending／wrong input／互斥／busy 重入不跨送
  ---
  duration_ms: 25.8635
  type: 'test'
  ...
# Subtest: S10 slide-local 首個空缺 ID、空 alt、成功只 clear selection 一次
ok 44 - S10 slide-local 首個空缺 ID、空 alt、成功只 clear selection 一次
  ---
  duration_ms: 15.115792
  type: 'test'
  ...
# Subtest: S10 async File 捕捉，export／切頁／mode／其他修改保留；finally 不覆寫新 S6 picker
ok 45 - S10 async File 捕捉，export／切頁／mode／其他修改保留；finally 不覆寫新 S6 picker
  ---
  duration_ms: 19.244125
  type: 'test'
  ...
# Subtest: S10 async removed 原子拒絕，不 rename/retry，busy 釋放
ok 46 - S10 async removed 原子拒絕，不 rename/retry，busy 釋放
  ---
  duration_ms: 12.447917
  type: 'test'
  ...
# Subtest: S10 async collision 原子拒絕，不 rename/retry，busy 釋放
ok 47 - S10 async collision 原子拒絕，不 rename/retry，busy 釋放
  ---
  duration_ms: 12.342541
  type: 'test'
  ...
# Subtest: S10 async invalid 原子拒絕，不 rename/retry，busy 釋放
ok 48 - S10 async invalid 原子拒絕，不 rename/retry，busy 釋放
  ---
  duration_ms: 13.049334
  type: 'test'
  ...
# Subtest: S10 async reject 原子拒絕，不 rename/retry，busy 釋放
ok 49 - S10 async reject 原子拒絕，不 rename/retry，busy 釋放
  ---
  duration_ms: 11.458708
  type: 'test'
  ...
# Subtest: S10 非唯一 DOM 不開 chooser；export cleanup／remount 不重複 input
ok 50 - S10 非唯一 DOM 不開 chooser；export cleanup／remount 不重複 input
  ---
  duration_ms: 16.9935
  type: 'test'
  ...
# Subtest: S10 change 前 ID 碰撞由 S8 preflight 拒絕，optimizer0／不 rename
ok 51 - S10 change 前 ID 碰撞由 S8 preflight 拒絕，optimizer0／不 rename
  ---
  duration_ms: 12.132875
  type: 'test'
  ...
# Subtest: S10 export 的 canonical 重新 mounted 後可再插入，不占舊 ID
ok 52 - S10 export 的 canonical 重新 mounted 後可再插入，不占舊 ID
  ---
  duration_ms: 18.932125
  type: 'test'
  ...
# Subtest: S11 public drop：nested image 新 slot、同檔遞增、defaults、old roots、revision／selection
ok 53 - S11 public drop：nested image 新 slot、同檔遞增、defaults、old roots、revision／selection
  ---
  duration_ms: 56.739666
  type: 'test'
  ...
# Subtest: S11 cross-slide 無圖頁採事件 target，首個空缺 ID
ok 54 - S11 cross-slide 無圖頁採事件 target，首個空缺 ID
  ---
  duration_ms: 21.434083
  type: 'test'
  ...
# Subtest: S11 play file dragover/drop 預設攔截與 mode gate
ok 55 - S11 play file dragover/drop 預設攔截與 mode gate
  ---
  duration_ms: 3.876333
  type: 'test'
  ...
# Subtest: S11 edit file dragover/drop 預設攔截與 mode gate
ok 56 - S11 edit file dragover/drop 預設攔截與 mode gate
  ---
  duration_ms: 9.137292
  type: 'test'
  ...
# Subtest: S11 layout file dragover/drop 預設攔截與 mode gate
ok 57 - S11 layout file dragover/drop 預設攔截與 mode gate
  ---
  duration_ms: 21.75775
  type: 'test'
  ...
# Subtest: S11 destroy file dragover/drop 預設攔截與 mode gate
ok 58 - S11 destroy file dragover/drop 預設攔截與 mode gate
  ---
  duration_ms: 11.493167
  type: 'test'
  ...
# Subtest: S11 text/plain 不攔截、不讀內容／URL fallback
ok 59 - S11 text/plain 不攔截、不讀內容／URL fallback
  ---
  duration_ms: 15.835541
  type: 'test'
  ...
# Subtest: S11 text/html 不攔截、不讀內容／URL fallback
ok 60 - S11 text/html 不攔截、不讀內容／URL fallback
  ---
  duration_ms: 10.011042
  type: 'test'
  ...
# Subtest: S11 text/uri-list 不攔截、不讀內容／URL fallback
ok 61 - S11 text/uri-list 不攔截、不讀內容／URL fallback
  ---
  duration_ms: 10.92025
  type: 'test'
  ...
# Subtest: S11 items.kind=file 可辨識；slide 外／無 transfer 不攔截
ok 62 - S11 items.kind=file 可辨識；slide 外／無 transfer 不攔截
  ---
  duration_ms: 25.367416
  type: 'test'
  ...
# Subtest: S11 duplicate-dom target 不提交
ok 63 - S11 duplicate-dom target 不提交
  ---
  duration_ms: 11.356166
  type: 'test'
  ...
# Subtest: S11 missing-id target 不提交
ok 64 - S11 missing-id target 不提交
  ---
  duration_ms: 15.75725
  type: 'test'
  ...
# Subtest: S11 duplicate-spec target 不提交
ok 65 - S11 duplicate-spec target 不提交
  ---
  duration_ms: 13.806875
  type: 'test'
  ...
# Subtest: S11 missing-spec target 不提交
ok 66 - S11 missing-spec target 不提交
  ---
  duration_ms: 13.103125
  type: 'test'
  ...
# Subtest: S11 detached target 不提交
ok 67 - S11 detached target 不提交
  ---
  duration_ms: 17.770375
  type: 'test'
  ...
# Subtest: S11 0 files 拒絕且 status 提示
ok 68 - S11 0 files 拒絕且 status 提示
  ---
  duration_ms: 18.317125
  type: 'test'
  ...
# Subtest: S11 2 files 拒絕且 status 提示
ok 69 - S11 2 files 拒絕且 status 提示
  ---
  duration_ms: 13.588
  type: 'test'
  ...
# Subtest: S11 insert chooser 保留 pending/input 且 drop 不提交
ok 70 - S11 insert chooser 保留 pending/input 且 drop 不提交
  ---
  duration_ms: 12.630209
  type: 'test'
  ...
# Subtest: S11 replace chooser 保留 pending/input 且 drop 不提交
ok 71 - S11 replace chooser 保留 pending/input 且 drop 不提交
  ---
  duration_ms: 15.4565
  type: 'test'
  ...
# Subtest: S11 active gesture 取消不 commit，snap=false
ok 72 - S11 active gesture 取消不 commit，snap=false
  ---
  duration_ms: 19.119958
  type: 'test'
  ...
# Subtest: S11 active gesture 取消不 commit，snap=true
ok 73 - S11 active gesture 取消不 commit，snap=true
  ---
  duration_ms: 25.697958
  type: 'test'
  ...
# Subtest: S11 deferred：busy 互斥；mode/export/other edit 保留；finally 不清其後 S6 chooser
ok 74 - S11 deferred：busy 互斥；mode/export/other edit 保留；finally 不清其後 S6 chooser
  ---
  duration_ms: 39.6555
  type: 'test'
  ...
# Subtest: S11 async removed 原子拒絕、零 partial／retry
ok 75 - S11 async removed 原子拒絕、零 partial／retry
  ---
  duration_ms: 9.664042
  type: 'test'
  ...
# Subtest: S11 async collision 原子拒絕、零 partial／retry
ok 76 - S11 async collision 原子拒絕、零 partial／retry
  ---
  duration_ms: 9.902375
  type: 'test'
  ...
# Subtest: S11 async reject 原子拒絕、零 partial／retry
ok 77 - S11 async reject 原子拒絕、零 partial／retry
  ---
  duration_ms: 16.104709
  type: 'test'
  ...
# Subtest: S11 async invalid 原子拒絕、零 partial／retry
ok 78 - S11 async invalid 原子拒絕、零 partial／retry
  ---
  duration_ms: 14.987916
  type: 'test'
  ...
# Subtest: S11 export canonical／remount 恢復 listener，無 transient 或重複插入
ok 79 - S11 export canonical／remount 恢復 listener，無 transient 或重複插入
  ---
  duration_ms: 22.287583
  type: 'test'
  ...
# Subtest: S11 外部 slide 即使沿用 canonical ID 也不攔截
ok 80 - S11 外部 slide 即使沿用 canonical ID 也不攔截
  ---
  duration_ms: 7.793208
  type: 'test'
  ...
# Subtest: S11 多檔 dragover 僅看 metadata、dropEffect none、payload/serialize0
ok 81 - S11 多檔 dragover 僅看 metadata、dropEffect none、payload/serialize0
  ---
  duration_ms: 13.150208
  type: 'test'
  ...
# Subtest: S12 public paste：nested image 新 slot、同檔遞增、defaults、old roots、revision／selection
ok 82 - S12 public paste：nested image 新 slot、同檔遞增、defaults、old roots、revision／selection
  ---
  duration_ms: 65.358083
  type: 'test'
  ...
# Subtest: S12 cross-slide 無圖頁採事件 target，首個空缺 ID
ok 83 - S12 cross-slide 無圖頁採事件 target，首個空缺 ID
  ---
  duration_ms: 15.010625
  type: 'test'
  ...
# Subtest: S12 text/plain 不攔截、不讀內容／URL fallback
ok 84 - S12 text/plain 不攔截、不讀內容／URL fallback
  ---
  duration_ms: 25.215042
  type: 'test'
  ...
# Subtest: S12 text/html 不攔截、不讀內容／URL fallback
ok 85 - S12 text/html 不攔截、不讀內容／URL fallback
  ---
  duration_ms: 11.1735
  type: 'test'
  ...
# Subtest: S12 text/uri-list 不攔截、不讀內容／URL fallback
ok 86 - S12 text/uri-list 不攔截、不讀內容／URL fallback
  ---
  duration_ms: 11.067292
  type: 'test'
  ...
# Subtest: S12 items.kind=file 可辨識；detached／無 transfer 不攔截
ok 87 - S12 items.kind=file 可辨識；detached／無 transfer 不攔截
  ---
  duration_ms: 24.680833
  type: 'test'
  ...
# Subtest: S12 0 files 拒絕且 status 提示
ok 88 - S12 0 files 拒絕且 status 提示
  ---
  duration_ms: 12.314875
  type: 'test'
  ...
# Subtest: S12 2 files 拒絕且 status 提示
ok 89 - S12 2 files 拒絕且 status 提示
  ---
  duration_ms: 10.560708
  type: 'test'
  ...
# Subtest: S12 insert chooser 保留 pending/input 且 paste 不提交
ok 90 - S12 insert chooser 保留 pending/input 且 paste 不提交
  ---
  duration_ms: 28.915167
  type: 'test'
  ...
# Subtest: S12 replace chooser 保留 pending/input 且 paste 不提交
ok 91 - S12 replace chooser 保留 pending/input 且 paste 不提交
  ---
  duration_ms: 17.986584
  type: 'test'
  ...
# Subtest: S12 active gesture 取消不 commit，snap=false
ok 92 - S12 active gesture 取消不 commit，snap=false
  ---
  duration_ms: 23.848792
  type: 'test'
  ...
# Subtest: S12 active gesture 取消不 commit，snap=true
ok 93 - S12 active gesture 取消不 commit，snap=true
  ---
  duration_ms: 30.379667
  type: 'test'
  ...
# Subtest: S12 deferred：busy 互斥；mode/export/other edit 保留；finally 不清其後 S6 chooser
ok 94 - S12 deferred：busy 互斥；mode/export/other edit 保留；finally 不清其後 S6 chooser
  ---
  duration_ms: 37.838916
  type: 'test'
  ...
# Subtest: S12 async removed 原子拒絕、零 partial／retry
ok 95 - S12 async removed 原子拒絕、零 partial／retry
  ---
  duration_ms: 8.562333
  type: 'test'
  ...
# Subtest: S12 async collision 原子拒絕、零 partial／retry
ok 96 - S12 async collision 原子拒絕、零 partial／retry
  ---
  duration_ms: 22.280291
  type: 'test'
  ...
# Subtest: S12 async reject 原子拒絕、零 partial／retry
ok 97 - S12 async reject 原子拒絕、零 partial／retry
  ---
  duration_ms: 11.883375
  type: 'test'
  ...
# Subtest: S12 async invalid 原子拒絕、零 partial／retry
ok 98 - S12 async invalid 原子拒絕、零 partial／retry
  ---
  duration_ms: 12.467083
  type: 'test'
  ...
# Subtest: S12 export canonical／remount 恢復 listener，無 transient 或重複插入
ok 99 - S12 export canonical／remount 恢復 listener，無 transient 或重複插入
  ---
  duration_ms: 35.327
  type: 'test'
  ...
# Subtest: S12 body 採 currentId
ok 100 - S12 body 採 currentId
  ---
  duration_ms: 15.55125
  type: 'test'
  ...
# Subtest: S12 document 採 currentId
ok 101 - S12 document 採 currentId
  ---
  duration_ms: 12.439666
  type: 'test'
  ...
# Subtest: S12 deck 採 currentId
ok 102 - S12 deck 採 currentId
  ---
  duration_ms: 17.158917
  type: 'test'
  ...
# Subtest: S12 toolbar 採 currentId
ok 103 - S12 toolbar 採 currentId
  ---
  duration_ms: 17.38675
  type: 'test'
  ...
# Subtest: S12 play 不接管且不取消 gesture
ok 104 - S12 play 不接管且不取消 gesture
  ---
  duration_ms: 10.270875
  type: 'test'
  ...
# Subtest: S12 edit 不接管且不取消 gesture
ok 105 - S12 edit 不接管且不取消 gesture
  ---
  duration_ms: 13.015
  type: 'test'
  ...
# Subtest: S12 destroy 不接管且不取消 gesture
ok 106 - S12 destroy 不接管且不取消 gesture
  ---
  duration_ms: 16.911083
  type: 'test'
  ...
# Subtest: S12 defaultPrevented 不接管且不取消 gesture
ok 107 - S12 defaultPrevented 不接管且不取消 gesture
  ---
  duration_ms: 9.938833
  type: 'test'
  ...
# Subtest: S12 isComposing 不接管且不取消 gesture
ok 108 - S12 isComposing 不接管且不取消 gesture
  ---
  duration_ms: 13.392416
  type: 'test'
  ...
# Subtest: S12 composingText 不接管且不取消 gesture
ok 109 - S12 composingText 不接管且不取消 gesture
  ---
  duration_ms: 13.205875
  type: 'test'
  ...
# Subtest: S12 external 不接管且不取消 gesture
ok 110 - S12 external 不接管且不取消 gesture
  ---
  duration_ms: 7.518041
  type: 'test'
  ...
# Subtest: S12 detached 不接管且不取消 gesture
ok 111 - S12 detached 不接管且不取消 gesture
  ---
  duration_ms: 8.02325
  type: 'test'
  ...
# Subtest: S12 other-deck 不接管且不取消 gesture
ok 112 - S12 other-deck 不接管且不取消 gesture
  ---
  duration_ms: 6.175166
  type: 'test'
  ...
# Subtest: S12 duplicate-dom 不接管且不取消 gesture
ok 113 - S12 duplicate-dom 不接管且不取消 gesture
  ---
  duration_ms: 10.093584
  type: 'test'
  ...
# Subtest: S12 duplicate-spec 不接管且不取消 gesture
ok 114 - S12 duplicate-spec 不接管且不取消 gesture
  ---
  duration_ms: 6.299833
  type: 'test'
  ...
# Subtest: S12 missing-id 不接管且不取消 gesture
ok 115 - S12 missing-id 不接管且不取消 gesture
  ---
  duration_ms: 7.028416
  type: 'test'
  ...
# Subtest: S12 missing-spec 不接管且不取消 gesture
ok 116 - S12 missing-spec 不接管且不取消 gesture
  ---
  duration_ms: 7.078083
  type: 'test'
  ...
# Subtest: S12 null 不接管且不取消 gesture
ok 117 - S12 null 不接管且不取消 gesture
  ---
  duration_ms: 6.091958
  type: 'test'
  ...
# Subtest: S12 ownership input active=false
ok 118 - S12 ownership input active=false
  ---
  duration_ms: 7.471708
  type: 'test'
  ...
# Subtest: S12 ownership input active=true
ok 119 - S12 ownership input active=true
  ---
  duration_ms: 5.914458
  type: 'test'
  ...
# Subtest: S12 ownership textarea active=false
ok 120 - S12 ownership textarea active=false
  ---
  duration_ms: 7.222042
  type: 'test'
  ...
# Subtest: S12 ownership textarea active=true
ok 121 - S12 ownership textarea active=true
  ---
  duration_ms: 6.065709
  type: 'test'
  ...
# Subtest: S12 ownership select active=false
ok 122 - S12 ownership select active=false
  ---
  duration_ms: 6.097
  type: 'test'
  ...
# Subtest: S12 ownership select active=true
ok 123 - S12 ownership select active=true
  ---
  duration_ms: 7.134375
  type: 'test'
  ...
# Subtest: S12 ownership textbox active=false
ok 124 - S12 ownership textbox active=false
  ---
  duration_ms: 5.8165
  type: 'test'
  ...
# Subtest: S12 ownership textbox active=true
ok 125 - S12 ownership textbox active=true
  ---
  duration_ms: 6.934958
  type: 'test'
  ...
# Subtest: S12 ownership editable active=false
ok 126 - S12 ownership editable active=false
  ---
  duration_ms: 6.55025
  type: 'test'
  ...
# Subtest: S12 ownership editable active=true
ok 127 - S12 ownership editable active=true
  ---
  duration_ms: 7.049084
  type: 'test'
  ...
# Subtest: S12 ownership nestededitable active=false
ok 128 - S12 ownership nestededitable active=false
  ---
  duration_ms: 7.243083
  type: 'test'
  ...
# Subtest: S12 ownership nestededitable active=true
ok 129 - S12 ownership nestededitable active=true
  ---
  duration_ms: 6.340458
  type: 'test'
  ...
# Subtest: S12 ownership invalid-inherited active=false
ok 130 - S12 ownership invalid-inherited active=false
  ---
  duration_ms: 7.510958
  type: 'test'
  ...
# Subtest: S12 ownership invalid-inherited active=true
ok 131 - S12 ownership invalid-inherited active=true
  ---
  duration_ms: 6.086125
  type: 'test'
  ...
# Subtest: S12 ownership false active=false
ok 132 - S12 ownership false active=false
  ---
  duration_ms: 9.827458
  type: 'test'
  ...
# Subtest: S12 ownership false active=true
ok 133 - S12 ownership false active=true
  ---
  duration_ms: 8.354208
  type: 'test'
  ...
# Subtest: S12 ownership false-inside-true active=false
ok 134 - S12 ownership false-inside-true active=false
  ---
  duration_ms: 8.940458
  type: 'test'
  ...
# Subtest: S12 ownership false-inside-true active=true
ok 135 - S12 ownership false-inside-true active=true
  ---
  duration_ms: 8.561958
  type: 'test'
  ...
# Subtest: S12 ownership true-inside-false active=false
ok 136 - S12 ownership true-inside-false active=false
  ---
  duration_ms: 6.293667
  type: 'test'
  ...
# Subtest: S12 ownership true-inside-false active=true
ok 137 - S12 ownership true-inside-false active=true
  ---
  duration_ms: 6.358375
  type: 'test'
  ...
# Subtest: S12 FileList 唯一來源、混合文字不讀、無 filename 空 alt
ok 138 - S12 FileList 唯一來源、混合文字不讀、無 filename 空 alt
  ---
  duration_ms: 11.761791
  type: 'test'
  ...
# Subtest: S12 無 file 的 event 不改 revision、selection、status 或 active gesture
ok 139 - S12 無 file 的 event 不改 revision、selection、status 或 active gesture
  ---
  duration_ms: 6.747625
  type: 'test'
  ...
# Subtest: S12 既有 drop busy 拒絕 paste，不清 pending
ok 140 - S12 既有 drop busy 拒絕 paste，不清 pending
  ---
  duration_ms: 8.28375
  type: 'test'
  ...
# Subtest: S12 external 拒絕保留進行中 gesture
ok 141 - S12 external 拒絕保留進行中 gesture
  ---
  duration_ms: 7.006375
  type: 'test'
  ...
# Subtest: S12 duplicate 拒絕保留進行中 gesture
ok 142 - S12 duplicate 拒絕保留進行中 gesture
  ---
  duration_ms: 6.2735
  type: 'test'
  ...
# Subtest: S12 text 拒絕保留進行中 gesture
ok 143 - S12 text 拒絕保留進行中 gesture
  ---
  duration_ms: 7.340625
  type: 'test'
  ...
# Subtest: S12 input 拒絕保留進行中 gesture
ok 144 - S12 input 拒絕保留進行中 gesture
  ---
  duration_ms: 6.172292
  type: 'test'
  ...
# Subtest: S12 IME 拒絕保留進行中 gesture
ok 145 - S12 IME 拒絕保留進行中 gesture
  ---
  duration_ms: 7.008791
  type: 'test'
  ...
# Subtest: S12 async edit 不取消、不改 captured slide
ok 146 - S12 async edit 不取消、不改 captured slide
  ---
  duration_ms: 11.663125
  type: 'test'
  ...
# Subtest: S12 async play 不取消、不改 captured slide
ok 147 - S12 async play 不取消、不改 captured slide
  ---
  duration_ms: 12.176
  type: 'test'
  ...
# Subtest: S6 單選圖片顯示 action，其他 selection／mode 隱藏；UI 不修改 canonical
ok 148 - S6 單選圖片顯示 action，其他 selection／mode 隱藏；UI 不修改 canonical
  ---
  duration_ms: 65.595167
  type: 'test'
  ...
# Subtest: S6 capture → natural blur → change 保留第二圖，snap=false
ok 149 - S6 capture → natural blur → change 保留第二圖，snap=false
  ---
  duration_ms: 27.800958
  type: 'test'
  ...
# Subtest: S6 capture → natural blur → change 保留第二圖，snap=true
ok 150 - S6 capture → natural blur → change 保留第二圖，snap=true
  ---
  duration_ms: 22.522416
  type: 'test'
  ...
# Subtest: S6 picker 後 slide 取消目標；無 pending 不呼叫 optimizer
ok 151 - S6 picker 後 slide 取消目標；無 pending 不呼叫 optimizer
  ---
  duration_ms: 18.87125
  type: 'test'
  ...
# Subtest: S6 picker 後 mode 取消目標；無 pending 不呼叫 optimizer
ok 152 - S6 picker 後 mode 取消目標；無 pending 不呼叫 optimizer
  ---
  duration_ms: 16.572666
  type: 'test'
  ...
# Subtest: S6 picker 後 selection 取消目標；無 pending 不呼叫 optimizer
ok 153 - S6 picker 後 selection 取消目標；無 pending 不呼叫 optimizer
  ---
  duration_ms: 13.25775
  type: 'test'
  ...
# Subtest: S6 picker 後 same-selection 取消目標；無 pending 不呼叫 optimizer
ok 154 - S6 picker 後 same-selection 取消目標；無 pending 不呼叫 optimizer
  ---
  duration_ms: 14.178333
  type: 'test'
  ...
# Subtest: S6 picker 後 marquee 取消目標；無 pending 不呼叫 optimizer
ok 155 - S6 picker 後 marquee 取消目標；無 pending 不呼叫 optimizer
  ---
  duration_ms: 23.698208
  type: 'test'
  ...
# Subtest: S6 picker 後 empty-marquee 取消目標；無 pending 不呼叫 optimizer
ok 156 - S6 picker 後 empty-marquee 取消目標；無 pending 不呼叫 optimizer
  ---
  duration_ms: 37.369542
  type: 'test'
  ...
# Subtest: S6 picker 後 clear 取消目標；無 pending 不呼叫 optimizer
ok 157 - S6 picker 後 clear 取消目標；無 pending 不呼叫 optimizer
  ---
  duration_ms: 19.167125
  type: 'test'
  ...
# Subtest: S6 picker 後 destroy 取消目標；無 pending 不呼叫 optimizer
ok 158 - S6 picker 後 destroy 取消目標；無 pending 不呼叫 optimizer
  ---
  duration_ms: 34.821
  type: 'test'
  ...
# Subtest: S6 picker 後 delete 取消目標；無 pending 不呼叫 optimizer
ok 159 - S6 picker 後 delete 取消目標；無 pending 不呼叫 optimizer
  ---
  duration_ms: 22.485375
  type: 'test'
  ...
# Subtest: S6 picker 後 pointer 取消目標；無 pending 不呼叫 optimizer
ok 160 - S6 picker 後 pointer 取消目標；無 pending 不呼叫 optimizer
  ---
  duration_ms: 25.19375
  type: 'test'
  ...
# Subtest: S6 cancel 重設 value，同檔可再次選取
ok 161 - S6 cancel 重設 value，同檔可再次選取
  ---
  duration_ms: 18.852042
  type: 'test'
  ...
# Subtest: S6 empty 重設 value，同檔可再次選取
ok 162 - S6 empty 重設 value，同檔可再次選取
  ---
  duration_ms: 15.188625
  type: 'test'
  ...
# Subtest: S6 success 重設 value，同檔可再次選取
ok 163 - S6 success 重設 value，同檔可再次選取
  ---
  duration_ms: 22.95075
  type: 'test'
  ...
# Subtest: S6 failure 重設 value，同檔可再次選取
ok 164 - S6 failure 重設 value，同檔可再次選取
  ---
  duration_ms: 11.597583
  type: 'test'
  ...
# Subtest: S6 無 pending／target 刪除先拒絕；後一次 picker 不覆蓋未消耗的 chooser
ok 165 - S6 無 pending／target 刪除先拒絕；後一次 picker 不覆蓋未消耗的 chooser
  ---
  duration_ms: 21.553458
  type: 'test'
  ...
# Subtest: S6 change 先消耗 snapshot；async 中新 picker／export／切頁不改前次 target
ok 166 - S6 change 先消耗 snapshot；async 中新 picker／export／切頁不改前次 target
  ---
  duration_ms: 25.892333
  type: 'test'
  ...
# Subtest: S6 picker pointerdown 取消 gesture 且 click 前尺寸狀態不變 snap=false
ok 167 - S6 picker pointerdown 取消 gesture 且 click 前尺寸狀態不變 snap=false
  ---
  duration_ms: 15.35525
  type: 'test'
  ...
# Subtest: S6 picker pointerdown 取消 gesture 且 click 前尺寸狀態不變 snap=true
ok 168 - S6 picker pointerdown 取消 gesture 且 click 前尺寸狀態不變 snap=true
  ---
  duration_ms: 21.899709
  type: 'test'
  ...
# Subtest: S6 export 移除新增 chrome，pending 不序列化；重新 mount 可選圖
ok 169 - S6 export 移除新增 chrome，pending 不序列化；重新 mount 可選圖
  ---
  duration_ms: 20.317458
  type: 'test'
  ...
# Subtest: S6 picker 等待檔案時唯讀 export 不取消 pending target
ok 170 - S6 picker 等待檔案時唯讀 export 不取消 pending target
  ---
  duration_ms: 15.709333
  type: 'test'
  ...
# Subtest: S6 async target 移除後失敗，零 asset mutation 且 input 可重選
ok 171 - S6 async target 移除後失敗，零 asset mutation 且 input 可重選
  ---
  duration_ms: 12.172583
  type: 'test'
  ...
# Subtest: S6 play teardown 不殘留 transient overlay marker，toolbar另由export清理
ok 172 - S6 play teardown 不殘留 transient overlay marker，toolbar另由export清理
  ---
  duration_ms: 13.697083
  type: 'test'
  ...
# Subtest: S7 native group 與裁邊說明由 bootstrap markup 提供
ok 173 - S7 native group 與裁邊說明由 bootstrap markup 提供
  ---
  duration_ms: 1.417084
  type: 'test'
  ...
# Subtest: S7 第二圖 default contain no-op、往返、pressed、revision 與完整 preservation
ok 174 - S7 第二圖 default contain no-op、往返、pressed、revision 與完整 preservation
  ---
  duration_ms: 62.854292
  type: 'test'
  ...
# Subtest: S7 無 target／未知 fit 拒絕且不 fallback；使用 click 當下 live dataUri
ok 175 - S7 無 target／未知 fit 拒絕且不 fallback；使用 click 當下 live dataUri
  ---
  duration_ms: 15.960791
  type: 'test'
  ...
# Subtest: S7 nonimage 隱藏／disable 並拒絕 stale target
ok 176 - S7 nonimage 隱藏／disable 並拒絕 stale target
  ---
  duration_ms: 13.909584
  type: 'test'
  ...
# Subtest: S7 multi 隱藏／disable 並拒絕 stale target
ok 177 - S7 multi 隱藏／disable 並拒絕 stale target
  ---
  duration_ms: 16.145959
  type: 'test'
  ...
# Subtest: S7 clear 隱藏／disable 並拒絕 stale target
ok 178 - S7 clear 隱藏／disable 並拒絕 stale target
  ---
  duration_ms: 13.909833
  type: 'test'
  ...
# Subtest: S7 slide 隱藏／disable 並拒絕 stale target
ok 179 - S7 slide 隱藏／disable 並拒絕 stale target
  ---
  duration_ms: 12.21
  type: 'test'
  ...
# Subtest: S7 edit 隱藏／disable 並拒絕 stale target
ok 180 - S7 edit 隱藏／disable 並拒絕 stale target
  ---
  duration_ms: 11.166792
  type: 'test'
  ...
# Subtest: S7 play 隱藏／disable 並拒絕 stale target
ok 181 - S7 play 隱藏／disable 並拒絕 stale target
  ---
  duration_ms: 19.926459
  type: 'test'
  ...
# Subtest: S7 delete 隱藏／disable 並拒絕 stale target
ok 182 - S7 delete 隱藏／disable 並拒絕 stale target
  ---
  duration_ms: 23.271417
  type: 'test'
  ...
# Subtest: S7 destroy 隱藏／disable 並拒絕 stale target
ok 183 - S7 destroy 隱藏／disable 並拒絕 stale target
  ---
  duration_ms: 24.94225
  type: 'test'
  ...
# Subtest: S7 same-image click 與 refresh 只讀 bounded metadata；不讀 payload／serialize
ok 184 - S7 same-image click 與 refresh 只讀 bounded metadata；不讀 payload／serialize
  ---
  duration_ms: 193.7535
  type: 'test'
  ...
# Subtest: S7 picker pending fit disabled；cancel 恢復且 pending 不被 fit 取消
ok 185 - S7 picker pending fit disabled；cancel 恢復且 pending 不被 fit 取消
  ---
  duration_ms: 14.797791
  type: 'test'
  ...
# Subtest: S7 picker pending fit disabled；empty 恢復且 pending 不被 fit 取消
ok 186 - S7 picker pending fit disabled；empty 恢復且 pending 不被 fit 取消
  ---
  duration_ms: 12.148333
  type: 'test'
  ...
# Subtest: S7 picker pending fit disabled；change 恢復且 pending 不被 fit 取消
ok 187 - S7 picker pending fit disabled；change 恢復且 pending 不被 fit 取消
  ---
  duration_ms: 12.302417
  type: 'test'
  ...
# Subtest: S7 picker pending fit disabled；blur-change 恢復且 pending 不被 fit 取消
ok 188 - S7 picker pending fit disabled；blur-change 恢復且 pending 不被 fit 取消
  ---
  duration_ms: 16.520334
  type: 'test'
  ...
# Subtest: S7 drag/pointer/snap=false 取消 preview 後只提交 fit
ok 189 - S7 drag/pointer/snap=false 取消 preview 後只提交 fit
  ---
  duration_ms: 10.313584
  type: 'test'
  ...
# Subtest: S7 drag/keyboard/snap=false 取消 preview 後只提交 fit
ok 190 - S7 drag/keyboard/snap=false 取消 preview 後只提交 fit
  ---
  duration_ms: 9.2875
  type: 'test'
  ...
# Subtest: S7 resize/pointer/snap=false 取消 preview 後只提交 fit
ok 191 - S7 resize/pointer/snap=false 取消 preview 後只提交 fit
  ---
  duration_ms: 10.114625
  type: 'test'
  ...
# Subtest: S7 resize/keyboard/snap=false 取消 preview 後只提交 fit
ok 192 - S7 resize/keyboard/snap=false 取消 preview 後只提交 fit
  ---
  duration_ms: 9.452
  type: 'test'
  ...
# Subtest: S7 drag/pointer/snap=true 取消 preview 後只提交 fit
ok 193 - S7 drag/pointer/snap=true 取消 preview 後只提交 fit
  ---
  duration_ms: 10.272042
  type: 'test'
  ...
# Subtest: S7 drag/keyboard/snap=true 取消 preview 後只提交 fit
ok 194 - S7 drag/keyboard/snap=true 取消 preview 後只提交 fit
  ---
  duration_ms: 10.816791
  type: 'test'
  ...
# Subtest: S7 resize/pointer/snap=true 取消 preview 後只提交 fit
ok 195 - S7 resize/pointer/snap=true 取消 preview 後只提交 fit
  ---
  duration_ms: 9.885834
  type: 'test'
  ...
# Subtest: S7 resize/keyboard/snap=true 取消 preview 後只提交 fit
ok 196 - S7 resize/keyboard/snap=true 取消 preview 後只提交 fit
  ---
  duration_ms: 10.709584
  type: 'test'
  ...
# Subtest: S7 toolbar focus 擁有 arrows；modifier／IME 沿原 keyboard guard
ok 197 - S7 toolbar focus 擁有 arrows；modifier／IME 沿原 keyboard guard
  ---
  duration_ms: 7.883709
  type: 'test'
  ...
# Subtest: S7 default no-op 亦取消 preview 並保留 selection snap=false
ok 198 - S7 default no-op 亦取消 preview 並保留 selection snap=false
  ---
  duration_ms: 10.107333
  type: 'test'
  ...
# Subtest: S7 default no-op 亦取消 preview 並保留 selection snap=true
ok 199 - S7 default no-op 亦取消 preview 並保留 selection snap=true
  ---
  duration_ms: 9.893958
  type: 'test'
  ...
# Subtest: S7 target DOM 移除與 observer refresh 後隱藏，不套到其他圖
ok 200 - S7 target DOM 移除與 observer refresh 後隱藏，不套到其他圖
  ---
  duration_ms: 9.451333
  type: 'test'
  ...
# Subtest: S7 export 只保留 fit；從匯出 DeckSpec remount 可切換
ok 201 - S7 export 只保留 fit；從匯出 DeckSpec remount 可切換
  ---
  duration_ms: 21.809458
  type: 'test'
  ...
# Subtest: S9 public insertImageFile 新增圖片並保留 optimizer result identity
ok 202 - S9 public insertImageFile 新增圖片並保留 optimizer result identity
  ---
  duration_ms: 35.994
  type: 'test'
  ...
# Subtest: S9 default 全 spec preservation／唯一 DOM
ok 203 - S9 default 全 spec preservation／唯一 DOM
  ---
  duration_ms: 11.394459
  type: 'test'
  ...
# Subtest: S9 contain 全 spec preservation／唯一 DOM
ok 204 - S9 contain 全 spec preservation／唯一 DOM
  ---
  duration_ms: 11.610458
  type: 'test'
  ...
# Subtest: S9 cover 全 spec preservation／唯一 DOM
ok 205 - S9 cover 全 spec preservation／唯一 DOM
  ---
  duration_ms: 10.019084
  type: 'test'
  ...
# Subtest: S9 cross-slide 全 spec preservation／唯一 DOM
ok 206 - S9 cross-slide 全 spec preservation／唯一 DOM
  ---
  duration_ms: 9.092584
  type: 'test'
  ...
# Subtest: S9 null-proto 全 spec preservation／唯一 DOM
ok 207 - S9 null-proto 全 spec preservation／唯一 DOM
  ---
  duration_ms: 7.277667
  type: 'test'
  ...
# Subtest: S9 frozen 全 spec preservation／唯一 DOM
ok 208 - S9 frozen 全 spec preservation／唯一 DOM
  ---
  duration_ms: 4.856083
  type: 'test'
  ...
# Subtest: S9 non-enumerable 全 spec preservation／唯一 DOM
ok 209 - S9 non-enumerable 全 spec preservation／唯一 DOM
  ---
  duration_ms: 5.088791
  type: 'test'
  ...
# Subtest: S9 invalid own-data／geometry／target：getter0 optimizer0，既有 gesture 不取消
ok 210 - S9 invalid own-data／geometry／target：getter0 optimizer0，既有 gesture 不取消
  ---
  duration_ms: 41.8605
  type: 'test'
  ...
# Subtest: S9 falsy file 不讀 options／不呼叫 optimizer；missing optimizer 明確失敗
ok 211 - S9 falsy file 不讀 options／不呼叫 optimizer；missing optimizer 明確失敗
  ---
  duration_ms: 6.552458
  type: 'test'
  ...
# Subtest: S9 snapshot＋await 切頁／mode／export clone，保留等待中 content／geometry
ok 212 - S9 snapshot＋await 切頁／mode／export clone，保留等待中 content／geometry
  ---
  duration_ms: 13.602667
  type: 'test'
  ...
# Subtest: S9 pending reject 零提交
ok 213 - S9 pending reject 零提交
  ---
  duration_ms: 18.106875
  type: 'test'
  ...
# Subtest: S9 pending null 零提交
ok 214 - S9 pending null 零提交
  ---
  duration_ms: 10.027375
  type: 'test'
  ...
# Subtest: S9 pending missing-warnings 零提交
ok 215 - S9 pending missing-warnings 零提交
  ---
  duration_ms: 14.357708
  type: 'test'
  ...
# Subtest: S9 pending warnings-string 零提交
ok 216 - S9 pending warnings-string 零提交
  ---
  duration_ms: 11.918375
  type: 'test'
  ...
# Subtest: S9 pending warnings-item 零提交
ok 217 - S9 pending warnings-item 零提交
  ---
  duration_ms: 16.046167
  type: 'test'
  ...
# Subtest: S9 pending missing-optimized 零提交
ok 218 - S9 pending missing-optimized 零提交
  ---
  duration_ms: 8.238875
  type: 'test'
  ...
# Subtest: S9 pending optimized-string 零提交
ok 219 - S9 pending optimized-string 零提交
  ---
  duration_ms: 12.960667
  type: 'test'
  ...
# Subtest: S9 pending no-data 零提交
ok 220 - S9 pending no-data 零提交
  ---
  duration_ms: 15.93375
  type: 'test'
  ...
# Subtest: S9 pending unsafe 零提交
ok 221 - S9 pending unsafe 零提交
  ---
  duration_ms: 9.783708
  type: 'test'
  ...
# Subtest: S9 pending svg 零提交
ok 222 - S9 pending svg 零提交
  ---
  duration_ms: 9.691375
  type: 'test'
  ...
# Subtest: S9 pending missing-target 零提交
ok 223 - S9 pending missing-target 零提交
  ---
  duration_ms: 7.546334
  type: 'test'
  ...
# Subtest: S9 pending identity-collision 零提交
ok 224 - S9 pending identity-collision 零提交
  ---
  duration_ms: 9.917583
  type: 'test'
  ...
# Subtest: S9 pending missing-dom 零提交
ok 225 - S9 pending missing-dom 零提交
  ---
  duration_ms: 8.444666
  type: 'test'
  ...
# Subtest: S9 pending duplicate-dom 零提交
ok 226 - S9 pending duplicate-dom 零提交
  ---
  duration_ms: 8.4975
  type: 'test'
  ...
# Subtest: S9 pending prepare-throw 零提交
ok 227 - S9 pending prepare-throw 零提交
  ---
  duration_ms: 8.413833
  type: 'test'
  ...
# Subtest: S9 pending append-before 零提交
ok 228 - S9 pending append-before 零提交
  ---
  duration_ms: 8.990125
  type: 'test'
  ...
# Subtest: S9 pending append-after 零提交
ok 229 - S9 pending append-after 零提交
  ---
  duration_ms: 7.726875
  type: 'test'
  ...
# Subtest: S9 preflight identity collision 在 optimizer 前拒絕
ok 230 - S9 preflight identity collision 在 optimizer 前拒絕
  ---
  duration_ms: 3.807125
  type: 'test'
  ...
# Subtest: S9 pending 競爭 same-id：完成次序決定，不覆蓋
ok 231 - S9 pending 競爭 same-id：完成次序決定，不覆蓋
  ---
  duration_ms: 5.2895
  type: 'test'
  ...
# Subtest: S9 pending 競爭 different-id：完成次序決定，不覆蓋
ok 232 - S9 pending 競爭 different-id：完成次序決定，不覆蓋
  ---
  duration_ms: 5.7295
  type: 'test'
  ...
# Subtest: S9 pending 競爭 cross-slide：完成次序決定，不覆蓋
ok 233 - S9 pending 競爭 cross-slide：完成次序決定，不覆蓋
  ---
  duration_ms: 6.554375
  type: 'test'
  ...
# Subtest: S9 drag pending 保留／成功才 cancel clear revision 一次
ok 234 - S9 drag pending 保留／成功才 cancel clear revision 一次
  ---
  duration_ms: 11.280375
  type: 'test'
  ...
# Subtest: S9 resize pending 保留／成功才 cancel clear revision 一次
ok 235 - S9 resize pending 保留／成功才 cancel clear revision 一次
  ---
  duration_ms: 10.763875
  type: 'test'
  ...
# Subtest: S9 export／reparse／remount 恰一 root，新圖可選取與 fit
ok 236 - S9 export／reparse／remount 恰一 root，新圖可選取與 fit
  ---
  duration_ms: 14.565417
  type: 'test'
  ...
1..236
# tests 236
# suites 0
# pass 236
# fail 0
# cancelled 0
# skipped 0
# todo 0
# duration_ms 1041.9715
