
DevTools listening on ws://127.0.0.1:63902/devtools/browser/cf397d58-eaab-4bcb-bc53-44a538efbba8
Trying to load the allocator multiple times. This is *not* supported.
[52201:23092487:0924/105558.759570:ERROR:ui/display/mac/cv_display_link_mac.mm:195] CVDisplayLinkCreateWithCGDisplay failed. CVReturn: -6670
[52201:23092487:0924/105558.761628:ERROR:ui/display/mac/cv_display_link_mac.mm:195] CVDisplayLinkCreateWithCGDisplay failed. CVReturn: -6670
[52201:23092487:0924/105558.771646:ERROR:ui/display/mac/cv_display_link_mac.mm:195] CVDisplayLinkCreateWithCGDisplay failed. CVReturn: -6670
[52201:23092487:0924/105558.775067:ERROR:ui/display/mac/cv_display_link_mac.mm:195] CVDisplayLinkCreateWithCGDisplay failed. CVReturn: -6670
[52201:23092487:0924/105558.775180:ERROR:ui/display/mac/cv_display_link_mac.mm:195] CVDisplayLinkCreateWithCGDisplay failed. CVReturn: -6670
[52201:23092487:0924/105558.775307:ERROR:ui/display/mac/cv_display_link_mac.mm:195] CVDisplayLinkCreateWithCGDisplay failed. CVReturn: -6670
[52195:23092430:0924/105601.046623:ERROR:google_apis/gcm/engine/registration_request.cc:291] Registration response error message: DEPRECATED_ENDPOINT
[52195:23092430:0924/105625.787885:ERROR:google_apis/gcm/engine/registration_request.cc:291] Registration response error message: DEPRECATED_ENDPOINT
[52195:23092430:0924/105715.840348:ERROR:google_apis/gcm/engine/registration_request.cc:291] Registration response error message: DEPRECATED_ENDPOINT
[52195:23092430:0924/105911.627077:ERROR:google_apis/gcm/engine/registration_request.cc:291] Registration response error message: DEPRECATED_ENDPOINT
[52201:23092487:0924/110107.359146:ERROR:gpu/command_buffer/service/shared_image/shared_image_manager.cc:395] SharedImageManager::ProduceMemory: Trying to Produce a Memory representation from a non-existent mailbox.
[52201:23092487:0924/110107.359675:ERROR:gpu/command_buffer/service/shared_image/shared_image_manager.cc:395] SharedImageManager::ProduceMemory: Trying to Produce a Memory representation from a non-existent mailbox.
[52201:23092487:0924/110107.359700:ERROR:gpu/command_buffer/service/shared_image/shared_image_manager.cc:395] SharedImageManager::ProduceMemory: Trying to Produce a Memory representation from a non-existent mailbox.
[52201:23092487:0924/110107.359713:ERROR:gpu/command_buffer/service/shared_image/shared_image_manager.cc:395] SharedImageManager::ProduceMemory: Trying to Produce a Memory representation from a non-existent mailbox.
[52201:23092487:0924/110107.359724:ERROR:gpu/command_buffer/service/shared_image/shared_image_manager.cc:395] SharedImageManager::ProduceMemory: Trying to Produce a Memory representation from a non-existent mailbox.
[52201:23092487:0924/110107.359736:ERROR:gpu/command_buffer/service/shared_image/shared_image_manager.cc:395] SharedImageManager::ProduceMemory: Trying to Produce a Memory representation from a non-existent mailbox.
[52201:23092487:0924/110107.359746:ERROR:gpu/command_buffer/service/shared_image/shared_image_manager.cc:395] SharedImageManager::ProduceMemory: Trying to Produce a Memory representation from a non-existent mailbox.
[52195:23092430:0924/110228.420555:ERROR:google_apis/gcm/engine/registration_request.cc:291] Registration response error message: QUOTA_EXCEEDED
