
DevTools listening on ws://127.0.0.1:61846/devtools/browser/76a84b14-80e9-47cf-81e4-0852e3273389
Trying to load the allocator multiple times. This is *not* supported.
[65979:1391524:1001/013944.944627:ERROR:ui/display/mac/cv_display_link_mac.mm:188] CVDisplayLinkCreateWithCGDisplay failed. CVReturn: -6670
[65979:1391524:1001/013944.946361:ERROR:ui/display/mac/cv_display_link_mac.mm:188] CVDisplayLinkCreateWithCGDisplay failed. CVReturn: -6670
[65979:1391524:1001/013944.946558:ERROR:ui/display/mac/cv_display_link_mac.mm:188] CVDisplayLinkCreateWithCGDisplay failed. CVReturn: -6670
[65979:1391524:1001/013944.946658:ERROR:ui/display/mac/cv_display_link_mac.mm:188] CVDisplayLinkCreateWithCGDisplay failed. CVReturn: -6670
[65979:1391524:1001/013944.946755:ERROR:ui/display/mac/cv_display_link_mac.mm:188] CVDisplayLinkCreateWithCGDisplay failed. CVReturn: -6670
[65979:1391524:1001/013944.946867:ERROR:ui/display/mac/cv_display_link_mac.mm:188] CVDisplayLinkCreateWithCGDisplay failed. CVReturn: -6670
[65950:1391466:1001/013947.008185:ERROR:google_apis/gcm/engine/registration_request.cc:291] Registration response error message: DEPRECATED_ENDPOINT
[66332:1393001:1001/014002.604271:VERBOSE1:chrome/updater/updater.cc:364] Version: 156.0.8067.0, opt, ARM_64, command line: /Users/matt/Library/Application Support/Google/GoogleUpdater/156.0.8067.0/GoogleUpdater.app/Contents/MacOS/GoogleUpdater --wake-all --enable-logging --vmodule=*/components/update_client/*=2,*/chrome/enterprise_companion/*=2,*/chrome/updater/*=2
[66332:1393001:1001/014002.604992:VERBOSE1:chrome/updater/updater.cc:367] OS version: 26.6.2, arch: arm64, System uptime (seconds): 41055, parent pid: 65950
[66332:1393001:1001/014002.606834:VERBOSE1:chrome/updater/updater.cc:372] Available disk space in install directory (/Users/matt/Library/Application Support/Google/GoogleUpdater): 71279403008B (66.384GiB) / 494384795648B (460.432GiB)
[66332:1393001:1001/014002.606865:VERBOSE1:chrome/updater/updater.cc:376] Available disk space in temporary directory (/var/folders/f8/fv8s94z92kb9dkshb8rr5d7m0000gn/T/): 71279403008B (66.384GiB) / 494384795648B (460.432GiB)
[66332:1393001:1001/014002.606923:VERBOSE2:chrome/updater/event_history.cc:266] Emitted a UPDATER_PROCESS START event to the history log
[66334:1393005:1001/014002.617944:VERBOSE1:chrome/updater/updater.cc:364] Version: 156.0.8067.0, opt, ARM_64, command line: /Users/matt/Library/Application Support/Google/GoogleUpdater/156.0.8067.0/GoogleUpdater.app/Contents/MacOS/GoogleUpdater --crash-handler --database=/Users/matt/Library/Application Support/Google/GoogleUpdater/156.0.8067.0/Crashpad --url=https://clients2.google.com/cr/report --annotation=prod=Update4 --annotation=ver=156.0.8067.0 --handshake-fd=6 --enable-logging --vmodule=*/components/update_client/*=2,*/chrome/enterprise_companion/*=2,*/chrome/updater/*=2
[66334:1393005:1001/014002.618475:VERBOSE1:chrome/updater/updater.cc:367] OS version: 26.6.2, arch: arm64, System uptime (seconds): 41055, parent pid: 1
[66334:1393005:1001/014002.620480:VERBOSE1:chrome/updater/updater.cc:372] Available disk space in install directory (/Users/matt/Library/Application Support/Google/GoogleUpdater): 71280029696B (66.385GiB) / 494384795648B (460.432GiB)
[66334:1393005:1001/014002.620518:VERBOSE1:chrome/updater/updater.cc:376] Available disk space in temporary directory (/var/folders/f8/fv8s94z92kb9dkshb8rr5d7m0000gn/T/): 71280029696B (66.385GiB) / 494384795648B (460.432GiB)
[66334:1393005:1001/014002.620578:VERBOSE2:chrome/updater/event_history.cc:266] Emitted a UPDATER_PROCESS START event to the history log
[66332:1393001:1001/014002.621036:VERBOSE1:chrome/updater/crash_reporter.cc:123] Crash handler launched and ready.
[66332:1393001:1001/014002.621626:VERBOSE1:chrome/updater/crash_client.cc:108] Found 0 completed crash reports
[66332:1393001:1001/014002.621695:VERBOSE1:chrome/updater/crash_client.cc:132] Found 0 pending crash reports
[66332:1393001:1001/014002.621779:ERROR:third_party/crashpad/crashpad/util/file/file_io_posix.cc:145] open /Users/matt/Library/Application Support/Google/RLZ/Crashpad/settings.dat: No such file or directory (2)
[66332:1393001:1001/014002.621812:ERROR:third_party/crashpad/crashpad/util/file/file_io_posix.cc:145] open /Users/matt/Library/Application Support/Google/consentOptions/Crashpad/settings.dat: No such file or directory (2)
[66332:1393001:1001/014002.621848:ERROR:third_party/crashpad/crashpad/util/file/file_io_posix.cc:145] open /Users/matt/Library/Application Support/Google/AndroidStudio2025.2.2/Crashpad/settings.dat: No such file or directory (2)
[66332:1393001:1001/014002.621887:ERROR:third_party/crashpad/crashpad/util/file/file_io_posix.cc:145] open /Users/matt/Library/Application Support/Google/ChromeForTesting/Crashpad/settings.dat: No such file or directory (2)
[66332:1393001:1001/014002.621896:ERROR:third_party/crashpad/crashpad/util/file/file_io_posix.cc:145] open /Users/matt/Library/Application Support/Google/Chrome-headless/Crashpad/settings.dat: No such file or directory (2)
[66332:1393001:1001/014002.621907:VERBOSE1:chrome/updater/updater.cc:105] Crash reporting initialized.
[66332:1393013:1001/014002.622223:VERBOSE1:chrome/updater/app/app_wakeall.cc:58] Launching `/Users/matt/Library/Application Support/Google/GoogleUpdater/156.0.8067.0/GoogleUpdater.app/Contents/MacOS/GoogleUpdater --wake`
[66335:1393017:1001/014002.630149:VERBOSE1:chrome/updater/updater.cc:364] Version: 156.0.8067.0, opt, ARM_64, command line: /Users/matt/Library/Application Support/Google/GoogleUpdater/156.0.8067.0/GoogleUpdater.app/Contents/MacOS/GoogleUpdater --wake --enable-logging --vmodule=*/components/update_client/*=2,*/chrome/enterprise_companion/*=2,*/chrome/updater/*=2
[66335:1393017:1001/014002.632006:VERBOSE1:chrome/updater/updater.cc:367] OS version: 26.6.2, arch: arm64, System uptime (seconds): 41055, parent pid: 66332
[66335:1393017:1001/014002.634759:VERBOSE1:chrome/updater/updater.cc:372] Available disk space in install directory (/Users/matt/Library/Application Support/Google/GoogleUpdater): 71280025600B (66.385GiB) / 494384795648B (460.432GiB)
[66335:1393017:1001/014002.634791:VERBOSE1:chrome/updater/updater.cc:376] Available disk space in temporary directory (/var/folders/f8/fv8s94z92kb9dkshb8rr5d7m0000gn/T/): 71280025600B (66.385GiB) / 494384795648B (460.432GiB)
[66335:1393017:1001/014002.634852:VERBOSE2:chrome/updater/event_history.cc:266] Emitted a UPDATER_PROCESS START event to the history log
[66337:1393021:1001/014002.643474:VERBOSE1:chrome/updater/updater.cc:364] Version: 156.0.8067.0, opt, ARM_64, command line: /Users/matt/Library/Application Support/Google/GoogleUpdater/156.0.8067.0/GoogleUpdater.app/Contents/MacOS/GoogleUpdater --crash-handler --database=/Users/matt/Library/Application Support/Google/GoogleUpdater/156.0.8067.0/Crashpad --url=https://clients2.google.com/cr/report --annotation=prod=Update4 --annotation=ver=156.0.8067.0 --handshake-fd=6 --enable-logging --vmodule=*/components/update_client/*=2,*/chrome/enterprise_companion/*=2,*/chrome/updater/*=2
[66337:1393021:1001/014002.643957:VERBOSE1:chrome/updater/updater.cc:367] OS version: 26.6.2, arch: arm64, System uptime (seconds): 41055, parent pid: 1
[66337:1393021:1001/014002.645765:VERBOSE1:chrome/updater/updater.cc:372] Available disk space in install directory (/Users/matt/Library/Application Support/Google/GoogleUpdater): 71280025600B (66.385GiB) / 494384795648B (460.432GiB)
[66337:1393021:1001/014002.645796:VERBOSE1:chrome/updater/updater.cc:376] Available disk space in temporary directory (/var/folders/f8/fv8s94z92kb9dkshb8rr5d7m0000gn/T/): 71280025600B (66.385GiB) / 494384795648B (460.432GiB)
[66337:1393021:1001/014002.645862:VERBOSE2:chrome/updater/event_history.cc:266] Emitted a UPDATER_PROCESS START event to the history log
[66335:1393017:1001/014002.646569:VERBOSE1:chrome/updater/crash_reporter.cc:123] Crash handler launched and ready.
[66335:1393017:1001/014002.647981:VERBOSE1:chrome/updater/crash_client.cc:108] Found 0 completed crash reports
[66335:1393017:1001/014002.648268:VERBOSE1:chrome/updater/crash_client.cc:132] Found 0 pending crash reports
[66335:1393017:1001/014002.648477:ERROR:third_party/crashpad/crashpad/util/file/file_io_posix.cc:145] open /Users/matt/Library/Application Support/Google/RLZ/Crashpad/settings.dat: No such file or directory (2)
[66335:1393017:1001/014002.648515:ERROR:third_party/crashpad/crashpad/util/file/file_io_posix.cc:145] open /Users/matt/Library/Application Support/Google/consentOptions/Crashpad/settings.dat: No such file or directory (2)
[66335:1393017:1001/014002.648552:ERROR:third_party/crashpad/crashpad/util/file/file_io_posix.cc:145] open /Users/matt/Library/Application Support/Google/AndroidStudio2025.2.2/Crashpad/settings.dat: No such file or directory (2)
[66335:1393017:1001/014002.648587:ERROR:third_party/crashpad/crashpad/util/file/file_io_posix.cc:145] open /Users/matt/Library/Application Support/Google/ChromeForTesting/Crashpad/settings.dat: No such file or directory (2)
[66335:1393017:1001/014002.648597:ERROR:third_party/crashpad/crashpad/util/file/file_io_posix.cc:145] open /Users/matt/Library/Application Support/Google/Chrome-headless/Crashpad/settings.dat: No such file or directory (2)
[66335:1393017:1001/014002.648671:VERBOSE1:chrome/updater/updater.cc:105] Crash reporting initialized.
[66335:1393017:1001/014002.649091:VERBOSE1:chrome/updater/ipc/update_service_internal_proxy_mojo.cc:61] Run
[65950:1391466:1001/014014.091039:ERROR:google_apis/gcm/engine/registration_request.cc:291] Registration response error message: DEPRECATED_ENDPOINT
[66335:1393017:1001/014020.425071:VERBOSE1:chrome/updater/app/app.cc:52] Shutdown: 0
[66335:1393017:1001/014020.425603:VERBOSE2:chrome/updater/event_history.cc:266] Emitted a UPDATER_PROCESS END event to the history log
[66335:1393017:1001/014020.425625:VERBOSE1:chrome/updater/updater.cc:409] UpdaterMain (--wake) returned 0.
[66332:1393013:1001/014020.477339:VERBOSE1:chrome/updater/app/app_wakeall.cc:68] `/Users/matt/Library/Application Support/Google/GoogleUpdater/156.0.8067.0/GoogleUpdater.app/Contents/MacOS/GoogleUpdater --wake` exited 0
[66332:1393013:1001/014020.477491:VERBOSE1:chrome/updater/app/app_wakeall.cc:58] Launching `/Users/matt/Library/Application Support/Google/GoogleUpdater/149.0.7814.0/GoogleUpdater.app/Contents/MacOS/GoogleUpdater --wake`
[66332:1393013:1001/014020.478026:VERBOSE1:chrome/updater/app/app_wakeall.cc:64] `/Users/matt/Library/Application Support/Google/GoogleUpdater/149.0.7814.0/GoogleUpdater.app/Contents/MacOS/GoogleUpdater --wake` process invalid: Operation timed out (60)
[66332:1393013:1001/014020.478061:VERBOSE1:chrome/updater/app/app_wakeall.cc:58] Launching `/Users/matt/Library/Application Support/Google/GoogleUpdater/148.0.7730.0/GoogleUpdater.app/Contents/MacOS/GoogleUpdater --wake`
[66332:1393013:1001/014020.478238:VERBOSE1:chrome/updater/app/app_wakeall.cc:64] `/Users/matt/Library/Application Support/Google/GoogleUpdater/148.0.7730.0/GoogleUpdater.app/Contents/MacOS/GoogleUpdater --wake` process invalid: Operation timed out (60)
[66332:1393001:1001/014020.478297:VERBOSE1:chrome/updater/app/app.cc:52] Shutdown: 0
[66332:1393001:1001/014020.478542:VERBOSE2:chrome/updater/event_history.cc:266] Emitted a UPDATER_PROCESS END event to the history log
[66332:1393001:1001/014020.478557:VERBOSE1:chrome/updater/updater.cc:409] UpdaterMain (--wake-all) returned 0.
[66337:1393021:1001/014030.435985:VERBOSE2:chrome/updater/event_history.cc:266] Emitted a UPDATER_PROCESS END event to the history log
[66337:1393021:1001/014030.436121:VERBOSE1:chrome/updater/updater.cc:409] UpdaterMain (--crash-handler) returned 0.
[66334:1393005:1001/014030.437047:VERBOSE2:chrome/updater/event_history.cc:266] Emitted a UPDATER_PROCESS END event to the history log
[66334:1393005:1001/014030.437082:VERBOSE1:chrome/updater/updater.cc:409] UpdaterMain (--crash-handler) returned 0.
[65950:1391466:1001/014101.957352:ERROR:google_apis/gcm/engine/registration_request.cc:291] Registration response error message: DEPRECATED_ENDPOINT
[65950:1391466:1001/014233.156982:ERROR:google_apis/gcm/engine/registration_request.cc:291] Registration response error message: DEPRECATED_ENDPOINT
Trying to load the allocator multiple times. This is *not* supported.
WARNING: All log messages before absl::InitializeLog() is called are written to STDERR
I0000 00:00:1790790163.717668 1400812 environment.cc:526] Selected adapter: Apple M1, arch=metal-3, vendor=apple, backend=Metal, adapterType=Integrated GPU
I0000 00:00:1790790163.730566 1400826 environment.cc:526] Selected adapter: Apple M1, arch=metal-3, vendor=apple, backend=Metal, adapterType=Integrated GPU
[65950:1391466:1001/014630.732833:ERROR:google_apis/gcm/engine/registration_request.cc:291] Registration response error message: DEPRECATED_ENDPOINT
