TAP version 13
# Subtest: export cleanup 只移除 bounded editor chrome roots
ok 1 - export cleanup 只移除 bounded editor chrome roots
  ---
  duration_ms: 1.417
  type: 'test'
  ...
# Subtest: editor chrome contract 誤標 presentation truth 時 fail loud
ok 2 - editor chrome contract 誤標 presentation truth 時 fail loud
  ---
  duration_ms: 0.483166
  type: 'test'
  ...
# Subtest: editor chrome 可位於 presentation 容器內，但不得自己承載 presentation truth
ok 3 - editor chrome 可位於 presentation 容器內，但不得自己承載 presentation truth
  ---
  duration_ms: 0.091833
  type: 'test'
  ...
# Subtest: export clone root 自己被標成 editor chrome 時也不可漏出
ok 4 - export clone root 自己被標成 editor chrome 時也不可漏出
  ---
  duration_ms: 0.112792
  type: 'test'
  ...
# Subtest: 正式 browser exporter 共用同一 cleanup seam
ok 5 - 正式 browser exporter 共用同一 cleanup seam
  ---
  duration_ms: 1.051125
  type: 'test'
  ...
# Subtest: S5 public 方向／Shift／repeat 每步最多一筆 move-element，僅改 x/y
ok 6 - S5 public 方向／Shift／repeat 每步最多一筆 move-element，僅改 x/y
  ---
  duration_ms: 7.236875
  type: 'test'
  ...
# Subtest: S5 public stale identity、刪除、gesture 互斥；拒絕不 clamp
ok 7 - S5 public stale identity、刪除、gesture 互斥；拒絕不 clamp
  ---
  duration_ms: 2.933
  type: 'test'
  ...
# Subtest: S5 mounted 真 runtime capture 處理方向／Shift／repeat、export/reopen 無 editor 洩漏
ok 8 - S5 mounted 真 runtime capture 處理方向／Shift／repeat、export/reopen 無 editor 洩漏
  ---
  duration_ms: 63.386041
  type: 'test'
  ...
# Subtest: S5 mounted guardmatrix 未處理不得攔截或寫 spec；composition 狀態清理
ok 9 - S5 mounted guardmatrix 未處理不得攔截或寫 spec；composition 狀態清理
  ---
  duration_ms: 59.241417
  type: 'test'
  ...
# Subtest: S5 mounted no mode／selection／geometry／deleted 與原子 bounds
ok 10 - S5 mounted no mode／selection／geometry／deleted 與原子 bounds
  ---
  duration_ms: 29.321041
  type: 'test'
  ...
# Subtest: S5 mounted drag 中按鍵不取消／不提交 gesture
ok 11 - S5 mounted drag 中按鍵不取消／不提交 gesture
  ---
  duration_ms: 9.140791
  type: 'test'
  ...
# Subtest: S5 mounted resize 中按鍵不取消／不提交 gesture
ok 12 - S5 mounted resize 中按鍵不取消／不提交 gesture
  ---
  duration_ms: 15.532041
  type: 'test'
  ...
# Subtest: S5 點選元件釋放既有 chrome focus，仍保留直接操作 chrome 時的避讓
ok 13 - S5 點選元件釋放既有 chrome focus，仍保留直接操作 chrome 時的避讓
  ---
  duration_ms: 20.401458
  type: 'test'
  ...
# Subtest: S5 guarded Escape 保留 drag 與 selection；普通 Escape 才取消
ok 14 - S5 guarded Escape 保留 drag 與 selection；普通 Escape 才取消
  ---
  duration_ms: 27.691708
  type: 'test'
  ...
# Subtest: S5 guarded Escape 保留 resize 與 selection；普通 Escape 才取消
ok 15 - S5 guarded Escape 保留 resize 與 selection；普通 Escape 才取消
  ---
  duration_ms: 21.832666
  type: 'test'
  ...
# Subtest: S8 focusin 換頁清 selection，方向鍵不得修改上一頁 canonical
ok 16 - S8 focusin 換頁清 selection，方向鍵不得修改上一頁 canonical
  ---
  duration_ms: 38.147209
  type: 'test'
  ...
# Subtest: S8 同頁 focusin 保留 selection，跨頁 focusin 清除多選
ok 17 - S8 同頁 focusin 保留 selection，跨頁 focusin 清除多選
  ---
  duration_ms: 49.295458
  type: 'test'
  ...
# Subtest: S8 plain/Shift click 與 marquee 共用單一 editor-local selection state
ok 18 - S8 plain/Shift click 與 marquee 共用單一 editor-local selection state
  ---
  duration_ms: 24.034917
  type: 'test'
  ...
# Subtest: S8 export clone-only 清除 Selecto/selection chrome，live selection 保持
ok 19 - S8 export clone-only 清除 Selecto/selection chrome，live selection 保持
  ---
  duration_ms: 19.36175
  type: 'test'
  ...
# Subtest: S8 Escape/blur/mode teardown 清 selection，重複 destroy idempotent
ok 20 - S8 Escape/blur/mode teardown 清 selection，重複 destroy idempotent
  ---
  duration_ms: 22.787291
  type: 'test'
  ...
# Subtest: S8 selection replace/toggle 去重並依 DOM order 穩定
ok 21 - S8 selection replace/toggle 去重並依 DOM order 穩定
  ---
  duration_ms: 7.084833
  type: 'test'
  ...
# Subtest: S8 editor-local state 0/1/>1 lifecycle 不產生 canonical mutation
ok 22 - S8 editor-local state 0/1/>1 lifecycle 不產生 canonical mutation
  ---
  duration_ms: 0.3855
  type: 'test'
  ...
# Subtest: S8 disabled state 拒絕 selection mutation
ok 23 - S8 disabled state 拒絕 selection mutation
  ---
  duration_ms: 0.088709
  type: 'test'
  ...
# Subtest: S10 public mounted layout 插圖：無 image、固定 geometry／fit／檔名、一次 revision
ok 24 - S10 public mounted layout 插圖：無 image、固定 geometry／fit／檔名、一次 revision
  ---
  duration_ms: 46.705958
  type: 'test'
  ...
# Subtest: S10 empty selection 均可用；play/edit/teardown 關閉入口
ok 25 - S10 empty selection 均可用；play/edit/teardown 關閉入口
  ---
  duration_ms: 19.47925
  type: 'test'
  ...
# Subtest: S10 text selection 均可用；play/edit/teardown 關閉入口
ok 26 - S10 text selection 均可用；play/edit/teardown 關閉入口
  ---
  duration_ms: 18.586291
  type: 'test'
  ...
# Subtest: S10 image selection 均可用；play/edit/teardown 關閉入口
ok 27 - S10 image selection 均可用；play/edit/teardown 關閉入口
  ---
  duration_ms: 47.475958
  type: 'test'
  ...
# Subtest: S10 multi selection 均可用；play/edit/teardown 關閉入口
ok 28 - S10 multi selection 均可用；play/edit/teardown 關閉入口
  ---
  duration_ms: 33.315
  type: 'test'
  ...
# Subtest: S10 gesture 取消不 commit，capture→blur→change，snap=false
ok 29 - S10 gesture 取消不 commit，capture→blur→change，snap=false
  ---
  duration_ms: 29.68375
  type: 'test'
  ...
# Subtest: S10 gesture 取消不 commit，capture→blur→change，snap=true
ok 30 - S10 gesture 取消不 commit，capture→blur→change，snap=true
  ---
  duration_ms: 34.293375
  type: 'test'
  ...
# Subtest: S10 slide 取消未 change snapshot
ok 31 - S10 slide 取消未 change snapshot
  ---
  duration_ms: 21.540667
  type: 'test'
  ...
# Subtest: S10 focusin 取消未 change snapshot
ok 32 - S10 focusin 取消未 change snapshot
  ---
  duration_ms: 24.518333
  type: 'test'
  ...
# Subtest: S10 mode 取消未 change snapshot
ok 33 - S10 mode 取消未 change snapshot
  ---
  duration_ms: 20.963458
  type: 'test'
  ...
# Subtest: S10 selection 取消未 change snapshot
ok 34 - S10 selection 取消未 change snapshot
  ---
  duration_ms: 42.473708
  type: 'test'
  ...
# Subtest: S10 same-selection 取消未 change snapshot
ok 35 - S10 same-selection 取消未 change snapshot
  ---
  duration_ms: 20.929334
  type: 'test'
  ...
# Subtest: S10 marquee 取消未 change snapshot
ok 36 - S10 marquee 取消未 change snapshot
  ---
  duration_ms: 15.748875
  type: 'test'
  ...
# Subtest: S10 empty-marquee 取消未 change snapshot
ok 37 - S10 empty-marquee 取消未 change snapshot
  ---
  duration_ms: 22.857459
  type: 'test'
  ...
# Subtest: S10 clear 取消未 change snapshot
ok 38 - S10 clear 取消未 change snapshot
  ---
  duration_ms: 28.462625
  type: 'test'
  ...
# Subtest: S10 destroy 取消未 change snapshot
ok 39 - S10 destroy 取消未 change snapshot
  ---
  duration_ms: 27.486875
  type: 'test'
  ...
# Subtest: S10 delete 取消未 change snapshot
ok 40 - S10 delete 取消未 change snapshot
  ---
  duration_ms: 17.113375
  type: 'test'
  ...
# Subtest: S10 pointer 取消未 change snapshot
ok 41 - S10 pointer 取消未 change snapshot
  ---
  duration_ms: 15.579916
  type: 'test'
  ...
# Subtest: S10 cancel 不占用 ID，reset 可重選
ok 42 - S10 cancel 不占用 ID，reset 可重選
  ---
  duration_ms: 21.145458
  type: 'test'
  ...
# Subtest: S10 empty 不占用 ID，reset 可重選
ok 43 - S10 empty 不占用 ID，reset 可重選
  ---
  duration_ms: 20.168958
  type: 'test'
  ...
# Subtest: S10 throw 不占用 ID，reset 可重選
ok 44 - S10 throw 不占用 ID，reset 可重選
  ---
  duration_ms: 23.764167
  type: 'test'
  ...
# Subtest: S10 無 pending／wrong input／互斥／busy 重入不跨送
ok 45 - S10 無 pending／wrong input／互斥／busy 重入不跨送
  ---
  duration_ms: 36.93775
  type: 'test'
  ...
# Subtest: S10 slide-local 首個空缺 ID、空 alt、成功只 clear selection 一次
ok 46 - S10 slide-local 首個空缺 ID、空 alt、成功只 clear selection 一次
  ---
  duration_ms: 18.301334
  type: 'test'
  ...
# Subtest: S10 async File 捕捉，export／切頁／mode／其他修改保留；finally 不覆寫新 S6 picker
ok 47 - S10 async File 捕捉，export／切頁／mode／其他修改保留；finally 不覆寫新 S6 picker
  ---
  duration_ms: 39.671083
  type: 'test'
  ...
# Subtest: S10 async removed 原子拒絕，不 rename/retry，busy 釋放
ok 48 - S10 async removed 原子拒絕，不 rename/retry，busy 釋放
  ---
  duration_ms: 18.619042
  type: 'test'
  ...
# Subtest: S10 async collision 原子拒絕，不 rename/retry，busy 釋放
ok 49 - S10 async collision 原子拒絕，不 rename/retry，busy 釋放
  ---
  duration_ms: 19.646375
  type: 'test'
  ...
# Subtest: S10 async invalid 原子拒絕，不 rename/retry，busy 釋放
ok 50 - S10 async invalid 原子拒絕，不 rename/retry，busy 釋放
  ---
  duration_ms: 16.442417
  type: 'test'
  ...
# Subtest: S10 async reject 原子拒絕，不 rename/retry，busy 釋放
ok 51 - S10 async reject 原子拒絕，不 rename/retry，busy 釋放
  ---
  duration_ms: 9.508916
  type: 'test'
  ...
# Subtest: S10 非唯一 DOM 不開 chooser；export cleanup／remount 不重複 input
ok 52 - S10 非唯一 DOM 不開 chooser；export cleanup／remount 不重複 input
  ---
  duration_ms: 17.347291
  type: 'test'
  ...
# Subtest: S10 change 前 ID 碰撞由 S8 preflight 拒絕，optimizer0／不 rename
ok 53 - S10 change 前 ID 碰撞由 S8 preflight 拒絕，optimizer0／不 rename
  ---
  duration_ms: 13.112792
  type: 'test'
  ...
# Subtest: S10 export 的 canonical 重新 mounted 後可再插入，不占舊 ID
ok 54 - S10 export 的 canonical 重新 mounted 後可再插入，不占舊 ID
  ---
  duration_ms: 29.497167
  type: 'test'
  ...
# Subtest: S11 public drop：nested image 新 slot、同檔遞增、defaults、old roots、revision／selection
ok 55 - S11 public drop：nested image 新 slot、同檔遞增、defaults、old roots、revision／selection
  ---
  duration_ms: 75.914875
  type: 'test'
  ...
# Subtest: S11 cross-slide 無圖頁採事件 target，首個空缺 ID
ok 56 - S11 cross-slide 無圖頁採事件 target，首個空缺 ID
  ---
  duration_ms: 18.731167
  type: 'test'
  ...
# Subtest: S11 play file dragover/drop 預設攔截與 mode gate
ok 57 - S11 play file dragover/drop 預設攔截與 mode gate
  ---
  duration_ms: 4.148
  type: 'test'
  ...
# Subtest: S11 edit file dragover/drop 預設攔截與 mode gate
ok 58 - S11 edit file dragover/drop 預設攔截與 mode gate
  ---
  duration_ms: 18.428166
  type: 'test'
  ...
# Subtest: S11 layout file dragover/drop 預設攔截與 mode gate
ok 59 - S11 layout file dragover/drop 預設攔截與 mode gate
  ---
  duration_ms: 12.714542
  type: 'test'
  ...
# Subtest: S11 destroy file dragover/drop 預設攔截與 mode gate
ok 60 - S11 destroy file dragover/drop 預設攔截與 mode gate
  ---
  duration_ms: 10.232125
  type: 'test'
  ...
# Subtest: S11 text/plain 不攔截、不讀內容／URL fallback
ok 61 - S11 text/plain 不攔截、不讀內容／URL fallback
  ---
  duration_ms: 24.480959
  type: 'test'
  ...
# Subtest: S11 text/html 不攔截、不讀內容／URL fallback
ok 62 - S11 text/html 不攔截、不讀內容／URL fallback
  ---
  duration_ms: 18.062458
  type: 'test'
  ...
# Subtest: S11 text/uri-list 不攔截、不讀內容／URL fallback
ok 63 - S11 text/uri-list 不攔截、不讀內容／URL fallback
  ---
  duration_ms: 14.772167
  type: 'test'
  ...
# Subtest: S11 items.kind=file 可辨識；slide 外／無 transfer 不攔截
ok 64 - S11 items.kind=file 可辨識；slide 外／無 transfer 不攔截
  ---
  duration_ms: 26.392458
  type: 'test'
  ...
# Subtest: S11 duplicate-dom target 不提交
ok 65 - S11 duplicate-dom target 不提交
  ---
  duration_ms: 15.060041
  type: 'test'
  ...
# Subtest: S11 missing-id target 不提交
ok 66 - S11 missing-id target 不提交
  ---
  duration_ms: 9.771125
  type: 'test'
  ...
# Subtest: S11 duplicate-spec target 不提交
ok 67 - S11 duplicate-spec target 不提交
  ---
  duration_ms: 19.920375
  type: 'test'
  ...
# Subtest: S11 missing-spec target 不提交
ok 68 - S11 missing-spec target 不提交
  ---
  duration_ms: 12.560833
  type: 'test'
  ...
# Subtest: S11 detached target 不提交
ok 69 - S11 detached target 不提交
  ---
  duration_ms: 10.629375
  type: 'test'
  ...
# Subtest: S11 0 files 拒絕且 status 提示
ok 70 - S11 0 files 拒絕且 status 提示
  ---
  duration_ms: 11.295375
  type: 'test'
  ...
# Subtest: S11 2 files 拒絕且 status 提示
ok 71 - S11 2 files 拒絕且 status 提示
  ---
  duration_ms: 13.161167
  type: 'test'
  ...
# Subtest: S11 insert chooser 保留 pending/input 且 drop 不提交
ok 72 - S11 insert chooser 保留 pending/input 且 drop 不提交
  ---
  duration_ms: 17.383792
  type: 'test'
  ...
# Subtest: S11 replace chooser 保留 pending/input 且 drop 不提交
ok 73 - S11 replace chooser 保留 pending/input 且 drop 不提交
  ---
  duration_ms: 24.399625
  type: 'test'
  ...
# Subtest: S11 active gesture 取消不 commit，snap=false
ok 74 - S11 active gesture 取消不 commit，snap=false
  ---
  duration_ms: 46.783625
  type: 'test'
  ...
# Subtest: S11 active gesture 取消不 commit，snap=true
ok 75 - S11 active gesture 取消不 commit，snap=true
  ---
  duration_ms: 27.191834
  type: 'test'
  ...
# Subtest: S11 deferred：busy 互斥；mode/export/other edit 保留；finally 不清其後 S6 chooser
ok 76 - S11 deferred：busy 互斥；mode/export/other edit 保留；finally 不清其後 S6 chooser
  ---
  duration_ms: 34.21925
  type: 'test'
  ...
# Subtest: S11 async removed 原子拒絕、零 partial／retry
ok 77 - S11 async removed 原子拒絕、零 partial／retry
  ---
  duration_ms: 19.087709
  type: 'test'
  ...
# Subtest: S11 async collision 原子拒絕、零 partial／retry
ok 78 - S11 async collision 原子拒絕、零 partial／retry
  ---
  duration_ms: 10.149209
  type: 'test'
  ...
# Subtest: S11 async reject 原子拒絕、零 partial／retry
ok 79 - S11 async reject 原子拒絕、零 partial／retry
  ---
  duration_ms: 29.373291
  type: 'test'
  ...
# Subtest: S11 async invalid 原子拒絕、零 partial／retry
ok 80 - S11 async invalid 原子拒絕、零 partial／retry
  ---
  duration_ms: 17.732417
  type: 'test'
  ...
# Subtest: S11 export canonical／remount 恢復 listener，無 transient 或重複插入
ok 81 - S11 export canonical／remount 恢復 listener，無 transient 或重複插入
  ---
  duration_ms: 43.302625
  type: 'test'
  ...
# Subtest: S11 外部 slide 即使沿用 canonical ID 也不攔截
ok 82 - S11 外部 slide 即使沿用 canonical ID 也不攔截
  ---
  duration_ms: 14.595709
  type: 'test'
  ...
# Subtest: S6 單選圖片顯示 action，其他 selection／mode 隱藏；UI 不修改 canonical
ok 83 - S6 單選圖片顯示 action，其他 selection／mode 隱藏；UI 不修改 canonical
  ---
  duration_ms: 123.159583
  type: 'test'
  ...
# Subtest: S6 capture → natural blur → change 保留第二圖，snap=false
ok 84 - S6 capture → natural blur → change 保留第二圖，snap=false
  ---
  duration_ms: 42.505667
  type: 'test'
  ...
# Subtest: S6 capture → natural blur → change 保留第二圖，snap=true
ok 85 - S6 capture → natural blur → change 保留第二圖，snap=true
  ---
  duration_ms: 22.8415
  type: 'test'
  ...
# Subtest: S6 picker 後 slide 取消目標；無 pending 不呼叫 optimizer
ok 86 - S6 picker 後 slide 取消目標；無 pending 不呼叫 optimizer
  ---
  duration_ms: 34.214875
  type: 'test'
  ...
# Subtest: S6 picker 後 mode 取消目標；無 pending 不呼叫 optimizer
ok 87 - S6 picker 後 mode 取消目標；無 pending 不呼叫 optimizer
  ---
  duration_ms: 27.710083
  type: 'test'
  ...
# Subtest: S6 picker 後 selection 取消目標；無 pending 不呼叫 optimizer
ok 88 - S6 picker 後 selection 取消目標；無 pending 不呼叫 optimizer
  ---
  duration_ms: 28.161542
  type: 'test'
  ...
# Subtest: S6 picker 後 same-selection 取消目標；無 pending 不呼叫 optimizer
ok 89 - S6 picker 後 same-selection 取消目標；無 pending 不呼叫 optimizer
  ---
  duration_ms: 26.742541
  type: 'test'
  ...
# Subtest: S6 picker 後 marquee 取消目標；無 pending 不呼叫 optimizer
ok 90 - S6 picker 後 marquee 取消目標；無 pending 不呼叫 optimizer
  ---
  duration_ms: 33.411042
  type: 'test'
  ...
# Subtest: S6 picker 後 empty-marquee 取消目標；無 pending 不呼叫 optimizer
ok 91 - S6 picker 後 empty-marquee 取消目標；無 pending 不呼叫 optimizer
  ---
  duration_ms: 18.213875
  type: 'test'
  ...
# Subtest: S6 picker 後 clear 取消目標；無 pending 不呼叫 optimizer
ok 92 - S6 picker 後 clear 取消目標；無 pending 不呼叫 optimizer
  ---
  duration_ms: 20.264791
  type: 'test'
  ...
# Subtest: S6 picker 後 destroy 取消目標；無 pending 不呼叫 optimizer
ok 93 - S6 picker 後 destroy 取消目標；無 pending 不呼叫 optimizer
  ---
  duration_ms: 28.534542
  type: 'test'
  ...
# Subtest: S6 picker 後 delete 取消目標；無 pending 不呼叫 optimizer
ok 94 - S6 picker 後 delete 取消目標；無 pending 不呼叫 optimizer
  ---
  duration_ms: 36.736958
  type: 'test'
  ...
# Subtest: S6 picker 後 pointer 取消目標；無 pending 不呼叫 optimizer
ok 95 - S6 picker 後 pointer 取消目標；無 pending 不呼叫 optimizer
  ---
  duration_ms: 34.07125
  type: 'test'
  ...
# Subtest: S6 cancel 重設 value，同檔可再次選取
ok 96 - S6 cancel 重設 value，同檔可再次選取
  ---
  duration_ms: 23.050834
  type: 'test'
  ...
# Subtest: S6 empty 重設 value，同檔可再次選取
ok 97 - S6 empty 重設 value，同檔可再次選取
  ---
  duration_ms: 21.910792
  type: 'test'
  ...
# Subtest: S6 success 重設 value，同檔可再次選取
ok 98 - S6 success 重設 value，同檔可再次選取
  ---
  duration_ms: 25.611083
  type: 'test'
  ...
# Subtest: S6 failure 重設 value，同檔可再次選取
ok 99 - S6 failure 重設 value，同檔可再次選取
  ---
  duration_ms: 22.704042
  type: 'test'
  ...
# Subtest: S6 無 pending／target 刪除先拒絕；後一次 picker 不覆蓋未消耗的 chooser
ok 100 - S6 無 pending／target 刪除先拒絕；後一次 picker 不覆蓋未消耗的 chooser
  ---
  duration_ms: 22.1235
  type: 'test'
  ...
# Subtest: S6 change 先消耗 snapshot；async 中新 picker／export／切頁不改前次 target
ok 101 - S6 change 先消耗 snapshot；async 中新 picker／export／切頁不改前次 target
  ---
  duration_ms: 50.680042
  type: 'test'
  ...
# Subtest: S6 picker pointerdown 取消 gesture 且 click 前尺寸狀態不變 snap=false
ok 102 - S6 picker pointerdown 取消 gesture 且 click 前尺寸狀態不變 snap=false
  ---
  duration_ms: 21.316708
  type: 'test'
  ...
# Subtest: S6 picker pointerdown 取消 gesture 且 click 前尺寸狀態不變 snap=true
ok 103 - S6 picker pointerdown 取消 gesture 且 click 前尺寸狀態不變 snap=true
  ---
  duration_ms: 17.833917
  type: 'test'
  ...
# Subtest: S6 export 移除新增 chrome，pending 不序列化；重新 mount 可選圖
ok 104 - S6 export 移除新增 chrome，pending 不序列化；重新 mount 可選圖
  ---
  duration_ms: 43.887208
  type: 'test'
  ...
# Subtest: S6 picker 等待檔案時唯讀 export 不取消 pending target
ok 105 - S6 picker 等待檔案時唯讀 export 不取消 pending target
  ---
  duration_ms: 25.989209
  type: 'test'
  ...
# Subtest: S6 async target 移除後失敗，零 asset mutation 且 input 可重選
ok 106 - S6 async target 移除後失敗，零 asset mutation 且 input 可重選
  ---
  duration_ms: 16.364625
  type: 'test'
  ...
# Subtest: S6 play teardown 不殘留 transient overlay marker，toolbar另由export清理
ok 107 - S6 play teardown 不殘留 transient overlay marker，toolbar另由export清理
  ---
  duration_ms: 18.759584
  type: 'test'
  ...
# Subtest: S7 native group 與裁邊說明由 bootstrap markup 提供
ok 108 - S7 native group 與裁邊說明由 bootstrap markup 提供
  ---
  duration_ms: 1.425958
  type: 'test'
  ...
# Subtest: S7 第二圖 default contain no-op、往返、pressed、revision 與完整 preservation
ok 109 - S7 第二圖 default contain no-op、往返、pressed、revision 與完整 preservation
  ---
  duration_ms: 70.008416
  type: 'test'
  ...
# Subtest: S7 無 target／未知 fit 拒絕且不 fallback；使用 click 當下 live dataUri
ok 110 - S7 無 target／未知 fit 拒絕且不 fallback；使用 click 當下 live dataUri
  ---
  duration_ms: 29.997125
  type: 'test'
  ...
# Subtest: S7 nonimage 隱藏／disable 並拒絕 stale target
ok 111 - S7 nonimage 隱藏／disable 並拒絕 stale target
  ---
  duration_ms: 24.583584
  type: 'test'
  ...
# Subtest: S7 multi 隱藏／disable 並拒絕 stale target
ok 112 - S7 multi 隱藏／disable 並拒絕 stale target
  ---
  duration_ms: 24.4225
  type: 'test'
  ...
# Subtest: S7 clear 隱藏／disable 並拒絕 stale target
ok 113 - S7 clear 隱藏／disable 並拒絕 stale target
  ---
  duration_ms: 22.089292
  type: 'test'
  ...
# Subtest: S7 slide 隱藏／disable 並拒絕 stale target
ok 114 - S7 slide 隱藏／disable 並拒絕 stale target
  ---
  duration_ms: 19.555
  type: 'test'
  ...
# Subtest: S7 edit 隱藏／disable 並拒絕 stale target
ok 115 - S7 edit 隱藏／disable 並拒絕 stale target
  ---
  duration_ms: 24.258833
  type: 'test'
  ...
# Subtest: S7 play 隱藏／disable 並拒絕 stale target
ok 116 - S7 play 隱藏／disable 並拒絕 stale target
  ---
  duration_ms: 17.731458
  type: 'test'
  ...
# Subtest: S7 delete 隱藏／disable 並拒絕 stale target
ok 117 - S7 delete 隱藏／disable 並拒絕 stale target
  ---
  duration_ms: 14.808958
  type: 'test'
  ...
# Subtest: S7 destroy 隱藏／disable 並拒絕 stale target
ok 118 - S7 destroy 隱藏／disable 並拒絕 stale target
  ---
  duration_ms: 13.560583
  type: 'test'
  ...
# Subtest: S7 same-image click 與 refresh 只讀 bounded metadata；不讀 payload／serialize
ok 119 - S7 same-image click 與 refresh 只讀 bounded metadata；不讀 payload／serialize
  ---
  duration_ms: 380.880417
  type: 'test'
  ...
# Subtest: S7 picker pending fit disabled；cancel 恢復且 pending 不被 fit 取消
ok 120 - S7 picker pending fit disabled；cancel 恢復且 pending 不被 fit 取消
  ---
  duration_ms: 23.437083
  type: 'test'
  ...
# Subtest: S7 picker pending fit disabled；empty 恢復且 pending 不被 fit 取消
ok 121 - S7 picker pending fit disabled；empty 恢復且 pending 不被 fit 取消
  ---
  duration_ms: 14.947583
  type: 'test'
  ...
# Subtest: S7 picker pending fit disabled；change 恢復且 pending 不被 fit 取消
ok 122 - S7 picker pending fit disabled；change 恢復且 pending 不被 fit 取消
  ---
  duration_ms: 14.418417
  type: 'test'
  ...
# Subtest: S7 picker pending fit disabled；blur-change 恢復且 pending 不被 fit 取消
ok 123 - S7 picker pending fit disabled；blur-change 恢復且 pending 不被 fit 取消
  ---
  duration_ms: 18.814625
  type: 'test'
  ...
# Subtest: S7 drag/pointer/snap=false 取消 preview 後只提交 fit
ok 124 - S7 drag/pointer/snap=false 取消 preview 後只提交 fit
  ---
  duration_ms: 12.971166
  type: 'test'
  ...
# Subtest: S7 drag/keyboard/snap=false 取消 preview 後只提交 fit
ok 125 - S7 drag/keyboard/snap=false 取消 preview 後只提交 fit
  ---
  duration_ms: 12.394541
  type: 'test'
  ...
# Subtest: S7 resize/pointer/snap=false 取消 preview 後只提交 fit
ok 126 - S7 resize/pointer/snap=false 取消 preview 後只提交 fit
  ---
  duration_ms: 13.846708
  type: 'test'
  ...
# Subtest: S7 resize/keyboard/snap=false 取消 preview 後只提交 fit
ok 127 - S7 resize/keyboard/snap=false 取消 preview 後只提交 fit
  ---
  duration_ms: 11.474125
  type: 'test'
  ...
# Subtest: S7 drag/pointer/snap=true 取消 preview 後只提交 fit
ok 128 - S7 drag/pointer/snap=true 取消 preview 後只提交 fit
  ---
  duration_ms: 11.947167
  type: 'test'
  ...
# Subtest: S7 drag/keyboard/snap=true 取消 preview 後只提交 fit
ok 129 - S7 drag/keyboard/snap=true 取消 preview 後只提交 fit
  ---
  duration_ms: 12.567166
  type: 'test'
  ...
# Subtest: S7 resize/pointer/snap=true 取消 preview 後只提交 fit
ok 130 - S7 resize/pointer/snap=true 取消 preview 後只提交 fit
  ---
  duration_ms: 11.868917
  type: 'test'
  ...
# Subtest: S7 resize/keyboard/snap=true 取消 preview 後只提交 fit
ok 131 - S7 resize/keyboard/snap=true 取消 preview 後只提交 fit
  ---
  duration_ms: 11.348708
  type: 'test'
  ...
# Subtest: S7 toolbar focus 擁有 arrows；modifier／IME 沿原 keyboard guard
ok 132 - S7 toolbar focus 擁有 arrows；modifier／IME 沿原 keyboard guard
  ---
  duration_ms: 9.381041
  type: 'test'
  ...
# Subtest: S7 default no-op 亦取消 preview 並保留 selection snap=false
ok 133 - S7 default no-op 亦取消 preview 並保留 selection snap=false
  ---
  duration_ms: 11.183583
  type: 'test'
  ...
# Subtest: S7 default no-op 亦取消 preview 並保留 selection snap=true
ok 134 - S7 default no-op 亦取消 preview 並保留 selection snap=true
  ---
  duration_ms: 11.014458
  type: 'test'
  ...
# Subtest: S7 target DOM 移除與 observer refresh 後隱藏，不套到其他圖
ok 135 - S7 target DOM 移除與 observer refresh 後隱藏，不套到其他圖
  ---
  duration_ms: 11.46525
  type: 'test'
  ...
# Subtest: S7 export 只保留 fit；從匯出 DeckSpec remount 可切換
ok 136 - S7 export 只保留 fit；從匯出 DeckSpec remount 可切換
  ---
  duration_ms: 21.021666
  type: 'test'
  ...
# Subtest: S8 Node 尾端插入、預設及明示 fit、跨頁同 ID、完整 preservation
ok 137 - S8 Node 尾端插入、預設及明示 fit、跨頁同 ID、完整 preservation
  ---
  duration_ms: 12.3905
  type: 'test'
  ...
# Subtest: S8 Node exact schema／政策／geometry 拒絕且 getter calls=0
ok 138 - S8 Node exact schema／政策／geometry 拒絕且 getter calls=0
  ---
  duration_ms: 24.745459
  type: 'test'
  ...
# Subtest: S8 Node null prototype own records 可用且輸入不受修改
ok 139 - S8 Node null prototype own records 可用且輸入不受修改
  ---
  duration_ms: 0.880375
  type: 'test'
  ...
# Subtest: S8 Node long-ID collision 不改名；可穩定追加另一 collision
ok 140 - S8 Node long-ID collision 不改名；可穩定追加另一 collision
  ---
  duration_ms: 3.371167
  type: 'test'
  ...
# Subtest: S8 Node 新 identity 可 fit／replace／move／resize，renderer export/reopen 唯一 root
ok 141 - S8 Node 新 identity 可 fit／replace／move／resize，renderer export/reopen 唯一 root
  ---
  duration_ms: 71.659875
  type: 'test'
  ...
# Subtest: S8 mounted 尾端插入、預設及明示 fit、跨頁同 ID、完整 preservation
ok 142 - S8 mounted 尾端插入、預設及明示 fit、跨頁同 ID、完整 preservation
  ---
  duration_ms: 20.863208
  type: 'test'
  ...
# Subtest: S8 mounted exact schema／政策／geometry 拒絕且 getter calls=0
ok 143 - S8 mounted exact schema／政策／geometry 拒絕且 getter calls=0
  ---
  duration_ms: 92.1125
  type: 'test'
  ...
# Subtest: S8 mounted null prototype own records 可用且輸入不受修改
ok 144 - S8 mounted null prototype own records 可用且輸入不受修改
  ---
  duration_ms: 5.09875
  type: 'test'
  ...
# Subtest: S8 mounted long-ID collision 不改名；可穩定追加另一 collision
ok 145 - S8 mounted long-ID collision 不改名；可穩定追加另一 collision
  ---
  duration_ms: 23.349125
  type: 'test'
  ...
# Subtest: S8 mounted 新 identity 可 fit／replace／move／resize，renderer export/reopen 唯一 root
ok 146 - S8 mounted 新 identity 可 fit／replace／move／resize，renderer export/reopen 唯一 root
  ---
  duration_ms: 58.583083
  type: 'test'
  ...
# Subtest: S8 mounted missing 零 canonical／DOM／revision／selection 副作用
ok 147 - S8 mounted missing 零 canonical／DOM／revision／selection 副作用
  ---
  duration_ms: 16.256167
  type: 'test'
  ...
# Subtest: S8 mounted duplicate-root 零 canonical／DOM／revision／selection 副作用
ok 148 - S8 mounted duplicate-root 零 canonical／DOM／revision／selection 副作用
  ---
  duration_ms: 14.309042
  type: 'test'
  ...
# Subtest: S8 mounted append-before 零 canonical／DOM／revision／selection 副作用
ok 149 - S8 mounted append-before 零 canonical／DOM／revision／selection 副作用
  ---
  duration_ms: 16.282042
  type: 'test'
  ...
# Subtest: S8 mounted append-after 零 canonical／DOM／revision／selection 副作用
ok 150 - S8 mounted append-after 零 canonical／DOM／revision／selection 副作用
  ---
  duration_ms: 17.529166
  type: 'test'
  ...
# Subtest: S8 mounted detached-project 零 canonical／DOM／revision／selection 副作用
ok 151 - S8 mounted detached-project 零 canonical／DOM／revision／selection 副作用
  ---
  duration_ms: 19.002708
  type: 'test'
  ...
# Subtest: S8 mounted snap=false 成功取消 drag preview／clear selection，保持舊 nodes／mode／currentId
ok 152 - S8 mounted snap=false 成功取消 drag preview／clear selection，保持舊 nodes／mode／currentId
  ---
  duration_ms: 37.917
  type: 'test'
  ...
# Subtest: S8 mounted snap=false 成功取消 resize preview／clear selection，保持舊 nodes／mode／currentId
ok 153 - S8 mounted snap=false 成功取消 resize preview／clear selection，保持舊 nodes／mode／currentId
  ---
  duration_ms: 30.117291
  type: 'test'
  ...
# Subtest: S8 mounted snap=true 成功取消 drag preview／clear selection，保持舊 nodes／mode／currentId
ok 154 - S8 mounted snap=true 成功取消 drag preview／clear selection，保持舊 nodes／mode／currentId
  ---
  duration_ms: 21.041
  type: 'test'
  ...
# Subtest: S8 mounted snap=true 成功取消 resize preview／clear selection，保持舊 nodes／mode／currentId
ok 155 - S8 mounted snap=true 成功取消 resize preview／clear selection，保持舊 nodes／mode／currentId
  ---
  duration_ms: 21.045667
  type: 'test'
  ...
# Subtest: S8 descriptor 精確 image-only slide target、無 history 宣稱
ok 156 - S8 descriptor 精確 image-only slide target、無 history 宣稱
  ---
  duration_ms: 3.202
  type: 'test'
  ...
# Subtest: S9 public insertImageFile 新增圖片並保留 optimizer result identity
ok 157 - S9 public insertImageFile 新增圖片並保留 optimizer result identity
  ---
  duration_ms: 30.530792
  type: 'test'
  ...
# Subtest: S9 default 全 spec preservation／唯一 DOM
ok 158 - S9 default 全 spec preservation／唯一 DOM
  ---
  duration_ms: 16.051792
  type: 'test'
  ...
# Subtest: S9 contain 全 spec preservation／唯一 DOM
ok 159 - S9 contain 全 spec preservation／唯一 DOM
  ---
  duration_ms: 7.333833
  type: 'test'
  ...
# Subtest: S9 cover 全 spec preservation／唯一 DOM
ok 160 - S9 cover 全 spec preservation／唯一 DOM
  ---
  duration_ms: 6.699625
  type: 'test'
  ...
# Subtest: S9 cross-slide 全 spec preservation／唯一 DOM
ok 161 - S9 cross-slide 全 spec preservation／唯一 DOM
  ---
  duration_ms: 13.413792
  type: 'test'
  ...
# Subtest: S9 null-proto 全 spec preservation／唯一 DOM
ok 162 - S9 null-proto 全 spec preservation／唯一 DOM
  ---
  duration_ms: 9.684208
  type: 'test'
  ...
# Subtest: S9 frozen 全 spec preservation／唯一 DOM
ok 163 - S9 frozen 全 spec preservation／唯一 DOM
  ---
  duration_ms: 9.953209
  type: 'test'
  ...
# Subtest: S9 non-enumerable 全 spec preservation／唯一 DOM
ok 164 - S9 non-enumerable 全 spec preservation／唯一 DOM
  ---
  duration_ms: 7.67075
  type: 'test'
  ...
# Subtest: S9 invalid own-data／geometry／target：getter0 optimizer0，既有 gesture 不取消
ok 165 - S9 invalid own-data／geometry／target：getter0 optimizer0，既有 gesture 不取消
  ---
  duration_ms: 66.488
  type: 'test'
  ...
# Subtest: S9 falsy file 不讀 options／不呼叫 optimizer；missing optimizer 明確失敗
ok 166 - S9 falsy file 不讀 options／不呼叫 optimizer；missing optimizer 明確失敗
  ---
  duration_ms: 7.171708
  type: 'test'
  ...
# Subtest: S9 snapshot＋await 切頁／mode／export clone，保留等待中 content／geometry
ok 167 - S9 snapshot＋await 切頁／mode／export clone，保留等待中 content／geometry
  ---
  duration_ms: 16.796458
  type: 'test'
  ...
# Subtest: S9 pending reject 零提交
ok 168 - S9 pending reject 零提交
  ---
  duration_ms: 24.879708
  type: 'test'
  ...
# Subtest: S9 pending null 零提交
ok 169 - S9 pending null 零提交
  ---
  duration_ms: 21.514666
  type: 'test'
  ...
# Subtest: S9 pending missing-warnings 零提交
ok 170 - S9 pending missing-warnings 零提交
  ---
  duration_ms: 11.849166
  type: 'test'
  ...
# Subtest: S9 pending warnings-string 零提交
ok 171 - S9 pending warnings-string 零提交
  ---
  duration_ms: 22.566417
  type: 'test'
  ...
# Subtest: S9 pending warnings-item 零提交
ok 172 - S9 pending warnings-item 零提交
  ---
  duration_ms: 30.107959
  type: 'test'
  ...
# Subtest: S9 pending missing-optimized 零提交
ok 173 - S9 pending missing-optimized 零提交
  ---
  duration_ms: 20.478709
  type: 'test'
  ...
# Subtest: S9 pending optimized-string 零提交
ok 174 - S9 pending optimized-string 零提交
  ---
  duration_ms: 15.785875
  type: 'test'
  ...
# Subtest: S9 pending no-data 零提交
ok 175 - S9 pending no-data 零提交
  ---
  duration_ms: 15.08525
  type: 'test'
  ...
# Subtest: S9 pending unsafe 零提交
ok 176 - S9 pending unsafe 零提交
  ---
  duration_ms: 18.5415
  type: 'test'
  ...
# Subtest: S9 pending svg 零提交
ok 177 - S9 pending svg 零提交
  ---
  duration_ms: 12.294375
  type: 'test'
  ...
# Subtest: S9 pending missing-target 零提交
ok 178 - S9 pending missing-target 零提交
  ---
  duration_ms: 17.027417
  type: 'test'
  ...
# Subtest: S9 pending identity-collision 零提交
ok 179 - S9 pending identity-collision 零提交
  ---
  duration_ms: 18.3465
  type: 'test'
  ...
# Subtest: S9 pending missing-dom 零提交
ok 180 - S9 pending missing-dom 零提交
  ---
  duration_ms: 12.34075
  type: 'test'
  ...
# Subtest: S9 pending duplicate-dom 零提交
ok 181 - S9 pending duplicate-dom 零提交
  ---
  duration_ms: 11.377792
  type: 'test'
  ...
# Subtest: S9 pending prepare-throw 零提交
ok 182 - S9 pending prepare-throw 零提交
  ---
  duration_ms: 22.16675
  type: 'test'
  ...
# Subtest: S9 pending append-before 零提交
ok 183 - S9 pending append-before 零提交
  ---
  duration_ms: 18.192458
  type: 'test'
  ...
# Subtest: S9 pending append-after 零提交
ok 184 - S9 pending append-after 零提交
  ---
  duration_ms: 11.526792
  type: 'test'
  ...
# Subtest: S9 preflight identity collision 在 optimizer 前拒絕
ok 185 - S9 preflight identity collision 在 optimizer 前拒絕
  ---
  duration_ms: 5.7155
  type: 'test'
  ...
# Subtest: S9 pending 競爭 same-id：完成次序決定，不覆蓋
ok 186 - S9 pending 競爭 same-id：完成次序決定，不覆蓋
  ---
  duration_ms: 5.669625
  type: 'test'
  ...
# Subtest: S9 pending 競爭 different-id：完成次序決定，不覆蓋
ok 187 - S9 pending 競爭 different-id：完成次序決定，不覆蓋
  ---
  duration_ms: 8.126042
  type: 'test'
  ...
# Subtest: S9 pending 競爭 cross-slide：完成次序決定，不覆蓋
ok 188 - S9 pending 競爭 cross-slide：完成次序決定，不覆蓋
  ---
  duration_ms: 6.674625
  type: 'test'
  ...
# Subtest: S9 drag pending 保留／成功才 cancel clear revision 一次
ok 189 - S9 drag pending 保留／成功才 cancel clear revision 一次
  ---
  duration_ms: 12.435167
  type: 'test'
  ...
# Subtest: S9 resize pending 保留／成功才 cancel clear revision 一次
ok 190 - S9 resize pending 保留／成功才 cancel clear revision 一次
  ---
  duration_ms: 11.685458
  type: 'test'
  ...
# Subtest: S9 export／reparse／remount 恰一 root，新圖可選取與 fit
ok 191 - S9 export／reparse／remount 恰一 root，新圖可選取與 fit
  ---
  duration_ms: 18.117541
  type: 'test'
  ...
1..191
# tests 191
# suites 0
# pass 191
# fail 0
# cancelled 0
# skipped 0
# todo 0
# duration_ms 1268.402666
