TAP version 13
# Subtest: export cleanup 只移除 bounded editor chrome roots
ok 1 - export cleanup 只移除 bounded editor chrome roots
  ---
  duration_ms: 1.174667
  type: 'test'
  ...
# Subtest: editor chrome contract 誤標 presentation truth 時 fail loud
ok 2 - editor chrome contract 誤標 presentation truth 時 fail loud
  ---
  duration_ms: 0.471542
  type: 'test'
  ...
# Subtest: editor chrome 可位於 presentation 容器內，但不得自己承載 presentation truth
ok 3 - editor chrome 可位於 presentation 容器內，但不得自己承載 presentation truth
  ---
  duration_ms: 0.092084
  type: 'test'
  ...
# Subtest: export clone root 自己被標成 editor chrome 時也不可漏出
ok 4 - export clone root 自己被標成 editor chrome 時也不可漏出
  ---
  duration_ms: 0.10425
  type: 'test'
  ...
# Subtest: 正式 browser exporter 共用同一 cleanup seam
ok 5 - 正式 browser exporter 共用同一 cleanup seam
  ---
  duration_ms: 1.156583
  type: 'test'
  ...
# Subtest: S5 public 方向／Shift／repeat 每步最多一筆 move-element，僅改 x/y
ok 6 - S5 public 方向／Shift／repeat 每步最多一筆 move-element，僅改 x/y
  ---
  duration_ms: 7.713667
  type: 'test'
  ...
# Subtest: S5 public stale identity、刪除、gesture 互斥；拒絕不 clamp
ok 7 - S5 public stale identity、刪除、gesture 互斥；拒絕不 clamp
  ---
  duration_ms: 4.530625
  type: 'test'
  ...
# Subtest: S5 mounted 真 runtime capture 處理方向／Shift／repeat、export/reopen 無 editor 洩漏
ok 8 - S5 mounted 真 runtime capture 處理方向／Shift／repeat、export/reopen 無 editor 洩漏
  ---
  duration_ms: 68.660375
  type: 'test'
  ...
# Subtest: S5 mounted guardmatrix 未處理不得攔截或寫 spec；composition 狀態清理
ok 9 - S5 mounted guardmatrix 未處理不得攔截或寫 spec；composition 狀態清理
  ---
  duration_ms: 29.129083
  type: 'test'
  ...
# Subtest: S5 mounted no mode／selection／geometry／deleted 與原子 bounds
ok 10 - S5 mounted no mode／selection／geometry／deleted 與原子 bounds
  ---
  duration_ms: 17.264542
  type: 'test'
  ...
# Subtest: S5 mounted drag 中按鍵不取消／不提交 gesture
ok 11 - S5 mounted drag 中按鍵不取消／不提交 gesture
  ---
  duration_ms: 12.806958
  type: 'test'
  ...
# Subtest: S5 mounted resize 中按鍵不取消／不提交 gesture
ok 12 - S5 mounted resize 中按鍵不取消／不提交 gesture
  ---
  duration_ms: 24.813875
  type: 'test'
  ...
# Subtest: S5 點選元件釋放既有 chrome focus，仍保留直接操作 chrome 時的避讓
ok 13 - S5 點選元件釋放既有 chrome focus，仍保留直接操作 chrome 時的避讓
  ---
  duration_ms: 36.775833
  type: 'test'
  ...
# Subtest: S5 guarded Escape 保留 drag 與 selection；普通 Escape 才取消
ok 14 - S5 guarded Escape 保留 drag 與 selection；普通 Escape 才取消
  ---
  duration_ms: 17.081625
  type: 'test'
  ...
# Subtest: S5 guarded Escape 保留 resize 與 selection；普通 Escape 才取消
ok 15 - S5 guarded Escape 保留 resize 與 selection；普通 Escape 才取消
  ---
  duration_ms: 16.055875
  type: 'test'
  ...
# Subtest: S8 focusin 換頁清 selection，方向鍵不得修改上一頁 canonical
ok 16 - S8 focusin 換頁清 selection，方向鍵不得修改上一頁 canonical
  ---
  duration_ms: 42.659042
  type: 'test'
  ...
# Subtest: S8 同頁 focusin 保留 selection，跨頁 focusin 清除多選
ok 17 - S8 同頁 focusin 保留 selection，跨頁 focusin 清除多選
  ---
  duration_ms: 28.289125
  type: 'test'
  ...
# Subtest: S8 plain/Shift click 與 marquee 共用單一 editor-local selection state
ok 18 - S8 plain/Shift click 與 marquee 共用單一 editor-local selection state
  ---
  duration_ms: 25.452625
  type: 'test'
  ...
# Subtest: S8 export clone-only 清除 Selecto/selection chrome，live selection 保持
ok 19 - S8 export clone-only 清除 Selecto/selection chrome，live selection 保持
  ---
  duration_ms: 16.593042
  type: 'test'
  ...
# Subtest: S8 Escape/blur/mode teardown 清 selection，重複 destroy idempotent
ok 20 - S8 Escape/blur/mode teardown 清 selection，重複 destroy idempotent
  ---
  duration_ms: 24.094375
  type: 'test'
  ...
# Subtest: S8 selection replace/toggle 去重並依 DOM order 穩定
ok 21 - S8 selection replace/toggle 去重並依 DOM order 穩定
  ---
  duration_ms: 4.962292
  type: 'test'
  ...
# Subtest: S8 editor-local state 0/1/>1 lifecycle 不產生 canonical mutation
ok 22 - S8 editor-local state 0/1/>1 lifecycle 不產生 canonical mutation
  ---
  duration_ms: 0.644583
  type: 'test'
  ...
# Subtest: S8 disabled state 拒絕 selection mutation
ok 23 - S8 disabled state 拒絕 selection mutation
  ---
  duration_ms: 0.095916
  type: 'test'
  ...
# Subtest: S10 public mounted layout 插圖：無 image、固定 geometry／fit／檔名、一次 revision
ok 24 - S10 public mounted layout 插圖：無 image、固定 geometry／fit／檔名、一次 revision
  ---
  duration_ms: 54.812875
  type: 'test'
  ...
# Subtest: S10 empty selection 均可用；play/edit/teardown 關閉入口
ok 25 - S10 empty selection 均可用；play/edit/teardown 關閉入口
  ---
  duration_ms: 15.912583
  type: 'test'
  ...
# Subtest: S10 text selection 均可用；play/edit/teardown 關閉入口
ok 26 - S10 text selection 均可用；play/edit/teardown 關閉入口
  ---
  duration_ms: 32.280917
  type: 'test'
  ...
# Subtest: S10 image selection 均可用；play/edit/teardown 關閉入口
ok 27 - S10 image selection 均可用；play/edit/teardown 關閉入口
  ---
  duration_ms: 31.026792
  type: 'test'
  ...
# Subtest: S10 multi selection 均可用；play/edit/teardown 關閉入口
ok 28 - S10 multi selection 均可用；play/edit/teardown 關閉入口
  ---
  duration_ms: 21.243375
  type: 'test'
  ...
# Subtest: S10 gesture 取消不 commit，capture→blur→change，snap=false
ok 29 - S10 gesture 取消不 commit，capture→blur→change，snap=false
  ---
  duration_ms: 23.291667
  type: 'test'
  ...
# Subtest: S10 gesture 取消不 commit，capture→blur→change，snap=true
ok 30 - S10 gesture 取消不 commit，capture→blur→change，snap=true
  ---
  duration_ms: 25.815292
  type: 'test'
  ...
# Subtest: S10 slide 取消未 change snapshot
ok 31 - S10 slide 取消未 change snapshot
  ---
  duration_ms: 24.836166
  type: 'test'
  ...
# Subtest: S10 focusin 取消未 change snapshot
ok 32 - S10 focusin 取消未 change snapshot
  ---
  duration_ms: 24.7555
  type: 'test'
  ...
# Subtest: S10 mode 取消未 change snapshot
ok 33 - S10 mode 取消未 change snapshot
  ---
  duration_ms: 19.244958
  type: 'test'
  ...
# Subtest: S10 selection 取消未 change snapshot
ok 34 - S10 selection 取消未 change snapshot
  ---
  duration_ms: 38.0795
  type: 'test'
  ...
# Subtest: S10 same-selection 取消未 change snapshot
ok 35 - S10 same-selection 取消未 change snapshot
  ---
  duration_ms: 22.148125
  type: 'test'
  ...
# Subtest: S10 marquee 取消未 change snapshot
ok 36 - S10 marquee 取消未 change snapshot
  ---
  duration_ms: 20.432708
  type: 'test'
  ...
# Subtest: S10 empty-marquee 取消未 change snapshot
ok 37 - S10 empty-marquee 取消未 change snapshot
  ---
  duration_ms: 21.794708
  type: 'test'
  ...
# Subtest: S10 clear 取消未 change snapshot
ok 38 - S10 clear 取消未 change snapshot
  ---
  duration_ms: 29.462083
  type: 'test'
  ...
# Subtest: S10 destroy 取消未 change snapshot
ok 39 - S10 destroy 取消未 change snapshot
  ---
  duration_ms: 15.100542
  type: 'test'
  ...
# Subtest: S10 delete 取消未 change snapshot
ok 40 - S10 delete 取消未 change snapshot
  ---
  duration_ms: 25.255333
  type: 'test'
  ...
# Subtest: S10 pointer 取消未 change snapshot
ok 41 - S10 pointer 取消未 change snapshot
  ---
  duration_ms: 14.3185
  type: 'test'
  ...
# Subtest: S10 cancel 不占用 ID，reset 可重選
ok 42 - S10 cancel 不占用 ID，reset 可重選
  ---
  duration_ms: 19.383375
  type: 'test'
  ...
# Subtest: S10 empty 不占用 ID，reset 可重選
ok 43 - S10 empty 不占用 ID，reset 可重選
  ---
  duration_ms: 18.227833
  type: 'test'
  ...
# Subtest: S10 throw 不占用 ID，reset 可重選
ok 44 - S10 throw 不占用 ID，reset 可重選
  ---
  duration_ms: 23.675042
  type: 'test'
  ...
# Subtest: S10 無 pending／wrong input／互斥／busy 重入不跨送
ok 45 - S10 無 pending／wrong input／互斥／busy 重入不跨送
  ---
  duration_ms: 24.421875
  type: 'test'
  ...
# Subtest: S10 slide-local 首個空缺 ID、空 alt、成功只 clear selection 一次
ok 46 - S10 slide-local 首個空缺 ID、空 alt、成功只 clear selection 一次
  ---
  duration_ms: 26.8085
  type: 'test'
  ...
# Subtest: S10 async File 捕捉，export／切頁／mode／其他修改保留；finally 不覆寫新 S6 picker
ok 47 - S10 async File 捕捉，export／切頁／mode／其他修改保留；finally 不覆寫新 S6 picker
  ---
  duration_ms: 43.872792
  type: 'test'
  ...
# Subtest: S10 async removed 原子拒絕，不 rename/retry，busy 釋放
ok 48 - S10 async removed 原子拒絕，不 rename/retry，busy 釋放
  ---
  duration_ms: 13.739166
  type: 'test'
  ...
# Subtest: S10 async collision 原子拒絕，不 rename/retry，busy 釋放
ok 49 - S10 async collision 原子拒絕，不 rename/retry，busy 釋放
  ---
  duration_ms: 17.900417
  type: 'test'
  ...
# Subtest: S10 async invalid 原子拒絕，不 rename/retry，busy 釋放
ok 50 - S10 async invalid 原子拒絕，不 rename/retry，busy 釋放
  ---
  duration_ms: 14.599834
  type: 'test'
  ...
# Subtest: S10 async reject 原子拒絕，不 rename/retry，busy 釋放
ok 51 - S10 async reject 原子拒絕，不 rename/retry，busy 釋放
  ---
  duration_ms: 16.526167
  type: 'test'
  ...
# Subtest: S10 非唯一 DOM 不開 chooser；export cleanup／remount 不重複 input
ok 52 - S10 非唯一 DOM 不開 chooser；export cleanup／remount 不重複 input
  ---
  duration_ms: 32.658167
  type: 'test'
  ...
# Subtest: S10 change 前 ID 碰撞由 S8 preflight 拒絕，optimizer0／不 rename
ok 53 - S10 change 前 ID 碰撞由 S8 preflight 拒絕，optimizer0／不 rename
  ---
  duration_ms: 14.913834
  type: 'test'
  ...
# Subtest: S10 export 的 canonical 重新 mounted 後可再插入，不占舊 ID
ok 54 - S10 export 的 canonical 重新 mounted 後可再插入，不占舊 ID
  ---
  duration_ms: 27.435125
  type: 'test'
  ...
# Subtest: S11 public drop：nested image 新 slot、同檔遞增、defaults、old roots、revision／selection
ok 55 - S11 public drop：nested image 新 slot、同檔遞增、defaults、old roots、revision／selection
  ---
  duration_ms: 76.990584
  type: 'test'
  ...
# Subtest: S11 cross-slide 無圖頁採事件 target，首個空缺 ID
ok 56 - S11 cross-slide 無圖頁採事件 target，首個空缺 ID
  ---
  duration_ms: 21.625542
  type: 'test'
  ...
# Subtest: S11 play file dragover/drop 預設攔截與 mode gate
ok 57 - S11 play file dragover/drop 預設攔截與 mode gate
  ---
  duration_ms: 9.211333
  type: 'test'
  ...
# Subtest: S11 edit file dragover/drop 預設攔截與 mode gate
ok 58 - S11 edit file dragover/drop 預設攔截與 mode gate
  ---
  duration_ms: 11.414208
  type: 'test'
  ...
# Subtest: S11 layout file dragover/drop 預設攔截與 mode gate
ok 59 - S11 layout file dragover/drop 預設攔截與 mode gate
  ---
  duration_ms: 13.428959
  type: 'test'
  ...
# Subtest: S11 destroy file dragover/drop 預設攔截與 mode gate
ok 60 - S11 destroy file dragover/drop 預設攔截與 mode gate
  ---
  duration_ms: 13.015917
  type: 'test'
  ...
# Subtest: S11 text/plain 不攔截、不讀內容／URL fallback
ok 61 - S11 text/plain 不攔截、不讀內容／URL fallback
  ---
  duration_ms: 20.756583
  type: 'test'
  ...
# Subtest: S11 text/html 不攔截、不讀內容／URL fallback
ok 62 - S11 text/html 不攔截、不讀內容／URL fallback
  ---
  duration_ms: 14.834542
  type: 'test'
  ...
# Subtest: S11 text/uri-list 不攔截、不讀內容／URL fallback
ok 63 - S11 text/uri-list 不攔截、不讀內容／URL fallback
  ---
  duration_ms: 15.132125
  type: 'test'
  ...
# Subtest: S11 items.kind=file 可辨識；slide 外／無 transfer 不攔截
ok 64 - S11 items.kind=file 可辨識；slide 外／無 transfer 不攔截
  ---
  duration_ms: 23.992583
  type: 'test'
  ...
# Subtest: S11 duplicate-dom target 不提交
ok 65 - S11 duplicate-dom target 不提交
  ---
  duration_ms: 15.673417
  type: 'test'
  ...
# Subtest: S11 missing-id target 不提交
ok 66 - S11 missing-id target 不提交
  ---
  duration_ms: 14.850667
  type: 'test'
  ...
# Subtest: S11 duplicate-spec target 不提交
ok 67 - S11 duplicate-spec target 不提交
  ---
  duration_ms: 11.655834
  type: 'test'
  ...
# Subtest: S11 missing-spec target 不提交
ok 68 - S11 missing-spec target 不提交
  ---
  duration_ms: 11.308333
  type: 'test'
  ...
# Subtest: S11 detached target 不提交
ok 69 - S11 detached target 不提交
  ---
  duration_ms: 10.852209
  type: 'test'
  ...
# Subtest: S11 0 files 拒絕且 status 提示
ok 70 - S11 0 files 拒絕且 status 提示
  ---
  duration_ms: 17.747792
  type: 'test'
  ...
# Subtest: S11 2 files 拒絕且 status 提示
ok 71 - S11 2 files 拒絕且 status 提示
  ---
  duration_ms: 11.851834
  type: 'test'
  ...
# Subtest: S11 insert chooser 保留 pending/input 且 drop 不提交
ok 72 - S11 insert chooser 保留 pending/input 且 drop 不提交
  ---
  duration_ms: 21.138584
  type: 'test'
  ...
# Subtest: S11 replace chooser 保留 pending/input 且 drop 不提交
ok 73 - S11 replace chooser 保留 pending/input 且 drop 不提交
  ---
  duration_ms: 15.065625
  type: 'test'
  ...
# Subtest: S11 active gesture 取消不 commit，snap=false
ok 74 - S11 active gesture 取消不 commit，snap=false
  ---
  duration_ms: 25.523875
  type: 'test'
  ...
# Subtest: S11 active gesture 取消不 commit，snap=true
ok 75 - S11 active gesture 取消不 commit，snap=true
  ---
  duration_ms: 38.268333
  type: 'test'
  ...
# Subtest: S11 deferred：busy 互斥；mode/export/other edit 保留；finally 不清其後 S6 chooser
ok 76 - S11 deferred：busy 互斥；mode/export/other edit 保留；finally 不清其後 S6 chooser
  ---
  duration_ms: 53.141334
  type: 'test'
  ...
# Subtest: S11 async removed 原子拒絕、零 partial／retry
ok 77 - S11 async removed 原子拒絕、零 partial／retry
  ---
  duration_ms: 11.7145
  type: 'test'
  ...
# Subtest: S11 async collision 原子拒絕、零 partial／retry
ok 78 - S11 async collision 原子拒絕、零 partial／retry
  ---
  duration_ms: 11.846459
  type: 'test'
  ...
# Subtest: S11 async reject 原子拒絕、零 partial／retry
ok 79 - S11 async reject 原子拒絕、零 partial／retry
  ---
  duration_ms: 37.925208
  type: 'test'
  ...
# Subtest: S11 async invalid 原子拒絕、零 partial／retry
ok 80 - S11 async invalid 原子拒絕、零 partial／retry
  ---
  duration_ms: 20.720708
  type: 'test'
  ...
# Subtest: S11 export canonical／remount 恢復 listener，無 transient 或重複插入
ok 81 - S11 export canonical／remount 恢復 listener，無 transient 或重複插入
  ---
  duration_ms: 39.882209
  type: 'test'
  ...
# Subtest: S11 外部 slide 即使沿用 canonical ID 也不攔截
ok 82 - S11 外部 slide 即使沿用 canonical ID 也不攔截
  ---
  duration_ms: 14.334
  type: 'test'
  ...
# Subtest: S11 多檔 dragover 僅看 metadata、dropEffect none、payload/serialize0
ok 83 - S11 多檔 dragover 僅看 metadata、dropEffect none、payload/serialize0
  ---
  duration_ms: 12.127334
  type: 'test'
  ...
# Subtest: S6 單選圖片顯示 action，其他 selection／mode 隱藏；UI 不修改 canonical
ok 84 - S6 單選圖片顯示 action，其他 selection／mode 隱藏；UI 不修改 canonical
  ---
  duration_ms: 97.961833
  type: 'test'
  ...
# Subtest: S6 capture → natural blur → change 保留第二圖，snap=false
ok 85 - S6 capture → natural blur → change 保留第二圖，snap=false
  ---
  duration_ms: 40.033166
  type: 'test'
  ...
# Subtest: S6 capture → natural blur → change 保留第二圖，snap=true
ok 86 - S6 capture → natural blur → change 保留第二圖，snap=true
  ---
  duration_ms: 32.318042
  type: 'test'
  ...
# Subtest: S6 picker 後 slide 取消目標；無 pending 不呼叫 optimizer
ok 87 - S6 picker 後 slide 取消目標；無 pending 不呼叫 optimizer
  ---
  duration_ms: 18.728791
  type: 'test'
  ...
# Subtest: S6 picker 後 mode 取消目標；無 pending 不呼叫 optimizer
ok 88 - S6 picker 後 mode 取消目標；無 pending 不呼叫 optimizer
  ---
  duration_ms: 30.159542
  type: 'test'
  ...
# Subtest: S6 picker 後 selection 取消目標；無 pending 不呼叫 optimizer
ok 89 - S6 picker 後 selection 取消目標；無 pending 不呼叫 optimizer
  ---
  duration_ms: 33.493541
  type: 'test'
  ...
# Subtest: S6 picker 後 same-selection 取消目標；無 pending 不呼叫 optimizer
ok 90 - S6 picker 後 same-selection 取消目標；無 pending 不呼叫 optimizer
  ---
  duration_ms: 25.652542
  type: 'test'
  ...
# Subtest: S6 picker 後 marquee 取消目標；無 pending 不呼叫 optimizer
ok 91 - S6 picker 後 marquee 取消目標；無 pending 不呼叫 optimizer
  ---
  duration_ms: 24.483708
  type: 'test'
  ...
# Subtest: S6 picker 後 empty-marquee 取消目標；無 pending 不呼叫 optimizer
ok 92 - S6 picker 後 empty-marquee 取消目標；無 pending 不呼叫 optimizer
  ---
  duration_ms: 18.103625
  type: 'test'
  ...
# Subtest: S6 picker 後 clear 取消目標；無 pending 不呼叫 optimizer
ok 93 - S6 picker 後 clear 取消目標；無 pending 不呼叫 optimizer
  ---
  duration_ms: 20.336709
  type: 'test'
  ...
# Subtest: S6 picker 後 destroy 取消目標；無 pending 不呼叫 optimizer
ok 94 - S6 picker 後 destroy 取消目標；無 pending 不呼叫 optimizer
  ---
  duration_ms: 38.172084
  type: 'test'
  ...
# Subtest: S6 picker 後 delete 取消目標；無 pending 不呼叫 optimizer
ok 95 - S6 picker 後 delete 取消目標；無 pending 不呼叫 optimizer
  ---
  duration_ms: 24.327917
  type: 'test'
  ...
# Subtest: S6 picker 後 pointer 取消目標；無 pending 不呼叫 optimizer
ok 96 - S6 picker 後 pointer 取消目標；無 pending 不呼叫 optimizer
  ---
  duration_ms: 17.995625
  type: 'test'
  ...
# Subtest: S6 cancel 重設 value，同檔可再次選取
ok 97 - S6 cancel 重設 value，同檔可再次選取
  ---
  duration_ms: 37.431875
  type: 'test'
  ...
# Subtest: S6 empty 重設 value，同檔可再次選取
ok 98 - S6 empty 重設 value，同檔可再次選取
  ---
  duration_ms: 35.867708
  type: 'test'
  ...
# Subtest: S6 success 重設 value，同檔可再次選取
ok 99 - S6 success 重設 value，同檔可再次選取
  ---
  duration_ms: 34.568916
  type: 'test'
  ...
# Subtest: S6 failure 重設 value，同檔可再次選取
ok 100 - S6 failure 重設 value，同檔可再次選取
  ---
  duration_ms: 21.542625
  type: 'test'
  ...
# Subtest: S6 無 pending／target 刪除先拒絕；後一次 picker 不覆蓋未消耗的 chooser
ok 101 - S6 無 pending／target 刪除先拒絕；後一次 picker 不覆蓋未消耗的 chooser
  ---
  duration_ms: 25.3155
  type: 'test'
  ...
# Subtest: S6 change 先消耗 snapshot；async 中新 picker／export／切頁不改前次 target
ok 102 - S6 change 先消耗 snapshot；async 中新 picker／export／切頁不改前次 target
  ---
  duration_ms: 35.449833
  type: 'test'
  ...
# Subtest: S6 picker pointerdown 取消 gesture 且 click 前尺寸狀態不變 snap=false
ok 103 - S6 picker pointerdown 取消 gesture 且 click 前尺寸狀態不變 snap=false
  ---
  duration_ms: 14.761292
  type: 'test'
  ...
# Subtest: S6 picker pointerdown 取消 gesture 且 click 前尺寸狀態不變 snap=true
ok 104 - S6 picker pointerdown 取消 gesture 且 click 前尺寸狀態不變 snap=true
  ---
  duration_ms: 21.434875
  type: 'test'
  ...
# Subtest: S6 export 移除新增 chrome，pending 不序列化；重新 mount 可選圖
ok 105 - S6 export 移除新增 chrome，pending 不序列化；重新 mount 可選圖
  ---
  duration_ms: 32.239583
  type: 'test'
  ...
# Subtest: S6 picker 等待檔案時唯讀 export 不取消 pending target
ok 106 - S6 picker 等待檔案時唯讀 export 不取消 pending target
  ---
  duration_ms: 22.846875
  type: 'test'
  ...
# Subtest: S6 async target 移除後失敗，零 asset mutation 且 input 可重選
ok 107 - S6 async target 移除後失敗，零 asset mutation 且 input 可重選
  ---
  duration_ms: 16.846041
  type: 'test'
  ...
# Subtest: S6 play teardown 不殘留 transient overlay marker，toolbar另由export清理
ok 108 - S6 play teardown 不殘留 transient overlay marker，toolbar另由export清理
  ---
  duration_ms: 18.834833
  type: 'test'
  ...
# Subtest: S7 native group 與裁邊說明由 bootstrap markup 提供
ok 109 - S7 native group 與裁邊說明由 bootstrap markup 提供
  ---
  duration_ms: 3.608416
  type: 'test'
  ...
# Subtest: S7 第二圖 default contain no-op、往返、pressed、revision 與完整 preservation
ok 110 - S7 第二圖 default contain no-op、往返、pressed、revision 與完整 preservation
  ---
  duration_ms: 63.078875
  type: 'test'
  ...
# Subtest: S7 無 target／未知 fit 拒絕且不 fallback；使用 click 當下 live dataUri
ok 111 - S7 無 target／未知 fit 拒絕且不 fallback；使用 click 當下 live dataUri
  ---
  duration_ms: 26.984708
  type: 'test'
  ...
# Subtest: S7 nonimage 隱藏／disable 並拒絕 stale target
ok 112 - S7 nonimage 隱藏／disable 並拒絕 stale target
  ---
  duration_ms: 22.703416
  type: 'test'
  ...
# Subtest: S7 multi 隱藏／disable 並拒絕 stale target
ok 113 - S7 multi 隱藏／disable 並拒絕 stale target
  ---
  duration_ms: 24.472166
  type: 'test'
  ...
# Subtest: S7 clear 隱藏／disable 並拒絕 stale target
ok 114 - S7 clear 隱藏／disable 並拒絕 stale target
  ---
  duration_ms: 10.984125
  type: 'test'
  ...
# Subtest: S7 slide 隱藏／disable 並拒絕 stale target
ok 115 - S7 slide 隱藏／disable 並拒絕 stale target
  ---
  duration_ms: 21.951417
  type: 'test'
  ...
# Subtest: S7 edit 隱藏／disable 並拒絕 stale target
ok 116 - S7 edit 隱藏／disable 並拒絕 stale target
  ---
  duration_ms: 22.695042
  type: 'test'
  ...
# Subtest: S7 play 隱藏／disable 並拒絕 stale target
ok 117 - S7 play 隱藏／disable 並拒絕 stale target
  ---
  duration_ms: 17.078292
  type: 'test'
  ...
# Subtest: S7 delete 隱藏／disable 並拒絕 stale target
ok 118 - S7 delete 隱藏／disable 並拒絕 stale target
  ---
  duration_ms: 21.929
  type: 'test'
  ...
# Subtest: S7 destroy 隱藏／disable 並拒絕 stale target
ok 119 - S7 destroy 隱藏／disable 並拒絕 stale target
  ---
  duration_ms: 18.604166
  type: 'test'
  ...
# Subtest: S7 same-image click 與 refresh 只讀 bounded metadata；不讀 payload／serialize
ok 120 - S7 same-image click 與 refresh 只讀 bounded metadata；不讀 payload／serialize
  ---
  duration_ms: 329.704792
  type: 'test'
  ...
# Subtest: S7 picker pending fit disabled；cancel 恢復且 pending 不被 fit 取消
ok 121 - S7 picker pending fit disabled；cancel 恢復且 pending 不被 fit 取消
  ---
  duration_ms: 15.09525
  type: 'test'
  ...
# Subtest: S7 picker pending fit disabled；empty 恢復且 pending 不被 fit 取消
ok 122 - S7 picker pending fit disabled；empty 恢復且 pending 不被 fit 取消
  ---
  duration_ms: 15.172292
  type: 'test'
  ...
# Subtest: S7 picker pending fit disabled；change 恢復且 pending 不被 fit 取消
ok 123 - S7 picker pending fit disabled；change 恢復且 pending 不被 fit 取消
  ---
  duration_ms: 18.050208
  type: 'test'
  ...
# Subtest: S7 picker pending fit disabled；blur-change 恢復且 pending 不被 fit 取消
ok 124 - S7 picker pending fit disabled；blur-change 恢復且 pending 不被 fit 取消
  ---
  duration_ms: 20.133292
  type: 'test'
  ...
# Subtest: S7 drag/pointer/snap=false 取消 preview 後只提交 fit
ok 125 - S7 drag/pointer/snap=false 取消 preview 後只提交 fit
  ---
  duration_ms: 13.574625
  type: 'test'
  ...
# Subtest: S7 drag/keyboard/snap=false 取消 preview 後只提交 fit
ok 126 - S7 drag/keyboard/snap=false 取消 preview 後只提交 fit
  ---
  duration_ms: 11.854541
  type: 'test'
  ...
# Subtest: S7 resize/pointer/snap=false 取消 preview 後只提交 fit
ok 127 - S7 resize/pointer/snap=false 取消 preview 後只提交 fit
  ---
  duration_ms: 11.3765
  type: 'test'
  ...
# Subtest: S7 resize/keyboard/snap=false 取消 preview 後只提交 fit
ok 128 - S7 resize/keyboard/snap=false 取消 preview 後只提交 fit
  ---
  duration_ms: 12.858208
  type: 'test'
  ...
# Subtest: S7 drag/pointer/snap=true 取消 preview 後只提交 fit
ok 129 - S7 drag/pointer/snap=true 取消 preview 後只提交 fit
  ---
  duration_ms: 11.970208
  type: 'test'
  ...
# Subtest: S7 drag/keyboard/snap=true 取消 preview 後只提交 fit
ok 130 - S7 drag/keyboard/snap=true 取消 preview 後只提交 fit
  ---
  duration_ms: 12.095667
  type: 'test'
  ...
# Subtest: S7 resize/pointer/snap=true 取消 preview 後只提交 fit
ok 131 - S7 resize/pointer/snap=true 取消 preview 後只提交 fit
  ---
  duration_ms: 12.031042
  type: 'test'
  ...
# Subtest: S7 resize/keyboard/snap=true 取消 preview 後只提交 fit
ok 132 - S7 resize/keyboard/snap=true 取消 preview 後只提交 fit
  ---
  duration_ms: 11.809875
  type: 'test'
  ...
# Subtest: S7 toolbar focus 擁有 arrows；modifier／IME 沿原 keyboard guard
ok 133 - S7 toolbar focus 擁有 arrows；modifier／IME 沿原 keyboard guard
  ---
  duration_ms: 8.840167
  type: 'test'
  ...
# Subtest: S7 default no-op 亦取消 preview 並保留 selection snap=false
ok 134 - S7 default no-op 亦取消 preview 並保留 selection snap=false
  ---
  duration_ms: 11.099167
  type: 'test'
  ...
# Subtest: S7 default no-op 亦取消 preview 並保留 selection snap=true
ok 135 - S7 default no-op 亦取消 preview 並保留 selection snap=true
  ---
  duration_ms: 11.525125
  type: 'test'
  ...
# Subtest: S7 target DOM 移除與 observer refresh 後隱藏，不套到其他圖
ok 136 - S7 target DOM 移除與 observer refresh 後隱藏，不套到其他圖
  ---
  duration_ms: 9.376084
  type: 'test'
  ...
# Subtest: S7 export 只保留 fit；從匯出 DeckSpec remount 可切換
ok 137 - S7 export 只保留 fit；從匯出 DeckSpec remount 可切換
  ---
  duration_ms: 21.8405
  type: 'test'
  ...
# Subtest: S8 Node 尾端插入、預設及明示 fit、跨頁同 ID、完整 preservation
ok 138 - S8 Node 尾端插入、預設及明示 fit、跨頁同 ID、完整 preservation
  ---
  duration_ms: 12.028792
  type: 'test'
  ...
# Subtest: S8 Node exact schema／政策／geometry 拒絕且 getter calls=0
ok 139 - S8 Node exact schema／政策／geometry 拒絕且 getter calls=0
  ---
  duration_ms: 16.5175
  type: 'test'
  ...
# Subtest: S8 Node null prototype own records 可用且輸入不受修改
ok 140 - S8 Node null prototype own records 可用且輸入不受修改
  ---
  duration_ms: 3.863791
  type: 'test'
  ...
# Subtest: S8 Node long-ID collision 不改名；可穩定追加另一 collision
ok 141 - S8 Node long-ID collision 不改名；可穩定追加另一 collision
  ---
  duration_ms: 2.619625
  type: 'test'
  ...
# Subtest: S8 Node 新 identity 可 fit／replace／move／resize，renderer export/reopen 唯一 root
ok 142 - S8 Node 新 identity 可 fit／replace／move／resize，renderer export/reopen 唯一 root
  ---
  duration_ms: 83.050458
  type: 'test'
  ...
# Subtest: S8 mounted 尾端插入、預設及明示 fit、跨頁同 ID、完整 preservation
ok 143 - S8 mounted 尾端插入、預設及明示 fit、跨頁同 ID、完整 preservation
  ---
  duration_ms: 33.086584
  type: 'test'
  ...
# Subtest: S8 mounted exact schema／政策／geometry 拒絕且 getter calls=0
ok 144 - S8 mounted exact schema／政策／geometry 拒絕且 getter calls=0
  ---
  duration_ms: 83.613583
  type: 'test'
  ...
# Subtest: S8 mounted null prototype own records 可用且輸入不受修改
ok 145 - S8 mounted null prototype own records 可用且輸入不受修改
  ---
  duration_ms: 13.475458
  type: 'test'
  ...
# Subtest: S8 mounted long-ID collision 不改名；可穩定追加另一 collision
ok 146 - S8 mounted long-ID collision 不改名；可穩定追加另一 collision
  ---
  duration_ms: 18.737625
  type: 'test'
  ...
# Subtest: S8 mounted 新 identity 可 fit／replace／move／resize，renderer export/reopen 唯一 root
ok 147 - S8 mounted 新 identity 可 fit／replace／move／resize，renderer export/reopen 唯一 root
  ---
  duration_ms: 55.202833
  type: 'test'
  ...
# Subtest: S8 mounted missing 零 canonical／DOM／revision／selection 副作用
ok 148 - S8 mounted missing 零 canonical／DOM／revision／selection 副作用
  ---
  duration_ms: 19.801584
  type: 'test'
  ...
# Subtest: S8 mounted duplicate-root 零 canonical／DOM／revision／selection 副作用
ok 149 - S8 mounted duplicate-root 零 canonical／DOM／revision／selection 副作用
  ---
  duration_ms: 20.608083
  type: 'test'
  ...
# Subtest: S8 mounted append-before 零 canonical／DOM／revision／selection 副作用
ok 150 - S8 mounted append-before 零 canonical／DOM／revision／selection 副作用
  ---
  duration_ms: 17.198667
  type: 'test'
  ...
# Subtest: S8 mounted append-after 零 canonical／DOM／revision／selection 副作用
ok 151 - S8 mounted append-after 零 canonical／DOM／revision／selection 副作用
  ---
  duration_ms: 17.669
  type: 'test'
  ...
# Subtest: S8 mounted detached-project 零 canonical／DOM／revision／selection 副作用
ok 152 - S8 mounted detached-project 零 canonical／DOM／revision／selection 副作用
  ---
  duration_ms: 19.872292
  type: 'test'
  ...
# Subtest: S8 mounted snap=false 成功取消 drag preview／clear selection，保持舊 nodes／mode／currentId
ok 153 - S8 mounted snap=false 成功取消 drag preview／clear selection，保持舊 nodes／mode／currentId
  ---
  duration_ms: 19.124125
  type: 'test'
  ...
# Subtest: S8 mounted snap=false 成功取消 resize preview／clear selection，保持舊 nodes／mode／currentId
ok 154 - S8 mounted snap=false 成功取消 resize preview／clear selection，保持舊 nodes／mode／currentId
  ---
  duration_ms: 13.963875
  type: 'test'
  ...
# Subtest: S8 mounted snap=true 成功取消 drag preview／clear selection，保持舊 nodes／mode／currentId
ok 155 - S8 mounted snap=true 成功取消 drag preview／clear selection，保持舊 nodes／mode／currentId
  ---
  duration_ms: 19.733583
  type: 'test'
  ...
# Subtest: S8 mounted snap=true 成功取消 resize preview／clear selection，保持舊 nodes／mode／currentId
ok 156 - S8 mounted snap=true 成功取消 resize preview／clear selection，保持舊 nodes／mode／currentId
  ---
  duration_ms: 15.286958
  type: 'test'
  ...
# Subtest: S8 descriptor 精確 image-only slide target、無 history 宣稱
ok 157 - S8 descriptor 精確 image-only slide target、無 history 宣稱
  ---
  duration_ms: 5.032333
  type: 'test'
  ...
# Subtest: S9 public insertImageFile 新增圖片並保留 optimizer result identity
ok 158 - S9 public insertImageFile 新增圖片並保留 optimizer result identity
  ---
  duration_ms: 30.5895
  type: 'test'
  ...
# Subtest: S9 default 全 spec preservation／唯一 DOM
ok 159 - S9 default 全 spec preservation／唯一 DOM
  ---
  duration_ms: 15.974875
  type: 'test'
  ...
# Subtest: S9 contain 全 spec preservation／唯一 DOM
ok 160 - S9 contain 全 spec preservation／唯一 DOM
  ---
  duration_ms: 9.326042
  type: 'test'
  ...
# Subtest: S9 cover 全 spec preservation／唯一 DOM
ok 161 - S9 cover 全 spec preservation／唯一 DOM
  ---
  duration_ms: 9.130083
  type: 'test'
  ...
# Subtest: S9 cross-slide 全 spec preservation／唯一 DOM
ok 162 - S9 cross-slide 全 spec preservation／唯一 DOM
  ---
  duration_ms: 7.599292
  type: 'test'
  ...
# Subtest: S9 null-proto 全 spec preservation／唯一 DOM
ok 163 - S9 null-proto 全 spec preservation／唯一 DOM
  ---
  duration_ms: 11.269708
  type: 'test'
  ...
# Subtest: S9 frozen 全 spec preservation／唯一 DOM
ok 164 - S9 frozen 全 spec preservation／唯一 DOM
  ---
  duration_ms: 10.698875
  type: 'test'
  ...
# Subtest: S9 non-enumerable 全 spec preservation／唯一 DOM
ok 165 - S9 non-enumerable 全 spec preservation／唯一 DOM
  ---
  duration_ms: 11.855875
  type: 'test'
  ...
# Subtest: S9 invalid own-data／geometry／target：getter0 optimizer0，既有 gesture 不取消
ok 166 - S9 invalid own-data／geometry／target：getter0 optimizer0，既有 gesture 不取消
  ---
  duration_ms: 62.03625
  type: 'test'
  ...
# Subtest: S9 falsy file 不讀 options／不呼叫 optimizer；missing optimizer 明確失敗
ok 167 - S9 falsy file 不讀 options／不呼叫 optimizer；missing optimizer 明確失敗
  ---
  duration_ms: 6.637542
  type: 'test'
  ...
# Subtest: S9 snapshot＋await 切頁／mode／export clone，保留等待中 content／geometry
ok 168 - S9 snapshot＋await 切頁／mode／export clone，保留等待中 content／geometry
  ---
  duration_ms: 23.80625
  type: 'test'
  ...
# Subtest: S9 pending reject 零提交
ok 169 - S9 pending reject 零提交
  ---
  duration_ms: 19.718875
  type: 'test'
  ...
# Subtest: S9 pending null 零提交
ok 170 - S9 pending null 零提交
  ---
  duration_ms: 16.777042
  type: 'test'
  ...
# Subtest: S9 pending missing-warnings 零提交
ok 171 - S9 pending missing-warnings 零提交
  ---
  duration_ms: 17.502083
  type: 'test'
  ...
# Subtest: S9 pending warnings-string 零提交
ok 172 - S9 pending warnings-string 零提交
  ---
  duration_ms: 20.040041
  type: 'test'
  ...
# Subtest: S9 pending warnings-item 零提交
ok 173 - S9 pending warnings-item 零提交
  ---
  duration_ms: 14.716667
  type: 'test'
  ...
# Subtest: S9 pending missing-optimized 零提交
ok 174 - S9 pending missing-optimized 零提交
  ---
  duration_ms: 17.033125
  type: 'test'
  ...
# Subtest: S9 pending optimized-string 零提交
ok 175 - S9 pending optimized-string 零提交
  ---
  duration_ms: 16.127666
  type: 'test'
  ...
# Subtest: S9 pending no-data 零提交
ok 176 - S9 pending no-data 零提交
  ---
  duration_ms: 14.802834
  type: 'test'
  ...
# Subtest: S9 pending unsafe 零提交
ok 177 - S9 pending unsafe 零提交
  ---
  duration_ms: 18.797833
  type: 'test'
  ...
# Subtest: S9 pending svg 零提交
ok 178 - S9 pending svg 零提交
  ---
  duration_ms: 13.974833
  type: 'test'
  ...
# Subtest: S9 pending missing-target 零提交
ok 179 - S9 pending missing-target 零提交
  ---
  duration_ms: 16.802875
  type: 'test'
  ...
# Subtest: S9 pending identity-collision 零提交
ok 180 - S9 pending identity-collision 零提交
  ---
  duration_ms: 12.383084
  type: 'test'
  ...
# Subtest: S9 pending missing-dom 零提交
ok 181 - S9 pending missing-dom 零提交
  ---
  duration_ms: 13.628125
  type: 'test'
  ...
# Subtest: S9 pending duplicate-dom 零提交
ok 182 - S9 pending duplicate-dom 零提交
  ---
  duration_ms: 9.349041
  type: 'test'
  ...
# Subtest: S9 pending prepare-throw 零提交
ok 183 - S9 pending prepare-throw 零提交
  ---
  duration_ms: 12.1475
  type: 'test'
  ...
# Subtest: S9 pending append-before 零提交
ok 184 - S9 pending append-before 零提交
  ---
  duration_ms: 11.342667
  type: 'test'
  ...
# Subtest: S9 pending append-after 零提交
ok 185 - S9 pending append-after 零提交
  ---
  duration_ms: 10.202875
  type: 'test'
  ...
# Subtest: S9 preflight identity collision 在 optimizer 前拒絕
ok 186 - S9 preflight identity collision 在 optimizer 前拒絕
  ---
  duration_ms: 5.990917
  type: 'test'
  ...
# Subtest: S9 pending 競爭 same-id：完成次序決定，不覆蓋
ok 187 - S9 pending 競爭 same-id：完成次序決定，不覆蓋
  ---
  duration_ms: 6.826667
  type: 'test'
  ...
# Subtest: S9 pending 競爭 different-id：完成次序決定，不覆蓋
ok 188 - S9 pending 競爭 different-id：完成次序決定，不覆蓋
  ---
  duration_ms: 9.164333
  type: 'test'
  ...
# Subtest: S9 pending 競爭 cross-slide：完成次序決定，不覆蓋
ok 189 - S9 pending 競爭 cross-slide：完成次序決定，不覆蓋
  ---
  duration_ms: 8.343959
  type: 'test'
  ...
# Subtest: S9 drag pending 保留／成功才 cancel clear revision 一次
ok 190 - S9 drag pending 保留／成功才 cancel clear revision 一次
  ---
  duration_ms: 11.836375
  type: 'test'
  ...
# Subtest: S9 resize pending 保留／成功才 cancel clear revision 一次
ok 191 - S9 resize pending 保留／成功才 cancel clear revision 一次
  ---
  duration_ms: 13.438875
  type: 'test'
  ...
# Subtest: S9 export／reparse／remount 恰一 root，新圖可選取與 fit
ok 192 - S9 export／reparse／remount 恰一 root，新圖可選取與 fit
  ---
  duration_ms: 18.541042
  type: 'test'
  ...
1..192
# tests 192
# suites 0
# pass 192
# fail 0
# cancelled 0
# skipped 0
# todo 0
# duration_ms 1271.918458
