diff --git a/runtime/deck-editor.js b/runtime/deck-editor.js
index 7ce41a4..2cdd92a 100644
--- a/runtime/deck-editor.js
+++ b/runtime/deck-editor.js
@@ -390,7 +390,7 @@ const tag=q('#deck-spec');if(!tag)return;let spec=JSON.parse(tag.textContent);co
 const status=m=>{const e=q('[data-editor-status]');if(e)e.textContent=m};
 const currentIndex=()=>spec.slides.findIndex(s=>s.id===currentId);const currentNode=()=>q('.slide[data-slide-id="'+CSS.escape(currentId)+'"]');
 let pendingImageTarget=null,imagePickerOpen=null,pendingInsertion=null,insertionBusy=false;
-const insertionSlide=()=>{if(!layout?.getState().enabled)return null;const slides=spec.slides.filter(s=>s.id===currentId),nodes=qa('.slide').filter(s=>s.dataset.slideId===currentId);return slides.length===1&&nodes.length===1?slides[0]:null};
+const insertionSlide=(id=currentId)=>{if(!layout?.getState().enabled)return null;const slides=spec.slides.filter(s=>s.id===id),nodes=qa('.slide').filter(s=>s.dataset.slideId===id);return slides.length===1&&nodes.length===1?slides[0]:null};
 const refreshInsertImage=()=>{const button=q('[data-action="insert-image"]');if(button){button.hidden=!insertionSlide();button.disabled=button.hidden||insertionBusy||Boolean(imagePickerOpen)}};
 const selectedImageTarget=()=>{const state=layout?.getSelectionState();if(!state?.enabled||state.selected.length!==1)return null;const slide=spec.slides.find(s=>s.id===currentId),elementId=state.selected[0],index=slide?resolveSlideElementIdentities(slide).components.indexOf(elementId):-1;return slide?.content.components[index]?.type==='image'?{slideId:currentId,elementId}:null};
 const selectedImageComponent=target=>{const slide=target&&spec.slides.find(s=>s.id===target.slideId);return slide?.content.components[resolveSlideElementIdentities(slide).components.indexOf(target.elementId)]};
@@ -482,9 +482,15 @@ const openSelectedImagePicker=()=>{if(imagePickerOpen)return;const target=select
 selectedImageInput?.addEventListener('cancel',()=>{selectedImageInput.value='';if(imagePickerOpen!=='replace')return;pendingImageTarget=null;imagePickerOpen=false;selectedImageInput.value='';refreshSelectedImage('refresh')});
 selectedImageInput?.addEventListener('change',async e=>{if(imagePickerOpen!=='replace'){selectedImageInput.value='';return}const target=pendingImageTarget,file=e.target.files?.[0];pendingImageTarget=null;imagePickerOpen=false;e.target.value='';refreshSelectedImage('refresh');if(!file)return;if(!target){status('圖片選取已失效，請重新選取圖片。');return}try{await replaceImageFile(file,target)}catch(error){status(error.message)}});
 const insertImageInput=q('#pptskill-insert-image-input');
-const openInsertImagePicker=()=>{if(insertionBusy||imagePickerOpen||!insertImageInput)return;const slide=insertionSlide();if(!slide)return;const used=new Set(slide.content.components.map(c=>c.id));let componentId;for(let n=1;n<=slide.content.components.length+1;n++){const id='inserted-image-'+n;if(!used.has(id)){componentId=id;break}}if(!componentId)return;layout.cancel('picker');pendingInsertion={slideId:slide.id,componentId};insertionBusy=true;imagePickerOpen='insert';refreshSelectedImage('refresh');try{insertImageInput.click()}catch(error){pendingInsertion=null;imagePickerOpen=null;insertionBusy=false;insertImageInput.value='';refreshSelectedImage('refresh');status(error.message)}};
+const insertionTarget=slide=>{const used=new Set(slide.content.components.map(c=>c.id));let componentId;for(let n=1;n<=slide.content.components.length+1;n++){const id='inserted-image-'+n;if(!used.has(id)){componentId=id;break}}if(!componentId)return;return{slideId:slide.id,componentId}};
+const insertionOptions=(target,file)=>({...target,geometry:{x:560,y:288,width:480,height:320},fit:'contain',alt:typeof file.name==='string'?file.name:''});
+const openInsertImagePicker=()=>{if(insertionBusy||imagePickerOpen||!insertImageInput)return;const slide=insertionSlide();if(!slide)return;const target=insertionTarget(slide);if(!target)return;layout.cancel('picker');pendingInsertion=target;insertionBusy=true;imagePickerOpen='insert';refreshSelectedImage('refresh');try{insertImageInput.click()}catch(error){pendingInsertion=null;imagePickerOpen=null;insertionBusy=false;insertImageInput.value='';refreshSelectedImage('refresh');status(error.message)}};
 insertImageInput?.addEventListener('cancel',()=>{insertImageInput.value='';if(imagePickerOpen!=='insert')return;pendingInsertion=null;imagePickerOpen=null;insertionBusy=false;refreshSelectedImage('refresh')});
-insertImageInput?.addEventListener('change',async e=>{if(imagePickerOpen!=='insert'){insertImageInput.value='';return}const target=pendingInsertion,file=e.target.files?.[0];pendingInsertion=null;imagePickerOpen=null;e.target.value='';refreshSelectedImage('refresh');try{if(!file)return;if(!target){status('圖片插入已失效，請重新選檔。');return}await insertImageFile(file,{...target,geometry:{x:560,y:288,width:480,height:320},fit:'contain',alt:typeof file.name==='string'?file.name:''})}catch(error){status(error.message)}finally{insertionBusy=false;refreshSelectedImage('refresh')}});
+insertImageInput?.addEventListener('change',async e=>{if(imagePickerOpen!=='insert'){insertImageInput.value='';return}const target=pendingInsertion,file=e.target.files?.[0];pendingInsertion=null;imagePickerOpen=null;e.target.value='';refreshSelectedImage('refresh');try{if(!file)return;if(!target){status('圖片插入已失效，請重新選檔。');return}await insertImageFile(file,insertionOptions(target,file))}catch(error){status(error.message)}finally{insertionBusy=false;refreshSelectedImage('refresh')}});
+const fileDropSlide=e=>{const transfer=e.dataTransfer,node=e.target.closest?.('.slide');if(!transfer||!node||!node.isConnected||node.closest('.deck')!==q('.deck'))return null;return Array.from(transfer.types||[]).includes('Files')||Array.from(transfer.items||[]).some(item=>item.kind==='file')?node:null};
+const availableDropSlide=node=>node.dataset.slideId&&!insertionBusy&&!imagePickerOpen?insertionSlide(node.dataset.slideId):null;
+document.addEventListener('dragover',e=>{const node=fileDropSlide(e);if(!node)return;e.preventDefault();e.dataTransfer.dropEffect=availableDropSlide(node)&&Array.from(e.dataTransfer.items||[]).filter(item=>item.kind==='file').length<2?'copy':'none'});
+document.addEventListener('drop',async e=>{const node=fileDropSlide(e);if(!node)return;e.preventDefault();const slide=availableDropSlide(node);if(!slide)return;const files=e.dataTransfer.files;if(files?.length!==1){status('請一次拖入單張圖片。');return}const target=insertionTarget(slide);if(!target)return;layout.cancel('image-drop');select(slide.id);insertionBusy=true;refreshSelectedImage('refresh');try{await insertImageFile(files[0],insertionOptions(target,files[0]))}catch(error){status(error.message)}finally{insertionBusy=false;refreshSelectedImage('refresh')}});
 q('#pptskill-image-input')?.addEventListener('change',async e=>{try{await replaceImageFile(e.target.files?.[0])}catch(error){status(error.message)}});
 projectComponentGeometry(document,spec);projectRoleTypography(document,spec);
 qa('.slide').forEach(slide=>slide.addEventListener('focusin',()=>select(slide.dataset.slideId)));select(currentId);document.body.dataset.editorMode='play';
diff --git a/tools/edx-wp1-s4-browser-acceptance.mjs b/tools/edx-wp1-s4-browser-acceptance.mjs
index 4767192..f34ae02 100644
--- a/tools/edx-wp1-s4-browser-acceptance.mjs
+++ b/tools/edx-wp1-s4-browser-acceptance.mjs
@@ -1,3 +1,4 @@
+import { runImageDropBrowserCases } from './edx-wp2-s11-browser-cases.mjs';
 import { runInsertImageUIBrowserCases } from './edx-wp2-s10-browser-cases.mjs';
 import { runInsertImageFileBrowserCases } from './edx-wp2-s9-browser-cases.mjs';
 import { runInsertImageBrowserCases } from './edx-wp2-s8-browser-cases.mjs';
@@ -39,13 +40,13 @@ if (process.argv.includes('--typography-regression') || process.argv.includes('-
   input.slides[0].composition.motion = { effect: 'underline-sweep', role: 'text', replay: 'slide-visible', staggerMs: 90, targets: [{ ref: 'content.title' }, { ref: 'content.subtitle' }] };
   const other = structuredClone(input.slides[0]); other.id = 'typography-other'; input.slides.push(other);
 }
-if (process.argv.includes('--insert-image-ui-regression')) {
+if (process.argv.includes('--insert-image-ui-regression') || process.argv.includes('--image-drop-regression')) {
   const empty = structuredClone(input.slides[0]); empty.id = 'insert-empty';
   empty.content.components = [];
   empty.composition = { primitive: 'title-points', variant: 'default', slots: { title: 'content.title', subtitle: 'content.subtitle', points: 'content.keyPoints' } };
   input.slides.push(empty);
 }
-if (process.argv.includes('--asset-replacement-regression') || process.argv.includes('--targeted-image-file-regression') || process.argv.includes('--selected-image-regression') || process.argv.includes('--image-fit-regression') || process.argv.includes('--insert-image-regression') || process.argv.includes('--insert-image-file-regression') || process.argv.includes('--insert-image-ui-regression')) addAssetReplacementFixture(input);
+if (process.argv.includes('--asset-replacement-regression') || process.argv.includes('--targeted-image-file-regression') || process.argv.includes('--selected-image-regression') || process.argv.includes('--image-fit-regression') || process.argv.includes('--insert-image-regression') || process.argv.includes('--insert-image-file-regression') || process.argv.includes('--insert-image-ui-regression') || process.argv.includes('--image-drop-regression')) addAssetReplacementFixture(input);
 const rendered = renderFullDeck(input); assert.equal(rendered.status, 'pass');
 const sourcePath = resolve(outputDir, 'source.html');
 await writeFile(sourcePath, rendered.html);
@@ -207,7 +208,8 @@ try {
       if (process.argv.includes('--insert-image-file-regression')) await runInsertImageFileBrowserCases({ cdp, evaluate, navigate, sourcePath, outputDir, width, run, click, position, mouse, settle, assertExport });
       if (process.argv.includes('--image-fit-regression')) await runImageFitBrowserCases({ cdp, evaluate, navigate, sourcePath, outputDir, width, run, click, position, mouse, settle, assertExport });
       if (process.argv.includes('--selected-image-regression')) await runSelectedImageBrowserCases({ cdp, evaluate, navigate, sourcePath, outputDir, width, run, click, position, mouse, settle, assertExport });
-      if (process.argv.includes('--insert-image-ui-regression')) await runInsertImageUIBrowserCases({ cdp, evaluate, navigate, sourcePath, outputDir, width, run, click, position, mouse, settle, assertExport, startGesture });
+      if (process.argv.includes('--insert-image-ui-regression') || process.argv.includes('--image-drop-regression')) await runInsertImageUIBrowserCases({ cdp, evaluate, navigate, sourcePath, outputDir, width, run, click, position, mouse, settle, assertExport, startGesture });
+      if (process.argv.includes('--image-drop-regression')) await runImageDropBrowserCases({ cdp, evaluate, navigate, sourcePath, outputDir, width, run, click, position, mouse, settle, assertExport, startGesture });
       run.traceback = await evaluate('document.body.innerText.includes("Traceback")'); assert.equal(run.traceback, false);
       for (const key of ['console', 'pageErrors', 'networkFailures', 'httpErrors', 'remoteRequests']) assert.deepEqual(run[key], [], key);
       run.status = 'pass';
