✔ WP2-S1 text mode 只開放 title/subtitle/keyPoint，component 不取得 direct-edit authority (24.148542ms)
✔ WP2-S1 blur / 完成編輯以 edit-text commit，preserve 其他 canonical scopes (5.80875ms)
✔ WP2-S1 IME composition 期間 export fail loud，compositionend 才提交完整文字 (11.176084ms)
✔ WP2-S1 IME 未完成時切到 layout 只取消 partial DOM，不提交 canonical (8.091625ms)
✔ WP2-S1 Escape 還原未提交 DOM，雙擊合法文字直接進 edit mode (7.150917ms)
✔ WP2-S1 export/reopen 使用 canonical committed text 且不輸出 contenteditable (6.6815ms)
✔ S13 Node 精確 text、跨頁同 ID、Unicode code points 1–500 與完整 preservation (11.086458ms)
✔ S13 Node exact fields／getter0／hidden／symbol／prototype／混搭／長度／geometry 拒絕無副作用 (8.482125ms)
✔ S13 Node null prototype／frozen 輸入不修改，duplicate 不覆蓋 (2.477417ms)
✔ S13 Node long-ID identity collision 拒絕且舊 identity 不變 (1.012208ms)
✔ S13 Node escape／geometry／export reopen／再插入，既有內容完整保留 (51.564791ms)
✔ S13 mounted 精確 text、跨頁同 ID、Unicode code points 1–500 與完整 preservation (18.394084ms)
✔ S13 mounted exact fields／getter0／hidden／symbol／prototype／混搭／長度／geometry 拒絕無副作用 (49.221042ms)
✔ S13 mounted null prototype／frozen 輸入不修改，duplicate 不覆蓋 (6.230625ms)
✔ S13 mounted long-ID identity collision 拒絕且舊 identity 不變 (10.37525ms)
✔ S13 mounted escape／geometry／export reopen／再插入，既有內容完整保留 (30.102209ms)
✔ S13 mounted play 插入明設不可 editable，切模式不取得 direct-text authority (7.620792ms)
✔ S13 mounted edit 插入明設不可 editable，切模式不取得 direct-text authority (10.498417ms)
✔ S13 mounted layout 插入明設不可 editable，切模式不取得 direct-text authority (30.34925ms)
✔ S13 mounted missing atomic canonical／DOM／revision／selection rollback (23.973ms)
✔ S13 mounted duplicate-root atomic canonical／DOM／revision／selection rollback (15.934542ms)
✔ S13 mounted append-before atomic canonical／DOM／revision／selection rollback (9.876875ms)
✔ S13 mounted append-after atomic canonical／DOM／revision／selection rollback (8.891875ms)
✔ S13 mounted detached-project atomic canonical／DOM／revision／selection rollback (12.883084ms)
✔ S13 mounted snap=false 跨頁插入取消 drag preview／clear selection／舊 nodes preserved (13.144083ms)
✔ S13 mounted snap=false 跨頁插入取消 resize preview／clear selection／舊 nodes preserved (12.469209ms)
✔ S13 mounted snap=true 跨頁插入取消 drag preview／clear selection／舊 nodes preserved (14.250667ms)
✔ S13 mounted snap=true 跨頁插入取消 resize preview／clear selection／舊 nodes preserved (11.118584ms)
✔ S8 Node 尾端插入、預設及明示 fit、跨頁同 ID、完整 preservation (7.666667ms)
✔ S8 Node exact schema／政策／geometry 拒絕且 getter calls=0 (8.354125ms)
✔ S8 Node null prototype own records 可用且輸入不受修改 (0.707958ms)
✔ S8 Node long-ID collision 不改名；可穩定追加另一 collision (1.1265ms)
✔ S8 Node 新 identity 可 fit／replace／move／resize，renderer export/reopen 唯一 root (50.955542ms)
✔ S8 mounted 尾端插入、預設及明示 fit、跨頁同 ID、完整 preservation (13.14875ms)
✔ S8 mounted exact schema／政策／geometry 拒絕且 getter calls=0 (54.164583ms)
✔ S8 mounted null prototype own records 可用且輸入不受修改 (4.601292ms)
✔ S8 mounted long-ID collision 不改名；可穩定追加另一 collision (17.23725ms)
✔ S8 mounted 新 identity 可 fit／replace／move／resize，renderer export/reopen 唯一 root (31.248792ms)
✔ S8 mounted missing 零 canonical／DOM／revision／selection 副作用 (8.856791ms)
✔ S8 mounted duplicate-root 零 canonical／DOM／revision／selection 副作用 (10.658625ms)
✔ S8 mounted append-before 零 canonical／DOM／revision／selection 副作用 (18.567166ms)
✔ S8 mounted append-after 零 canonical／DOM／revision／selection 副作用 (25.70725ms)
✔ S8 mounted detached-project 零 canonical／DOM／revision／selection 副作用 (15.982541ms)
✔ S8 mounted snap=false 成功取消 drag preview／clear selection，保持舊 nodes／mode／currentId (21.782375ms)
✔ S8 mounted snap=false 成功取消 resize preview／clear selection，保持舊 nodes／mode／currentId (11.848834ms)
✔ S8 mounted snap=true 成功取消 drag preview／clear selection，保持舊 nodes／mode／currentId (17.075333ms)
✔ S8 mounted snap=true 成功取消 resize preview／clear selection，保持舊 nodes／mode／currentId (13.990459ms)
✔ S8 descriptor 精確 image＋text oneOf slide target、無 history 宣稱 (2.6645ms)
✔ S9 public insertImageFile 新增圖片並保留 optimizer result identity (23.018959ms)
✔ S9 default 全 spec preservation／唯一 DOM (9.392375ms)
✔ S9 contain 全 spec preservation／唯一 DOM (8.10275ms)
✔ S9 cover 全 spec preservation／唯一 DOM (9.274542ms)
✔ S9 cross-slide 全 spec preservation／唯一 DOM (7.25275ms)
✔ S9 null-proto 全 spec preservation／唯一 DOM (7.77275ms)
✔ S9 frozen 全 spec preservation／唯一 DOM (8.417542ms)
✔ S9 non-enumerable 全 spec preservation／唯一 DOM (6.169375ms)
✔ S9 invalid own-data／geometry／target：getter0 optimizer0，既有 gesture 不取消 (48.646125ms)
✔ S9 falsy file 不讀 options／不呼叫 optimizer；missing optimizer 明確失敗 (6.497ms)
✔ S9 snapshot＋await 切頁／mode／export clone，保留等待中 content／geometry (14.325792ms)
✔ S9 pending reject 零提交 (14.331916ms)
✔ S9 pending null 零提交 (12.436834ms)
✔ S9 pending missing-warnings 零提交 (9.6655ms)
✔ S9 pending warnings-string 零提交 (11.527875ms)
✔ S9 pending warnings-item 零提交 (8.693417ms)
✔ S9 pending missing-optimized 零提交 (8.776625ms)
✔ S9 pending optimized-string 零提交 (21.15525ms)
✔ S9 pending no-data 零提交 (29.412792ms)
✔ S9 pending unsafe 零提交 (16.045042ms)
✔ S9 pending svg 零提交 (19.418375ms)
✔ S9 pending missing-target 零提交 (10.322125ms)
✔ S9 pending identity-collision 零提交 (14.694666ms)
✔ S9 pending missing-dom 零提交 (10.01625ms)
✔ S9 pending duplicate-dom 零提交 (12.017333ms)
✔ S9 pending prepare-throw 零提交 (12.501875ms)
✔ S9 pending append-before 零提交 (9.020541ms)
✔ S9 pending append-after 零提交 (9.6805ms)
✔ S9 preflight identity collision 在 optimizer 前拒絕 (5.349292ms)
✔ S9 pending 競爭 same-id：完成次序決定，不覆蓋 (5.285917ms)
✔ S9 pending 競爭 different-id：完成次序決定，不覆蓋 (7.040958ms)
✔ S9 pending 競爭 cross-slide：完成次序決定，不覆蓋 (5.798833ms)
✔ S9 drag pending 保留／成功才 cancel clear revision 一次 (9.880167ms)
✔ S9 resize pending 保留／成功才 cancel clear revision 一次 (9.230083ms)
✔ S9 export／reparse／remount 恰一 root，新圖可選取與 fit (14.685625ms)
ℹ tests 83
ℹ suites 0
ℹ pass 83
ℹ fail 0
ℹ cancelled 0
ℹ skipped 0
ℹ todo 0
ℹ duration_ms 586.476042
