✔ mounted 1 MiB pointer update/preview 不讀 payload、不序列化 (39.721ms)
✔ mounted 6 MiB pointer update/preview 不讀 payload、不序列化 (86.60625ms)
✔ mounted 12 MiB pointer update/preview 不讀 payload、不序列化 (129.440167ms)
✔ mounted readonly/noop/invalid/preview export 換 object 後 release 至多一次且可 reopen (85.61725ms)
✔ mounted semantic public text 使 gesture stale，不覆寫新 state (28.528958ms)
✔ mounted semantic legacy text 使 gesture stale，不覆寫新 state (26.62575ms)
✔ mounted semantic legacy component 使 gesture stale，不覆寫新 state (30.761708ms)
✔ mounted semantic geometry 使 gesture stale，不覆寫新 state (24.812542ms)
✔ mounted semantic sync text/export 使 gesture stale，不覆寫新 state (28.158958ms)
✔ mounted semantic asset replace 使 gesture stale，不覆寫新 state (9.783666ms)
✔ mounted semantic keyPoint 使 gesture stale，不覆寫新 state (23.880667ms)
✔ mounted semantic component text seam 使 gesture stale，不覆寫新 state (29.859083ms)
✔ mounted semantic change then revert 使 gesture stale，不覆寫新 state (34.916291ms)
✔ mounted semantic duplicate 使 gesture stale，不覆寫新 state (38.90875ms)
✔ mounted reorder/delete/unrelated slide mutation 取消 gesture (114.710375ms)
✔ mounted async asset 在 readonly export 換 object 後仍寫入 live canonical，同值不假 stale (48.201ms)
✔ mounted noop image/text、invalid component patch 不假 mutation (38.147458ms)
✔ mounted async asset 刪除 captured target 不回寫；換頁仍只改 captured identity (51.676417ms)
✔ mounted target replacement/deletion/mode/cancel/invalid/noop 不提交 (148.304917ms)
✔ WP2-S4 Node 第二張 stable target、缺省保留、明示覆寫及 export (32.245584ms)
✔ WP2-S4 Node strict payload 原子拒絕且不執行 getter (4.896916ms)
✔ WP2-S4 portable 第二張 stable target、缺省保留、明示覆寫及 export (17.473375ms)
✔ WP2-S4 portable strict payload 原子拒絕且不執行 getter (15.274083ms)
✔ WP2-S4 Node compat wrapper 只取 canonical 欄位並保留缺省 (1.02225ms)
✔ WP2-S4 registry metadata 與 Node/portable 一致 (2.7605ms)
✔ WP2-S4 portable 局部 DOM、no-op revision、export/reparse (9.928875ms)
✔ WP2-S4 DOM 投影例外還原 canonical 與原 attributes (4.012291ms)
✔ WP2-S4 portable async 鎖定原 stable image，readonly export／換頁／warnings 保留 (12.534417ms)
✔ WP2-S4 optimizer failure／unsafe result／removed target 原子拒絕 (16.805375ms)
✔ WP2-S4 operation／wrapper no-op 保留 gesture，真修改讓 gesture stale (47.248375ms)
✔ WP2-S4 長 component ID 用 resolved stable identity；無 fit 不添加 (3.385417ms)
✔ WP2-S4 data properties 含 non-enumerable 欄位也不能靜默遺失 (3.264375ms)
✔ WP2-S4 browser fixture PNG 結構、CRC、scanline 與 render 均有效 (7.567542ms)
✔ WP2-S5 明示第二張 File target 不得取第一張 (18.729458ms)
✔ WP2-S5 omitted、局部投影、完整欄位保留與 export roundtrip (8.378042ms)
✔ WP2-S5 undefined、局部投影、完整欄位保留與 export roundtrip (7.660583ms)
✔ WP2-S5 second、局部投影、完整欄位保留與 export roundtrip (6.820958ms)
✔ WP2-S5 cross-slide、局部投影、完整欄位保留與 export roundtrip (10.26175ms)
✔ WP2-S5 null-proto、局部投影、完整欄位保留與 export roundtrip (7.410958ms)
✔ WP2-S5 non-enumerable、局部投影、完整欄位保留與 export roundtrip (5.871417ms)
✔ WP2-S5 嚴格 admission：invalid getter0／optimizer0／零 mutation (12.536333ms)
✔ WP2-S5 caller target 變動／export 換物件／切頁仍投遞 captured stable image (12.726792ms)
✔ WP2-S5 pending reject 原子拒絕 (4.402083ms)
✔ WP2-S5 pending unsafe 原子拒絕 (3.744375ms)
✔ WP2-S5 pending null-result 原子拒絕 (3.681875ms)
✔ WP2-S5 pending missing-warnings 原子拒絕 (5.550584ms)
✔ WP2-S5 pending missing-slide 原子拒絕 (5.556916ms)
✔ WP2-S5 pending missing-image 原子拒絕 (3.296125ms)
✔ WP2-S5 pending type-change 原子拒絕 (6.539916ms)
✔ WP2-S5 pending missing-dom 原子拒絕 (7.300625ms)
✔ WP2-S5 explicit File same-value no-op gesture (12.541958ms)
✔ WP2-S5 explicit File 真修改 stale gesture (11.370084ms)
✔ WP2-S5 長 component ID 使用 resolved stable identity (3.539833ms)
✔ 01 單一 policy 鎖定 R10 閾值 (0.946792ms)
✔ 02 data URI 以 decoded bytes 計算 (0.342792ms)
✔ 03 UTF-8 bytes 不等於 JS 字元數 (0.10275ms)
✔ 04 大型單圖產生 warning (6.28775ms)
✔ 05 oversized GIF 保留動畫並警告 (8.231833ms)
✔ 06 SVG 仍是 vector MIME (0.131292ms)
✔ 07 report 彙總 MIME bytes (0.302375ms)
✔ 08 report 指出最大 slide/component (0.116667ms)
✔ 09 deck warning 狀態成立 (0.091125ms)
✔ 10 hard limit 不回傳 release HTML (0.147333ms)
✔ 11 PASS 會保留原始 HTML (0.080667ms)
✔ 12 browser optimizer 明確 preserve SVG/GIF 與禁止 upscale (1.72225ms)
✔ 13 full export 只有既有 editor export seam 且內建 optimizer/guard (12.04ms)
✔ 14 optimized portable HTML 仍可單檔回讀 DeckSpec 且 sanitizer 不洩漏 (5.502708ms)
ℹ tests 67
ℹ suites 0
ℹ pass 67
ℹ fail 0
ℹ cancelled 0
ℹ skipped 0
ℹ todo 0
ℹ duration_ms 1139.907292
