✔ export cleanup 只移除 bounded editor chrome roots (2.850875ms)
✔ editor chrome contract 誤標 presentation truth 時 fail loud (0.53125ms)
✔ editor chrome 可位於 presentation 容器內，但不得自己承載 presentation truth (0.095333ms)
✔ export clone root 自己被標成 editor chrome 時也不可漏出 (0.09775ms)
✔ 正式 browser exporter 共用同一 cleanup seam (2.499416ms)
✔ Node absolute move/resize 僅改 canonical override，content edit 保留 (11.441875ms)
✔ Node invalid 全部 fail loud 且 state 原子性 (5.069583ms)
✔ Node descriptors 深度 immutable 且 allowlist 無法擴權 (1.354458ms)
✔ browser API VM absolute move/resize 僅改 canonical override，content edit 保留 (30.483208ms)
✔ browser API VM invalid 全部 fail loud 且 state 原子性 (46.216667ms)
✔ browser API VM descriptors 深度 immutable 且 allowlist 無法擴權 (4.575125ms)
✔ legacy sanitizer/render/export/recipient 不引入 optional 欄位 (28.340458ms)
✔ canonical geometry renderer/recipient round-trip 與 viewport 無關 (7.642667ms)
✔ sanitizer 拒絕非法 geometry，cleanup orphan，duplicate/delete 不共享 (1.980875ms)
✔ Node 合法 constructor ID 與非 slot component 走 own-property override (18.499458ms)
✔ Node safe-area 精確邊界／integer 非 grid 值不 clamp (1.11075ms)
✔ browser API VM 合法 constructor ID 與非 slot component 走 own-property override (16.640167ms)
✔ browser API VM safe-area 精確邊界／integer 非 grid 值不 clamp (7.773291ms)
✔ legacy component patch 保留 geometry；sanitizer 移除失效 component override (1.492ms)
✔ geometry QA managed attach 只建／關 owned target，navigation 失敗仍清理且不 spawn (305.258917ms)
✔ S3 focused browser script 缺 managed port 明確拒絕，不 fallback spawn (113.982083ms)
✔ 舊 geometry suppression 清除、preview 回復 canonical，保留無關 inline style／priority (7.608625ms)
✔ 非 geometry inline transform 與無 override 元件不被抹除 (2.163875ms)
✔ renderer 與 export/reopen spec 的 move/resize 不壓制 motion (24.854292ms)
✔ mounted public preview/cancel/commit/export clone 保留無關 style 與 motion seam (123.172166ms)
✔ 三種 browser treatment fixture 使用當前 renderer、可攜 canonical 且未改 motion CSS (77.07675ms)
✔ mode/select 不寫 spec；legacy 明示初始化只呼叫一次既有 operation (23.897291ms)
✔ scale 0.8 drag/SE resize preview ephemeral，release 至多一次 (4.505917ms)
✔ scale 1 drag/SE resize preview ephemeral，release 至多一次 (6.098625ms)
✔ no-op/cancel/mode/stale/target replacement 不提交；invalid 原子拒絕 (13.322333ms)
✔ SE resize 小於 minimum 原子拒絕；非 component / play 不啟動 (0.708667ms)
✔ stale target 刪除不提交；切選取取消 preview (1.260583ms)
✔ export 只移除 control 對應 style，canonical component 不作 chrome root (0.708416ms)
✔ S4 managed attach  只建／關 owned target，navigation 失敗仍清理且不 spawn (240.096584ms)
✔ S4 managed attach --perf-regression 只建／關 owned target，navigation 失敗仍清理且不 spawn (272.732959ms)
✔ S4 managed attach --motion-regression 只建／關 owned target，navigation 失敗仍清理且不 spawn (255.278459ms)
✔ S4 managed attach --keyboard-regression 只建／關 owned target，navigation 失敗仍清理且不 spawn (224.75775ms)
✔ S4 managed attach --snap-regression 只建／關 owned target，navigation 失敗仍清理且不 spawn (302.529458ms)
✔ S4 managed attach --selection-regression 只建／關 owned target，navigation 失敗仍清理且不 spawn (321.191375ms)
✔ S4 focused browser script 缺 managed port 明確拒絕，不 fallback spawn (153.034125ms)
✔ mounted 1 MiB pointer update/preview 不讀 payload、不序列化 (71.46675ms)
✔ mounted 6 MiB pointer update/preview 不讀 payload、不序列化 (133.117208ms)
✔ mounted 12 MiB pointer update/preview 不讀 payload、不序列化 (266.16175ms)
✔ mounted readonly/noop/invalid/preview export 換 object 後 release 至多一次且可 reopen (130.229125ms)
✔ mounted semantic public text 使 gesture stale，不覆寫新 state (44.443416ms)
✔ mounted semantic legacy text 使 gesture stale，不覆寫新 state (44.265709ms)
✔ mounted semantic legacy component 使 gesture stale，不覆寫新 state (41.709875ms)
✔ mounted semantic geometry 使 gesture stale，不覆寫新 state (34.1895ms)
✔ mounted semantic sync text/export 使 gesture stale，不覆寫新 state (39.452ms)
✔ mounted semantic asset replace 使 gesture stale，不覆寫新 state (7.356959ms)
✔ mounted semantic keyPoint 使 gesture stale，不覆寫新 state (36.544375ms)
✔ mounted semantic sync component text 使 gesture stale，不覆寫新 state (36.516333ms)
✔ mounted semantic change then revert 使 gesture stale，不覆寫新 state (56.484375ms)
✔ mounted semantic duplicate 使 gesture stale，不覆寫新 state (54.1275ms)
✔ mounted reorder/delete/unrelated slide mutation 取消 gesture (199.551417ms)
✔ mounted async asset 在 readonly export 換 object 後仍寫入 live canonical，同值不假 stale (128.045083ms)
✔ mounted noop image/text、invalid component patch 不假 mutation (82.495ms)
✔ mounted async asset 刪除 captured target 不回寫；換頁仍只改 captured identity (151.41575ms)
✔ mounted target replacement/deletion/mode/cancel/invalid/noop 不提交 (405.473083ms)
✔ 正式 Moveable bundle/hash/metafile/license 與禁用 input 邊界 (22.860208ms)
✔ portable 內嵌 vendor/license，無 CDN；generated editor script 可解析 (17.016209ms)
✔ S5 public 方向／Shift／repeat 每步最多一筆 move-element，僅改 x/y (10.842333ms)
✔ S5 public stale identity、刪除、gesture 互斥；拒絕不 clamp (6.123375ms)
✔ S5 mounted 真 runtime capture 處理方向／Shift／repeat、export/reopen 無 editor 洩漏 (39.355792ms)
✔ S5 mounted guardmatrix 未處理不得攔截或寫 spec；composition 狀態清理 (22.380459ms)
✔ S5 mounted no mode／selection／geometry／deleted 與原子 bounds (17.127709ms)
✔ S5 mounted drag 中按鍵不取消／不提交 gesture (5.375708ms)
✔ S5 mounted resize 中按鍵不取消／不提交 gesture (7.210583ms)
✔ S5 點選元件釋放既有 chrome focus，仍保留直接操作 chrome 時的避讓 (9.391334ms)
✔ S5 guarded Escape 保留 drag 與 selection；普通 Escape 才取消 (12.365667ms)
✔ S5 guarded Escape 保留 resize 與 selection；普通 Escape 才取消 (7.223375ms)
✔ S7 drag Escape→trusted release-click 重播不重選；fresh pointerdown/click 立即恢復 (46.190542ms)
✔ S7 resize Escape→trusted release-click 重播不重選；fresh pointerdown/click 立即恢復 (6.8845ms)
✔ S7 cancel 共用取消尾隨 click 防護 (9.861584ms)
✔ S7 pointercancel 共用取消尾隨 click 防護 (6.199667ms)
✔ S7 blur 共用取消尾隨 click 防護 (8.288625ms)
✔ S7 scroll 共用取消尾隨 click 防護 (8.363375ms)
✔ S7 resize 共用取消尾隨 click 防護 (9.50375ms)
✔ S7 selection 共用取消尾隨 click 防護 (10.826625ms)
✔ S7 mode 共用取消尾隨 click 防護 (7.132333ms)
✔ S7 text 共用取消尾隨 click 防護 (10.48075ms)
✔ S7 toggle 共用取消尾隨 click 防護 (9.391917ms)
✔ S7 replacement 共用取消尾隨 click 防護 (8.509708ms)
✔ S7 stale-update 共用取消尾隨 click 防護 (6.815417ms)
✔ S7 stale-release 共用取消尾隨 click 防護 (11.061375ms)
✔ S7 invalid 共用取消尾隨 click 防護 (11.624166ms)
✔ S7 取消若沒有尾隨 click，下一次 primary pointerdown/click 仍正常選取 (4.183459ms)
✔ S7 未啟動 gesture 的普通選取與零位移 release 不受取消防護影響 (6.712042ms)
✔ S7 鍵盤 detail0 與 programmatic control 不受影響，亦不消耗尾隨 click 防護 (11.36925ms)
✔ S7 programmatic component click 可選取；後續尾隨 trusted click 不重建 vendor (13.644541ms)
✔ S7 非新有效 pointerdown {"isTrusted":false} 不解除本次取消防護 (7.977792ms)
✔ S7 非新有效 pointerdown {"isPrimary":false} 不解除本次取消防護 (9.493667ms)
✔ S7 非新有效 pointerdown {"button":2} 不解除本次取消防護 (7.95475ms)
✔ S7 destroy 移除 pointerdown listener，重複 teardown 安全 (10.313458ms)
✔ S7 診斷區分 Escape 已取消後 click 重選，不改事件結果 (37.3135ms)
✔ S7 診斷區分 guarded Escape 未取消，不改事件結果 (8.092458ms)
✔ S7 snap-layout {"isTrusted":false,"detail":0} 在 pinned blocker 前取消，原 handler 可達 (29.992125ms)
✔ S7 edit {"isTrusted":false,"detail":0} 在 pinned blocker 前取消，原 handler 可達 (8.16375ms)
✔ S7 selection {"isTrusted":false,"detail":0} 在 pinned blocker 前取消，原 handler 可達 (7.234167ms)
✔ S7 snap-layout {"isTrusted":true,"detail":0} 在 pinned blocker 前取消，原 handler 可達 (7.17925ms)
✔ S7 edit {"isTrusted":true,"detail":0} 在 pinned blocker 前取消，原 handler 可達 (8.543709ms)
✔ S7 selection {"isTrusted":true,"detail":0} 在 pinned blocker 前取消，原 handler 可達 (5.473792ms)
✔ S7 snap-layout {"isTrusted":true,"detail":1} 在 pinned blocker 前取消，原 handler 可達 (8.283167ms)
✔ S7 edit {"isTrusted":true,"detail":1} 在 pinned blocker 前取消，原 handler 可達 (7.531459ms)
✔ S7 selection {"isTrusted":true,"detail":1} 在 pinned blocker 前取消，原 handler 可達 (9.503792ms)
✔ S7 capture 不攔截非本卡路由 outside (9.549792ms)
✔ S7 capture 不攔截非本卡路由 unrelated-action (8.713625ms)
✔ S7 capture 不攔截非本卡路由 vendor-chrome (5.717541ms)
✔ S7 routing listener 與 vendor blocker 在重複 destroy 後均清除 (7.237958ms)
✔ S7 首次 snap SE handle：pinned mount/render 重播，尚未 drag 即提交645×485 (28.671459ms)
✔ motion-ready 保留全體節點及 pseudo-element 的停動畫契約 (2.073ms)
✔ motion-ready transform reset 隔離 editor root／後代，並保留內容與 pseudo-element reset (0.12975ms)
✔ motion-static 保留全體節點及 pseudo-element 的停動畫契約 (0.056917ms)
✔ motion-static transform reset 隔離 editor root／後代，並保留內容與 pseudo-element reset (0.052625ms)
✔ logical-line：無末尾換行 (1.075583ms)
✔ logical-line：有末尾換行 (0.123167ms)
✔ logical-line：CRLF (0.052875ms)
✔ logical-line：空檔 (0.059959ms)
✔ logical-line：只有port (0.098417ms)
✔ logical-line：port超界 (0.108792ms)
✔ logical-line：port零 (0.0655ms)
✔ logical-line：endpoint空 (0.048125ms)
✔ logical-line：endpoint錯誤 (1.353334ms)
✔ logical-line：額外非空行 (0.111417ms)
✔ 慢讀取耗時計入deadline，sleep僅用剩餘budget (1.455458ms)
✔ 剩餘時間小於interval時縮短sleep (0.12075ms)
✔ deadline後才完成的有效檔案不能回ready (0.083792ms)
✔ 延遲補第二行且無final newline可以ready (0.0975ms)
✔ supervisor先退出不讀檔，exit27 (0.06125ms)
✔ supervisor在讀取中退出，即使檔案有效仍exit27 (0.077167ms)
✔ 持續read error維持bounded timeout (0.295167ms)
✔ 真文字檔可直接使用，tmp於finally回收 (14.599709ms)
✔ 永不完成的讀取在實際deadline被abort，沒有掛住controller (30.711042ms)
✔ S7 cancel 取消 preview，proxy 與 vendor 清理 (20.210959ms)
✔ S7 toggle 取消 preview，proxy 與 vendor 清理 (8.401625ms)
✔ S7 mode 取消 preview，proxy 與 vendor 清理 (8.741125ms)
✔ S7 text 取消 preview，proxy 與 vendor 清理 (12.318166ms)
✔ S7 escape 取消 preview，proxy 與 vendor 清理 (5.23775ms)
✔ S7 pointercancel 取消 preview，proxy 與 vendor 清理 (4.739459ms)
✔ S7 blur 取消 preview，proxy 與 vendor 清理 (9.485417ms)
✔ S7 scroll 取消 preview，proxy 與 vendor 清理 (4.638708ms)
✔ S7 resize 取消 preview，proxy 與 vendor 清理 (4.646667ms)
✔ S7 stale 取消 preview，proxy 與 vendor 清理 (5.251458ms)
✔ S7 deleted 取消 preview，proxy 與 vendor 清理 (7.19325ms)
✔ S7 replacement 取消 preview，proxy 與 vendor 清理 (6.343209ms)
✔ S7 destroy 取消 preview，proxy 與 vendor 清理 (6.804375ms)
✔ S7 drag bounds/minimum/finite 原子拒絕 (18.259125ms)
✔ S7 resize bounds/minimum/finite 原子拒絕 (14.944875ms)
✔ S7 keyboard 仍1/10px、guardedEscape／IME／input 不取消 snap gesture (6.768709ms)
✔ S7 public begin/update/finish：preview 0筆、release 1筆、return/cancel/stale 0筆 (4.166291ms)
✔ S7 mounted 1MiB snap preview 不序列化、不讀 payload (32.444667ms)
✔ S7 mounted 6MiB snap preview 不序列化、不讀 payload (107.173ms)
✔ S7 mounted 12MiB snap preview 不序列化、不讀 payload (224.276875ms)
✔ S7 初始 off、明示開關、proxy 不攔 visible hit、vendor direction 與清引用 (10.51575ms)
✔ S7 舊 vendor 延遲 end 不得提交新 gesture；stale release 清 proxy (25.849375ms)
✔ S7 SE 固定左上 anchor；preview/cancel 不清 presentation transform (14.212292ms)
✔ S7 0.8 drag vendor canonical payload、preview/export、單次 release (25.578875ms)
✔ S7 0.8 drag 零與返回原點不得採用 vendor 起始修正 (22.331917ms)
✔ S7 0.8 resize vendor canonical payload、preview/export、單次 release (35.061958ms)
✔ S7 0.8 resize 零與返回原點不得採用 vendor 起始修正 (19.272584ms)
✔ S7 1 drag vendor canonical payload、preview/export、單次 release (12.958917ms)
✔ S7 1 drag 零與返回原點不得採用 vendor 起始修正 (57.206167ms)
✔ S7 1 resize vendor canonical payload、preview/export、單次 release (13.996333ms)
✔ S7 1 resize 零與返回原點不得採用 vendor 起始修正 (34.568625ms)
✔ S8 focusin 換頁清 selection，方向鍵不得修改上一頁 canonical (16.962292ms)
✔ S8 同頁 focusin 保留 selection，跨頁 focusin 清除多選 (17.72875ms)
✔ S8 plain/Shift click 與 marquee 共用單一 editor-local selection state (10.60775ms)
✔ S8 export clone-only 清除 Selecto/selection chrome，live selection 保持 (6.785917ms)
✔ S8 Escape/blur/mode teardown 清 selection，重複 destroy idempotent (9.577541ms)
✔ S8 selection replace/toggle 去重並依 DOM order 穩定 (1.790083ms)
✔ S8 editor-local state 0/1/>1 lifecycle 不產生 canonical mutation (0.273167ms)
✔ S8 disabled state 拒絕 selection mutation (0.074958ms)
✔ S8 Selecto pinned vendor/hash/license/integrity 全部吻合 (4.803708ms)
✔ S8 portable 內嵌 Selecto vendor/license 且無 CDN (28.728208ms)
ℹ tests 174
ℹ suites 0
ℹ pass 174
ℹ fail 0
ℹ cancelled 0
ℹ skipped 0
ℹ todo 0
ℹ duration_ms 2269.001583
