✔ export cleanup 只移除 bounded editor chrome roots (2.346083ms)
✔ editor chrome contract 誤標 presentation truth 時 fail loud (1.112167ms)
✔ editor chrome 可位於 presentation 容器內，但不得自己承載 presentation truth (0.265375ms)
✔ export clone root 自己被標成 editor chrome 時也不可漏出 (0.273542ms)
✔ 正式 browser exporter 共用同一 cleanup seam (2.262167ms)
✔ mounted 1 MiB pointer update/preview 不讀 payload、不序列化 (52.704125ms)
✔ mounted 6 MiB pointer update/preview 不讀 payload、不序列化 (94.553334ms)
✔ mounted 12 MiB pointer update/preview 不讀 payload、不序列化 (162.719666ms)
✔ mounted readonly/noop/invalid/preview export 換 object 後 release 至多一次且可 reopen (91.111ms)
✔ mounted semantic public text 使 gesture stale，不覆寫新 state (28.418917ms)
✔ mounted semantic legacy text 使 gesture stale，不覆寫新 state (25.72475ms)
✔ mounted semantic legacy component 使 gesture stale，不覆寫新 state (29.459667ms)
✔ mounted semantic geometry 使 gesture stale，不覆寫新 state (25.704083ms)
✔ mounted semantic sync text/export 使 gesture stale，不覆寫新 state (28.624125ms)
✔ mounted semantic asset replace 使 gesture stale，不覆寫新 state (10.155708ms)
✔ mounted semantic keyPoint 使 gesture stale，不覆寫新 state (24.492625ms)
✔ mounted semantic component text seam 使 gesture stale，不覆寫新 state (25.701458ms)
✔ mounted semantic change then revert 使 gesture stale，不覆寫新 state (34.753666ms)
✔ mounted semantic duplicate 使 gesture stale，不覆寫新 state (41.587459ms)
✔ mounted reorder/delete/unrelated slide mutation 取消 gesture (116.208833ms)
✔ mounted async asset 在 readonly export 換 object 後仍寫入 live canonical，同值不假 stale (55.071209ms)
✔ mounted noop image/text、invalid component patch 不假 mutation (42.100791ms)
✔ mounted async asset 刪除 captured target 不回寫；換頁仍只改 captured identity (64.5615ms)
✔ mounted target replacement/deletion/mode/cancel/invalid/noop 不提交 (152.423ms)
✔ S5 public 方向／Shift／repeat 每步最多一筆 move-element，僅改 x/y (6.680833ms)
✔ S5 public stale identity、刪除、gesture 互斥；拒絕不 clamp (3.39425ms)
✔ S5 mounted 真 runtime capture 處理方向／Shift／repeat、export/reopen 無 editor 洩漏 (38.184792ms)
✔ S5 mounted guardmatrix 未處理不得攔截或寫 spec；composition 狀態清理 (20.630833ms)
✔ S5 mounted no mode／selection／geometry／deleted 與原子 bounds (14.909542ms)
✔ S5 mounted drag 中按鍵不取消／不提交 gesture (12.615083ms)
✔ S5 mounted resize 中按鍵不取消／不提交 gesture (9.653375ms)
✔ S5 點選元件釋放既有 chrome focus，仍保留直接操作 chrome 時的避讓 (9.740584ms)
✔ S5 guarded Escape 保留 drag 與 selection；普通 Escape 才取消 (12.365708ms)
✔ S5 guarded Escape 保留 resize 與 selection；普通 Escape 才取消 (14.18575ms)
✔ S8 focusin 換頁清 selection，方向鍵不得修改上一頁 canonical (39.21325ms)
✔ S8 同頁 focusin 保留 selection，跨頁 focusin 清除多選 (13.687625ms)
✔ S8 plain/Shift click 與 marquee 共用單一 editor-local selection state (13.476ms)
✔ S8 export clone-only 清除 Selecto/selection chrome，live selection 保持 (15.124834ms)
✔ S8 Escape/blur/mode teardown 清 selection，重複 destroy idempotent (12.25375ms)
✔ S8 selection replace/toggle 去重並依 DOM order 穩定 (2.148583ms)
✔ S8 editor-local state 0/1/>1 lifecycle 不產生 canonical mutation (0.309958ms)
✔ S8 disabled state 拒絕 selection mutation (0.074542ms)
✔ WP2-S4 Node 第二張 stable target、缺省保留、明示覆寫及 export (37.503833ms)
✔ WP2-S4 Node strict payload 原子拒絕且不執行 getter (5.0605ms)
✔ WP2-S4 portable 第二張 stable target、缺省保留、明示覆寫及 export (24.5545ms)
✔ WP2-S4 portable strict payload 原子拒絕且不執行 getter (17.943875ms)
✔ WP2-S4 Node compat wrapper 只取 canonical 欄位並保留缺省 (1.609958ms)
✔ WP2-S4 registry metadata 與 Node/portable 一致 (8.643ms)
✔ WP2-S4 portable 局部 DOM、no-op revision、export/reparse (13.820125ms)
✔ WP2-S4 DOM 投影例外還原 canonical 與原 attributes (6.711208ms)
✔ WP2-S4 portable async 鎖定原 stable image，readonly export／換頁／warnings 保留 (15.966708ms)
✔ WP2-S4 optimizer failure／unsafe result／removed target 原子拒絕 (25.781083ms)
✔ WP2-S4 operation／wrapper no-op 保留 gesture，真修改讓 gesture stale (65.625417ms)
✔ WP2-S4 長 component ID 用 resolved stable identity；無 fit 不添加 (4.372709ms)
✔ WP2-S4 data properties 含 non-enumerable 欄位也不能靜默遺失 (3.982209ms)
✔ WP2-S4 browser fixture PNG 結構、CRC、scanline 與 render 均有效 (9.383084ms)
✔ WP2-S5 明示第二張 File target 不得取第一張 (29.578667ms)
✔ WP2-S5 omitted、局部投影、完整欄位保留與 export roundtrip (13.633417ms)
✔ WP2-S5 undefined、局部投影、完整欄位保留與 export roundtrip (12.526708ms)
✔ WP2-S5 second、局部投影、完整欄位保留與 export roundtrip (8.630333ms)
✔ WP2-S5 cross-slide、局部投影、完整欄位保留與 export roundtrip (6.277791ms)
✔ WP2-S5 null-proto、局部投影、完整欄位保留與 export roundtrip (12.900541ms)
✔ WP2-S5 non-enumerable、局部投影、完整欄位保留與 export roundtrip (10.628833ms)
✔ WP2-S5 嚴格 admission：invalid getter0／optimizer0／零 mutation (12.739ms)
✔ WP2-S5 caller target 變動／export 換物件／切頁仍投遞 captured stable image (11.4625ms)
✔ WP2-S5 pending reject 原子拒絕 (8.064583ms)
✔ WP2-S5 pending unsafe 原子拒絕 (3.877625ms)
✔ WP2-S5 pending null-result 原子拒絕 (2.879667ms)
✔ WP2-S5 pending missing-warnings 原子拒絕 (4.397ms)
✔ WP2-S5 pending missing-slide 原子拒絕 (7.257625ms)
✔ WP2-S5 pending missing-image 原子拒絕 (3.210583ms)
✔ WP2-S5 pending type-change 原子拒絕 (9.478208ms)
✔ WP2-S5 pending missing-dom 原子拒絕 (9.418083ms)
✔ WP2-S5 explicit File same-value no-op gesture (17.938833ms)
✔ WP2-S5 explicit File 真修改 stale gesture (18.429667ms)
✔ WP2-S5 長 component ID 使用 resolved stable identity (4.371375ms)
✔ S6 單選圖片顯示 action，其他 selection／mode 隱藏；UI 不修改 canonical (60.95275ms)
✔ S6 capture → natural blur → change 保留第二圖，snap=false (13.89525ms)
✔ S6 capture → natural blur → change 保留第二圖，snap=true (13.262125ms)
✔ S6 picker 後 slide 取消目標；無 pending 不呼叫 optimizer (12.711375ms)
✔ S6 picker 後 mode 取消目標；無 pending 不呼叫 optimizer (10.261916ms)
✔ S6 picker 後 selection 取消目標；無 pending 不呼叫 optimizer (10.368125ms)
✔ S6 picker 後 same-selection 取消目標；無 pending 不呼叫 optimizer (11.497ms)
✔ S6 picker 後 marquee 取消目標；無 pending 不呼叫 optimizer (11.161125ms)
✔ S6 picker 後 empty-marquee 取消目標；無 pending 不呼叫 optimizer (8.938166ms)
✔ S6 picker 後 clear 取消目標；無 pending 不呼叫 optimizer (9.440333ms)
✔ S6 picker 後 destroy 取消目標；無 pending 不呼叫 optimizer (10.165542ms)
✔ S6 picker 後 delete 取消目標；無 pending 不呼叫 optimizer (9.31825ms)
✔ S6 picker 後 pointer 取消目標；無 pending 不呼叫 optimizer (8.6595ms)
✔ S6 cancel 重設 value，同檔可再次選取 (9.189291ms)
✔ S6 empty 重設 value，同檔可再次選取 (13.47975ms)
✔ S6 success 重設 value，同檔可再次選取 (10.856541ms)
✔ S6 failure 重設 value，同檔可再次選取 (10.408875ms)
✔ S6 無 pending／target 刪除先拒絕；後一次 picker 不覆蓋未消耗的 chooser (11.856041ms)
✔ S6 change 先消耗 snapshot；async 中新 picker／export／切頁不改前次 target (14.335542ms)
✔ S6 picker pointerdown 取消 gesture 且 click 前尺寸狀態不變 snap=false (8.302709ms)
✔ S6 picker pointerdown 取消 gesture 且 click 前尺寸狀態不變 snap=true (8.981125ms)
✔ S6 export 移除新增 chrome，pending 不序列化；重新 mount 可選圖 (14.295083ms)
ℹ tests 98
ℹ suites 0
ℹ pass 98
ℹ fail 0
ℹ cancelled 0
ℹ skipped 0
ℹ todo 0
ℹ duration_ms 1302.145334
