✔ export cleanup 只移除 bounded editor chrome roots (2.11525ms)
✔ editor chrome contract 誤標 presentation truth 時 fail loud (0.444458ms)
✔ editor chrome 可位於 presentation 容器內，但不得自己承載 presentation truth (0.087125ms)
✔ export clone root 自己被標成 editor chrome 時也不可漏出 (0.26825ms)
✔ 正式 browser exporter 共用同一 cleanup seam (1.778625ms)
✔ mounted 1 MiB pointer update/preview 不讀 payload、不序列化 (92.875292ms)
✔ mounted 6 MiB pointer update/preview 不讀 payload、不序列化 (187.658041ms)
✔ mounted 12 MiB pointer update/preview 不讀 payload、不序列化 (476.586625ms)
✔ mounted readonly/noop/invalid/preview export 換 object 後 release 至多一次且可 reopen (141.056875ms)
✔ mounted semantic public text 使 gesture stale，不覆寫新 state (40.980375ms)
✔ mounted semantic legacy text 使 gesture stale，不覆寫新 state (303.541208ms)
✔ mounted semantic legacy component 使 gesture stale，不覆寫新 state (43.337291ms)
✔ mounted semantic geometry 使 gesture stale，不覆寫新 state (32.675542ms)
✔ mounted semantic sync text/export 使 gesture stale，不覆寫新 state (33.356041ms)
✔ mounted semantic asset replace 使 gesture stale，不覆寫新 state (12.171292ms)
✔ mounted semantic keyPoint 使 gesture stale，不覆寫新 state (25.402916ms)
✔ mounted semantic component text seam 使 gesture stale，不覆寫新 state (27.580542ms)
✔ mounted semantic change then revert 使 gesture stale，不覆寫新 state (38.859042ms)
✔ mounted semantic duplicate 使 gesture stale，不覆寫新 state (39.511292ms)
✔ mounted reorder/delete/unrelated slide mutation 取消 gesture (110.912875ms)
✔ mounted async asset 在 readonly export 換 object 後仍寫入 live canonical，同值不假 stale (50.5115ms)
✔ mounted noop image/text、invalid component patch 不假 mutation (47.721667ms)
✔ mounted async asset 刪除 captured target 不回寫；換頁仍只改 captured identity (64.459416ms)
✔ mounted target replacement/deletion/mode/cancel/invalid/noop 不提交 (147.951167ms)
✔ S5 public 方向／Shift／repeat 每步最多一筆 move-element，僅改 x/y (17.656458ms)
✔ S5 public stale identity、刪除、gesture 互斥；拒絕不 clamp (1.478125ms)
✔ S5 mounted 真 runtime capture 處理方向／Shift／repeat、export/reopen 無 editor 洩漏 (66.567583ms)
✔ S5 mounted guardmatrix 未處理不得攔截或寫 spec；composition 狀態清理 (33.462959ms)
✔ S5 mounted no mode／selection／geometry／deleted 與原子 bounds (40.635333ms)
✔ S5 mounted drag 中按鍵不取消／不提交 gesture (23.294ms)
✔ S5 mounted resize 中按鍵不取消／不提交 gesture (7.523958ms)
✔ S5 點選元件釋放既有 chrome focus，仍保留直接操作 chrome 時的避讓 (12.190041ms)
✔ S5 guarded Escape 保留 drag 與 selection；普通 Escape 才取消 (18.075875ms)
✔ S5 guarded Escape 保留 resize 與 selection；普通 Escape 才取消 (9.871667ms)
✔ S8 focusin 換頁清 selection，方向鍵不得修改上一頁 canonical (41.145042ms)
✔ S8 同頁 focusin 保留 selection，跨頁 focusin 清除多選 (21.3115ms)
✔ S8 plain/Shift click 與 marquee 共用單一 editor-local selection state (25.348959ms)
✔ S8 export clone-only 清除 Selecto/selection chrome，live selection 保持 (15.965459ms)
✔ S8 Escape/blur/mode teardown 清 selection，重複 destroy idempotent (28.187917ms)
✔ S8 selection replace/toggle 去重並依 DOM order 穩定 (2.382333ms)
✔ S8 editor-local state 0/1/>1 lifecycle 不產生 canonical mutation (0.282292ms)
✔ S8 disabled state 拒絕 selection mutation (0.076583ms)
✔ WP2-S4 Node 第二張 stable target、缺省保留、明示覆寫及 export (40.014459ms)
✔ WP2-S4 Node strict payload 原子拒絕且不執行 getter (9.614542ms)
✔ WP2-S4 portable 第二張 stable target、缺省保留、明示覆寫及 export (28.529459ms)
✔ WP2-S4 portable strict payload 原子拒絕且不執行 getter (26.775333ms)
✔ WP2-S4 Node compat wrapper 只取 canonical 欄位並保留缺省 (1.008334ms)
✔ WP2-S4 registry metadata 與 Node/portable 一致 (8.530083ms)
✔ WP2-S4 portable 局部 DOM、no-op revision、export/reparse (14.342333ms)
✔ WP2-S4 DOM 投影例外還原 canonical 與原 attributes (9.51425ms)
✔ WP2-S4 portable async 鎖定原 stable image，readonly export／換頁／warnings 保留 (12.029292ms)
✔ WP2-S4 optimizer failure／unsafe result／removed target 原子拒絕 (30.36425ms)
✔ WP2-S4 operation／wrapper no-op 保留 gesture，真修改讓 gesture stale (111.43175ms)
✔ WP2-S4 長 component ID 用 resolved stable identity；無 fit 不添加 (10.592542ms)
✔ WP2-S4 data properties 含 non-enumerable 欄位也不能靜默遺失 (4.275375ms)
✔ WP2-S4 browser fixture PNG 結構、CRC、scanline 與 render 均有效 (49.328709ms)
✔ WP2-S5 明示第二張 File target 不得取第一張 (26.980166ms)
✔ WP2-S5 omitted、局部投影、完整欄位保留與 export roundtrip (14.490834ms)
✔ WP2-S5 undefined、局部投影、完整欄位保留與 export roundtrip (15.618542ms)
✔ WP2-S5 second、局部投影、完整欄位保留與 export roundtrip (18.749542ms)
✔ WP2-S5 cross-slide、局部投影、完整欄位保留與 export roundtrip (11.56525ms)
✔ WP2-S5 null-proto、局部投影、完整欄位保留與 export roundtrip (9.762333ms)
✔ WP2-S5 non-enumerable、局部投影、完整欄位保留與 export roundtrip (14.080917ms)
✔ WP2-S5 嚴格 admission：invalid getter0／optimizer0／零 mutation (43.579958ms)
✔ WP2-S5 caller target 變動／export 換物件／切頁仍投遞 captured stable image (90.041708ms)
✔ WP2-S5 pending reject 原子拒絕 (33.024167ms)
✔ WP2-S5 pending unsafe 原子拒絕 (6.313667ms)
✔ WP2-S5 pending null-result 原子拒絕 (5.212209ms)
✔ WP2-S5 pending missing-warnings 原子拒絕 (6.649416ms)
✔ WP2-S5 pending missing-slide 原子拒絕 (8.509791ms)
✔ WP2-S5 pending missing-image 原子拒絕 (8.749708ms)
✔ WP2-S5 pending type-change 原子拒絕 (7.962417ms)
✔ WP2-S5 pending missing-dom 原子拒絕 (13.13525ms)
✔ WP2-S5 explicit File same-value no-op gesture (30.304416ms)
✔ WP2-S5 explicit File 真修改 stale gesture (92.695083ms)
✔ WP2-S5 長 component ID 使用 resolved stable identity (20.217666ms)
✔ S6 單選圖片顯示 action，其他 selection／mode 隱藏；UI 不修改 canonical (222.361167ms)
✔ S6 capture → natural blur → change 保留第二圖，snap=false (79.571875ms)
✔ S6 capture → natural blur → change 保留第二圖，snap=true (76.926791ms)
✔ S6 picker 後 slide 取消目標；無 pending 不呼叫 optimizer (20.730125ms)
✔ S6 picker 後 mode 取消目標；無 pending 不呼叫 optimizer (20.553292ms)
✔ S6 picker 後 selection 取消目標；無 pending 不呼叫 optimizer (71.958083ms)
✔ S6 picker 後 same-selection 取消目標；無 pending 不呼叫 optimizer (28.487458ms)
✔ S6 picker 後 marquee 取消目標；無 pending 不呼叫 optimizer (16.660833ms)
✔ S6 picker 後 empty-marquee 取消目標；無 pending 不呼叫 optimizer (15.823375ms)
✔ S6 picker 後 clear 取消目標；無 pending 不呼叫 optimizer (18.146292ms)
✔ S6 picker 後 destroy 取消目標；無 pending 不呼叫 optimizer (16.285709ms)
✔ S6 picker 後 delete 取消目標；無 pending 不呼叫 optimizer (19.500208ms)
✔ S6 picker 後 pointer 取消目標；無 pending 不呼叫 optimizer (15.403958ms)
✔ S6 cancel 重設 value，同檔可再次選取 (13.550875ms)
✔ S6 empty 重設 value，同檔可再次選取 (16.096167ms)
✔ S6 success 重設 value，同檔可再次選取 (15.312041ms)
✔ S6 failure 重設 value，同檔可再次選取 (12.1495ms)
✔ S6 無 pending／target 刪除先拒絕；後一次 picker 不覆蓋未消耗的 chooser (81.766416ms)
✔ S6 change 先消耗 snapshot；async 中新 picker／export／切頁不改前次 target (168.771584ms)
✔ S6 picker pointerdown 取消 gesture 且 click 前尺寸狀態不變 snap=false (18.514958ms)
✔ S6 picker pointerdown 取消 gesture 且 click 前尺寸狀態不變 snap=true (49.768167ms)
✔ S6 export 移除新增 chrome，pending 不序列化；重新 mount 可選圖 (25.097084ms)
✔ S6 picker 等待檔案時唯讀 export 不取消 pending target (12.936875ms)
✔ S6 async target 移除後失敗，零 asset mutation 且 input 可重選 (9.646334ms)
ℹ tests 100
ℹ suites 0
ℹ pass 100
ℹ fail 0
ℹ cancelled 0
ℹ skipped 0
ℹ todo 0
ℹ duration_ms 2501.14125
