
DevTools listening on ws://127.0.0.1:56375/devtools/browser/f7b3da0a-1f4f-4f5f-87ec-33fe3290bc4e
Trying to load the allocator multiple times. This is *not* supported.
[74604:15078526:0920/150811.784144:ERROR:ui/display/mac/cv_display_link_mac.mm:195] CVDisplayLinkCreateWithCGDisplay failed. CVReturn: -6670
[74604:15078526:0920/150811.785032:ERROR:ui/display/mac/cv_display_link_mac.mm:195] CVDisplayLinkCreateWithCGDisplay failed. CVReturn: -6670
[74604:15078526:0920/150811.785174:ERROR:ui/display/mac/cv_display_link_mac.mm:195] CVDisplayLinkCreateWithCGDisplay failed. CVReturn: -6670
[74604:15078526:0920/150811.785272:ERROR:ui/display/mac/cv_display_link_mac.mm:195] CVDisplayLinkCreateWithCGDisplay failed. CVReturn: -6670
[74604:15078526:0920/150811.785357:ERROR:ui/display/mac/cv_display_link_mac.mm:195] CVDisplayLinkCreateWithCGDisplay failed. CVReturn: -6670
[74604:15078526:0920/150811.785445:ERROR:ui/display/mac/cv_display_link_mac.mm:195] CVDisplayLinkCreateWithCGDisplay failed. CVReturn: -6670
[74559:15078464:0920/150814.013036:ERROR:google_apis/gcm/engine/registration_request.cc:291] Registration response error message: DEPRECATED_ENDPOINT
[74895:15080488:0920/150830.094118:VERBOSE1:chrome/updater/updater.cc:374] Version: 152.0.7933.0, opt, ARM_64, command line: /Users/matt/Library/Application Support/Google/GoogleUpdater/152.0.7933.0/GoogleUpdater.app/Contents/MacOS/GoogleUpdater --wake-all --enable-logging --vmodule=*/components/update_client/*=2,*/chrome/enterprise_companion/*=2,*/chrome/updater/*=2
[74895:15080488:0920/150830.095006:VERBOSE1:chrome/updater/updater.cc:377] OS version: 26.6.2, arch: arm64, System uptime (seconds): 476330, parent pid: 74559
[74895:15080488:0920/150830.097017:VERBOSE1:chrome/updater/updater.cc:382] Available disk space in install directory (/Users/matt/Library/Application Support/Google/GoogleUpdater): 70237712384B (65.414GiB) / 494384795648B (460.432GiB)
[74895:15080488:0920/150830.097041:VERBOSE1:chrome/updater/updater.cc:386] Available disk space in temporary directory (/var/folders/f8/fv8s94z92kb9dkshb8rr5d7m0000gn/T/): 70237712384B (65.414GiB) / 494384795648B (460.432GiB)
[74895:15080488:0920/150830.097147:VERBOSE2:chrome/updater/event_history.cc:265] Emitted a UPDATER_PROCESS START event to the history log
[74897:15080492:0920/150830.106977:VERBOSE1:chrome/updater/updater.cc:374] Version: 152.0.7933.0, opt, ARM_64, command line: /Users/matt/Library/Application Support/Google/GoogleUpdater/152.0.7933.0/GoogleUpdater.app/Contents/MacOS/GoogleUpdater --crash-handler --database=/Users/matt/Library/Application Support/Google/GoogleUpdater/152.0.7933.0/Crashpad --url=https://clients2.google.com/cr/report --annotation=prod=Update4 --annotation=ver=152.0.7933.0 --handshake-fd=6 --enable-logging --vmodule=*/components/update_client/*=2,*/chrome/enterprise_companion/*=2,*/chrome/updater/*=2
[74897:15080492:0920/150830.107533:VERBOSE1:chrome/updater/updater.cc:377] OS version: 26.6.2, arch: arm64, System uptime (seconds): 476330, parent pid: 1
[74897:15080492:0920/150830.110368:VERBOSE1:chrome/updater/updater.cc:382] Available disk space in install directory (/Users/matt/Library/Application Support/Google/GoogleUpdater): 70237708288B (65.414GiB) / 494384795648B (460.432GiB)
[74897:15080492:0920/150830.110389:VERBOSE1:chrome/updater/updater.cc:386] Available disk space in temporary directory (/var/folders/f8/fv8s94z92kb9dkshb8rr5d7m0000gn/T/): 70237708288B (65.414GiB) / 494384795648B (460.432GiB)
[74897:15080492:0920/150830.110544:VERBOSE2:chrome/updater/event_history.cc:265] Emitted a UPDATER_PROCESS START event to the history log
[74895:15080488:0920/150830.111399:VERBOSE1:chrome/updater/crash_reporter.cc:124] Crash handler launched and ready.
[74895:15080488:0920/150830.112086:VERBOSE1:chrome/updater/crash_client.cc:108] Found 0 completed crash reports
[74895:15080488:0920/150830.112171:VERBOSE1:chrome/updater/crash_client.cc:132] Found 0 pending crash reports
[74895:15080488:0920/150830.112257:ERROR:third_party/crashpad/crashpad/util/file/file_io_posix.cc:145] open /Users/matt/Library/Application Support/Google/RLZ/Crashpad/settings.dat: No such file or directory (2)
[74895:15080488:0920/150830.112280:ERROR:third_party/crashpad/crashpad/util/file/file_io_posix.cc:145] open /Users/matt/Library/Application Support/Google/consentOptions/Crashpad/settings.dat: No such file or directory (2)
[74895:15080488:0920/150830.112313:ERROR:third_party/crashpad/crashpad/util/file/file_io_posix.cc:145] open /Users/matt/Library/Application Support/Google/AndroidStudio2025.2.2/Crashpad/settings.dat: No such file or directory (2)
[74895:15080488:0920/150830.112350:ERROR:third_party/crashpad/crashpad/util/file/file_io_posix.cc:145] open /Users/matt/Library/Application Support/Google/ChromeForTesting/Crashpad/settings.dat: No such file or directory (2)
[74895:15080488:0920/150830.112360:ERROR:third_party/crashpad/crashpad/util/file/file_io_posix.cc:145] open /Users/matt/Library/Application Support/Google/Chrome-headless/Crashpad/settings.dat: No such file or directory (2)
[74895:15080488:0920/150830.112374:VERBOSE1:chrome/updater/updater.cc:105] Crash reporting initialized.
[74895:15080502:0920/150830.112668:VERBOSE1:chrome/updater/app/app_wakeall.cc:58] Launching `/Users/matt/Library/Application Support/Google/GoogleUpdater/149.0.7814.0/GoogleUpdater.app/Contents/MacOS/GoogleUpdater --wake`
[74895:15080502:0920/150830.112777:VERBOSE1:chrome/updater/app/app_wakeall.cc:64] `/Users/matt/Library/Application Support/Google/GoogleUpdater/149.0.7814.0/GoogleUpdater.app/Contents/MacOS/GoogleUpdater --wake` process invalid: Undefined error: 0 (0)
[74895:15080502:0920/150830.112792:VERBOSE1:chrome/updater/app/app_wakeall.cc:58] Launching `/Users/matt/Library/Application Support/Google/GoogleUpdater/148.0.7730.0/GoogleUpdater.app/Contents/MacOS/GoogleUpdater --wake`
[74895:15080502:0920/150830.112958:VERBOSE1:chrome/updater/app/app_wakeall.cc:64] `/Users/matt/Library/Application Support/Google/GoogleUpdater/148.0.7730.0/GoogleUpdater.app/Contents/MacOS/GoogleUpdater --wake` process invalid: Undefined error: 0 (0)
[74895:15080502:0920/150830.112973:VERBOSE1:chrome/updater/app/app_wakeall.cc:58] Launching `/Users/matt/Library/Application Support/Google/GoogleUpdater/152.0.7933.0/GoogleUpdater.app/Contents/MacOS/GoogleUpdater --wake`
[74900:15080508:0920/150830.121886:VERBOSE1:chrome/updater/updater.cc:374] Version: 152.0.7933.0, opt, ARM_64, command line: /Users/matt/Library/Application Support/Google/GoogleUpdater/152.0.7933.0/GoogleUpdater.app/Contents/MacOS/GoogleUpdater --wake --enable-logging --vmodule=*/components/update_client/*=2,*/chrome/enterprise_companion/*=2,*/chrome/updater/*=2
[74900:15080508:0920/150830.122411:VERBOSE1:chrome/updater/updater.cc:377] OS version: 26.6.2, arch: arm64, System uptime (seconds): 476330, parent pid: 74895
[74900:15080508:0920/150830.124277:VERBOSE1:chrome/updater/updater.cc:382] Available disk space in install directory (/Users/matt/Library/Application Support/Google/GoogleUpdater): 70237700096B (65.414GiB) / 494384795648B (460.432GiB)
[74900:15080508:0920/150830.124293:VERBOSE1:chrome/updater/updater.cc:386] Available disk space in temporary directory (/var/folders/f8/fv8s94z92kb9dkshb8rr5d7m0000gn/T/): 70237700096B (65.414GiB) / 494384795648B (460.432GiB)
[74900:15080508:0920/150830.124364:VERBOSE2:chrome/updater/event_history.cc:265] Emitted a UPDATER_PROCESS START event to the history log
[74902:15080512:0920/150830.137923:VERBOSE1:chrome/updater/updater.cc:374] Version: 152.0.7933.0, opt, ARM_64, command line: /Users/matt/Library/Application Support/Google/GoogleUpdater/152.0.7933.0/GoogleUpdater.app/Contents/MacOS/GoogleUpdater --crash-handler --database=/Users/matt/Library/Application Support/Google/GoogleUpdater/152.0.7933.0/Crashpad --url=https://clients2.google.com/cr/report --annotation=prod=Update4 --annotation=ver=152.0.7933.0 --handshake-fd=6 --enable-logging --vmodule=*/components/update_client/*=2,*/chrome/enterprise_companion/*=2,*/chrome/updater/*=2
[74902:15080512:0920/150830.138550:VERBOSE1:chrome/updater/updater.cc:377] OS version: 26.6.2, arch: arm64, System uptime (seconds): 476330, parent pid: 1
[74902:15080512:0920/150830.140502:VERBOSE1:chrome/updater/updater.cc:382] Available disk space in install directory (/Users/matt/Library/Application Support/Google/GoogleUpdater): 70237700096B (65.414GiB) / 494384795648B (460.432GiB)
[74902:15080512:0920/150830.140518:VERBOSE1:chrome/updater/updater.cc:386] Available disk space in temporary directory (/var/folders/f8/fv8s94z92kb9dkshb8rr5d7m0000gn/T/): 70237700096B (65.414GiB) / 494384795648B (460.432GiB)
[74902:15080512:0920/150830.140597:VERBOSE2:chrome/updater/event_history.cc:265] Emitted a UPDATER_PROCESS START event to the history log
[74900:15080508:0920/150830.141108:VERBOSE1:chrome/updater/crash_reporter.cc:124] Crash handler launched and ready.
[74900:15080508:0920/150830.141820:VERBOSE1:chrome/updater/crash_client.cc:108] Found 0 completed crash reports
[74900:15080508:0920/150830.141897:VERBOSE1:chrome/updater/crash_client.cc:132] Found 0 pending crash reports
[74900:15080508:0920/150830.141981:ERROR:third_party/crashpad/crashpad/util/file/file_io_posix.cc:145] open /Users/matt/Library/Application Support/Google/RLZ/Crashpad/settings.dat: No such file or directory (2)
[74900:15080508:0920/150830.141996:ERROR:third_party/crashpad/crashpad/util/file/file_io_posix.cc:145] open /Users/matt/Library/Application Support/Google/consentOptions/Crashpad/settings.dat: No such file or directory (2)
[74900:15080508:0920/150830.142027:ERROR:third_party/crashpad/crashpad/util/file/file_io_posix.cc:145] open /Users/matt/Library/Application Support/Google/AndroidStudio2025.2.2/Crashpad/settings.dat: No such file or directory (2)
[74900:15080508:0920/150830.142063:ERROR:third_party/crashpad/crashpad/util/file/file_io_posix.cc:145] open /Users/matt/Library/Application Support/Google/ChromeForTesting/Crashpad/settings.dat: No such file or directory (2)
[74900:15080508:0920/150830.142074:ERROR:third_party/crashpad/crashpad/util/file/file_io_posix.cc:145] open /Users/matt/Library/Application Support/Google/Chrome-headless/Crashpad/settings.dat: No such file or directory (2)
[74900:15080508:0920/150830.142087:VERBOSE1:chrome/updater/updater.cc:105] Crash reporting initialized.
[74900:15080508:0920/150830.142433:VERBOSE1:chrome/updater/ipc/update_service_internal_proxy_mojo.cc:61] Run
[74559:15078464:0920/150838.613353:ERROR:google_apis/gcm/engine/registration_request.cc:291] Registration response error message: DEPRECATED_ENDPOINT
[74900:15080508:0920/150846.318363:VERBOSE1:chrome/updater/app/app.cc:52] Shutdown: 0
[74900:15080508:0920/150846.318919:VERBOSE2:chrome/updater/event_history.cc:265] Emitted a UPDATER_PROCESS END event to the history log
[74900:15080508:0920/150846.318942:VERBOSE1:chrome/updater/updater.cc:419] UpdaterMain (--wake) returned 0.
[74895:15080502:0920/150846.380256:VERBOSE1:chrome/updater/app/app_wakeall.cc:68] `/Users/matt/Library/Application Support/Google/GoogleUpdater/152.0.7933.0/GoogleUpdater.app/Contents/MacOS/GoogleUpdater --wake` exited 0
[74895:15080488:0920/150846.380536:VERBOSE1:chrome/updater/app/app.cc:52] Shutdown: 0
[74895:15080488:0920/150846.380960:VERBOSE2:chrome/updater/event_history.cc:265] Emitted a UPDATER_PROCESS END event to the history log
[74895:15080488:0920/150846.380985:VERBOSE1:chrome/updater/updater.cc:419] UpdaterMain (--wake-all) returned 0.
[74902:15080512:0920/150856.333635:VERBOSE2:chrome/updater/event_history.cc:265] Emitted a UPDATER_PROCESS END event to the history log
[74902:15080512:0920/150856.333910:VERBOSE1:chrome/updater/updater.cc:419] UpdaterMain (--crash-handler) returned 0.
[74897:15080492:0920/150856.336270:VERBOSE2:chrome/updater/event_history.cc:265] Emitted a UPDATER_PROCESS END event to the history log
[74897:15080492:0920/150856.336367:VERBOSE1:chrome/updater/updater.cc:419] UpdaterMain (--crash-handler) returned 0.
[74559:15078464:0920/150934.881109:ERROR:google_apis/gcm/engine/registration_request.cc:291] Registration response error message: DEPRECATED_ENDPOINT
[74559:15078464:0920/151125.307372:ERROR:google_apis/gcm/engine/registration_request.cc:291] Registration response error message: DEPRECATED_ENDPOINT
[74559:15078464:0920/151326.388943:ERROR:google_apis/gcm/engine/connection_factory_impl.cc:484] ConnectionHandler failed with net error: -2
[74559:15078334:0920/151328.499886:ERROR:content/browser/gpu/gpu_process_host.cc:1054] GPU process exited unexpectedly: exit_code=15
[77319:15089129:0920/151329.807512:ERROR:base/apple/mach_port_rendezvous_mac.cc:256] bootstrap_look_up com.google.Chrome.MachPortRendezvousServer.1: Permission denied (1100)
[77319:15089129:0920/151329.807687:ERROR:base/memory/shared_memory_switch.cc:261] No rendezvous client, terminating process (parent died?)
[77320:15089130:0920/151329.813999:ERROR:base/apple/mach_port_rendezvous_mac.cc:256] bootstrap_look_up com.google.Chrome.MachPortRendezvousServer.1: Unknown service name (1102)
[77320:15089130:0920/151329.814244:ERROR:base/memory/shared_memory_switch.cc:261] No rendezvous client, terminating process (parent died?)
