✔ export cleanup 只移除 bounded editor chrome roots (1.026041ms)
✔ editor chrome contract 誤標 presentation truth 時 fail loud (10.873125ms)
✔ editor chrome 可位於 presentation 容器內，但不得自己承載 presentation truth (0.141833ms)
✔ export clone root 自己被標成 editor chrome 時也不可漏出 (0.136041ms)
✔ 正式 browser exporter 共用同一 cleanup seam (3.301ms)
✔ S10 Node 3-item horizontal/vertical centers 頭尾固定 (11.716958ms)
✔ S10 Node 4-item deterministic round 且只改主軸 (1.978208ms)
✔ S10 Node equal-center tie 依 stable element identity，不依賴 target 輸入順序 (0.936791ms)
✔ S10 Node invalid / missing geometry / safe-area 全部原子拒絕 (1.934667ms)
✔ S10 Node canonical no-op 與 descriptor contract (0.64125ms)
✔ S10 portable browser runtime 3-item horizontal/vertical centers 頭尾固定 (28.149791ms)
✔ S10 portable browser runtime 4-item deterministic round 且只改主軸 (16.224875ms)
✔ S10 portable browser runtime equal-center tie 依 stable element identity，不依賴 target 輸入順序 (51.843791ms)
✔ S10 portable browser runtime invalid / missing geometry / safe-area 全部原子拒絕 (10.308834ms)
✔ S10 portable browser runtime canonical no-op 與 descriptor contract (6.571833ms)
✔ S10 3+ selection 才顯示 distribute controls，均分後 selection 保留且 export 不洩漏 (71.930333ms)
✔ S10 distribute UI 缺 canonical geometry 時整筆不改且保留 3-selection (21.906417ms)
✔ Node absolute move/resize 僅改 canonical override，content edit 保留 (11.089459ms)
✔ Node invalid 全部 fail loud 且 state 原子性 (9.960583ms)
✔ Node descriptors 深度 immutable 且 allowlist 無法擴權 (1.795333ms)
✔ browser API VM absolute move/resize 僅改 canonical override，content edit 保留 (20.341ms)
✔ browser API VM invalid 全部 fail loud 且 state 原子性 (92.714542ms)
✔ browser API VM descriptors 深度 immutable 且 allowlist 無法擴權 (1.810917ms)
✔ legacy sanitizer/render/export/recipient 不引入 optional 欄位 (28.623167ms)
✔ canonical geometry renderer/recipient round-trip 與 viewport 無關 (11.018333ms)
✔ sanitizer 拒絕非法 geometry，cleanup orphan，duplicate/delete 不共享 (5.355167ms)
✔ Node 合法 constructor ID 與非 slot component 走 own-property override (17.367625ms)
✔ Node safe-area 精確邊界／integer 非 grid 值不 clamp (2.941791ms)
✔ browser API VM 合法 constructor ID 與非 slot component 走 own-property override (25.366417ms)
✔ browser API VM safe-area 精確邊界／integer 非 grid 值不 clamp (8.85675ms)
✔ legacy component patch 保留 geometry；sanitizer 移除失效 component override (5.69475ms)
✔ geometry QA managed attach 只建／關 owned target，navigation 失敗仍清理且不 spawn (438.857ms)
✔ S3 focused browser script 缺 managed port 明確拒絕，不 fallback spawn (208.259334ms)
✔ 舊 geometry suppression 清除、preview 回復 canonical，保留無關 inline style／priority (3.966ms)
✔ 非 geometry inline transform 與無 override 元件不被抹除 (8.352792ms)
✔ renderer 與 export/reopen spec 的 move/resize 不壓制 motion (39.917375ms)
✔ mounted public preview/cancel/commit/export clone 保留無關 style 與 motion seam (215.693375ms)
✔ 三種 browser treatment fixture 使用當前 renderer、可攜 canonical 且未改 motion CSS (97.179333ms)
✔ mode/select 不寫 spec；legacy 明示初始化只呼叫一次既有 operation (7.816542ms)
✔ scale 0.8 drag/SE resize preview ephemeral，release 至多一次 (12.574041ms)
✔ scale 1 drag/SE resize preview ephemeral，release 至多一次 (1.531292ms)
✔ no-op/cancel/mode/stale/target replacement 不提交；invalid 原子拒絕 (25.860208ms)
✔ SE resize 小於 minimum 原子拒絕；非 component / play 不啟動 (6.778625ms)
✔ stale target 刪除不提交；切選取取消 preview (18.774792ms)
✔ export 只移除 control 對應 style，canonical component 不作 chrome root (2.919833ms)
✔ S4 managed attach  只建／關 owned target，navigation 失敗仍清理且不 spawn (583.12825ms)
✔ S4 managed attach --perf-regression 只建／關 owned target，navigation 失敗仍清理且不 spawn (425.036584ms)
✔ S4 managed attach --motion-regression 只建／關 owned target，navigation 失敗仍清理且不 spawn (212.737708ms)
✔ S4 managed attach --keyboard-regression 只建／關 owned target，navigation 失敗仍清理且不 spawn (231.180458ms)
✔ S4 managed attach --snap-regression 只建／關 owned target，navigation 失敗仍清理且不 spawn (328.762084ms)
✔ S4 managed attach --selection-regression 只建／關 owned target，navigation 失敗仍清理且不 spawn (178.545125ms)
✔ S4 managed attach --alignment-regression 只建／關 owned target，navigation 失敗仍清理且不 spawn (169.977584ms)
✔ S4 managed attach --distribution-regression 只建／關 owned target，navigation 失敗仍清理且不 spawn (142.376417ms)
✔ S4 focused browser script 缺 managed port 明確拒絕，不 fallback spawn (97.65175ms)
✔ mounted 1 MiB pointer update/preview 不讀 payload、不序列化 (55.594334ms)
✔ mounted 6 MiB pointer update/preview 不讀 payload、不序列化 (204.655792ms)
✔ mounted 12 MiB pointer update/preview 不讀 payload、不序列化 (423.131625ms)
✔ mounted readonly/noop/invalid/preview export 換 object 後 release 至多一次且可 reopen (163.724333ms)
✔ mounted semantic public text 使 gesture stale，不覆寫新 state (98.270333ms)
✔ mounted semantic legacy text 使 gesture stale，不覆寫新 state (55.578541ms)
✔ mounted semantic legacy component 使 gesture stale，不覆寫新 state (54.968708ms)
✔ mounted semantic geometry 使 gesture stale，不覆寫新 state (32.759583ms)
✔ mounted semantic sync text/export 使 gesture stale，不覆寫新 state (35.6605ms)
✔ mounted semantic asset replace 使 gesture stale，不覆寫新 state (9.364542ms)
✔ mounted semantic keyPoint 使 gesture stale，不覆寫新 state (30.888958ms)
✔ mounted semantic sync component text 使 gesture stale，不覆寫新 state (30.441333ms)
✔ mounted semantic change then revert 使 gesture stale，不覆寫新 state (43.01875ms)
✔ mounted semantic duplicate 使 gesture stale，不覆寫新 state (69.940583ms)
✔ mounted reorder/delete/unrelated slide mutation 取消 gesture (267.723417ms)
✔ mounted async asset 在 readonly export 換 object 後仍寫入 live canonical，同值不假 stale (62.150833ms)
✔ mounted noop image/text、invalid component patch 不假 mutation (52.734166ms)
✔ mounted async asset 刪除 captured target 不回寫；換頁仍只改 captured identity (84.581625ms)
✔ mounted target replacement/deletion/mode/cancel/invalid/noop 不提交 (172.835875ms)
✔ 正式 Moveable bundle/hash/metafile/license 與禁用 input 邊界 (45.594583ms)
✔ portable 內嵌 vendor/license，無 CDN；generated editor script 可解析 (48.274958ms)
✔ S5 public 方向／Shift／repeat 每步最多一筆 move-element，僅改 x/y (5.761292ms)
✔ S5 public stale identity、刪除、gesture 互斥；拒絕不 clamp (5.156542ms)
✔ S5 mounted 真 runtime capture 處理方向／Shift／repeat、export/reopen 無 editor 洩漏 (93.061541ms)
✔ S5 mounted guardmatrix 未處理不得攔截或寫 spec；composition 狀態清理 (34.855167ms)
✔ S5 mounted no mode／selection／geometry／deleted 與原子 bounds (17.390834ms)
✔ S5 mounted drag 中按鍵不取消／不提交 gesture (11.60575ms)
✔ S5 mounted resize 中按鍵不取消／不提交 gesture (11.528709ms)
✔ S5 點選元件釋放既有 chrome focus，仍保留直接操作 chrome 時的避讓 (10.964917ms)
✔ S5 guarded Escape 保留 drag 與 selection；普通 Escape 才取消 (22.393209ms)
✔ S5 guarded Escape 保留 resize 與 selection；普通 Escape 才取消 (9.249041ms)
✔ S7 drag Escape→trusted release-click 重播不重選；fresh pointerdown/click 立即恢復 (52.27675ms)
✔ S7 resize Escape→trusted release-click 重播不重選；fresh pointerdown/click 立即恢復 (66.329125ms)
✔ S7 cancel 共用取消尾隨 click 防護 (10.41825ms)
✔ S7 pointercancel 共用取消尾隨 click 防護 (15.111167ms)
✔ S7 blur 共用取消尾隨 click 防護 (12.954875ms)
✔ S7 scroll 共用取消尾隨 click 防護 (10.0435ms)
✔ S7 resize 共用取消尾隨 click 防護 (12.933458ms)
✔ S7 selection 共用取消尾隨 click 防護 (7.541459ms)
✔ S7 mode 共用取消尾隨 click 防護 (12.472875ms)
✔ S7 text 共用取消尾隨 click 防護 (7.557792ms)
✔ S7 toggle 共用取消尾隨 click 防護 (17.866125ms)
✔ S7 replacement 共用取消尾隨 click 防護 (14.414125ms)
✔ S7 stale-update 共用取消尾隨 click 防護 (93.693625ms)
✔ S7 stale-release 共用取消尾隨 click 防護 (9.461833ms)
✔ S7 invalid 共用取消尾隨 click 防護 (61.142875ms)
✔ S7 取消若沒有尾隨 click，下一次 primary pointerdown/click 仍正常選取 (24.33425ms)
✔ S7 未啟動 gesture 的普通選取與零位移 release 不受取消防護影響 (34.044292ms)
✔ S7 鍵盤 detail0 與 programmatic control 不受影響，亦不消耗尾隨 click 防護 (11.172ms)
✔ S7 programmatic component click 可選取；後續尾隨 trusted click 不重建 vendor (17.658084ms)
✔ S7 非新有效 pointerdown {"isTrusted":false} 不解除本次取消防護 (11.813875ms)
✔ S7 非新有效 pointerdown {"isPrimary":false} 不解除本次取消防護 (10.070625ms)
✔ S7 非新有效 pointerdown {"button":2} 不解除本次取消防護 (8.195042ms)
✔ S7 destroy 移除 pointerdown listener，重複 teardown 安全 (9.337625ms)
✔ S7 診斷區分 Escape 已取消後 click 重選，不改事件結果 (74.315416ms)
✔ S7 診斷區分 guarded Escape 未取消，不改事件結果 (19.054333ms)
✔ S7 snap-layout {"isTrusted":false,"detail":0} 在 pinned blocker 前取消，原 handler 可達 (100.916958ms)
✔ S7 edit {"isTrusted":false,"detail":0} 在 pinned blocker 前取消，原 handler 可達 (21.5025ms)
✔ S7 selection {"isTrusted":false,"detail":0} 在 pinned blocker 前取消，原 handler 可達 (8.300833ms)
✔ S7 snap-layout {"isTrusted":true,"detail":0} 在 pinned blocker 前取消，原 handler 可達 (12.145125ms)
✔ S7 edit {"isTrusted":true,"detail":0} 在 pinned blocker 前取消，原 handler 可達 (8.511417ms)
✔ S7 selection {"isTrusted":true,"detail":0} 在 pinned blocker 前取消，原 handler 可達 (8.796083ms)
✔ S7 snap-layout {"isTrusted":true,"detail":1} 在 pinned blocker 前取消，原 handler 可達 (7.129208ms)
✔ S7 edit {"isTrusted":true,"detail":1} 在 pinned blocker 前取消，原 handler 可達 (9.31325ms)
✔ S7 selection {"isTrusted":true,"detail":1} 在 pinned blocker 前取消，原 handler 可達 (13.237709ms)
✔ S7 capture 不攔截非本卡路由 outside (7.91925ms)
✔ S7 capture 不攔截非本卡路由 unrelated-action (4.640666ms)
✔ S7 capture 不攔截非本卡路由 vendor-chrome (12.584375ms)
✔ S7 routing listener 與 vendor blocker 在重複 destroy 後均清除 (9.89475ms)
✔ S7 首次 snap SE handle：pinned mount/render 重播，尚未 drag 即提交645×485 (80.260958ms)
✔ motion-ready 保留全體節點及 pseudo-element 的停動畫契約 (0.954542ms)
✔ motion-ready transform reset 隔離 editor root／後代，並保留內容與 pseudo-element reset (0.1315ms)
✔ motion-static 保留全體節點及 pseudo-element 的停動畫契約 (0.062541ms)
✔ motion-static transform reset 隔離 editor root／後代，並保留內容與 pseudo-element reset (0.061083ms)
✔ logical-line：無末尾換行 (4.358541ms)
✔ logical-line：有末尾換行 (0.406084ms)
✔ logical-line：CRLF (0.160334ms)
✔ logical-line：空檔 (0.19775ms)
✔ logical-line：只有port (0.0725ms)
✔ logical-line：port超界 (1.6285ms)
✔ logical-line：port零 (0.156292ms)
✔ logical-line：endpoint空 (0.11675ms)
✔ logical-line：endpoint錯誤 (0.151375ms)
✔ logical-line：額外非空行 (0.33825ms)
✔ 慢讀取耗時計入deadline，sleep僅用剩餘budget (3.135958ms)
✔ 剩餘時間小於interval時縮短sleep (0.206833ms)
✔ deadline後才完成的有效檔案不能回ready (0.101125ms)
✔ 延遲補第二行且無final newline可以ready (0.124958ms)
✔ supervisor先退出不讀檔，exit27 (0.083709ms)
✔ supervisor在讀取中退出，即使檔案有效仍exit27 (0.089416ms)
✔ 持續read error維持bounded timeout (0.31125ms)
✔ 真文字檔可直接使用，tmp於finally回收 (63.009ms)
✔ 永不完成的讀取在實際deadline被abort，沒有掛住controller (30.648667ms)
✔ S7 cancel 取消 preview，proxy 與 vendor 清理 (56.499917ms)
✔ S7 toggle 取消 preview，proxy 與 vendor 清理 (25.835334ms)
✔ S7 mode 取消 preview，proxy 與 vendor 清理 (8.03825ms)
✔ S7 text 取消 preview，proxy 與 vendor 清理 (26.923125ms)
✔ S7 escape 取消 preview，proxy 與 vendor 清理 (11.225958ms)
✔ S7 pointercancel 取消 preview，proxy 與 vendor 清理 (11.395167ms)
✔ S7 blur 取消 preview，proxy 與 vendor 清理 (27.678708ms)
✔ S7 scroll 取消 preview，proxy 與 vendor 清理 (6.757084ms)
✔ S7 resize 取消 preview，proxy 與 vendor 清理 (5.169209ms)
✔ S7 stale 取消 preview，proxy 與 vendor 清理 (10.635792ms)
✔ S7 deleted 取消 preview，proxy 與 vendor 清理 (5.421416ms)
✔ S7 replacement 取消 preview，proxy 與 vendor 清理 (4.441625ms)
✔ S7 destroy 取消 preview，proxy 與 vendor 清理 (11.430041ms)
✔ S7 drag bounds/minimum/finite 原子拒絕 (39.748625ms)
✔ S7 resize bounds/minimum/finite 原子拒絕 (25.145333ms)
✔ S7 keyboard 仍1/10px、guardedEscape／IME／input 不取消 snap gesture (8.355083ms)
✔ S7 public begin/update/finish：preview 0筆、release 1筆、return/cancel/stale 0筆 (6.134333ms)
✔ S7 mounted 1MiB snap preview 不序列化、不讀 payload (36.640625ms)
✔ S7 mounted 6MiB snap preview 不序列化、不讀 payload (102.063667ms)
✔ S7 mounted 12MiB snap preview 不序列化、不讀 payload (304.57625ms)
✔ S7 初始 off、明示開關、proxy 不攔 visible hit、vendor direction 與清引用 (10.403958ms)
✔ S7 舊 vendor 延遲 end 不得提交新 gesture；stale release 清 proxy (11.671625ms)
✔ S7 SE 固定左上 anchor；preview/cancel 不清 presentation transform (4.627291ms)
✔ S7 0.8 drag vendor canonical payload、preview/export、單次 release (18.531167ms)
✔ S7 0.8 drag 零與返回原點不得採用 vendor 起始修正 (15.912917ms)
✔ S7 0.8 resize vendor canonical payload、preview/export、單次 release (15.716292ms)
✔ S7 0.8 resize 零與返回原點不得採用 vendor 起始修正 (13.994042ms)
✔ S7 1 drag vendor canonical payload、preview/export、單次 release (15.230458ms)
✔ S7 1 drag 零與返回原點不得採用 vendor 起始修正 (18.691084ms)
✔ S7 1 resize vendor canonical payload、preview/export、單次 release (26.5815ms)
✔ S7 1 resize 零與返回原點不得採用 vendor 起始修正 (18.284916ms)
✔ S8 focusin 換頁清 selection，方向鍵不得修改上一頁 canonical (37.939916ms)
✔ S8 同頁 focusin 保留 selection，跨頁 focusin 清除多選 (13.190375ms)
✔ S8 plain/Shift click 與 marquee 共用單一 editor-local selection state (12.151417ms)
✔ S8 export clone-only 清除 Selecto/selection chrome，live selection 保持 (16.091125ms)
✔ S8 Escape/blur/mode teardown 清 selection，重複 destroy idempotent (16.473625ms)
✔ S8 selection replace/toggle 去重並依 DOM order 穩定 (1.927083ms)
✔ S8 editor-local state 0/1/>1 lifecycle 不產生 canonical mutation (0.316541ms)
✔ S8 disabled state 拒絕 selection mutation (0.089583ms)
✔ S8 Selecto pinned vendor/hash/license/integrity 全部吻合 (3.572583ms)
✔ S8 portable 內嵌 Selecto vendor/license 且無 CDN (37.209709ms)
✔ S9 Node 六種 align-selection 使用 selection bbox 且保持尺寸 (13.610125ms)
✔ S9 Node align-selection invalid / missing geometry 原子拒絕 (3.587541ms)
✔ S9 Node align-selection canonical no-op 不改 state (3.047166ms)
✔ S9 Node align-selection descriptor 深度 immutable (1.045208ms)
✔ S9 portable browser runtime 六種 align-selection 使用 selection bbox 且保持尺寸 (23.760125ms)
✔ S9 portable browser runtime align-selection invalid / missing geometry 原子拒絕 (6.402417ms)
✔ S9 portable browser runtime align-selection canonical no-op 不改 state (2.725167ms)
✔ S9 portable browser runtime align-selection descriptor 深度 immutable (2.675667ms)
✔ S9 multi-selection 才顯示 align controls；align 後 selection 保留且 export 不洩漏 (42.009792ms)
✔ S9 align UI 任一 target 缺 canonical geometry 時整筆不改且保留 selection (5.749625ms)
ℹ tests 198
ℹ suites 0
ℹ pass 198
ℹ fail 0
ℹ cancelled 0
ℹ skipped 0
ℹ todo 0
ℹ duration_ms 2869.089125
