
DevTools listening on ws://127.0.0.1:50265/devtools/browser/ec9399e6-de39-4c57-9373-2792e5c64419
Trying to load the allocator multiple times. This is *not* supported.
[1471:21427435:0923/214243.452167:ERROR:ui/display/mac/cv_display_link_mac.mm:195] CVDisplayLinkCreateWithCGDisplay failed. CVReturn: -6670
[1471:21427435:0923/214243.455185:ERROR:ui/display/mac/cv_display_link_mac.mm:195] CVDisplayLinkCreateWithCGDisplay failed. CVReturn: -6670
[1471:21427435:0923/214243.455308:ERROR:ui/display/mac/cv_display_link_mac.mm:195] CVDisplayLinkCreateWithCGDisplay failed. CVReturn: -6670
[1471:21427435:0923/214243.455383:ERROR:ui/display/mac/cv_display_link_mac.mm:195] CVDisplayLinkCreateWithCGDisplay failed. CVReturn: -6670
[1471:21427435:0923/214243.455450:ERROR:ui/display/mac/cv_display_link_mac.mm:195] CVDisplayLinkCreateWithCGDisplay failed. CVReturn: -6670
[1471:21427435:0923/214243.455540:ERROR:ui/display/mac/cv_display_link_mac.mm:195] CVDisplayLinkCreateWithCGDisplay failed. CVReturn: -6670
[1461:21427397:0923/214245.676846:ERROR:google_apis/gcm/engine/registration_request.cc:291] Registration response error message: DEPRECATED_ENDPOINT
[1461:21427397:0923/214312.714185:ERROR:google_apis/gcm/engine/registration_request.cc:291] Registration response error message: DEPRECATED_ENDPOINT
[1461:21427397:0923/214353.400805:ERROR:google_apis/gcm/engine/registration_request.cc:291] Registration response error message: DEPRECATED_ENDPOINT
[1461:21427397:0923/214532.106533:ERROR:google_apis/gcm/engine/registration_request.cc:291] Registration response error message: DEPRECATED_ENDPOINT
[1461:21427397:0923/214835.510721:ERROR:google_apis/gcm/engine/registration_request.cc:291] Registration response error message: DEPRECATED_ENDPOINT
[1471:21427435:0923/215409.734756:ERROR:gpu/command_buffer/service/shared_image/shared_image_manager.cc:395] SharedImageManager::ProduceMemory: Trying to Produce a Memory representation from a non-existent mailbox.
[1471:21427435:0923/215409.735359:ERROR:gpu/command_buffer/service/shared_image/shared_image_manager.cc:395] SharedImageManager::ProduceMemory: Trying to Produce a Memory representation from a non-existent mailbox.
[1471:21427435:0923/215409.735399:ERROR:gpu/command_buffer/service/shared_image/shared_image_manager.cc:395] SharedImageManager::ProduceMemory: Trying to Produce a Memory representation from a non-existent mailbox.
[1471:21427435:0923/215409.735427:ERROR:gpu/command_buffer/service/shared_image/shared_image_manager.cc:395] SharedImageManager::ProduceMemory: Trying to Produce a Memory representation from a non-existent mailbox.
[1471:21427435:0923/215409.735455:ERROR:gpu/command_buffer/service/shared_image/shared_image_manager.cc:395] SharedImageManager::ProduceMemory: Trying to Produce a Memory representation from a non-existent mailbox.
[1471:21427435:0923/215409.735480:ERROR:gpu/command_buffer/service/shared_image/shared_image_manager.cc:395] SharedImageManager::ProduceMemory: Trying to Produce a Memory representation from a non-existent mailbox.
[1471:21427435:0923/215409.735510:ERROR:gpu/command_buffer/service/shared_image/shared_image_manager.cc:395] SharedImageManager::ProduceMemory: Trying to Produce a Memory representation from a non-existent mailbox.
