✔ export cleanup 只移除 bounded editor chrome roots (2.021208ms)
✔ editor chrome contract 誤標 presentation truth 時 fail loud (0.663375ms)
✔ editor chrome 可位於 presentation 容器內，但不得自己承載 presentation truth (0.09425ms)
✔ export clone root 自己被標成 editor chrome 時也不可漏出 (0.148833ms)
✔ 正式 browser exporter 共用同一 cleanup seam (0.792084ms)
✔ Node absolute move/resize 僅改 canonical override，content edit 保留 (9.558167ms)
✔ Node invalid 全部 fail loud 且 state 原子性 (7.664ms)
✔ Node descriptors 深度 immutable 且 allowlist 無法擴權 (1.858333ms)
✔ browser API VM absolute move/resize 僅改 canonical override，content edit 保留 (18.784917ms)
✔ browser API VM invalid 全部 fail loud 且 state 原子性 (46.423625ms)
✔ browser API VM descriptors 深度 immutable 且 allowlist 無法擴權 (11.957708ms)
✔ legacy sanitizer/render/export/recipient 不引入 optional 欄位 (29.71075ms)
✔ canonical geometry renderer/recipient round-trip 與 viewport 無關 (15.495167ms)
✔ sanitizer 拒絕非法 geometry，cleanup orphan，duplicate/delete 不共享 (3.717708ms)
✔ Node 合法 constructor ID 與非 slot component 走 own-property override (35.822417ms)
✔ Node safe-area 精確邊界／integer 非 grid 值不 clamp (1.75925ms)
✔ browser API VM 合法 constructor ID 與非 slot component 走 own-property override (21.140958ms)
✔ browser API VM safe-area 精確邊界／integer 非 grid 值不 clamp (5.688167ms)
✔ legacy component patch 保留 geometry；sanitizer 移除失效 component override (2.211167ms)
✔ geometry QA managed attach 只建／關 owned target，navigation 失敗仍清理且不 spawn (310.30425ms)
✔ S3 focused browser script 缺 managed port 明確拒絕，不 fallback spawn (137.084041ms)
✔ 舊 geometry suppression 清除、preview 回復 canonical，保留無關 inline style／priority (6.9485ms)
✔ 非 geometry inline transform 與無 override 元件不被抹除 (1.368709ms)
✔ renderer 與 export/reopen spec 的 move/resize 不壓制 motion (23.9175ms)
✔ mounted public preview/cancel/commit/export clone 保留無關 style 與 motion seam (125.949208ms)
✔ 三種 browser treatment fixture 使用當前 renderer、可攜 canonical 且未改 motion CSS (65.703833ms)
✔ mode/select 不寫 spec；legacy 明示初始化只呼叫一次既有 operation (8.94275ms)
✔ scale 0.8 drag/SE resize preview ephemeral，release 至多一次 (2.969125ms)
✔ scale 1 drag/SE resize preview ephemeral，release 至多一次 (1.537333ms)
✔ no-op/cancel/mode/stale/target replacement 不提交；invalid 原子拒絕 (11.384958ms)
✔ SE resize 小於 minimum 原子拒絕；非 component / play 不啟動 (0.848667ms)
✔ stale target 刪除不提交；切選取取消 preview (2.434541ms)
✔ export 只移除 control 對應 style，canonical component 不作 chrome root (0.562458ms)
✔ S4 managed attach  只建／關 owned target，navigation 失敗仍清理且不 spawn (294.649542ms)
✔ S4 managed attach --perf-regression 只建／關 owned target，navigation 失敗仍清理且不 spawn (253.17475ms)
✔ S4 managed attach --motion-regression 只建／關 owned target，navigation 失敗仍清理且不 spawn (247.619708ms)
✔ S4 managed attach --keyboard-regression 只建／關 owned target，navigation 失敗仍清理且不 spawn (188.9735ms)
✔ S4 managed attach --snap-regression 只建／關 owned target，navigation 失敗仍清理且不 spawn (210.381416ms)
✔ S4 managed attach --selection-regression 只建／關 owned target，navigation 失敗仍清理且不 spawn (161.138333ms)
✔ S4 focused browser script 缺 managed port 明確拒絕，不 fallback spawn (96.762583ms)
✔ mounted 1 MiB pointer update/preview 不讀 payload、不序列化 (43.027541ms)
✔ mounted 6 MiB pointer update/preview 不讀 payload、不序列化 (137.248417ms)
✔ mounted 12 MiB pointer update/preview 不讀 payload、不序列化 (205.761292ms)
✔ mounted readonly/noop/invalid/preview export 換 object 後 release 至多一次且可 reopen (145.352958ms)
✔ mounted semantic public text 使 gesture stale，不覆寫新 state (51.893625ms)
✔ mounted semantic legacy text 使 gesture stale，不覆寫新 state (41.502208ms)
✔ mounted semantic legacy component 使 gesture stale，不覆寫新 state (65.103042ms)
✔ mounted semantic geometry 使 gesture stale，不覆寫新 state (58.424792ms)
✔ mounted semantic sync text/export 使 gesture stale，不覆寫新 state (40.794625ms)
✔ mounted semantic asset replace 使 gesture stale，不覆寫新 state (12.019125ms)
✔ mounted semantic keyPoint 使 gesture stale，不覆寫新 state (32.182ms)
✔ mounted semantic sync component text 使 gesture stale，不覆寫新 state (29.14ms)
✔ mounted semantic change then revert 使 gesture stale，不覆寫新 state (46.954833ms)
✔ mounted semantic duplicate 使 gesture stale，不覆寫新 state (45.271917ms)
✔ mounted reorder/delete/unrelated slide mutation 取消 gesture (165.45125ms)
✔ mounted async asset 在 readonly export 換 object 後仍寫入 live canonical，同值不假 stale (50.879ms)
✔ mounted noop image/text、invalid component patch 不假 mutation (42.969666ms)
✔ mounted async asset 刪除 captured target 不回寫；換頁仍只改 captured identity (61.499667ms)
✔ mounted target replacement/deletion/mode/cancel/invalid/noop 不提交 (153.513167ms)
✔ 正式 Moveable bundle/hash/metafile/license 與禁用 input 邊界 (21.456916ms)
✔ portable 內嵌 vendor/license，無 CDN；generated editor script 可解析 (16.063916ms)
✔ S5 public 方向／Shift／repeat 每步最多一筆 move-element，僅改 x/y (5.428333ms)
✔ S5 public stale identity、刪除、gesture 互斥；拒絕不 clamp (2.414042ms)
✔ S5 mounted 真 runtime capture 處理方向／Shift／repeat、export/reopen 無 editor 洩漏 (27.788667ms)
✔ S5 mounted guardmatrix 未處理不得攔截或寫 spec；composition 狀態清理 (14.196416ms)
✔ S5 mounted no mode／selection／geometry／deleted 與原子 bounds (13.210584ms)
✔ S5 mounted drag 中按鍵不取消／不提交 gesture (4.6805ms)
✔ S5 mounted resize 中按鍵不取消／不提交 gesture (9.137792ms)
✔ S5 點選元件釋放既有 chrome focus，仍保留直接操作 chrome 時的避讓 (9.596209ms)
✔ S5 guarded Escape 保留 drag 與 selection；普通 Escape 才取消 (12.99675ms)
✔ S5 guarded Escape 保留 resize 與 selection；普通 Escape 才取消 (13.139958ms)
✔ S7 drag Escape→trusted release-click 重播不重選；fresh pointerdown/click 立即恢復 (29.764458ms)
✔ S7 resize Escape→trusted release-click 重播不重選；fresh pointerdown/click 立即恢復 (17.521792ms)
✔ S7 cancel 共用取消尾隨 click 防護 (5.461916ms)
✔ S7 pointercancel 共用取消尾隨 click 防護 (13.389375ms)
✔ S7 blur 共用取消尾隨 click 防護 (10.754584ms)
✔ S7 scroll 共用取消尾隨 click 防護 (11.543334ms)
✔ S7 resize 共用取消尾隨 click 防護 (8.794417ms)
✔ S7 selection 共用取消尾隨 click 防護 (9.663458ms)
✔ S7 mode 共用取消尾隨 click 防護 (10.658ms)
✔ S7 text 共用取消尾隨 click 防護 (12.207042ms)
✔ S7 toggle 共用取消尾隨 click 防護 (8.194625ms)
✔ S7 replacement 共用取消尾隨 click 防護 (11.023041ms)
✔ S7 stale-update 共用取消尾隨 click 防護 (24.249042ms)
✔ S7 stale-release 共用取消尾隨 click 防護 (11.078875ms)
✔ S7 invalid 共用取消尾隨 click 防護 (6.548958ms)
✔ S7 取消若沒有尾隨 click，下一次 primary pointerdown/click 仍正常選取 (9.446042ms)
✔ S7 未啟動 gesture 的普通選取與零位移 release 不受取消防護影響 (14.168417ms)
✔ S7 鍵盤 detail0 與 programmatic control 不受影響，亦不消耗尾隨 click 防護 (13.063667ms)
✔ S7 programmatic component click 可選取；後續尾隨 trusted click 不重建 vendor (9.275375ms)
✔ S7 非新有效 pointerdown {"isTrusted":false} 不解除本次取消防護 (9.717292ms)
✔ S7 非新有效 pointerdown {"isPrimary":false} 不解除本次取消防護 (4.396166ms)
✔ S7 非新有效 pointerdown {"button":2} 不解除本次取消防護 (5.816791ms)
✔ S7 destroy 移除 pointerdown listener，重複 teardown 安全 (4.07425ms)
✔ S7 診斷區分 Escape 已取消後 click 重選，不改事件結果 (39.356375ms)
✔ S7 診斷區分 guarded Escape 未取消，不改事件結果 (9.131833ms)
✔ S7 snap-layout {"isTrusted":false,"detail":0} 在 pinned blocker 前取消，原 handler 可達 (23.510333ms)
✔ S7 edit {"isTrusted":false,"detail":0} 在 pinned blocker 前取消，原 handler 可達 (7.270584ms)
✔ S7 selection {"isTrusted":false,"detail":0} 在 pinned blocker 前取消，原 handler 可達 (6.499625ms)
✔ S7 snap-layout {"isTrusted":true,"detail":0} 在 pinned blocker 前取消，原 handler 可達 (5.967625ms)
✔ S7 edit {"isTrusted":true,"detail":0} 在 pinned blocker 前取消，原 handler 可達 (9.895042ms)
✔ S7 selection {"isTrusted":true,"detail":0} 在 pinned blocker 前取消，原 handler 可達 (11.882292ms)
✔ S7 snap-layout {"isTrusted":true,"detail":1} 在 pinned blocker 前取消，原 handler 可達 (7.731042ms)
✔ S7 edit {"isTrusted":true,"detail":1} 在 pinned blocker 前取消，原 handler 可達 (11.567917ms)
✔ S7 selection {"isTrusted":true,"detail":1} 在 pinned blocker 前取消，原 handler 可達 (7.073916ms)
✔ S7 capture 不攔截非本卡路由 outside (16.509708ms)
✔ S7 capture 不攔截非本卡路由 unrelated-action (5.561042ms)
✔ S7 capture 不攔截非本卡路由 vendor-chrome (8.734375ms)
✔ S7 routing listener 與 vendor blocker 在重複 destroy 後均清除 (3.881917ms)
✔ S7 首次 snap SE handle：pinned mount/render 重播，尚未 drag 即提交645×485 (41.593959ms)
✔ motion-ready 保留全體節點及 pseudo-element 的停動畫契約 (3.150959ms)
✔ motion-ready transform reset 隔離 editor root／後代，並保留內容與 pseudo-element reset (0.426083ms)
✔ motion-static 保留全體節點及 pseudo-element 的停動畫契約 (0.148334ms)
✔ motion-static transform reset 隔離 editor root／後代，並保留內容與 pseudo-element reset (0.162542ms)
✔ logical-line：無末尾換行 (1.116083ms)
✔ logical-line：有末尾換行 (0.127209ms)
✔ logical-line：CRLF (0.059667ms)
✔ logical-line：空檔 (0.056709ms)
✔ logical-line：只有port (0.05225ms)
✔ logical-line：port超界 (0.260375ms)
✔ logical-line：port零 (1.192542ms)
✔ logical-line：endpoint空 (0.149083ms)
✔ logical-line：endpoint錯誤 (0.149333ms)
✔ logical-line：額外非空行 (0.226458ms)
✔ 慢讀取耗時計入deadline，sleep僅用剩餘budget (3.609042ms)
✔ 剩餘時間小於interval時縮短sleep (0.223958ms)
✔ deadline後才完成的有效檔案不能回ready (0.104375ms)
✔ 延遲補第二行且無final newline可以ready (0.122ms)
✔ supervisor先退出不讀檔，exit27 (0.066542ms)
✔ supervisor在讀取中退出，即使檔案有效仍exit27 (0.0845ms)
✔ 持續read error維持bounded timeout (0.367916ms)
✔ 真文字檔可直接使用，tmp於finally回收 (21.110375ms)
✔ 永不完成的讀取在實際deadline被abort，沒有掛住controller (35.71375ms)
✔ S7 cancel 取消 preview，proxy 與 vendor 清理 (27.083333ms)
✔ S7 toggle 取消 preview，proxy 與 vendor 清理 (9.394458ms)
✔ S7 mode 取消 preview，proxy 與 vendor 清理 (6.26375ms)
✔ S7 text 取消 preview，proxy 與 vendor 清理 (4.537041ms)
✔ S7 escape 取消 preview，proxy 與 vendor 清理 (5.79125ms)
✔ S7 pointercancel 取消 preview，proxy 與 vendor 清理 (5.994125ms)
✔ S7 blur 取消 preview，proxy 與 vendor 清理 (4.22925ms)
✔ S7 scroll 取消 preview，proxy 與 vendor 清理 (4.524583ms)
✔ S7 resize 取消 preview，proxy 與 vendor 清理 (5.294666ms)
✔ S7 stale 取消 preview，proxy 與 vendor 清理 (4.965917ms)
✔ S7 deleted 取消 preview，proxy 與 vendor 清理 (6.912625ms)
✔ S7 replacement 取消 preview，proxy 與 vendor 清理 (5.034917ms)
✔ S7 destroy 取消 preview，proxy 與 vendor 清理 (4.43525ms)
✔ S7 drag bounds/minimum/finite 原子拒絕 (12.42575ms)
✔ S7 resize bounds/minimum/finite 原子拒絕 (12.554458ms)
✔ S7 keyboard 仍1/10px、guardedEscape／IME／input 不取消 snap gesture (7.085541ms)
✔ S7 public begin/update/finish：preview 0筆、release 1筆、return/cancel/stale 0筆 (2.777167ms)
✔ S7 mounted 1MiB snap preview 不序列化、不讀 payload (30.575125ms)
✔ S7 mounted 6MiB snap preview 不序列化、不讀 payload (106.701833ms)
✔ S7 mounted 12MiB snap preview 不序列化、不讀 payload (184.24575ms)
✔ S7 初始 off、明示開關、proxy 不攔 visible hit、vendor direction 與清引用 (5.07525ms)
✔ S7 舊 vendor 延遲 end 不得提交新 gesture；stale release 清 proxy (4.889625ms)
✔ S7 SE 固定左上 anchor；preview/cancel 不清 presentation transform (3.966209ms)
✔ S7 0.8 drag vendor canonical payload、preview/export、單次 release (11.502125ms)
✔ S7 0.8 drag 零與返回原點不得採用 vendor 起始修正 (8.8715ms)
✔ S7 0.8 resize vendor canonical payload、preview/export、單次 release (10.405708ms)
✔ S7 0.8 resize 零與返回原點不得採用 vendor 起始修正 (9.971833ms)
✔ S7 1 drag vendor canonical payload、preview/export、單次 release (8.378875ms)
✔ S7 1 drag 零與返回原點不得採用 vendor 起始修正 (9.661583ms)
✔ S7 1 resize vendor canonical payload、preview/export、單次 release (8.728333ms)
✔ S7 1 resize 零與返回原點不得採用 vendor 起始修正 (9.079708ms)
✔ S8 plain/Shift click 與 marquee 共用單一 editor-local selection state (27.055584ms)
✔ S8 export clone-only 清除 Selecto/selection chrome，live selection 保持 (10.355917ms)
✔ S8 Escape/blur/mode teardown 清 selection，重複 destroy idempotent (6.758458ms)
✔ S8 selection replace/toggle 去重並依 DOM order 穩定 (3.52625ms)
✔ S8 editor-local state 0/1/>1 lifecycle 不產生 canonical mutation (0.314917ms)
✔ S8 disabled state 拒絕 selection mutation (0.084167ms)
✔ S8 Selecto pinned vendor/hash/license/integrity 全部吻合 (2.285667ms)
✔ S8 portable 內嵌 Selecto vendor/license 且無 CDN (16.10975ms)
ℹ tests 172
ℹ suites 0
ℹ pass 172
ℹ fail 0
ℹ cancelled 0
ℹ skipped 0
ℹ todo 0
ℹ duration_ms 1630.882792
