✔ export cleanup 只移除 bounded editor chrome roots (1.932208ms)
✔ editor chrome contract 誤標 presentation truth 時 fail loud (0.82325ms)
✔ editor chrome 可位於 presentation 容器內，但不得自己承載 presentation truth (0.240333ms)
✔ export clone root 自己被標成 editor chrome 時也不可漏出 (0.26925ms)
✔ 正式 browser exporter 共用同一 cleanup seam (2.059542ms)
✔ Node absolute move/resize 僅改 canonical override，content edit 保留 (7.287333ms)
✔ Node invalid 全部 fail loud 且 state 原子性 (12.57075ms)
✔ Node descriptors 深度 immutable 且 allowlist 無法擴權 (0.501291ms)
✔ browser API VM absolute move/resize 僅改 canonical override，content edit 保留 (31.985167ms)
✔ browser API VM invalid 全部 fail loud 且 state 原子性 (73.628333ms)
✔ browser API VM descriptors 深度 immutable 且 allowlist 無法擴權 (7.559666ms)
✔ legacy sanitizer/render/export/recipient 不引入 optional 欄位 (24.614583ms)
✔ canonical geometry renderer/recipient round-trip 與 viewport 無關 (15.082541ms)
✔ sanitizer 拒絕非法 geometry，cleanup orphan，duplicate/delete 不共享 (5.26725ms)
✔ Node 合法 constructor ID 與非 slot component 走 own-property override (25.457458ms)
✔ Node safe-area 精確邊界／integer 非 grid 值不 clamp (1.360458ms)
✔ browser API VM 合法 constructor ID 與非 slot component 走 own-property override (27.456208ms)
✔ browser API VM safe-area 精確邊界／integer 非 grid 值不 clamp (9.370208ms)
✔ legacy component patch 保留 geometry；sanitizer 移除失效 component override (1.432667ms)
✔ geometry QA managed attach 只建／關 owned target，navigation 失敗仍清理且不 spawn (400.685292ms)
✔ S3 focused browser script 缺 managed port 明確拒絕，不 fallback spawn (442.859667ms)
✔ 舊 geometry suppression 清除、preview 回復 canonical，保留無關 inline style／priority (9.993083ms)
✔ 非 geometry inline transform 與無 override 元件不被抹除 (3.220833ms)
✔ renderer 與 export/reopen spec 的 move/resize 不壓制 motion (25.208ms)
✔ mounted public preview/cancel/commit/export clone 保留無關 style 與 motion seam (171.411625ms)
✔ 三種 browser treatment fixture 使用當前 renderer、可攜 canonical 且未改 motion CSS (56.875875ms)
✔ mode/select 不寫 spec；legacy 明示初始化只呼叫一次既有 operation (9.480209ms)
✔ scale 0.8 drag/SE resize preview ephemeral，release 至多一次 (3.854583ms)
✔ scale 1 drag/SE resize preview ephemeral，release 至多一次 (2.180959ms)
✔ no-op/cancel/mode/stale/target replacement 不提交；invalid 原子拒絕 (7.043709ms)
✔ SE resize 小於 minimum 原子拒絕；非 component / play 不啟動 (1.090584ms)
✔ stale target 刪除不提交；切選取取消 preview (4.146083ms)
✔ export 只移除 control 對應 style，canonical component 不作 chrome root (0.584208ms)
✔ S4 managed attach  只建／關 owned target，navigation 失敗仍清理且不 spawn (454.631833ms)
✔ S4 managed attach --perf-regression 只建／關 owned target，navigation 失敗仍清理且不 spawn (758.891792ms)
✔ S4 managed attach --motion-regression 只建／關 owned target，navigation 失敗仍清理且不 spawn (316.935125ms)
✔ S4 managed attach --keyboard-regression 只建／關 owned target，navigation 失敗仍清理且不 spawn (290.918709ms)
✔ S4 managed attach --snap-regression 只建／關 owned target，navigation 失敗仍清理且不 spawn (272.880708ms)
✔ S4 managed attach --selection-regression 只建／關 owned target，navigation 失敗仍清理且不 spawn (261.538292ms)
✔ S4 focused browser script 缺 managed port 明確拒絕，不 fallback spawn (143.818083ms)
✔ mounted 1 MiB pointer update/preview 不讀 payload、不序列化 (103.523958ms)
✔ mounted 6 MiB pointer update/preview 不讀 payload、不序列化 (158.382292ms)
✔ mounted 12 MiB pointer update/preview 不讀 payload、不序列化 (581.815125ms)
✔ mounted readonly/noop/invalid/preview export 換 object 後 release 至多一次且可 reopen (243.372375ms)
✔ mounted semantic public text 使 gesture stale，不覆寫新 state (62.725167ms)
✔ mounted semantic legacy text 使 gesture stale，不覆寫新 state (54.687625ms)
✔ mounted semantic legacy component 使 gesture stale，不覆寫新 state (70.469208ms)
✔ mounted semantic geometry 使 gesture stale，不覆寫新 state (58.135167ms)
✔ mounted semantic sync text/export 使 gesture stale，不覆寫新 state (47.112375ms)
✔ mounted semantic asset replace 使 gesture stale，不覆寫新 state (15.933125ms)
✔ mounted semantic keyPoint 使 gesture stale，不覆寫新 state (49.771ms)
✔ mounted semantic sync component text 使 gesture stale，不覆寫新 state (43.65725ms)
✔ mounted semantic change then revert 使 gesture stale，不覆寫新 state (65.323625ms)
✔ mounted semantic duplicate 使 gesture stale，不覆寫新 state (77.081625ms)
✔ mounted reorder/delete/unrelated slide mutation 取消 gesture (214.223208ms)
✔ mounted async asset 在 readonly export 換 object 後仍寫入 live canonical，同值不假 stale (79.889ms)
✔ mounted noop image/text、invalid component patch 不假 mutation (68.772ms)
✔ mounted async asset 刪除 captured target 不回寫；換頁仍只改 captured identity (85.789125ms)
✔ mounted target replacement/deletion/mode/cancel/invalid/noop 不提交 (264.100291ms)
✔ 正式 Moveable bundle/hash/metafile/license 與禁用 input 邊界 (20.739125ms)
✔ portable 內嵌 vendor/license，無 CDN；generated editor script 可解析 (28.69275ms)
✔ S5 public 方向／Shift／repeat 每步最多一筆 move-element，僅改 x/y (19.328708ms)
✔ S5 public stale identity、刪除、gesture 互斥；拒絕不 clamp (3.362083ms)
✔ S5 mounted 真 runtime capture 處理方向／Shift／repeat、export/reopen 無 editor 洩漏 (56.433084ms)
✔ S5 mounted guardmatrix 未處理不得攔截或寫 spec；composition 狀態清理 (21.191333ms)
✔ S5 mounted no mode／selection／geometry／deleted 與原子 bounds (34.455792ms)
✔ S5 mounted drag 中按鍵不取消／不提交 gesture (13.801417ms)
✔ S5 mounted resize 中按鍵不取消／不提交 gesture (10.032ms)
✔ S5 點選元件釋放既有 chrome focus，仍保留直接操作 chrome 時的避讓 (92.421167ms)
✔ S5 guarded Escape 保留 drag 與 selection；普通 Escape 才取消 (59.192833ms)
✔ S5 guarded Escape 保留 resize 與 selection；普通 Escape 才取消 (31.339375ms)
✔ S7 drag Escape→trusted release-click 重播不重選；fresh pointerdown/click 立即恢復 (121.54275ms)
✔ S7 resize Escape→trusted release-click 重播不重選；fresh pointerdown/click 立即恢復 (16.960166ms)
✔ S7 cancel 共用取消尾隨 click 防護 (23.121083ms)
✔ S7 pointercancel 共用取消尾隨 click 防護 (14.410834ms)
✔ S7 blur 共用取消尾隨 click 防護 (22.196125ms)
✔ S7 scroll 共用取消尾隨 click 防護 (8.393459ms)
✔ S7 resize 共用取消尾隨 click 防護 (27.17125ms)
✔ S7 selection 共用取消尾隨 click 防護 (24.211375ms)
✔ S7 mode 共用取消尾隨 click 防護 (25.168666ms)
✔ S7 text 共用取消尾隨 click 防護 (12.176875ms)
✔ S7 toggle 共用取消尾隨 click 防護 (8.686208ms)
✔ S7 replacement 共用取消尾隨 click 防護 (12.883416ms)
✔ S7 stale-update 共用取消尾隨 click 防護 (13.671208ms)
✔ S7 stale-release 共用取消尾隨 click 防護 (15.179125ms)
✔ S7 invalid 共用取消尾隨 click 防護 (16.830083ms)
✔ S7 取消若沒有尾隨 click，下一次 primary pointerdown/click 仍正常選取 (10.331041ms)
✔ S7 未啟動 gesture 的普通選取與零位移 release 不受取消防護影響 (15.026791ms)
✔ S7 鍵盤 detail0 與 programmatic control 不受影響，亦不消耗尾隨 click 防護 (12.993792ms)
✔ S7 programmatic component click 可選取；後續尾隨 trusted click 不重建 vendor (14.761917ms)
✔ S7 非新有效 pointerdown {"isTrusted":false} 不解除本次取消防護 (19.150584ms)
✔ S7 非新有效 pointerdown {"isPrimary":false} 不解除本次取消防護 (13.486791ms)
✔ S7 非新有效 pointerdown {"button":2} 不解除本次取消防護 (13.165792ms)
✔ S7 destroy 移除 pointerdown listener，重複 teardown 安全 (7.485292ms)
✔ S7 診斷區分 Escape 已取消後 click 重選，不改事件結果 (113.646208ms)
✔ S7 診斷區分 guarded Escape 未取消，不改事件結果 (27.16925ms)
✔ S7 snap-layout {"isTrusted":false,"detail":0} 在 pinned blocker 前取消，原 handler 可達 (55.026333ms)
✔ S7 edit {"isTrusted":false,"detail":0} 在 pinned blocker 前取消，原 handler 可達 (18.04375ms)
✔ S7 selection {"isTrusted":false,"detail":0} 在 pinned blocker 前取消，原 handler 可達 (41.786625ms)
✔ S7 snap-layout {"isTrusted":true,"detail":0} 在 pinned blocker 前取消，原 handler 可達 (31.164542ms)
✔ S7 edit {"isTrusted":true,"detail":0} 在 pinned blocker 前取消，原 handler 可達 (15.797167ms)
✔ S7 selection {"isTrusted":true,"detail":0} 在 pinned blocker 前取消，原 handler 可達 (19.889375ms)
✔ S7 snap-layout {"isTrusted":true,"detail":1} 在 pinned blocker 前取消，原 handler 可達 (11.156083ms)
✔ S7 edit {"isTrusted":true,"detail":1} 在 pinned blocker 前取消，原 handler 可達 (9.197042ms)
✔ S7 selection {"isTrusted":true,"detail":1} 在 pinned blocker 前取消，原 handler 可達 (15.935583ms)
✔ S7 capture 不攔截非本卡路由 outside (13.813917ms)
✔ S7 capture 不攔截非本卡路由 unrelated-action (10.135042ms)
✔ S7 capture 不攔截非本卡路由 vendor-chrome (11.51125ms)
✔ S7 routing listener 與 vendor blocker 在重複 destroy 後均清除 (10.389417ms)
✔ S7 首次 snap SE handle：pinned mount/render 重播，尚未 drag 即提交645×485 (72.017667ms)
✔ motion-ready 保留全體節點及 pseudo-element 的停動畫契約 (1.582459ms)
✔ motion-ready transform reset 隔離 editor root／後代，並保留內容與 pseudo-element reset (0.196167ms)
✔ motion-static 保留全體節點及 pseudo-element 的停動畫契約 (0.093666ms)
✔ motion-static transform reset 隔離 editor root／後代，並保留內容與 pseudo-element reset (0.095541ms)
✔ logical-line：無末尾換行 (2.756ms)
✔ logical-line：有末尾換行 (0.517625ms)
✔ logical-line：CRLF (0.114875ms)
✔ logical-line：空檔 (0.09125ms)
✔ logical-line：只有port (0.087333ms)
✔ logical-line：port超界 (0.090416ms)
✔ logical-line：port零 (1.49975ms)
✔ logical-line：endpoint空 (0.0875ms)
✔ logical-line：endpoint錯誤 (0.089541ms)
✔ logical-line：額外非空行 (0.161791ms)
✔ 慢讀取耗時計入deadline，sleep僅用剩餘budget (2.3785ms)
✔ 剩餘時間小於interval時縮短sleep (0.209667ms)
✔ deadline後才完成的有效檔案不能回ready (0.136416ms)
✔ 延遲補第二行且無final newline可以ready (0.174667ms)
✔ supervisor先退出不讀檔，exit27 (0.10475ms)
✔ supervisor在讀取中退出，即使檔案有效仍exit27 (0.149958ms)
✔ 持續read error維持bounded timeout (0.481667ms)
✔ 真文字檔可直接使用，tmp於finally回收 (24.301584ms)
✔ 永不完成的讀取在實際deadline被abort，沒有掛住controller (31.659791ms)
✔ S7 cancel 取消 preview，proxy 與 vendor 清理 (36.013584ms)
✔ S7 toggle 取消 preview，proxy 與 vendor 清理 (9.810375ms)
✔ S7 mode 取消 preview，proxy 與 vendor 清理 (7.614542ms)
✔ S7 text 取消 preview，proxy 與 vendor 清理 (8.641334ms)
✔ S7 escape 取消 preview，proxy 與 vendor 清理 (9.63625ms)
✔ S7 pointercancel 取消 preview，proxy 與 vendor 清理 (7.185208ms)
✔ S7 blur 取消 preview，proxy 與 vendor 清理 (8.017958ms)
✔ S7 scroll 取消 preview，proxy 與 vendor 清理 (6.999792ms)
✔ S7 resize 取消 preview，proxy 與 vendor 清理 (6.09ms)
✔ S7 stale 取消 preview，proxy 與 vendor 清理 (8.054166ms)
✔ S7 deleted 取消 preview，proxy 與 vendor 清理 (6.492459ms)
✔ S7 replacement 取消 preview，proxy 與 vendor 清理 (9.139667ms)
✔ S7 destroy 取消 preview，proxy 與 vendor 清理 (7.229167ms)
✔ S7 drag bounds/minimum/finite 原子拒絕 (18.563542ms)
✔ S7 resize bounds/minimum/finite 原子拒絕 (20.086959ms)
✔ S7 keyboard 仍1/10px、guardedEscape／IME／input 不取消 snap gesture (8.723209ms)
✔ S7 public begin/update/finish：preview 0筆、release 1筆、return/cancel/stale 0筆 (3.45475ms)
✔ S7 mounted 1MiB snap preview 不序列化、不讀 payload (50.873917ms)
✔ S7 mounted 6MiB snap preview 不序列化、不讀 payload (154.780292ms)
✔ S7 mounted 12MiB snap preview 不序列化、不讀 payload (243.67025ms)
✔ S7 初始 off、明示開關、proxy 不攔 visible hit、vendor direction 與清引用 (7.251917ms)
✔ S7 舊 vendor 延遲 end 不得提交新 gesture；stale release 清 proxy (8.255208ms)
✔ S7 SE 固定左上 anchor；preview/cancel 不清 presentation transform (6.982167ms)
✔ S7 0.8 drag vendor canonical payload、preview/export、單次 release (16.430208ms)
✔ S7 0.8 drag 零與返回原點不得採用 vendor 起始修正 (15.729792ms)
✔ S7 0.8 resize vendor canonical payload、preview/export、單次 release (16.003792ms)
✔ S7 0.8 resize 零與返回原點不得採用 vendor 起始修正 (13.005166ms)
✔ S7 1 drag vendor canonical payload、preview/export、單次 release (15.252708ms)
✔ S7 1 drag 零與返回原點不得採用 vendor 起始修正 (14.57075ms)
✔ S7 1 resize vendor canonical payload、preview/export、單次 release (15.598959ms)
✔ S7 1 resize 零與返回原點不得採用 vendor 起始修正 (16.428833ms)
✔ S8 plain/Shift click 與 marquee 共用單一 editor-local selection state (35.565875ms)
✔ S8 export clone-only 清除 Selecto/selection chrome，live selection 保持 (12.645166ms)
✔ S8 Escape/blur/mode teardown 清 selection，重複 destroy idempotent (13.357542ms)
✔ S8 selection replace/toggle 去重並依 DOM order 穩定 (6.374083ms)
✔ S8 editor-local state 0/1/>1 lifecycle 不產生 canonical mutation (0.51325ms)
✔ S8 disabled state 拒絕 selection mutation (0.2715ms)
✔ S8 Selecto pinned vendor/hash/license/integrity 全部吻合 (4.264333ms)
✔ S8 portable 內嵌 Selecto vendor/license 且無 CDN (26.798625ms)
ℹ tests 172
ℹ suites 0
ℹ pass 172
ℹ fail 0
ℹ cancelled 0
ℹ skipped 0
ℹ todo 0
ℹ duration_ms 2692.04125
