✔ Node absolute move/resize 僅改 canonical override，content edit 保留 (30.9595ms)
✔ Node invalid 全部 fail loud 且 state 原子性 (16.881166ms)
✔ Node descriptors 深度 immutable 且 allowlist 無法擴權 (1.030708ms)
✔ browser API VM absolute move/resize 僅改 canonical override，content edit 保留 (77.845917ms)
✔ browser API VM invalid 全部 fail loud 且 state 原子性 (65.530167ms)
✔ browser API VM descriptors 深度 immutable 且 allowlist 無法擴權 (5.448792ms)
✔ legacy sanitizer/render/export/recipient 不引入 optional 欄位 (39.6095ms)
✔ canonical geometry renderer/recipient round-trip 與 viewport 無關 (18.484917ms)
✔ sanitizer 拒絕非法 geometry，cleanup orphan，duplicate/delete 不共享 (7.67375ms)
✔ Node 合法 constructor ID 與非 slot component 走 own-property override (27.604167ms)
✔ Node safe-area 精確邊界／integer 非 grid 值不 clamp (4.71175ms)
✔ browser API VM 合法 constructor ID 與非 slot component 走 own-property override (76.908625ms)
✔ browser API VM safe-area 精確邊界／integer 非 grid 值不 clamp (12.997042ms)
✔ legacy component patch 保留 geometry；sanitizer 移除失效 component override (2.894459ms)
✔ geometry QA managed attach 只建／關 owned target，navigation 失敗仍清理且不 spawn (740.840709ms)
✔ S3 focused browser script 缺 managed port 明確拒絕，不 fallback spawn (822.215875ms)
✔ 舊 geometry suppression 清除、preview 回復 canonical，保留無關 inline style／priority (11.046042ms)
✔ 非 geometry inline transform 與無 override 元件不被抹除 (3.729041ms)
✔ renderer 與 export/reopen spec 的 move/resize 不壓制 motion (69.59425ms)
✔ mounted public preview/cancel/commit/export clone 保留無關 style 與 motion seam (333.544167ms)
✔ 三種 browser treatment fixture 使用當前 renderer、可攜 canonical 且未改 motion CSS (130.639917ms)
✔ mode/select 不寫 spec；legacy 明示初始化只呼叫一次既有 operation (18.856792ms)
✔ scale 0.8 drag/SE resize preview ephemeral，release 至多一次 (8.434042ms)
✔ scale 1 drag/SE resize preview ephemeral，release 至多一次 (3.916ms)
✔ no-op/cancel/mode/stale/target replacement 不提交；invalid 原子拒絕 (20.578167ms)
✔ SE resize 小於 minimum 原子拒絕；非 component / play 不啟動 (17.241917ms)
✔ stale target 刪除不提交；切選取取消 preview (11.529667ms)
✔ export 只移除 control 對應 style，canonical component 不作 chrome root (1.016167ms)
✔ S4 managed attach  只建／關 owned target，navigation 失敗仍清理且不 spawn (1056.460292ms)
✔ S4 managed attach --perf-regression 只建／關 owned target，navigation 失敗仍清理且不 spawn (756.857125ms)
✔ S4 managed attach --motion-regression 只建／關 owned target，navigation 失敗仍清理且不 spawn (490.900667ms)
✔ S4 managed attach --keyboard-regression 只建／關 owned target，navigation 失敗仍清理且不 spawn (489.154792ms)
✔ S4 focused browser script 缺 managed port 明確拒絕，不 fallback spawn (392.145ms)
✔ mounted 1 MiB pointer update/preview 不讀 payload、不序列化 (105.867667ms)
✔ mounted 6 MiB pointer update/preview 不讀 payload、不序列化 (367.543834ms)
✔ mounted 12 MiB pointer update/preview 不讀 payload、不序列化 (887.022209ms)
✔ mounted readonly/noop/invalid/preview export 換 object 後 release 至多一次且可 reopen (240.961916ms)
✔ mounted semantic public text 使 gesture stale，不覆寫新 state (75.806042ms)
✔ mounted semantic legacy text 使 gesture stale，不覆寫新 state (93.294958ms)
✔ mounted semantic legacy component 使 gesture stale，不覆寫新 state (80.342583ms)
✔ mounted semantic geometry 使 gesture stale，不覆寫新 state (74.03375ms)
✔ mounted semantic sync text/export 使 gesture stale，不覆寫新 state (70.215ms)
✔ mounted semantic asset replace 使 gesture stale，不覆寫新 state (16.02975ms)
✔ mounted semantic keyPoint 使 gesture stale，不覆寫新 state (80.195ms)
✔ mounted semantic sync component text 使 gesture stale，不覆寫新 state (73.431084ms)
✔ mounted semantic change then revert 使 gesture stale，不覆寫新 state (122.5825ms)
✔ mounted semantic duplicate 使 gesture stale，不覆寫新 state (119.336375ms)
✔ mounted reorder/delete/unrelated slide mutation 取消 gesture (372.1595ms)
✔ mounted async asset 在 readonly export 換 object 後仍寫入 live canonical，同值不假 stale (174.927208ms)
✔ mounted noop image/text、invalid component patch 不假 mutation (116.681459ms)
✔ mounted async asset 刪除 captured target 不回寫；換頁仍只改 captured identity (173.222083ms)
✔ mounted target replacement/deletion/mode/cancel/invalid/noop 不提交 (657.390583ms)
✔ 正式 Moveable bundle/hash/metafile/license 與禁用 input 邊界 (72.880834ms)
✔ portable 內嵌 vendor/license，無 CDN；generated editor script 可解析 (57.556125ms)
✔ S5 public 方向／Shift／repeat 每步最多一筆 move-element，僅改 x/y (17.520959ms)
✔ S5 public stale identity、刪除、gesture 互斥；拒絕不 clamp (7.62275ms)
✔ S5 mounted 真 runtime capture 處理方向／Shift／repeat、export/reopen 無 editor 洩漏 (121.760792ms)
✔ S5 mounted guardmatrix 未處理不得攔截或寫 spec；composition 狀態清理 (268.82825ms)
✔ S5 mounted no mode／selection／geometry／deleted 與原子 bounds (69.126416ms)
✔ S5 mounted drag 中按鍵不取消／不提交 gesture (30.060667ms)
✔ S5 mounted resize 中按鍵不取消／不提交 gesture (33.110875ms)
✔ S5 點選元件釋放既有 chrome focus，仍保留直接操作 chrome 時的避讓 (20.150625ms)
✔ S5 guarded Escape 保留 drag 與 selection；普通 Escape 才取消 (47.231333ms)
✔ S5 guarded Escape 保留 resize 與 selection；普通 Escape 才取消 (32.052833ms)
✔ motion personality 只解析成 bounded portable preset (3.323583ms)
✔ motion CSS 只用 transform/opacity 類進場並提供 reduced-motion fallback (0.98925ms)
✔ motion runtime 使用 IntersectionObserver，不依賴外部 animation library (0.53475ms)
✔ full deck 內建共用 motion root / runtime，而不是每頁手寫動畫 code (177.588917ms)
✔ style cover preview 也沿用 StyleSpec motion personality (19.099792ms)
✔ S3 由 Style grammar 與 semantic role 決定 effect，不是全站 fade-in (51.374792ms)
✔ 每個 Style 最多兩個 primary effect families，並涵蓋代表性角色 (20.030459ms)
✔ effect CSS 只改 transform / opacity / clip-path，reduced motion 立即回到 resting state (11.533666ms)
✔ S3 effect routing 不改動兩套 deck 的內容雜湊 (3.285416ms)
ℹ tests 73
ℹ suites 0
ℹ pass 73
ℹ fail 0
ℹ cancelled 0
ℹ skipped 0
ℹ todo 0
ℹ duration_ms 4582.304958
