✔ Node absolute move/resize 僅改 canonical override，content edit 保留 (6.297167ms)
✔ Node invalid 全部 fail loud 且 state 原子性 (7.36325ms)
✔ Node descriptors 深度 immutable 且 allowlist 無法擴權 (0.405042ms)
✔ browser API VM absolute move/resize 僅改 canonical override，content edit 保留 (14.036541ms)
✔ browser API VM invalid 全部 fail loud 且 state 原子性 (30.455542ms)
✔ browser API VM descriptors 深度 immutable 且 allowlist 無法擴權 (8.571166ms)
✔ legacy sanitizer/render/export/recipient 不引入 optional 欄位 (13.181333ms)
✔ canonical geometry renderer/recipient round-trip 與 viewport 無關 (15.038375ms)
✔ sanitizer 拒絕非法 geometry，cleanup orphan，duplicate/delete 不共享 (3.949916ms)
✔ Node 合法 constructor ID 與非 slot component 走 own-property override (21.302458ms)
✔ Node safe-area 精確邊界／integer 非 grid 值不 clamp (7.520417ms)
✔ browser API VM 合法 constructor ID 與非 slot component 走 own-property override (16.745917ms)
✔ browser API VM safe-area 精確邊界／integer 非 grid 值不 clamp (3.426042ms)
✔ legacy component patch 保留 geometry；sanitizer 移除失效 component override (0.901375ms)
✔ geometry QA managed attach 只建／關 owned target，navigation 失敗仍清理且不 spawn (273.805667ms)
✔ S3 focused browser script 缺 managed port 明確拒絕，不 fallback spawn (183.752292ms)
✔ 舊 geometry suppression 清除、preview 回復 canonical，保留無關 inline style／priority (3.18275ms)
✔ 非 geometry inline transform 與無 override 元件不被抹除 (3.828042ms)
✔ renderer 與 export/reopen spec 的 move/resize 不壓制 motion (12.865833ms)
✔ mounted public preview/cancel/commit/export clone 保留無關 style 與 motion seam (115.142541ms)
✔ 三種 browser treatment fixture 使用當前 renderer、可攜 canonical 且未改 motion CSS (37.03ms)
✔ mode/select 不寫 spec；legacy 明示初始化只呼叫一次既有 operation (7.858ms)
✔ scale 0.8 drag/SE resize preview ephemeral，release 至多一次 (2.856792ms)
✔ scale 1 drag/SE resize preview ephemeral，release 至多一次 (1.7375ms)
✔ no-op/cancel/mode/stale/target replacement 不提交；invalid 原子拒絕 (8.089792ms)
✔ SE resize 小於 minimum 原子拒絕；非 component / play 不啟動 (1.833083ms)
✔ stale target 刪除不提交；切選取取消 preview (1.8765ms)
✔ export 只移除 control 對應 style，canonical component 不作 chrome root (0.390083ms)
✔ S4 managed attach  只建／關 owned target，navigation 失敗仍清理且不 spawn (271.25225ms)
✔ S4 managed attach --perf-regression 只建／關 owned target，navigation 失敗仍清理且不 spawn (290.077667ms)
✔ S4 managed attach --motion-regression 只建／關 owned target，navigation 失敗仍清理且不 spawn (143.517708ms)
✔ S4 managed attach --keyboard-regression 只建／關 owned target，navigation 失敗仍清理且不 spawn (154.924875ms)
✔ S4 managed attach --snap-regression 只建／關 owned target，navigation 失敗仍清理且不 spawn (240.24475ms)
✔ S4 focused browser script 缺 managed port 明確拒絕，不 fallback spawn (93.766ms)
✔ mounted 1 MiB pointer update/preview 不讀 payload、不序列化 (34.19525ms)
✔ mounted 6 MiB pointer update/preview 不讀 payload、不序列化 (147.165083ms)
✔ mounted 12 MiB pointer update/preview 不讀 payload、不序列化 (193.450167ms)
✔ mounted readonly/noop/invalid/preview export 換 object 後 release 至多一次且可 reopen (118.311042ms)
✔ mounted semantic public text 使 gesture stale，不覆寫新 state (42.525708ms)
✔ mounted semantic legacy text 使 gesture stale，不覆寫新 state (28.678333ms)
✔ mounted semantic legacy component 使 gesture stale，不覆寫新 state (26.727959ms)
✔ mounted semantic geometry 使 gesture stale，不覆寫新 state (26.141875ms)
✔ mounted semantic sync text/export 使 gesture stale，不覆寫新 state (23.151333ms)
✔ mounted semantic asset replace 使 gesture stale，不覆寫新 state (6.36925ms)
✔ mounted semantic keyPoint 使 gesture stale，不覆寫新 state (26.9675ms)
✔ mounted semantic sync component text 使 gesture stale，不覆寫新 state (21.986333ms)
✔ mounted semantic change then revert 使 gesture stale，不覆寫新 state (37.532792ms)
✔ mounted semantic duplicate 使 gesture stale，不覆寫新 state (38.56525ms)
✔ mounted reorder/delete/unrelated slide mutation 取消 gesture (130.324417ms)
✔ mounted async asset 在 readonly export 換 object 後仍寫入 live canonical，同值不假 stale (73.7685ms)
✔ mounted noop image/text、invalid component patch 不假 mutation (53.36075ms)
✔ mounted async asset 刪除 captured target 不回寫；換頁仍只改 captured identity (65.184834ms)
✔ mounted target replacement/deletion/mode/cancel/invalid/noop 不提交 (148.086208ms)
✔ 正式 Moveable bundle/hash/metafile/license 與禁用 input 邊界 (21.810791ms)
✔ portable 內嵌 vendor/license，無 CDN；generated editor script 可解析 (15.862167ms)
✔ S5 public 方向／Shift／repeat 每步最多一筆 move-element，僅改 x/y (5.2115ms)
✔ S5 public stale identity、刪除、gesture 互斥；拒絕不 clamp (2.71825ms)
✔ S5 mounted 真 runtime capture 處理方向／Shift／repeat、export/reopen 無 editor 洩漏 (23.300542ms)
✔ S5 mounted guardmatrix 未處理不得攔截或寫 spec；composition 狀態清理 (22.232ms)
✔ S5 mounted no mode／selection／geometry／deleted 與原子 bounds (7.437875ms)
✔ S5 mounted drag 中按鍵不取消／不提交 gesture (3.378375ms)
✔ S5 mounted resize 中按鍵不取消／不提交 gesture (5.841625ms)
✔ S5 點選元件釋放既有 chrome focus，仍保留直接操作 chrome 時的避讓 (5.692ms)
✔ S5 guarded Escape 保留 drag 與 selection；普通 Escape 才取消 (10.281542ms)
✔ S5 guarded Escape 保留 resize 與 selection；普通 Escape 才取消 (4.749375ms)
✔ S7 drag Escape→trusted release-click 重播不重選；fresh pointerdown/click 立即恢復 (18.208083ms)
✔ S7 resize Escape→trusted release-click 重播不重選；fresh pointerdown/click 立即恢復 (13.63875ms)
✔ S7 cancel 共用取消尾隨 click 防護 (8.968166ms)
✔ S7 pointercancel 共用取消尾隨 click 防護 (6.075542ms)
✔ S7 blur 共用取消尾隨 click 防護 (6.219958ms)
✔ S7 scroll 共用取消尾隨 click 防護 (10.145667ms)
✔ S7 resize 共用取消尾隨 click 防護 (13.128083ms)
✔ S7 selection 共用取消尾隨 click 防護 (4.070458ms)
✔ S7 mode 共用取消尾隨 click 防護 (4.920875ms)
✔ S7 text 共用取消尾隨 click 防護 (4.718792ms)
✔ S7 toggle 共用取消尾隨 click 防護 (7.171417ms)
✔ S7 replacement 共用取消尾隨 click 防護 (4.583125ms)
✔ S7 stale-update 共用取消尾隨 click 防護 (4.124375ms)
✔ S7 stale-release 共用取消尾隨 click 防護 (13.74125ms)
✔ S7 invalid 共用取消尾隨 click 防護 (8.621416ms)
✔ S7 取消若沒有尾隨 click，下一次 primary pointerdown/click 仍正常選取 (12.78625ms)
✔ S7 未啟動 gesture 的普通選取與零位移 release 不受取消防護影響 (4.7135ms)
✔ S7 鍵盤 detail0 與 programmatic control 不受影響，亦不消耗尾隨 click 防護 (12.5645ms)
✔ S7 programmatic component click 可選取；後續尾隨 trusted click 不重建 vendor (3.877542ms)
✔ S7 非新有效 pointerdown {"isTrusted":false} 不解除本次取消防護 (13.736375ms)
✔ S7 非新有效 pointerdown {"isPrimary":false} 不解除本次取消防護 (14.306542ms)
✔ S7 非新有效 pointerdown {"button":2} 不解除本次取消防護 (9.682334ms)
✔ S7 destroy 移除 pointerdown listener，重複 teardown 安全 (4.174584ms)
✔ S7 診斷區分 Escape 已取消後 click 重選，不改事件結果 (30.972292ms)
✔ S7 診斷區分 guarded Escape 未取消，不改事件結果 (19.333042ms)
✔ S7 snap-layout {"isTrusted":false,"detail":0} 在 pinned blocker 前取消，原 handler 可達 (27.515416ms)
✔ S7 edit {"isTrusted":false,"detail":0} 在 pinned blocker 前取消，原 handler 可達 (15.390167ms)
✔ S7 selection {"isTrusted":false,"detail":0} 在 pinned blocker 前取消，原 handler 可達 (9.929084ms)
✔ S7 snap-layout {"isTrusted":true,"detail":0} 在 pinned blocker 前取消，原 handler 可達 (5.514666ms)
✔ S7 edit {"isTrusted":true,"detail":0} 在 pinned blocker 前取消，原 handler 可達 (6.078333ms)
✔ S7 selection {"isTrusted":true,"detail":0} 在 pinned blocker 前取消，原 handler 可達 (8.81475ms)
✔ S7 snap-layout {"isTrusted":true,"detail":1} 在 pinned blocker 前取消，原 handler 可達 (7.305334ms)
✔ S7 edit {"isTrusted":true,"detail":1} 在 pinned blocker 前取消，原 handler 可達 (15.910125ms)
✔ S7 selection {"isTrusted":true,"detail":1} 在 pinned blocker 前取消，原 handler 可達 (28.074292ms)
✔ S7 capture 不攔截非本卡路由 outside (7.650583ms)
✔ S7 capture 不攔截非本卡路由 unrelated-action (8.07025ms)
✔ S7 capture 不攔截非本卡路由 vendor-chrome (4.1875ms)
✔ S7 routing listener 與 vendor blocker 在重複 destroy 後均清除 (4.402542ms)
✔ S7 首次 snap SE handle：pinned mount/render 重播，尚未 drag 即提交645×485 (18.989458ms)
✔ motion-ready 保留全體節點及 pseudo-element 的停動畫契約 (1.259791ms)
✔ motion-ready transform reset 隔離 editor root／後代，並保留內容與 pseudo-element reset (0.111042ms)
✔ motion-static 保留全體節點及 pseudo-element 的停動畫契約 (0.055959ms)
✔ motion-static transform reset 隔離 editor root／後代，並保留內容與 pseudo-element reset (0.055917ms)
✔ logical-line：無末尾換行 (1.028041ms)
✔ logical-line：有末尾換行 (0.101584ms)
✔ logical-line：CRLF (0.050375ms)
✔ logical-line：空檔 (0.047875ms)
✔ logical-line：只有port (0.05375ms)
✔ logical-line：port超界 (0.056542ms)
✔ logical-line：port零 (0.048459ms)
✔ logical-line：endpoint空 (0.7755ms)
✔ logical-line：endpoint錯誤 (0.068916ms)
✔ logical-line：額外非空行 (0.10125ms)
✔ 慢讀取耗時計入deadline，sleep僅用剩餘budget (1.41725ms)
✔ 剩餘時間小於interval時縮短sleep (0.1395ms)
✔ deadline後才完成的有效檔案不能回ready (0.080125ms)
✔ 延遲補第二行且無final newline可以ready (0.099625ms)
✔ supervisor先退出不讀檔，exit27 (0.076875ms)
✔ supervisor在讀取中退出，即使檔案有效仍exit27 (0.073083ms)
✔ 持續read error維持bounded timeout (0.293ms)
✔ 真文字檔可直接使用，tmp於finally回收 (8.90775ms)
✔ 永不完成的讀取在實際deadline被abort，沒有掛住controller (30.901667ms)
✔ S7 cancel 取消 preview，proxy 與 vendor 清理 (13.130708ms)
✔ S7 toggle 取消 preview，proxy 與 vendor 清理 (3.775167ms)
✔ S7 mode 取消 preview，proxy 與 vendor 清理 (3.804958ms)
✔ S7 text 取消 preview，proxy 與 vendor 清理 (3.15875ms)
✔ S7 escape 取消 preview，proxy 與 vendor 清理 (3.667375ms)
✔ S7 pointercancel 取消 preview，proxy 與 vendor 清理 (3.593ms)
✔ S7 blur 取消 preview，proxy 與 vendor 清理 (3.227208ms)
✔ S7 scroll 取消 preview，proxy 與 vendor 清理 (3.657667ms)
✔ S7 resize 取消 preview，proxy 與 vendor 清理 (3.571708ms)
✔ S7 stale 取消 preview，proxy 與 vendor 清理 (4.047042ms)
✔ S7 deleted 取消 preview，proxy 與 vendor 清理 (3.854834ms)
✔ S7 replacement 取消 preview，proxy 與 vendor 清理 (4.334375ms)
✔ S7 destroy 取消 preview，proxy 與 vendor 清理 (4.357291ms)
✔ S7 drag bounds/minimum/finite 原子拒絕 (9.468542ms)
✔ S7 resize bounds/minimum/finite 原子拒絕 (8.507417ms)
✔ S7 keyboard 仍1/10px、guardedEscape／IME／input 不取消 snap gesture (4.044666ms)
✔ S7 public begin/update/finish：preview 0筆、release 1筆、return/cancel/stale 0筆 (1.814708ms)
✔ S7 mounted 1MiB snap preview 不序列化、不讀 payload (24.417833ms)
✔ S7 mounted 6MiB snap preview 不序列化、不讀 payload (85.811416ms)
✔ S7 mounted 12MiB snap preview 不序列化、不讀 payload (171.641959ms)
✔ S7 初始 off、明示開關、proxy 不攔 visible hit、vendor direction 與清引用 (6.153833ms)
✔ S7 舊 vendor 延遲 end 不得提交新 gesture；stale release 清 proxy (4.663167ms)
✔ S7 SE 固定左上 anchor；preview/cancel 不清 presentation transform (4.988791ms)
✔ S7 0.8 drag vendor canonical payload、preview/export、單次 release (13.805542ms)
✔ S7 0.8 drag 零與返回原點不得採用 vendor 起始修正 (15.213041ms)
✔ S7 0.8 resize vendor canonical payload、preview/export、單次 release (12.536709ms)
✔ S7 0.8 resize 零與返回原點不得採用 vendor 起始修正 (10.399958ms)
✔ S7 1 drag vendor canonical payload、preview/export、單次 release (8.839375ms)
✔ S7 1 drag 零與返回原點不得採用 vendor 起始修正 (7.105375ms)
✔ S7 1 resize vendor canonical payload、preview/export、單次 release (10.752125ms)
✔ S7 1 resize 零與返回原點不得採用 vendor 起始修正 (12.840625ms)
ℹ tests 158
ℹ suites 0
ℹ pass 158
ℹ fail 0
ℹ cancelled 0
ℹ skipped 0
ℹ todo 0
ℹ duration_ms 1423.641875
