✔ Node absolute move/resize 僅改 canonical override，content edit 保留 (10.908166ms)
✔ Node invalid 全部 fail loud 且 state 原子性 (5.39825ms)
✔ Node descriptors 深度 immutable 且 allowlist 無法擴權 (1.116625ms)
✔ browser API VM absolute move/resize 僅改 canonical override，content edit 保留 (17.045541ms)
✔ browser API VM invalid 全部 fail loud 且 state 原子性 (28.380875ms)
✔ browser API VM descriptors 深度 immutable 且 allowlist 無法擴權 (3.477708ms)
✔ legacy sanitizer/render/export/recipient 不引入 optional 欄位 (18.220292ms)
✔ canonical geometry renderer/recipient round-trip 與 viewport 無關 (7.606333ms)
✔ sanitizer 拒絕非法 geometry，cleanup orphan，duplicate/delete 不共享 (12.680334ms)
✔ Node 合法 constructor ID 與非 slot component 走 own-property override (10.030417ms)
✔ Node safe-area 精確邊界／integer 非 grid 值不 clamp (2.2115ms)
✔ browser API VM 合法 constructor ID 與非 slot component 走 own-property override (13.298334ms)
✔ browser API VM safe-area 精確邊界／integer 非 grid 值不 clamp (8.475125ms)
✔ legacy component patch 保留 geometry；sanitizer 移除失效 component override (0.96875ms)
✔ geometry QA managed attach 只建／關 owned target，navigation 失敗仍清理且不 spawn (285.997541ms)
✔ S3 focused browser script 缺 managed port 明確拒絕，不 fallback spawn (179.009292ms)
✔ 舊 geometry suppression 清除、preview 回復 canonical，保留無關 inline style／priority (6.7585ms)
✔ 非 geometry inline transform 與無 override 元件不被抹除 (3.567334ms)
✔ renderer 與 export/reopen spec 的 move/resize 不壓制 motion (21.072291ms)
✔ mounted public preview/cancel/commit/export clone 保留無關 style 與 motion seam (113.576833ms)
✔ 三種 browser treatment fixture 使用當前 renderer、可攜 canonical 且未改 motion CSS (36.788292ms)
✔ mode/select 不寫 spec；legacy 明示初始化只呼叫一次既有 operation (9.017834ms)
✔ scale 0.8 drag/SE resize preview ephemeral，release 至多一次 (4.001583ms)
✔ scale 1 drag/SE resize preview ephemeral，release 至多一次 (3.706583ms)
✔ no-op/cancel/mode/stale/target replacement 不提交；invalid 原子拒絕 (9.923041ms)
✔ SE resize 小於 minimum 原子拒絕；非 component / play 不啟動 (0.678792ms)
✔ stale target 刪除不提交；切選取取消 preview (1.423875ms)
✔ export 只移除 control 對應 style，canonical component 不作 chrome root (0.365625ms)
✔ S4 managed attach  只建／關 owned target，navigation 失敗仍清理且不 spawn (310.720209ms)
✔ S4 managed attach --perf-regression 只建／關 owned target，navigation 失敗仍清理且不 spawn (242.635666ms)
✔ S4 managed attach --motion-regression 只建／關 owned target，navigation 失敗仍清理且不 spawn (174.963125ms)
✔ S4 managed attach --keyboard-regression 只建／關 owned target，navigation 失敗仍清理且不 spawn (210.857792ms)
✔ S4 managed attach --snap-regression 只建／關 owned target，navigation 失敗仍清理且不 spawn (172.504375ms)
✔ S4 focused browser script 缺 managed port 明確拒絕，不 fallback spawn (98.239ms)
✔ mounted 1 MiB pointer update/preview 不讀 payload、不序列化 (49.638708ms)
✔ mounted 6 MiB pointer update/preview 不讀 payload、不序列化 (126.3435ms)
✔ mounted 12 MiB pointer update/preview 不讀 payload、不序列化 (199.067333ms)
✔ mounted readonly/noop/invalid/preview export 換 object 後 release 至多一次且可 reopen (132.143833ms)
✔ mounted semantic public text 使 gesture stale，不覆寫新 state (26.961167ms)
✔ mounted semantic legacy text 使 gesture stale，不覆寫新 state (28.169667ms)
✔ mounted semantic legacy component 使 gesture stale，不覆寫新 state (31.927458ms)
✔ mounted semantic geometry 使 gesture stale，不覆寫新 state (28.468833ms)
✔ mounted semantic sync text/export 使 gesture stale，不覆寫新 state (27.177875ms)
✔ mounted semantic asset replace 使 gesture stale，不覆寫新 state (7.152084ms)
✔ mounted semantic keyPoint 使 gesture stale，不覆寫新 state (30.7625ms)
✔ mounted semantic sync component text 使 gesture stale，不覆寫新 state (33.001458ms)
✔ mounted semantic change then revert 使 gesture stale，不覆寫新 state (45.187375ms)
✔ mounted semantic duplicate 使 gesture stale，不覆寫新 state (62.391875ms)
✔ mounted reorder/delete/unrelated slide mutation 取消 gesture (144.466167ms)
✔ mounted async asset 在 readonly export 換 object 後仍寫入 live canonical，同值不假 stale (43.587125ms)
✔ mounted noop image/text、invalid component patch 不假 mutation (44.033167ms)
✔ mounted async asset 刪除 captured target 不回寫；換頁仍只改 captured identity (49.249584ms)
✔ mounted target replacement/deletion/mode/cancel/invalid/noop 不提交 (145.242ms)
✔ 正式 Moveable bundle/hash/metafile/license 與禁用 input 邊界 (37.99625ms)
✔ portable 內嵌 vendor/license，無 CDN；generated editor script 可解析 (24.231042ms)
✔ S5 public 方向／Shift／repeat 每步最多一筆 move-element，僅改 x/y (9.620959ms)
✔ S5 public stale identity、刪除、gesture 互斥；拒絕不 clamp (4.577583ms)
✔ S5 mounted 真 runtime capture 處理方向／Shift／repeat、export/reopen 無 editor 洩漏 (25.686ms)
✔ S5 mounted guardmatrix 未處理不得攔截或寫 spec；composition 狀態清理 (11.030209ms)
✔ S5 mounted no mode／selection／geometry／deleted 與原子 bounds (9.147458ms)
✔ S5 mounted drag 中按鍵不取消／不提交 gesture (12.885917ms)
✔ S5 mounted resize 中按鍵不取消／不提交 gesture (8.617709ms)
✔ S5 點選元件釋放既有 chrome focus，仍保留直接操作 chrome 時的避讓 (9.038875ms)
✔ S5 guarded Escape 保留 drag 與 selection；普通 Escape 才取消 (27.106583ms)
✔ S5 guarded Escape 保留 resize 與 selection；普通 Escape 才取消 (8.09025ms)
✔ S7 drag Escape→trusted release-click 重播不重選；fresh pointerdown/click 立即恢復 (29.541416ms)
✔ S7 resize Escape→trusted release-click 重播不重選；fresh pointerdown/click 立即恢復 (4.664292ms)
✔ S7 cancel 共用取消尾隨 click 防護 (7.541375ms)
✔ S7 pointercancel 共用取消尾隨 click 防護 (10.704375ms)
✔ S7 blur 共用取消尾隨 click 防護 (7.218209ms)
✔ S7 scroll 共用取消尾隨 click 防護 (4.748875ms)
✔ S7 resize 共用取消尾隨 click 防護 (9.454917ms)
✔ S7 selection 共用取消尾隨 click 防護 (9.929917ms)
✔ S7 mode 共用取消尾隨 click 防護 (12.643959ms)
✔ S7 text 共用取消尾隨 click 防護 (9.791667ms)
✔ S7 toggle 共用取消尾隨 click 防護 (54.146541ms)
✔ S7 replacement 共用取消尾隨 click 防護 (9.821375ms)
✔ S7 stale-update 共用取消尾隨 click 防護 (10.69325ms)
✔ S7 stale-release 共用取消尾隨 click 防護 (9.399ms)
✔ S7 invalid 共用取消尾隨 click 防護 (7.53475ms)
✔ S7 取消若沒有尾隨 click，下一次 primary pointerdown/click 仍正常選取 (4.118917ms)
✔ S7 未啟動 gesture 的普通選取與零位移 release 不受取消防護影響 (5.541792ms)
✔ S7 鍵盤 detail0 與 programmatic control 不受影響，亦不消耗尾隨 click 防護 (7.994792ms)
✔ S7 programmatic component click 可選取；後續尾隨 trusted click 不重建 vendor (8.529333ms)
✔ S7 非新有效 pointerdown {"isTrusted":false} 不解除本次取消防護 (7.240584ms)
✔ S7 非新有效 pointerdown {"isPrimary":false} 不解除本次取消防護 (7.95975ms)
✔ S7 非新有效 pointerdown {"button":2} 不解除本次取消防護 (3.500459ms)
✔ S7 destroy 移除 pointerdown listener，重複 teardown 安全 (6.762041ms)
✔ S7 診斷區分 Escape 已取消後 click 重選，不改事件結果 (23.452125ms)
✔ S7 診斷區分 guarded Escape 未取消，不改事件結果 (9.8705ms)
✔ S7 snap-layout {"isTrusted":false,"detail":0} 在 pinned blocker 前取消，原 handler 可達 (28.402125ms)
✔ S7 edit {"isTrusted":false,"detail":0} 在 pinned blocker 前取消，原 handler 可達 (13.581375ms)
✔ S7 selection {"isTrusted":false,"detail":0} 在 pinned blocker 前取消，原 handler 可達 (7.212208ms)
✔ S7 snap-layout {"isTrusted":true,"detail":0} 在 pinned blocker 前取消，原 handler 可達 (4.525917ms)
✔ S7 edit {"isTrusted":true,"detail":0} 在 pinned blocker 前取消，原 handler 可達 (8.983792ms)
✔ S7 selection {"isTrusted":true,"detail":0} 在 pinned blocker 前取消，原 handler 可達 (4.300792ms)
✔ S7 snap-layout {"isTrusted":true,"detail":1} 在 pinned blocker 前取消，原 handler 可達 (4.189958ms)
✔ S7 edit {"isTrusted":true,"detail":1} 在 pinned blocker 前取消，原 handler 可達 (7.912666ms)
✔ S7 selection {"isTrusted":true,"detail":1} 在 pinned blocker 前取消，原 handler 可達 (8.491833ms)
✔ S7 capture 不攔截非本卡路由 outside (6.9555ms)
✔ S7 capture 不攔截非本卡路由 unrelated-action (3.805333ms)
✔ S7 capture 不攔截非本卡路由 vendor-chrome (3.588083ms)
✔ S7 routing listener 與 vendor blocker 在重複 destroy 後均清除 (4.299542ms)
✔ S7 首次 snap SE handle：pinned mount/render 重播，尚未 drag 即提交645×485 (20.439291ms)
✔ S7 cancel 取消 preview，proxy 與 vendor 清理 (18.725375ms)
✔ S7 toggle 取消 preview，proxy 與 vendor 清理 (5.69975ms)
✔ S7 mode 取消 preview，proxy 與 vendor 清理 (5.304334ms)
✔ S7 text 取消 preview，proxy 與 vendor 清理 (4.170084ms)
✔ S7 escape 取消 preview，proxy 與 vendor 清理 (5.26975ms)
✔ S7 pointercancel 取消 preview，proxy 與 vendor 清理 (3.753416ms)
✔ S7 blur 取消 preview，proxy 與 vendor 清理 (3.445833ms)
✔ S7 scroll 取消 preview，proxy 與 vendor 清理 (2.881625ms)
✔ S7 resize 取消 preview，proxy 與 vendor 清理 (4.308ms)
✔ S7 stale 取消 preview，proxy 與 vendor 清理 (5.000792ms)
✔ S7 deleted 取消 preview，proxy 與 vendor 清理 (3.52075ms)
✔ S7 replacement 取消 preview，proxy 與 vendor 清理 (3.176ms)
✔ S7 destroy 取消 preview，proxy 與 vendor 清理 (5.555375ms)
✔ S7 drag bounds/minimum/finite 原子拒絕 (10.587375ms)
✔ S7 resize bounds/minimum/finite 原子拒絕 (11.250708ms)
✔ S7 keyboard 仍1/10px、guardedEscape／IME／input 不取消 snap gesture (4.600375ms)
✔ S7 public begin/update/finish：preview 0筆、release 1筆、return/cancel/stale 0筆 (2.028625ms)
✔ S7 mounted 1MiB snap preview 不序列化、不讀 payload (28.085125ms)
✔ S7 mounted 6MiB snap preview 不序列化、不讀 payload (95.480042ms)
✔ S7 mounted 12MiB snap preview 不序列化、不讀 payload (189.222917ms)
✔ S7 初始 off、明示開關、proxy 不攔 visible hit、vendor direction 與清引用 (3.621375ms)
✔ S7 舊 vendor 延遲 end 不得提交新 gesture；stale release 清 proxy (5.187ms)
✔ S7 SE 固定左上 anchor；preview/cancel 不清 presentation transform (3.021ms)
✔ S7 0.8 drag vendor canonical payload、preview/export、單次 release (8.2875ms)
✔ S7 0.8 drag 零與返回原點不得採用 vendor 起始修正 (9.098083ms)
✔ S7 0.8 resize vendor canonical payload、preview/export、單次 release (8.328875ms)
✔ S7 0.8 resize 零與返回原點不得採用 vendor 起始修正 (9.324ms)
✔ S7 1 drag vendor canonical payload、preview/export、單次 release (9.478417ms)
✔ S7 1 drag 零與返回原點不得採用 vendor 起始修正 (8.162167ms)
✔ S7 1 resize vendor canonical payload、preview/export、單次 release (10.065041ms)
✔ S7 1 resize 零與返回原點不得採用 vendor 起始修正 (7.44675ms)
ℹ tests 135
ℹ suites 0
ℹ pass 135
ℹ fail 0
ℹ cancelled 0
ℹ skipped 0
ℹ todo 0
ℹ duration_ms 1517.430584
