{
  "status": "pass",
  "snap": false,
  "scope": "generated browser runtime mounted update+preview；DOM/vendor double，非真 browser/frame timing",
  "gate": "payloadReads=serializations=wholeSpecSerializations=0；release committed once",
  "node": "v25.9.0",
  "sourceSha256": {
    "runtime/component-interaction.js": "5760227c81bda1964621f94f01dda95995d22a6a872a519c2fd22eda8b0266b2",
    "runtime/deck-editor.js": "b98f7d01b86e1fb2ee869833958c3430a05ebb4e23025f780e313ad07726b4e5",
    "tools/edx-wp1-s4-perf-mounted.mjs": "3061dec10ac065f29dc57f7e49e992af22fe96ec1ac9a0bd67f9fa42afb423c0",
    "tools/edx-wp1-s4-perf-probe.mjs": "d30f136bb6519678df8c5233f8482f9f35ae97a192c6914814b9d0de7483fdd1"
  },
  "runs": [
    {
      "mib": 1,
      "payloadCharacters": 1048576,
      "warmupUpdates": 30,
      "measuredUpdates": 101,
      "payloadReads": 0,
      "serializations": 0,
      "wholeSpecSerializations": 0,
      "p50Ms": 0.06137500000001239,
      "p95Ms": 0.14445900000001188,
      "maxMs": 0.24099999999999966
    },
    {
      "mib": 6,
      "payloadCharacters": 6291456,
      "warmupUpdates": 30,
      "measuredUpdates": 101,
      "payloadReads": 0,
      "serializations": 0,
      "wholeSpecSerializations": 0,
      "p50Ms": 0.07824999999999704,
      "p95Ms": 0.10279199999999378,
      "maxMs": 0.5751669999999933
    },
    {
      "mib": 12,
      "payloadCharacters": 12582912,
      "warmupUpdates": 30,
      "measuredUpdates": 101,
      "payloadReads": 0,
      "serializations": 0,
      "wholeSpecSerializations": 0,
      "p50Ms": 0.05587500000001455,
      "p95Ms": 0.0654999999999859,
      "maxMs": 0.07291699999998968
    }
  ]
}

