✔ Node absolute move/resize 僅改 canonical override，content edit 保留 (11.250708ms)
✔ Node invalid 全部 fail loud 且 state 原子性 (13.111833ms)
✔ Node descriptors 深度 immutable 且 allowlist 無法擴權 (0.666125ms)
✔ browser API VM absolute move/resize 僅改 canonical override，content edit 保留 (17.545ms)
✔ browser API VM invalid 全部 fail loud 且 state 原子性 (23.485958ms)
✔ browser API VM descriptors 深度 immutable 且 allowlist 無法擴權 (1.468708ms)
✔ legacy sanitizer/render/export/recipient 不引入 optional 欄位 (8.817083ms)
✔ canonical geometry renderer/recipient round-trip 與 viewport 無關 (13.647667ms)
✔ sanitizer 拒絕非法 geometry，cleanup orphan，duplicate/delete 不共享 (8.6345ms)
✔ Node 合法 constructor ID 與非 slot component 走 own-property override (8.338417ms)
✔ Node safe-area 精確邊界／integer 非 grid 值不 clamp (1.567042ms)
✔ browser API VM 合法 constructor ID 與非 slot component 走 own-property override (11.431542ms)
✔ browser API VM safe-area 精確邊界／integer 非 grid 值不 clamp (3.614042ms)
✔ legacy component patch 保留 geometry；sanitizer 移除失效 component override (0.920833ms)
✔ geometry QA managed attach 只建／關 owned target，navigation 失敗仍清理且不 spawn (286.40675ms)
✔ S3 focused browser script 缺 managed port 明確拒絕，不 fallback spawn (133.701ms)
✔ 舊 geometry suppression 清除、preview 回復 canonical，保留無關 inline style／priority (3.89625ms)
✔ 非 geometry inline transform 與無 override 元件不被抹除 (1.352083ms)
✔ renderer 與 export/reopen spec 的 move/resize 不壓制 motion (23.826791ms)
✔ mounted public preview/cancel/commit/export clone 保留無關 style 與 motion seam (105.601208ms)
✔ 三種 browser treatment fixture 使用當前 renderer、可攜 canonical 且未改 motion CSS (33.443834ms)
✔ mode/select 不寫 spec；legacy 明示初始化只呼叫一次既有 operation (6.51975ms)
✔ scale 0.8 drag/SE resize preview ephemeral，release 至多一次 (4.936958ms)
✔ scale 1 drag/SE resize preview ephemeral，release 至多一次 (2.315583ms)
✔ no-op/cancel/mode/stale/target replacement 不提交；invalid 原子拒絕 (22.037459ms)
✔ SE resize 小於 minimum 原子拒絕；非 component / play 不啟動 (0.665667ms)
✔ stale target 刪除不提交；切選取取消 preview (3.179292ms)
✔ export 只移除 control 對應 style，canonical component 不作 chrome root (0.672917ms)
✔ S4 managed attach  只建／關 owned target，navigation 失敗仍清理且不 spawn (249.134666ms)
✔ S4 managed attach --perf-regression 只建／關 owned target，navigation 失敗仍清理且不 spawn (174.299209ms)
✔ S4 managed attach --motion-regression 只建／關 owned target，navigation 失敗仍清理且不 spawn (145.237208ms)
✔ S4 managed attach --keyboard-regression 只建／關 owned target，navigation 失敗仍清理且不 spawn (172.963042ms)
✔ S4 managed attach --snap-regression 只建／關 owned target，navigation 失敗仍清理且不 spawn (135.779208ms)
✔ S4 focused browser script 缺 managed port 明確拒絕，不 fallback spawn (85.669917ms)
✔ mounted 1 MiB pointer update/preview 不讀 payload、不序列化 (47.8835ms)
✔ mounted 6 MiB pointer update/preview 不讀 payload、不序列化 (99.138541ms)
✔ mounted 12 MiB pointer update/preview 不讀 payload、不序列化 (165.61525ms)
✔ mounted readonly/noop/invalid/preview export 換 object 後 release 至多一次且可 reopen (85.907458ms)
✔ mounted semantic public text 使 gesture stale，不覆寫新 state (23.454167ms)
✔ mounted semantic legacy text 使 gesture stale，不覆寫新 state (25.518084ms)
✔ mounted semantic legacy component 使 gesture stale，不覆寫新 state (25.55975ms)
✔ mounted semantic geometry 使 gesture stale，不覆寫新 state (25.793334ms)
✔ mounted semantic sync text/export 使 gesture stale，不覆寫新 state (22.824542ms)
✔ mounted semantic asset replace 使 gesture stale，不覆寫新 state (6.230625ms)
✔ mounted semantic keyPoint 使 gesture stale，不覆寫新 state (31.474291ms)
✔ mounted semantic sync component text 使 gesture stale，不覆寫新 state (22.637292ms)
✔ mounted semantic change then revert 使 gesture stale，不覆寫新 state (45.551542ms)
✔ mounted semantic duplicate 使 gesture stale，不覆寫新 state (49.847042ms)
✔ mounted reorder/delete/unrelated slide mutation 取消 gesture (118.82325ms)
✔ mounted async asset 在 readonly export 換 object 後仍寫入 live canonical，同值不假 stale (39.5055ms)
✔ mounted noop image/text、invalid component patch 不假 mutation (33.300958ms)
✔ mounted async asset 刪除 captured target 不回寫；換頁仍只改 captured identity (44.118ms)
✔ mounted target replacement/deletion/mode/cancel/invalid/noop 不提交 (130.928167ms)
✔ 正式 Moveable bundle/hash/metafile/license 與禁用 input 邊界 (18.3045ms)
✔ portable 內嵌 vendor/license，無 CDN；generated editor script 可解析 (34.803083ms)
✔ S5 public 方向／Shift／repeat 每步最多一筆 move-element，僅改 x/y (4.946375ms)
✔ S5 public stale identity、刪除、gesture 互斥；拒絕不 clamp (3.792ms)
✔ S5 mounted 真 runtime capture 處理方向／Shift／repeat、export/reopen 無 editor 洩漏 (20.954792ms)
✔ S5 mounted guardmatrix 未處理不得攔截或寫 spec；composition 狀態清理 (19.656709ms)
✔ S5 mounted no mode／selection／geometry／deleted 與原子 bounds (8.01375ms)
✔ S5 mounted drag 中按鍵不取消／不提交 gesture (6.4965ms)
✔ S5 mounted resize 中按鍵不取消／不提交 gesture (3.6515ms)
✔ S5 點選元件釋放既有 chrome focus，仍保留直接操作 chrome 時的避讓 (3.67325ms)
✔ S5 guarded Escape 保留 drag 與 selection；普通 Escape 才取消 (9.6345ms)
✔ S5 guarded Escape 保留 resize 與 selection；普通 Escape 才取消 (6.897334ms)
✔ S7 drag Escape→trusted release-click 重播不重選；fresh pointerdown/click 立即恢復 (23.168291ms)
✔ S7 resize Escape→trusted release-click 重播不重選；fresh pointerdown/click 立即恢復 (6.510417ms)
✔ S7 cancel 共用取消尾隨 click 防護 (8.4215ms)
✔ S7 pointercancel 共用取消尾隨 click 防護 (6.654209ms)
✔ S7 blur 共用取消尾隨 click 防護 (10.480125ms)
✔ S7 scroll 共用取消尾隨 click 防護 (13.10125ms)
✔ S7 resize 共用取消尾隨 click 防護 (4.035417ms)
✔ S7 selection 共用取消尾隨 click 防護 (11.969083ms)
✔ S7 mode 共用取消尾隨 click 防護 (9.964041ms)
✔ S7 text 共用取消尾隨 click 防護 (8.510625ms)
✔ S7 toggle 共用取消尾隨 click 防護 (5.6865ms)
✔ S7 replacement 共用取消尾隨 click 防護 (3.810125ms)
✔ S7 stale-update 共用取消尾隨 click 防護 (3.844167ms)
✔ S7 stale-release 共用取消尾隨 click 防護 (10.099375ms)
✔ S7 invalid 共用取消尾隨 click 防護 (4.715667ms)
✔ S7 取消若沒有尾隨 click，下一次 primary pointerdown/click 仍正常選取 (3.145583ms)
✔ S7 未啟動 gesture 的普通選取與零位移 release 不受取消防護影響 (5.151917ms)
✔ S7 鍵盤 detail0 與 programmatic control 不受影響，亦不消耗尾隨 click 防護 (8.4025ms)
✔ S7 programmatic component click 可選取；後續尾隨 trusted click 不重建 vendor (4.121334ms)
✔ S7 非新有效 pointerdown {"isTrusted":false} 不解除本次取消防護 (3.29ms)
✔ S7 非新有效 pointerdown {"isPrimary":false} 不解除本次取消防護 (5.157125ms)
✔ S7 非新有效 pointerdown {"button":2} 不解除本次取消防護 (2.991375ms)
✔ S7 destroy 移除 pointerdown listener，重複 teardown 安全 (2.96925ms)
✔ S7 診斷區分 Escape 已取消後 click 重選，不改事件結果 (34.54775ms)
✔ S7 診斷區分 guarded Escape 未取消，不改事件結果 (9.723292ms)
✔ S7 首次 snap SE handle：pinned mount/render 重播，尚未 drag 即提交645×485 (21.09125ms)
✔ S7 cancel 取消 preview，proxy 與 vendor 清理 (13.523584ms)
✔ S7 toggle 取消 preview，proxy 與 vendor 清理 (4.007166ms)
✔ S7 mode 取消 preview，proxy 與 vendor 清理 (3.8165ms)
✔ S7 text 取消 preview，proxy 與 vendor 清理 (3.132375ms)
✔ S7 escape 取消 preview，proxy 與 vendor 清理 (3.654083ms)
✔ S7 pointercancel 取消 preview，proxy 與 vendor 清理 (3.39175ms)
✔ S7 blur 取消 preview，proxy 與 vendor 清理 (3.113416ms)
✔ S7 scroll 取消 preview，proxy 與 vendor 清理 (3.408208ms)
✔ S7 resize 取消 preview，proxy 與 vendor 清理 (3.102541ms)
✔ S7 stale 取消 preview，proxy 與 vendor 清理 (3.8315ms)
✔ S7 deleted 取消 preview，proxy 與 vendor 清理 (3.374625ms)
✔ S7 replacement 取消 preview，proxy 與 vendor 清理 (2.7085ms)
✔ S7 destroy 取消 preview，proxy 與 vendor 清理 (3.8225ms)
✔ S7 drag bounds/minimum/finite 原子拒絕 (8.930166ms)
✔ S7 resize bounds/minimum/finite 原子拒絕 (8.850208ms)
✔ S7 keyboard 仍1/10px、guardedEscape／IME／input 不取消 snap gesture (4.353292ms)
✔ S7 public begin/update/finish：preview 0筆、release 1筆、return/cancel/stale 0筆 (1.9015ms)
✔ S7 mounted 1MiB snap preview 不序列化、不讀 payload (24.848292ms)
✔ S7 mounted 6MiB snap preview 不序列化、不讀 payload (78.832042ms)
✔ S7 mounted 12MiB snap preview 不序列化、不讀 payload (136.256167ms)
✔ S7 初始 off、明示開關、proxy 不攔 visible hit、vendor direction 與清引用 (3.384ms)
✔ S7 舊 vendor 延遲 end 不得提交新 gesture；stale release 清 proxy (3.903333ms)
✔ S7 SE 固定左上 anchor；preview/cancel 不清 presentation transform (2.923458ms)
✔ S7 0.8 drag vendor canonical payload、preview/export、單次 release (7.910958ms)
✔ S7 0.8 drag 零與返回原點不得採用 vendor 起始修正 (6.589333ms)
✔ S7 0.8 resize vendor canonical payload、preview/export、單次 release (6.950583ms)
✔ S7 0.8 resize 零與返回原點不得採用 vendor 起始修正 (6.721041ms)
✔ S7 1 drag vendor canonical payload、preview/export、單次 release (6.82875ms)
✔ S7 1 drag 零與返回原點不得採用 vendor 起始修正 (6.866375ms)
✔ S7 1 resize vendor canonical payload、preview/export、單次 release (6.998959ms)
✔ S7 1 resize 零與返回原點不得採用 vendor 起始修正 (6.360375ms)
ℹ tests 122
ℹ suites 0
ℹ pass 122
ℹ fail 0
ℹ cancelled 0
ℹ skipped 0
ℹ todo 0
ℹ duration_ms 1221.949834
