✔ Node absolute move/resize 僅改 canonical override，content edit 保留 (9.091209ms)
✔ Node invalid 全部 fail loud 且 state 原子性 (14.09425ms)
✔ Node descriptors 深度 immutable 且 allowlist 無法擴權 (3.056458ms)
✔ browser API VM absolute move/resize 僅改 canonical override，content edit 保留 (22.579333ms)
✔ browser API VM invalid 全部 fail loud 且 state 原子性 (54.6045ms)
✔ browser API VM descriptors 深度 immutable 且 allowlist 無法擴權 (1.779541ms)
✔ legacy sanitizer/render/export/recipient 不引入 optional 欄位 (13.244458ms)
✔ canonical geometry renderer/recipient round-trip 與 viewport 無關 (11.959041ms)
✔ sanitizer 拒絕非法 geometry，cleanup orphan，duplicate/delete 不共享 (4.905292ms)
✔ Node 合法 constructor ID 與非 slot component 走 own-property override (15.422583ms)
✔ Node safe-area 精確邊界／integer 非 grid 值不 clamp (1.190292ms)
✔ browser API VM 合法 constructor ID 與非 slot component 走 own-property override (36.098ms)
✔ browser API VM safe-area 精確邊界／integer 非 grid 值不 clamp (10.324458ms)
✔ legacy component patch 保留 geometry；sanitizer 移除失效 component override (2.823208ms)
✔ geometry QA managed attach 只建／關 owned target，navigation 失敗仍清理且不 spawn (288.542375ms)
✔ S3 focused browser script 缺 managed port 明確拒絕，不 fallback spawn (144.734583ms)
✔ 舊 geometry suppression 清除、preview 回復 canonical，保留無關 inline style／priority (6.436416ms)
✔ 非 geometry inline transform 與無 override 元件不被抹除 (1.610625ms)
✔ renderer 與 export/reopen spec 的 move/resize 不壓制 motion (19.774417ms)
✔ mounted public preview/cancel/commit/export clone 保留無關 style 與 motion seam (148.457541ms)
✔ 三種 browser treatment fixture 使用當前 renderer、可攜 canonical 且未改 motion CSS (57.798375ms)
✔ mode/select 不寫 spec；legacy 明示初始化只呼叫一次既有 operation (6.53875ms)
✔ scale 0.8 drag/SE resize preview ephemeral，release 至多一次 (4.569ms)
✔ scale 1 drag/SE resize preview ephemeral，release 至多一次 (2.560291ms)
✔ no-op/cancel/mode/stale/target replacement 不提交；invalid 原子拒絕 (13.66ms)
✔ SE resize 小於 minimum 原子拒絕；非 component / play 不啟動 (1.161375ms)
✔ stale target 刪除不提交；切選取取消 preview (3.412958ms)
✔ export 只移除 control 對應 style，canonical component 不作 chrome root (0.55175ms)
✔ S4 managed attach  只建／關 owned target，navigation 失敗仍清理且不 spawn (290.4655ms)
✔ S4 managed attach --perf-regression 只建／關 owned target，navigation 失敗仍清理且不 spawn (196.026333ms)
✔ S4 managed attach --motion-regression 只建／關 owned target，navigation 失敗仍清理且不 spawn (162.40375ms)
✔ S4 managed attach --keyboard-regression 只建／關 owned target，navigation 失敗仍清理且不 spawn (165.379125ms)
✔ S4 focused browser script 缺 managed port 明確拒絕，不 fallback spawn (112.502667ms)
✔ mounted 1 MiB pointer update/preview 不讀 payload、不序列化 (56.267291ms)
✔ mounted 6 MiB pointer update/preview 不讀 payload、不序列化 (165.457042ms)
✔ mounted 12 MiB pointer update/preview 不讀 payload、不序列化 (191.433667ms)
✔ mounted readonly/noop/invalid/preview export 換 object 後 release 至多一次且可 reopen (90.162875ms)
✔ mounted semantic public text 使 gesture stale，不覆寫新 state (28.256208ms)
✔ mounted semantic legacy text 使 gesture stale，不覆寫新 state (33.71775ms)
✔ mounted semantic legacy component 使 gesture stale，不覆寫新 state (31.637ms)
✔ mounted semantic geometry 使 gesture stale，不覆寫新 state (31.119875ms)
✔ mounted semantic sync text/export 使 gesture stale，不覆寫新 state (26.975708ms)
✔ mounted semantic asset replace 使 gesture stale，不覆寫新 state (7.203167ms)
✔ mounted semantic keyPoint 使 gesture stale，不覆寫新 state (30.549083ms)
✔ mounted semantic sync component text 使 gesture stale，不覆寫新 state (27.15925ms)
✔ mounted semantic change then revert 使 gesture stale，不覆寫新 state (44.523125ms)
✔ mounted semantic duplicate 使 gesture stale，不覆寫新 state (42.263042ms)
✔ mounted reorder/delete/unrelated slide mutation 取消 gesture (129.438625ms)
✔ mounted async asset 在 readonly export 換 object 後仍寫入 live canonical，同值不假 stale (47.631792ms)
✔ mounted noop image/text、invalid component patch 不假 mutation (38.869666ms)
✔ mounted async asset 刪除 captured target 不回寫；換頁仍只改 captured identity (54.181792ms)
✔ mounted target replacement/deletion/mode/cancel/invalid/noop 不提交 (151.881958ms)
✔ 正式 Moveable bundle/hash/metafile/license 與禁用 input 邊界 (19.040625ms)
✔ portable 內嵌 vendor/license，無 CDN；generated editor script 可解析 (22.94875ms)
✔ S5 public 方向／Shift／repeat 每步最多一筆 move-element，僅改 x/y (9.477042ms)
✔ S5 public stale identity、刪除、gesture 互斥；拒絕不 clamp (1.950458ms)
✔ S5 mounted 真 runtime capture 處理方向／Shift／repeat、export/reopen 無 editor 洩漏 (21.719667ms)
✔ S5 mounted guardmatrix 未處理不得攔截或寫 spec；composition 狀態清理 (13.430041ms)
✔ S5 mounted no mode／selection／geometry／deleted 與原子 bounds (8.417459ms)
✔ S5 mounted drag 中按鍵不取消／不提交 gesture (4.268375ms)
✔ S5 mounted resize 中按鍵不取消／不提交 gesture (7.020833ms)
✔ S5 點選元件釋放既有 chrome focus，仍保留直接操作 chrome 時的避讓 (5.898ms)
✔ S5 guarded Escape 保留 drag 與 selection；普通 Escape 才取消 (14.909792ms)
✔ S5 guarded Escape 保留 resize 與 selection；普通 Escape 才取消 (11.167459ms)
✔ S7 初始 off、明示開關、proxy 不攔 visible hit、vendor direction 與清引用 (21.731166ms)
✔ S7 0.8 drag vendor canonical payload、preview/export、單次 release (15.274708ms)
✔ S7 0.8 drag 零與返回原點不得採用 vendor 起始修正 (9.418292ms)
✔ S7 0.8 resize vendor canonical payload、preview/export、單次 release (9.4915ms)
✔ S7 0.8 resize 零與返回原點不得採用 vendor 起始修正 (9.798958ms)
✔ S7 1 drag vendor canonical payload、preview/export、單次 release (11.522208ms)
✔ S7 1 drag 零與返回原點不得採用 vendor 起始修正 (8.861208ms)
✔ S7 1 resize vendor canonical payload、preview/export、單次 release (14.824167ms)
✔ S7 1 resize 零與返回原點不得採用 vendor 起始修正 (9.482291ms)
ℹ tests 73
ℹ suites 0
ℹ pass 73
ℹ fail 0
ℹ cancelled 0
ℹ skipped 0
ℹ todo 0
ℹ duration_ms 1412.475
