✔ Node absolute move/resize 僅改 canonical override，content edit 保留 (4.970209ms)
✔ Node invalid 全部 fail loud 且 state 原子性 (4.900666ms)
✔ Node descriptors 深度 immutable 且 allowlist 無法擴權 (0.328584ms)
✔ browser API VM absolute move/resize 僅改 canonical override，content edit 保留 (8.475917ms)
✔ browser API VM invalid 全部 fail loud 且 state 原子性 (24.613625ms)
✔ browser API VM descriptors 深度 immutable 且 allowlist 無法擴權 (6.84025ms)
✔ legacy sanitizer/render/export/recipient 不引入 optional 欄位 (6.398459ms)
✔ canonical geometry renderer/recipient round-trip 與 viewport 無關 (4.481167ms)
✔ sanitizer 拒絕非法 geometry，cleanup orphan，duplicate/delete 不共享 (9.4685ms)
✔ Node 合法 constructor ID 與非 slot component 走 own-property override (8.910125ms)
✔ Node safe-area 精確邊界／integer 非 grid 值不 clamp (1.868125ms)
✔ browser API VM 合法 constructor ID 與非 slot component 走 own-property override (11.179792ms)
✔ browser API VM safe-area 精確邊界／integer 非 grid 值不 clamp (7.054708ms)
✔ legacy component patch 保留 geometry；sanitizer 移除失效 component override (5.163916ms)
✔ geometry QA managed attach 只建／關 owned target，navigation 失敗仍清理且不 spawn (239.486417ms)
✔ S3 focused browser script 缺 managed port 明確拒絕，不 fallback spawn (134.133833ms)
✔ 舊 geometry suppression 清除、preview 回復 canonical，保留無關 inline style／priority (2.897209ms)
✔ 非 geometry inline transform 與無 override 元件不被抹除 (1.143625ms)
✔ renderer 與 export/reopen spec 的 move/resize 不壓制 motion (11.168958ms)
✔ mounted public preview/cancel/commit/export clone 保留無關 style 與 motion seam (86.021959ms)
✔ 三種 browser treatment fixture 使用當前 renderer、可攜 canonical 且未改 motion CSS (35.0385ms)
✔ mode/select 不寫 spec；legacy 明示初始化只呼叫一次既有 operation (4.610792ms)
✔ scale 0.8 drag/SE resize preview ephemeral，release 至多一次 (2.178709ms)
✔ scale 1 drag/SE resize preview ephemeral，release 至多一次 (1.33ms)
✔ no-op/cancel/mode/stale/target replacement 不提交；invalid 原子拒絕 (10.333209ms)
✔ SE resize 小於 minimum 原子拒絕；非 component / play 不啟動 (1.929625ms)
✔ stale target 刪除不提交；切選取取消 preview (1.9885ms)
✔ export 只移除 control 對應 style，canonical component 不作 chrome root (0.426542ms)
✔ S4 managed attach  只建／關 owned target，navigation 失敗仍清理且不 spawn (252.709375ms)
✔ S4 managed attach --perf-regression 只建／關 owned target，navigation 失敗仍清理且不 spawn (178.410125ms)
✔ S4 managed attach --motion-regression 只建／關 owned target，navigation 失敗仍清理且不 spawn (139.522792ms)
✔ S4 managed attach --keyboard-regression 只建／關 owned target，navigation 失敗仍清理且不 spawn (143.791334ms)
✔ S4 managed attach --snap-regression 只建／關 owned target，navigation 失敗仍清理且不 spawn (141.454333ms)
✔ S4 focused browser script 缺 managed port 明確拒絕，不 fallback spawn (84.430041ms)
✔ mounted 1 MiB pointer update/preview 不讀 payload、不序列化 (38.672375ms)
✔ mounted 6 MiB pointer update/preview 不讀 payload、不序列化 (84.897542ms)
✔ mounted 12 MiB pointer update/preview 不讀 payload、不序列化 (152.299667ms)
✔ mounted readonly/noop/invalid/preview export 換 object 後 release 至多一次且可 reopen (117.012833ms)
✔ mounted semantic public text 使 gesture stale，不覆寫新 state (23.381459ms)
✔ mounted semantic legacy text 使 gesture stale，不覆寫新 state (24.718333ms)
✔ mounted semantic legacy component 使 gesture stale，不覆寫新 state (25.587375ms)
✔ mounted semantic geometry 使 gesture stale，不覆寫新 state (25.859375ms)
✔ mounted semantic sync text/export 使 gesture stale，不覆寫新 state (22.737208ms)
✔ mounted semantic asset replace 使 gesture stale，不覆寫新 state (5.737584ms)
✔ mounted semantic keyPoint 使 gesture stale，不覆寫新 state (25.211875ms)
✔ mounted semantic sync component text 使 gesture stale，不覆寫新 state (22.53825ms)
✔ mounted semantic change then revert 使 gesture stale，不覆寫新 state (36.440708ms)
✔ mounted semantic duplicate 使 gesture stale，不覆寫新 state (38.057292ms)
✔ mounted reorder/delete/unrelated slide mutation 取消 gesture (116.085375ms)
✔ mounted async asset 在 readonly export 換 object 後仍寫入 live canonical，同值不假 stale (39.904458ms)
✔ mounted noop image/text、invalid component patch 不假 mutation (34.467292ms)
✔ mounted async asset 刪除 captured target 不回寫；換頁仍只改 captured identity (43.849208ms)
✔ mounted target replacement/deletion/mode/cancel/invalid/noop 不提交 (129.975625ms)
✔ 正式 Moveable bundle/hash/metafile/license 與禁用 input 邊界 (14.594041ms)
✔ portable 內嵌 vendor/license，無 CDN；generated editor script 可解析 (18.387584ms)
✔ S5 public 方向／Shift／repeat 每步最多一筆 move-element，僅改 x/y (5.239833ms)
✔ S5 public stale identity、刪除、gesture 互斥；拒絕不 clamp (4.721958ms)
✔ S5 mounted 真 runtime capture 處理方向／Shift／repeat、export/reopen 無 editor 洩漏 (19.314167ms)
✔ S5 mounted guardmatrix 未處理不得攔截或寫 spec；composition 狀態清理 (8.617125ms)
✔ S5 mounted no mode／selection／geometry／deleted 與原子 bounds (5.623084ms)
✔ S5 mounted drag 中按鍵不取消／不提交 gesture (3.177166ms)
✔ S5 mounted resize 中按鍵不取消／不提交 gesture (3.401875ms)
✔ S5 點選元件釋放既有 chrome focus，仍保留直接操作 chrome 時的避讓 (3.6215ms)
✔ S5 guarded Escape 保留 drag 與 selection；普通 Escape 才取消 (5.820125ms)
✔ S5 guarded Escape 保留 resize 與 selection；普通 Escape 才取消 (5.196292ms)
✔ S7 drag Escape→trusted release-click 重播不重選；fresh pointerdown/click 立即恢復 (23.226791ms)
✔ S7 resize Escape→trusted release-click 重播不重選；fresh pointerdown/click 立即恢復 (5.567333ms)
✔ S7 cancel 共用取消尾隨 click 防護 (7.635583ms)
✔ S7 pointercancel 共用取消尾隨 click 防護 (13.235583ms)
✔ S7 blur 共用取消尾隨 click 防護 (3.907292ms)
✔ S7 scroll 共用取消尾隨 click 防護 (3.615834ms)
✔ S7 resize 共用取消尾隨 click 防護 (9.8875ms)
✔ S7 selection 共用取消尾隨 click 防護 (9.727916ms)
✔ S7 mode 共用取消尾隨 click 防護 (10.941584ms)
✔ S7 text 共用取消尾隨 click 防護 (5.739ms)
✔ S7 toggle 共用取消尾隨 click 防護 (3.871416ms)
✔ S7 replacement 共用取消尾隨 click 防護 (8.684166ms)
✔ S7 stale-update 共用取消尾隨 click 防護 (13.427375ms)
✔ S7 stale-release 共用取消尾隨 click 防護 (18.622708ms)
✔ S7 invalid 共用取消尾隨 click 防護 (6.725125ms)
✔ S7 取消若沒有尾隨 click，下一次 primary pointerdown/click 仍正常選取 (4.331125ms)
✔ S7 未啟動 gesture 的普通選取與零位移 release 不受取消防護影響 (3.742292ms)
✔ S7 鍵盤 detail0 與 programmatic control 不受影響，亦不消耗尾隨 click 防護 (4.111709ms)
✔ S7 programmatic component click 可選取；後續尾隨 trusted click 不重建 vendor (4.030042ms)
✔ S7 非新有效 pointerdown {"isTrusted":false} 不解除本次取消防護 (3.380833ms)
✔ S7 非新有效 pointerdown {"isPrimary":false} 不解除本次取消防護 (3.076416ms)
✔ S7 非新有效 pointerdown {"button":2} 不解除本次取消防護 (3.587042ms)
✔ S7 destroy 移除 pointerdown listener，重複 teardown 安全 (2.769167ms)
✔ S7 診斷區分 Escape 已取消後 click 重選，不改事件結果 (26.378208ms)
✔ S7 診斷區分 guarded Escape 未取消，不改事件結果 (6.699667ms)
✔ S7 snap-layout {"isTrusted":false,"detail":0} 在 pinned blocker 前取消，原 handler 可達 (32.075625ms)
✔ S7 edit {"isTrusted":false,"detail":0} 在 pinned blocker 前取消，原 handler 可達 (7.585459ms)
✔ S7 selection {"isTrusted":false,"detail":0} 在 pinned blocker 前取消，原 handler 可達 (7.394416ms)
✔ S7 snap-layout {"isTrusted":true,"detail":0} 在 pinned blocker 前取消，原 handler 可達 (6.772042ms)
✔ S7 edit {"isTrusted":true,"detail":0} 在 pinned blocker 前取消，原 handler 可達 (6.174ms)
✔ S7 selection {"isTrusted":true,"detail":0} 在 pinned blocker 前取消，原 handler 可達 (3.533292ms)
✔ S7 snap-layout {"isTrusted":true,"detail":1} 在 pinned blocker 前取消，原 handler 可達 (9.153584ms)
✔ S7 edit {"isTrusted":true,"detail":1} 在 pinned blocker 前取消，原 handler 可達 (11.401041ms)
✔ S7 selection {"isTrusted":true,"detail":1} 在 pinned blocker 前取消，原 handler 可達 (4.008667ms)
✔ S7 capture 不攔截非本卡路由 outside (2.907166ms)
✔ S7 capture 不攔截非本卡路由 unrelated-action (3.001708ms)
✔ S7 capture 不攔截非本卡路由 vendor-chrome (3.204709ms)
✔ S7 routing listener 與 vendor blocker 在重複 destroy 後均清除 (3.000417ms)
✔ S7 首次 snap SE handle：pinned mount/render 重播，尚未 drag 即提交645×485 (14.927125ms)
✔ S7 cancel 取消 preview，proxy 與 vendor 清理 (12.538666ms)
✔ S7 toggle 取消 preview，proxy 與 vendor 清理 (4.017958ms)
✔ S7 mode 取消 preview，proxy 與 vendor 清理 (3.8265ms)
✔ S7 text 取消 preview，proxy 與 vendor 清理 (3.374917ms)
✔ S7 escape 取消 preview，proxy 與 vendor 清理 (3.676375ms)
✔ S7 pointercancel 取消 preview，proxy 與 vendor 清理 (3.655875ms)
✔ S7 blur 取消 preview，proxy 與 vendor 清理 (3.4715ms)
✔ S7 scroll 取消 preview，proxy 與 vendor 清理 (2.841459ms)
✔ S7 resize 取消 preview，proxy 與 vendor 清理 (3.451292ms)
✔ S7 stale 取消 preview，proxy 與 vendor 清理 (3.7335ms)
✔ S7 deleted 取消 preview，proxy 與 vendor 清理 (3.459625ms)
✔ S7 replacement 取消 preview，proxy 與 vendor 清理 (2.841ms)
✔ S7 destroy 取消 preview，proxy 與 vendor 清理 (4.589792ms)
✔ S7 drag bounds/minimum/finite 原子拒絕 (9.215959ms)
✔ S7 resize bounds/minimum/finite 原子拒絕 (8.562917ms)
✔ S7 keyboard 仍1/10px、guardedEscape／IME／input 不取消 snap gesture (4.950625ms)
✔ S7 public begin/update/finish：preview 0筆、release 1筆、return/cancel/stale 0筆 (1.844667ms)
✔ S7 mounted 1MiB snap preview 不序列化、不讀 payload (25.326125ms)
✔ S7 mounted 6MiB snap preview 不序列化、不讀 payload (73.920833ms)
✔ S7 mounted 12MiB snap preview 不序列化、不讀 payload (133.351375ms)
✔ S7 初始 off、明示開關、proxy 不攔 visible hit、vendor direction 與清引用 (3.3445ms)
✔ S7 舊 vendor 延遲 end 不得提交新 gesture；stale release 清 proxy (4.036542ms)
✔ S7 SE 固定左上 anchor；preview/cancel 不清 presentation transform (2.813333ms)
✔ S7 0.8 drag vendor canonical payload、preview/export、單次 release (7.251834ms)
✔ S7 0.8 drag 零與返回原點不得採用 vendor 起始修正 (6.051167ms)
✔ S7 0.8 resize vendor canonical payload、preview/export、單次 release (6.811417ms)
✔ S7 0.8 resize 零與返回原點不得採用 vendor 起始修正 (6.17125ms)
✔ S7 1 drag vendor canonical payload、preview/export、單次 release (6.668583ms)
✔ S7 1 drag 零與返回原點不得採用 vendor 起始修正 (6.194708ms)
✔ S7 1 resize vendor canonical payload、preview/export、單次 release (6.680458ms)
✔ S7 1 resize 零與返回原點不得採用 vendor 起始修正 (6.907542ms)
ℹ tests 135
ℹ suites 0
ℹ pass 135
ℹ fail 0
ℹ cancelled 0
ℹ skipped 0
ℹ todo 0
ℹ duration_ms 1169.499
