✔ Node absolute move/resize 僅改 canonical override，content edit 保留 (5.514292ms)
✔ Node invalid 全部 fail loud 且 state 原子性 (10.724916ms)
✔ Node descriptors 深度 immutable 且 allowlist 無法擴權 (0.628625ms)
✔ browser API VM absolute move/resize 僅改 canonical override，content edit 保留 (32.577292ms)
✔ browser API VM invalid 全部 fail loud 且 state 原子性 (49.008541ms)
✔ browser API VM descriptors 深度 immutable 且 allowlist 無法擴權 (7.332792ms)
✔ legacy sanitizer/render/export/recipient 不引入 optional 欄位 (14.055ms)
✔ canonical geometry renderer/recipient round-trip 與 viewport 無關 (4.765708ms)
✔ sanitizer 拒絕非法 geometry，cleanup orphan，duplicate/delete 不共享 (4.94925ms)
✔ Node 合法 constructor ID 與非 slot component 走 own-property override (16.712125ms)
✔ Node safe-area 精確邊界／integer 非 grid 值不 clamp (1.567916ms)
✔ browser API VM 合法 constructor ID 與非 slot component 走 own-property override (14.514417ms)
✔ browser API VM safe-area 精確邊界／integer 非 grid 值不 clamp (5.811791ms)
✔ legacy component patch 保留 geometry；sanitizer 移除失效 component override (2.434875ms)
✔ geometry QA managed attach 只建／關 owned target，navigation 失敗仍清理且不 spawn (265.824709ms)
✔ S3 focused browser script 缺 managed port 明確拒絕，不 fallback spawn (122.51875ms)
✔ 舊 geometry suppression 清除、preview 回復 canonical，保留無關 inline style／priority (3.627458ms)
✔ 非 geometry inline transform 與無 override 元件不被抹除 (1.375625ms)
✔ renderer 與 export/reopen spec 的 move/resize 不壓制 motion (18.792375ms)
✔ mounted public preview/cancel/commit/export clone 保留無關 style 與 motion seam (122.299333ms)
✔ 三種 browser treatment fixture 使用當前 renderer、可攜 canonical 且未改 motion CSS (46.461834ms)
✔ mode/select 不寫 spec；legacy 明示初始化只呼叫一次既有 operation (7.913458ms)
✔ scale 0.8 drag/SE resize preview ephemeral，release 至多一次 (3.602375ms)
✔ scale 1 drag/SE resize preview ephemeral，release 至多一次 (1.641375ms)
✔ no-op/cancel/mode/stale/target replacement 不提交；invalid 原子拒絕 (11.829209ms)
✔ SE resize 小於 minimum 原子拒絕；非 component / play 不啟動 (1.993625ms)
✔ stale target 刪除不提交；切選取取消 preview (1.862459ms)
✔ export 只移除 control 對應 style，canonical component 不作 chrome root (0.400083ms)
✔ S4 managed attach  只建／關 owned target，navigation 失敗仍清理且不 spawn (245.755959ms)
✔ S4 managed attach --perf-regression 只建／關 owned target，navigation 失敗仍清理且不 spawn (175.455916ms)
✔ S4 managed attach --motion-regression 只建／關 owned target，navigation 失敗仍清理且不 spawn (163.517167ms)
✔ S4 managed attach --keyboard-regression 只建／關 owned target，navigation 失敗仍清理且不 spawn (175.494584ms)
✔ S4 managed attach --snap-regression 只建／關 owned target，navigation 失敗仍清理且不 spawn (137.626542ms)
✔ S4 focused browser script 缺 managed port 明確拒絕，不 fallback spawn (89.974125ms)
✔ mounted 1 MiB pointer update/preview 不讀 payload、不序列化 (59.413958ms)
✔ mounted 6 MiB pointer update/preview 不讀 payload、不序列化 (128.226833ms)
✔ mounted 12 MiB pointer update/preview 不讀 payload、不序列化 (151.461917ms)
✔ mounted readonly/noop/invalid/preview export 換 object 後 release 至多一次且可 reopen (80.814666ms)
✔ mounted semantic public text 使 gesture stale，不覆寫新 state (25.201583ms)
✔ mounted semantic legacy text 使 gesture stale，不覆寫新 state (27.130667ms)
✔ mounted semantic legacy component 使 gesture stale，不覆寫新 state (29.266125ms)
✔ mounted semantic geometry 使 gesture stale，不覆寫新 state (32.826916ms)
✔ mounted semantic sync text/export 使 gesture stale，不覆寫新 state (28.663166ms)
✔ mounted semantic asset replace 使 gesture stale，不覆寫新 state (8.960125ms)
✔ mounted semantic keyPoint 使 gesture stale，不覆寫新 state (34.745459ms)
✔ mounted semantic sync component text 使 gesture stale，不覆寫新 state (28.503584ms)
✔ mounted semantic change then revert 使 gesture stale，不覆寫新 state (47.089958ms)
✔ mounted semantic duplicate 使 gesture stale，不覆寫新 state (37.468667ms)
✔ mounted reorder/delete/unrelated slide mutation 取消 gesture (116.238583ms)
✔ mounted async asset 在 readonly export 換 object 後仍寫入 live canonical，同值不假 stale (39.134875ms)
✔ mounted noop image/text、invalid component patch 不假 mutation (35.218375ms)
✔ mounted async asset 刪除 captured target 不回寫；換頁仍只改 captured identity (44.114917ms)
✔ mounted target replacement/deletion/mode/cancel/invalid/noop 不提交 (137.867708ms)
✔ 正式 Moveable bundle/hash/metafile/license 與禁用 input 邊界 (28.643375ms)
✔ portable 內嵌 vendor/license，無 CDN；generated editor script 可解析 (19.115666ms)
✔ S5 public 方向／Shift／repeat 每步最多一筆 move-element，僅改 x/y (5.841625ms)
✔ S5 public stale identity、刪除、gesture 互斥；拒絕不 clamp (5.481792ms)
✔ S5 mounted 真 runtime capture 處理方向／Shift／repeat、export/reopen 無 editor 洩漏 (23.73575ms)
✔ S5 mounted guardmatrix 未處理不得攔截或寫 spec；composition 狀態清理 (11.53025ms)
✔ S5 mounted no mode／selection／geometry／deleted 與原子 bounds (7.504084ms)
✔ S5 mounted drag 中按鍵不取消／不提交 gesture (4.787875ms)
✔ S5 mounted resize 中按鍵不取消／不提交 gesture (4.362208ms)
✔ S5 點選元件釋放既有 chrome focus，仍保留直接操作 chrome 時的避讓 (4.659625ms)
✔ S5 guarded Escape 保留 drag 與 selection；普通 Escape 才取消 (12.141708ms)
✔ S5 guarded Escape 保留 resize 與 selection；普通 Escape 才取消 (5.838208ms)
✔ S7 首次 snap SE handle：pinned mount/render 重播，尚未 drag 即提交645×485 (24.860833ms)
✔ S7 cancel 取消 preview，proxy 與 vendor 清理 (16.291583ms)
✔ S7 toggle 取消 preview，proxy 與 vendor 清理 (5.693541ms)
✔ S7 mode 取消 preview，proxy 與 vendor 清理 (4.757333ms)
✔ S7 text 取消 preview，proxy 與 vendor 清理 (3.732375ms)
✔ S7 escape 取消 preview，proxy 與 vendor 清理 (3.821708ms)
✔ S7 pointercancel 取消 preview，proxy 與 vendor 清理 (3.828833ms)
✔ S7 blur 取消 preview，proxy 與 vendor 清理 (3.758709ms)
✔ S7 scroll 取消 preview，proxy 與 vendor 清理 (2.945ms)
✔ S7 resize 取消 preview，proxy 與 vendor 清理 (3.615125ms)
✔ S7 stale 取消 preview，proxy 與 vendor 清理 (6.312542ms)
✔ S7 deleted 取消 preview，proxy 與 vendor 清理 (3.358958ms)
✔ S7 replacement 取消 preview，proxy 與 vendor 清理 (3.284458ms)
✔ S7 destroy 取消 preview，proxy 與 vendor 清理 (4.62875ms)
✔ S7 drag bounds/minimum/finite 原子拒絕 (11.420541ms)
✔ S7 resize bounds/minimum/finite 原子拒絕 (8.836667ms)
✔ S7 keyboard 仍1/10px、guardedEscape／IME／input 不取消 snap gesture (4.573875ms)
✔ S7 public begin/update/finish：preview 0筆、release 1筆、return/cancel/stale 0筆 (1.924916ms)
✔ S7 mounted 1MiB snap preview 不序列化、不讀 payload (25.290333ms)
✔ S7 mounted 6MiB snap preview 不序列化、不讀 payload (83.516917ms)
✔ S7 mounted 12MiB snap preview 不序列化、不讀 payload (169.189417ms)
✔ S7 初始 off、明示開關、proxy 不攔 visible hit、vendor direction 與清引用 (3.297041ms)
✔ S7 舊 vendor 延遲 end 不得提交新 gesture；stale release 清 proxy (4.146041ms)
✔ S7 SE 固定左上 anchor；preview/cancel 不清 presentation transform (2.960917ms)
✔ S7 0.8 drag vendor canonical payload、preview/export、單次 release (8.199334ms)
✔ S7 0.8 drag 零與返回原點不得採用 vendor 起始修正 (7.635375ms)
✔ S7 0.8 resize vendor canonical payload、preview/export、單次 release (10.006416ms)
✔ S7 0.8 resize 零與返回原點不得採用 vendor 起始修正 (7.001334ms)
✔ S7 1 drag vendor canonical payload、preview/export、單次 release (8.682959ms)
✔ S7 1 drag 零與返回原點不得採用 vendor 起始修正 (6.927667ms)
✔ S7 1 resize vendor canonical payload、preview/export、單次 release (7.1595ms)
✔ S7 1 resize 零與返回原點不得採用 vendor 起始修正 (7.076958ms)
ℹ tests 97
ℹ suites 0
ℹ pass 97
ℹ fail 0
ℹ cancelled 0
ℹ skipped 0
ℹ todo 0
ℹ duration_ms 1283.488417
