✔ Node absolute move/resize 僅改 canonical override，content edit 保留 (9.751709ms)
✔ Node invalid 全部 fail loud 且 state 原子性 (12.595292ms)
✔ Node descriptors 深度 immutable 且 allowlist 無法擴權 (0.512958ms)
✔ browser API VM absolute move/resize 僅改 canonical override，content edit 保留 (8.807666ms)
✔ browser API VM invalid 全部 fail loud 且 state 原子性 (40.863959ms)
✔ browser API VM descriptors 深度 immutable 且 allowlist 無法擴權 (1.791375ms)
✔ legacy sanitizer/render/export/recipient 不引入 optional 欄位 (8.081583ms)
✔ canonical geometry renderer/recipient round-trip 與 viewport 無關 (11.880459ms)
✔ sanitizer 拒絕非法 geometry，cleanup orphan，duplicate/delete 不共享 (2.967084ms)
✔ Node 合法 constructor ID 與非 slot component 走 own-property override (9.316542ms)
✔ Node safe-area 精確邊界／integer 非 grid 值不 clamp (2.40425ms)
✔ browser API VM 合法 constructor ID 與非 slot component 走 own-property override (15.990958ms)
✔ browser API VM safe-area 精確邊界／integer 非 grid 值不 clamp (3.442917ms)
✔ legacy component patch 保留 geometry；sanitizer 移除失效 component override (1.286292ms)
✔ geometry QA managed attach 只建／關 owned target，navigation 失敗仍清理且不 spawn (235.513667ms)
✔ S3 focused browser script 缺 managed port 明確拒絕，不 fallback spawn (132.424541ms)
✔ 舊 geometry suppression 清除、preview 回復 canonical，保留無關 inline style／priority (4.230042ms)
✔ 非 geometry inline transform 與無 override 元件不被抹除 (3.097ms)
✔ renderer 與 export/reopen spec 的 move/resize 不壓制 motion (12.80075ms)
✔ mounted public preview/cancel/commit/export clone 保留無關 style 與 motion seam (111.99775ms)
✔ 三種 browser treatment fixture 使用當前 renderer、可攜 canonical 且未改 motion CSS (40.845875ms)
✔ mode/select 不寫 spec；legacy 明示初始化只呼叫一次既有 operation (6.438333ms)
✔ scale 0.8 drag/SE resize preview ephemeral，release 至多一次 (4.10225ms)
✔ scale 1 drag/SE resize preview ephemeral，release 至多一次 (1.352625ms)
✔ no-op/cancel/mode/stale/target replacement 不提交；invalid 原子拒絕 (7.857416ms)
✔ SE resize 小於 minimum 原子拒絕；非 component / play 不啟動 (0.653292ms)
✔ stale target 刪除不提交；切選取取消 preview (5.895334ms)
✔ export 只移除 control 對應 style，canonical component 不作 chrome root (0.434167ms)
✔ S4 managed attach  只建／關 owned target，navigation 失敗仍清理且不 spawn (269.44175ms)
✔ S4 managed attach --perf-regression 只建／關 owned target，navigation 失敗仍清理且不 spawn (170.066792ms)
✔ S4 managed attach --motion-regression 只建／關 owned target，navigation 失敗仍清理且不 spawn (160.89025ms)
✔ S4 managed attach --keyboard-regression 只建／關 owned target，navigation 失敗仍清理且不 spawn (175.810541ms)
✔ S4 managed attach --snap-regression 只建／關 owned target，navigation 失敗仍清理且不 spawn (142.638584ms)
✔ S4 focused browser script 缺 managed port 明確拒絕，不 fallback spawn (90.459959ms)
✔ mounted 1 MiB pointer update/preview 不讀 payload、不序列化 (37.94075ms)
✔ mounted 6 MiB pointer update/preview 不讀 payload、不序列化 (119.027875ms)
✔ mounted 12 MiB pointer update/preview 不讀 payload、不序列化 (159.1535ms)
✔ mounted readonly/noop/invalid/preview export 換 object 後 release 至多一次且可 reopen (79.058292ms)
✔ mounted semantic public text 使 gesture stale，不覆寫新 state (26.1985ms)
✔ mounted semantic legacy text 使 gesture stale，不覆寫新 state (28.091958ms)
✔ mounted semantic legacy component 使 gesture stale，不覆寫新 state (31.045542ms)
✔ mounted semantic geometry 使 gesture stale，不覆寫新 state (35.796083ms)
✔ mounted semantic sync text/export 使 gesture stale，不覆寫新 state (29.374333ms)
✔ mounted semantic asset replace 使 gesture stale，不覆寫新 state (5.91575ms)
✔ mounted semantic keyPoint 使 gesture stale，不覆寫新 state (32.920375ms)
✔ mounted semantic sync component text 使 gesture stale，不覆寫新 state (23.473ms)
✔ mounted semantic change then revert 使 gesture stale，不覆寫新 state (46.644833ms)
✔ mounted semantic duplicate 使 gesture stale，不覆寫新 state (43.875875ms)
✔ mounted reorder/delete/unrelated slide mutation 取消 gesture (128.937416ms)
✔ mounted async asset 在 readonly export 換 object 後仍寫入 live canonical，同值不假 stale (38.788167ms)
✔ mounted noop image/text、invalid component patch 不假 mutation (34.005084ms)
✔ mounted async asset 刪除 captured target 不回寫；換頁仍只改 captured identity (45.300083ms)
✔ mounted target replacement/deletion/mode/cancel/invalid/noop 不提交 (136.121708ms)
✔ 正式 Moveable bundle/hash/metafile/license 與禁用 input 邊界 (16.154667ms)
✔ portable 內嵌 vendor/license，無 CDN；generated editor script 可解析 (24.651375ms)
✔ S5 public 方向／Shift／repeat 每步最多一筆 move-element，僅改 x/y (5.745041ms)
✔ S5 public stale identity、刪除、gesture 互斥；拒絕不 clamp (4.1655ms)
✔ S5 mounted 真 runtime capture 處理方向／Shift／repeat、export/reopen 無 editor 洩漏 (17.764666ms)
✔ S5 mounted guardmatrix 未處理不得攔截或寫 spec；composition 狀態清理 (13.037625ms)
✔ S5 mounted no mode／selection／geometry／deleted 與原子 bounds (9.586417ms)
✔ S5 mounted drag 中按鍵不取消／不提交 gesture (5.482583ms)
✔ S5 mounted resize 中按鍵不取消／不提交 gesture (6.38625ms)
✔ S5 點選元件釋放既有 chrome focus，仍保留直接操作 chrome 時的避讓 (5.769083ms)
✔ S5 guarded Escape 保留 drag 與 selection；普通 Escape 才取消 (12.493792ms)
✔ S5 guarded Escape 保留 resize 與 selection；普通 Escape 才取消 (5.725833ms)
✔ S7 cancel 取消 preview，proxy 與 vendor 清理 (21.88475ms)
✔ S7 toggle 取消 preview，proxy 與 vendor 清理 (4.161292ms)
✔ S7 mode 取消 preview，proxy 與 vendor 清理 (4.579875ms)
✔ S7 text 取消 preview，proxy 與 vendor 清理 (3.272917ms)
✔ S7 escape 取消 preview，proxy 與 vendor 清理 (4.108ms)
✔ S7 pointercancel 取消 preview，proxy 與 vendor 清理 (5.040084ms)
✔ S7 blur 取消 preview，proxy 與 vendor 清理 (6.757167ms)
✔ S7 scroll 取消 preview，proxy 與 vendor 清理 (3.68575ms)
✔ S7 resize 取消 preview，proxy 與 vendor 清理 (6.667792ms)
✔ S7 stale 取消 preview，proxy 與 vendor 清理 (9.258917ms)
✔ S7 deleted 取消 preview，proxy 與 vendor 清理 (4.768125ms)
✔ S7 replacement 取消 preview，proxy 與 vendor 清理 (7.538792ms)
✔ S7 destroy 取消 preview，proxy 與 vendor 清理 (4.741042ms)
✔ S7 drag bounds/minimum/finite 原子拒絕 (11.687583ms)
✔ S7 resize bounds/minimum/finite 原子拒絕 (11.967208ms)
✔ S7 keyboard 仍1/10px、guardedEscape／IME／input 不取消 snap gesture (6.897458ms)
✔ S7 public begin/update/finish：preview 0筆、release 1筆、return/cancel/stale 0筆 (2.600084ms)
✔ S7 mounted 1MiB snap preview 不序列化、不讀 payload (28.0915ms)
✔ S7 mounted 6MiB snap preview 不序列化、不讀 payload (80.689584ms)
✔ S7 mounted 12MiB snap preview 不序列化、不讀 payload (145.739417ms)
✔ S7 初始 off、明示開關、proxy 不攔 visible hit、vendor direction 與清引用 (3.692375ms)
✔ S7 舊 vendor 延遲 end 不得提交新 gesture；stale release 清 proxy (5.218625ms)
✔ S7 SE 固定左上 anchor；preview/cancel 不清 presentation transform (2.776625ms)
✔ S7 0.8 drag vendor canonical payload、preview/export、單次 release (8.0535ms)
✔ S7 0.8 drag 零與返回原點不得採用 vendor 起始修正 (9.843417ms)
✔ S7 0.8 resize vendor canonical payload、preview/export、單次 release (12.35625ms)
✔ S7 0.8 resize 零與返回原點不得採用 vendor 起始修正 (6.635959ms)
✔ S7 1 drag vendor canonical payload、preview/export、單次 release (8.37575ms)
✔ S7 1 drag 零與返回原點不得採用 vendor 起始修正 (7.001416ms)
✔ S7 1 resize vendor canonical payload、preview/export、單次 release (12.857375ms)
✔ S7 1 resize 零與返回原點不得採用 vendor 起始修正 (16.407708ms)
ℹ tests 96
ℹ suites 0
ℹ pass 96
ℹ fail 0
ℹ cancelled 0
ℹ skipped 0
ℹ todo 0
ℹ duration_ms 1272.453625
