✔ Node absolute move/resize 僅改 canonical override，content edit 保留 (42.482625ms)
✔ Node invalid 全部 fail loud 且 state 原子性 (5.559958ms)
✔ Node descriptors 深度 immutable 且 allowlist 無法擴權 (0.364792ms)
✔ browser API VM absolute move/resize 僅改 canonical override，content edit 保留 (8.728917ms)
✔ browser API VM invalid 全部 fail loud 且 state 原子性 (27.898667ms)
✔ browser API VM descriptors 深度 immutable 且 allowlist 無法擴權 (3.563959ms)
✔ legacy sanitizer/render/export/recipient 不引入 optional 欄位 (10.916334ms)
✔ canonical geometry renderer/recipient round-trip 與 viewport 無關 (12.383833ms)
✔ sanitizer 拒絕非法 geometry，cleanup orphan，duplicate/delete 不共享 (5.704416ms)
✔ Node 合法 constructor ID 與非 slot component 走 own-property override (9.37175ms)
✔ Node safe-area 精確邊界／integer 非 grid 值不 clamp (2.551333ms)
✔ browser API VM 合法 constructor ID 與非 slot component 走 own-property override (16.112792ms)
✔ browser API VM safe-area 精確邊界／integer 非 grid 值不 clamp (7.295458ms)
✔ legacy component patch 保留 geometry；sanitizer 移除失效 component override (2.8085ms)
✔ geometry QA managed attach 只建／關 owned target，navigation 失敗仍清理且不 spawn (232.799125ms)
✔ S3 focused browser script 缺 managed port 明確拒絕，不 fallback spawn (116.506417ms)
✔ 舊 geometry suppression 清除、preview 回復 canonical，保留無關 inline style／priority (2.853542ms)
✔ 非 geometry inline transform 與無 override 元件不被抹除 (1.058875ms)
✔ renderer 與 export/reopen spec 的 move/resize 不壓制 motion (13.188042ms)
✔ mounted public preview/cancel/commit/export clone 保留無關 style 與 motion seam (96.8015ms)
✔ 三種 browser treatment fixture 使用當前 renderer、可攜 canonical 且未改 motion CSS (42.531458ms)
✔ mode/select 不寫 spec；legacy 明示初始化只呼叫一次既有 operation (4.829833ms)
✔ scale 0.8 drag/SE resize preview ephemeral，release 至多一次 (4.588416ms)
✔ scale 1 drag/SE resize preview ephemeral，release 至多一次 (3.359083ms)
✔ no-op/cancel/mode/stale/target replacement 不提交；invalid 原子拒絕 (10.142125ms)
✔ SE resize 小於 minimum 原子拒絕；非 component / play 不啟動 (0.773625ms)
✔ stale target 刪除不提交；切選取取消 preview (2.713541ms)
✔ export 只移除 control 對應 style，canonical component 不作 chrome root (0.373333ms)
✔ S4 managed attach  只建／關 owned target，navigation 失敗仍清理且不 spawn (222.732375ms)
✔ S4 managed attach --perf-regression 只建／關 owned target，navigation 失敗仍清理且不 spawn (164.890958ms)
✔ S4 managed attach --motion-regression 只建／關 owned target，navigation 失敗仍清理且不 spawn (152.5675ms)
✔ S4 managed attach --keyboard-regression 只建／關 owned target，navigation 失敗仍清理且不 spawn (160.462083ms)
✔ S4 managed attach --snap-regression 只建／關 owned target，navigation 失敗仍清理且不 spawn (130.713584ms)
✔ S4 focused browser script 缺 managed port 明確拒絕，不 fallback spawn (83.790042ms)
✔ mounted 1 MiB pointer update/preview 不讀 payload、不序列化 (52.298167ms)
✔ mounted 6 MiB pointer update/preview 不讀 payload、不序列化 (106.227334ms)
✔ mounted 12 MiB pointer update/preview 不讀 payload、不序列化 (150.531333ms)
✔ mounted readonly/noop/invalid/preview export 換 object 後 release 至多一次且可 reopen (71.546708ms)
✔ mounted semantic public text 使 gesture stale，不覆寫新 state (26.734083ms)
✔ mounted semantic legacy text 使 gesture stale，不覆寫新 state (25.830084ms)
✔ mounted semantic legacy component 使 gesture stale，不覆寫新 state (31.766042ms)
✔ mounted semantic geometry 使 gesture stale，不覆寫新 state (25.811083ms)
✔ mounted semantic sync text/export 使 gesture stale，不覆寫新 state (25.2485ms)
✔ mounted semantic asset replace 使 gesture stale，不覆寫新 state (9.159667ms)
✔ mounted semantic keyPoint 使 gesture stale，不覆寫新 state (27.575625ms)
✔ mounted semantic sync component text 使 gesture stale，不覆寫新 state (26.964208ms)
✔ mounted semantic change then revert 使 gesture stale，不覆寫新 state (38.694959ms)
✔ mounted semantic duplicate 使 gesture stale，不覆寫新 state (42.961125ms)
✔ mounted reorder/delete/unrelated slide mutation 取消 gesture (106.00525ms)
✔ mounted async asset 在 readonly export 換 object 後仍寫入 live canonical，同值不假 stale (37.374334ms)
✔ mounted noop image/text、invalid component patch 不假 mutation (34.389833ms)
✔ mounted async asset 刪除 captured target 不回寫；換頁仍只改 captured identity (43.361875ms)
✔ mounted target replacement/deletion/mode/cancel/invalid/noop 不提交 (128.16075ms)
✔ 正式 Moveable bundle/hash/metafile/license 與禁用 input 邊界 (11.175542ms)
✔ portable 內嵌 vendor/license，無 CDN；generated editor script 可解析 (22.694583ms)
✔ S5 public 方向／Shift／repeat 每步最多一筆 move-element，僅改 x/y (5.718666ms)
✔ S5 public stale identity、刪除、gesture 互斥；拒絕不 clamp (2.23125ms)
✔ S5 mounted 真 runtime capture 處理方向／Shift／repeat、export/reopen 無 editor 洩漏 (15.068166ms)
✔ S5 mounted guardmatrix 未處理不得攔截或寫 spec；composition 狀態清理 (8.91175ms)
✔ S5 mounted no mode／selection／geometry／deleted 與原子 bounds (7.083375ms)
✔ S5 mounted drag 中按鍵不取消／不提交 gesture (8.251958ms)
✔ S5 mounted resize 中按鍵不取消／不提交 gesture (6.674083ms)
✔ S5 點選元件釋放既有 chrome focus，仍保留直接操作 chrome 時的避讓 (3.733ms)
✔ S5 guarded Escape 保留 drag 與 selection；普通 Escape 才取消 (5.414417ms)
✔ S5 guarded Escape 保留 resize 與 selection；普通 Escape 才取消 (10.38625ms)
✔ S7 診斷區分 Escape 已取消後 click 重選，不改事件結果 (22.022667ms)
✔ S7 診斷區分 guarded Escape 未取消，不改事件結果 (4.585417ms)
✔ S7 首次 snap SE handle：pinned mount/render 重播，尚未 drag 即提交645×485 (19.134709ms)
✔ S7 cancel 取消 preview，proxy 與 vendor 清理 (14.863792ms)
✔ S7 toggle 取消 preview，proxy 與 vendor 清理 (3.850125ms)
✔ S7 mode 取消 preview，proxy 與 vendor 清理 (3.772375ms)
✔ S7 text 取消 preview，proxy 與 vendor 清理 (3.235417ms)
✔ S7 escape 取消 preview，proxy 與 vendor 清理 (3.572125ms)
✔ S7 pointercancel 取消 preview，proxy 與 vendor 清理 (3.588334ms)
✔ S7 blur 取消 preview，proxy 與 vendor 清理 (3.165334ms)
✔ S7 scroll 取消 preview，proxy 與 vendor 清理 (2.825208ms)
✔ S7 resize 取消 preview，proxy 與 vendor 清理 (3.194334ms)
✔ S7 stale 取消 preview，proxy 與 vendor 清理 (4.442667ms)
✔ S7 deleted 取消 preview，proxy 與 vendor 清理 (3.120042ms)
✔ S7 replacement 取消 preview，proxy 與 vendor 清理 (3.113834ms)
✔ S7 destroy 取消 preview，proxy 與 vendor 清理 (4.321458ms)
✔ S7 drag bounds/minimum/finite 原子拒絕 (9.326584ms)
✔ S7 resize bounds/minimum/finite 原子拒絕 (9.251209ms)
✔ S7 keyboard 仍1/10px、guardedEscape／IME／input 不取消 snap gesture (5.075708ms)
✔ S7 public begin/update/finish：preview 0筆、release 1筆、return/cancel/stale 0筆 (1.871667ms)
✔ S7 mounted 1MiB snap preview 不序列化、不讀 payload (24.835042ms)
✔ S7 mounted 6MiB snap preview 不序列化、不讀 payload (81.472875ms)
✔ S7 mounted 12MiB snap preview 不序列化、不讀 payload (142.029125ms)
✔ S7 初始 off、明示開關、proxy 不攔 visible hit、vendor direction 與清引用 (8.820583ms)
✔ S7 舊 vendor 延遲 end 不得提交新 gesture；stale release 清 proxy (4.621625ms)
✔ S7 SE 固定左上 anchor；preview/cancel 不清 presentation transform (3.007209ms)
✔ S7 0.8 drag vendor canonical payload、preview/export、單次 release (9.193042ms)
✔ S7 0.8 drag 零與返回原點不得採用 vendor 起始修正 (6.895542ms)
✔ S7 0.8 resize vendor canonical payload、preview/export、單次 release (6.979334ms)
✔ S7 0.8 resize 零與返回原點不得採用 vendor 起始修正 (6.911333ms)
✔ S7 1 drag vendor canonical payload、preview/export、單次 release (7.000458ms)
✔ S7 1 drag 零與返回原點不得採用 vendor 起始修正 (6.418708ms)
✔ S7 1 resize vendor canonical payload、preview/export、單次 release (7.950792ms)
✔ S7 1 resize 零與返回原點不得採用 vendor 起始修正 (6.162833ms)
ℹ tests 99
ℹ suites 0
ℹ pass 99
ℹ fail 0
ℹ cancelled 0
ℹ skipped 0
ℹ todo 0
ℹ duration_ms 1180.538209
