✔ visible sample content 與 embedded DeckSpec 分歧時 trusted producer fail loud (23365.781667ms)
✔ trusted producer PASS 與 human approval 建立 deterministic immutable freeze (5.386916ms)
✔ caller-authored evidence、非 human approval、sample 不一致與缺頁 fail loud (1.116292ms)
✔ 舊 evidence 不得以重算 fingerprint 或改寫 PASS 核准新狀態 (1.922291ms)
✔ scope planner 僅接受 bounded feedback，profile 必須明示 opt-in (1.148209ms)
✔ sample content 或 composition 只使該頁失效 (0.974208ms)
✔ style 或 contract version 變更使全部 sample 失效 (0.849542ms)
✔ installed approve-sample CLI 自行執行 producer，拒絕 caller hard gate (167549.737417ms)
✔ trusted producer 完整覆蓋每張 canonical slide，sample shortcut 不存在 (2.026542ms)
✔ Layer-2 不可省略；完成後沒有 Layer-3 confirmation 時只能 awaiting-owner (0.179125ms)
✔ stale Owner identity 與 caller forged evidence fail loud (0.454042ms)
✔ Layer-2 必須是 allowlist、canonical slides 與 trusted evidence refs (0.282583ms)
✔ accepted-risk 必須由同 identity Owner 明示涵蓋；未解 advisory 只能 repair (0.257125ms)
✔ 單頁 content mismatch 只產生該頁 issue，並沿用兩次共用 repair budget (79256.24925ms)
✔ installed qa-full-deck 先輸出 identity，再以同 identity 完成 Layer-3 (158085.72675ms)
✔ 每張 canonical slide 的 required title 必須有 painted visibility (137729.384042ms)
ℹ tests 16
ℹ suites 0
ℹ pass 16
ℹ fail 0
ℹ cancelled 0
ℹ skipped 0
ℹ todo 0
ℹ duration_ms 701135.522333
