✔ Node absolute move/resize 僅改 canonical override，content edit 保留 (7.689917ms)
✔ Node invalid 全部 fail loud 且 state 原子性 (7.634583ms)
✔ Node descriptors 深度 immutable 且 allowlist 無法擴權 (0.384458ms)
✔ browser API VM absolute move/resize 僅改 canonical override，content edit 保留 (8.980458ms)
✔ browser API VM invalid 全部 fail loud 且 state 原子性 (16.900416ms)
✔ browser API VM descriptors 深度 immutable 且 allowlist 無法擴權 (1.621ms)
✔ legacy sanitizer/render/export/recipient 不引入 optional 欄位 (6.417292ms)
✔ canonical geometry renderer/recipient round-trip 與 viewport 無關 (4.223209ms)
✔ sanitizer 拒絕非法 geometry，cleanup orphan，duplicate/delete 不共享 (2.108458ms)
✔ Node 合法 constructor ID 與非 slot component 走 own-property override (8.09875ms)
✔ Node safe-area 精確邊界／integer 非 grid 值不 clamp (1.521209ms)
✔ browser API VM 合法 constructor ID 與非 slot component 走 own-property override (10.633542ms)
✔ browser API VM safe-area 精確邊界／integer 非 grid 值不 clamp (3.365625ms)
✔ legacy component patch 保留 geometry；sanitizer 移除失效 component override (1.66825ms)
✔ mode/select 不寫 spec；legacy 明示初始化只呼叫一次既有 operation (5.164416ms)
✔ scale 0.8 drag/SE resize preview ephemeral，release 至多一次 (3.773583ms)
✔ scale 1 drag/SE resize preview ephemeral，release 至多一次 (1.376042ms)
✔ no-op/cancel/mode/stale/target replacement 不提交；invalid 原子拒絕 (6.153209ms)
✔ SE resize 小於 minimum 原子拒絕；非 component / play 不啟動 (0.777292ms)
✔ stale target 刪除不提交；切選取取消 preview (1.613166ms)
✔ export 只移除 control 對應 style，canonical component 不作 chrome root (0.466542ms)
✔ S4 managed attach  只建／關 owned target，navigation 失敗仍清理且不 spawn (158.001584ms)
✔ S4 managed attach --perf-regression 只建／關 owned target，navigation 失敗仍清理且不 spawn (129.175666ms)
✔ S4 focused browser script 缺 managed port 明確拒絕，不 fallback spawn (86.731084ms)
✔ mounted 1 MiB pointer update/preview 不讀 payload、不序列化 (27.379917ms)
✔ mounted 6 MiB pointer update/preview 不讀 payload、不序列化 (70.258ms)
✔ mounted 12 MiB pointer update/preview 不讀 payload、不序列化 (121.819333ms)
✔ mounted readonly/noop/invalid/preview export 換 object 後 release 至多一次且可 reopen (66.420416ms)
✔ mounted semantic public text 使 gesture stale，不覆寫新 state (22.259667ms)
✔ mounted semantic legacy text 使 gesture stale，不覆寫新 state (22.965083ms)
✔ mounted semantic legacy component 使 gesture stale，不覆寫新 state (24.29975ms)
✔ mounted semantic geometry 使 gesture stale，不覆寫新 state (22.773375ms)
✔ mounted semantic sync text/export 使 gesture stale，不覆寫新 state (20.050041ms)
✔ mounted semantic asset replace 使 gesture stale，不覆寫新 state (4.786542ms)
✔ mounted semantic keyPoint 使 gesture stale，不覆寫新 state (26.998375ms)
✔ mounted semantic sync component text 使 gesture stale，不覆寫新 state (20.313458ms)
✔ mounted semantic change then revert 使 gesture stale，不覆寫新 state (31.959167ms)
✔ mounted semantic duplicate 使 gesture stale，不覆寫新 state (31.691208ms)
✔ mounted reorder/delete/unrelated slide mutation 取消 gesture (95.674167ms)
✔ mounted async asset 在 readonly export 換 object 後仍寫入 live canonical，同值不假 stale (34.228459ms)
✔ mounted noop image/text、invalid component patch 不假 mutation (30.981042ms)
✔ mounted async asset 刪除 captured target 不回寫；換頁仍只改 captured identity (41.40475ms)
✔ mounted target replacement/deletion/mode/cancel/invalid/noop 不提交 (131.499875ms)
✔ 正式 Moveable bundle/hash/metafile/license 與禁用 input 邊界 (13.53825ms)
✔ portable 內嵌 vendor/license，無 CDN；generated editor script 可解析 (10.461042ms)
ℹ tests 45
ℹ suites 0
ℹ pass 45
ℹ fail 0
ℹ cancelled 0
ℹ skipped 0
ℹ todo 0
ℹ duration_ms 981.630625
