✔ visible sample content 與 embedded DeckSpec 分歧時 trusted producer fail loud (22941.805083ms)
✔ trusted producer PASS 與 human approval 建立 deterministic immutable freeze (4.500083ms)
✔ caller-authored evidence、非 human approval、sample 不一致與缺頁 fail loud (1.027958ms)
✔ 舊 evidence 不得以重算 fingerprint 或改寫 PASS 核准新狀態 (1.633584ms)
✔ scope planner 僅接受 bounded feedback，profile 必須明示 opt-in (0.982541ms)
✔ sample content 或 composition 只使該頁失效 (0.830916ms)
✔ style 或 contract version 變更使全部 sample 失效 (0.712375ms)
✔ installed approve-sample CLI 自行執行 producer，拒絕 caller hard gate (172151.537834ms)
✔ trusted producer 完整覆蓋每張 canonical slide，sample shortcut 不存在 (2.778375ms)
✔ Layer-2 不可省略；完成後沒有 Layer-3 confirmation 時只能 awaiting-owner (0.261791ms)
✔ stale Owner identity 與 caller forged evidence fail loud (0.608791ms)
✔ Layer-2 必須是 allowlist、canonical slides 與 trusted evidence refs (0.361375ms)
✔ accepted-risk 必須由同 identity Owner 明示涵蓋；未解 advisory 只能 repair (0.314042ms)
✔ 單頁 content mismatch 只產生該頁 issue，並沿用兩次共用 repair budget (79782.20725ms)
✔ installed qa-full-deck 先輸出 identity，再以同 identity 完成 Layer-3 (158577.86825ms)
✔ 每張 canonical slide 的 required title 必須有 painted visibility (133801.929125ms)
ℹ tests 16
ℹ suites 0
ℹ pass 16
ℹ fail 0
ℹ cancelled 0
ℹ skipped 0
ℹ todo 0
ℹ duration_ms 702381.071
